2026-02-12 18:38:09.545 17075-17075 Drawable                com.murari.careerpolitics.debug      E  Unable to decode stream: android.graphics.ImageDecoder$DecodeException: Failed to create image decoder with message 'unimplemented'Input contained an error.
2026-02-12 18:38:09.575 17075-17075 CareerPoli...inActivity com.murari.careerpolitics.debug      D  Push Notifications initialized(awaiting user auth for token registration)
2026-02-12 18:38:09.752 17075-17164 cr_media                com.murari.careerpolitics.debug      W  BLUETOOTH_CONNECT permission is missing.
2026-02-12 18:38:09.754 17075-17179 vulkan                  com.murari.careerpolitics.debug      D  searching for layers in '/data/app/~~j87ERG30r8Q5cxvh2XCIqQ==/com.murari.careerpolitics.debug-Ajm2kYabLwafLHvXrvHgxg==/lib/x86_64'
2026-02-12 18:38:09.755 17075-17179 vulkan                  com.murari.careerpolitics.debug      D  searching for layers in '/data/app/~~j87ERG30r8Q5cxvh2XCIqQ==/com.murari.careerpolitics.debug-Ajm2kYabLwafLHvXrvHgxg==/base.apk!/lib/x86_64'
2026-02-12 18:38:09.764 17075-17164 cr_media                com.murari.careerpolitics.debug      W  getBluetoothAdapter() requires BLUETOOTH permission
2026-02-12 18:38:09.766 17075-17164 cr_media                com.murari.careerpolitics.debug      W  registerBluetoothIntentsIfNeeded: Requires BLUETOOTH permission
2026-02-12 18:38:09.781 17075-17126 rpolitics.debug         com.murari.careerpolitics.debug      E  hiddenapi: Accessing hidden method Lcom/android/org/conscrypt/ConscryptEngineSocket;->setUseSessionTickets(Z)V (runtime_flags=CorePlatformApi, domain=core-platform, api=max-target-q,core-platform-api) from Lokhttp3/internal/platform/OptionalMethod; (domain=app) using reflection: denied
2026-02-12 18:38:09.781 17075-17126 rpolitics.debug         com.murari.careerpolitics.debug      E  hiddenapi: Accessing hidden method Lcom/android/org/conscrypt/OpenSSLSocketImpl;->setUseSessionTickets(Z)V (runtime_flags=CorePlatformApi, domain=core-platform, api=max-target-q,core-platform-api) from Lokhttp3/internal/platform/OptionalMethod; (domain=app) using reflection: denied
2026-02-12 18:38:09.781 17075-17126 rpolitics.debug         com.murari.careerpolitics.debug      E  hiddenapi: Accessing hidden method Lcom/android/org/conscrypt/AbstractConscryptSocket;->setUseSessionTickets(Z)V (runtime_flags=0, domain=core-platform, api=max-target-q) from Lokhttp3/internal/platform/OptionalMethod; (domain=app) using reflection: denied
2026-02-12 18:38:09.781 17075-17126 rpolitics.debug         com.murari.careerpolitics.debug      E  hiddenapi: Accessing hidden method Lcom/android/org/conscrypt/ConscryptEngineSocket;->setHostname(Ljava/lang/String;)V (runtime_flags=CorePlatformApi, domain=core-platform, api=max-target-q,core-platform-api) from Lokhttp3/internal/platform/OptionalMethod; (domain=app) using reflection: denied
2026-02-12 18:38:09.781 17075-17126 rpolitics.debug         com.murari.careerpolitics.debug      E  hiddenapi: Accessing hidden method Lcom/android/org/conscrypt/OpenSSLSocketImpl;->setHostname(Ljava/lang/String;)V (runtime_flags=CorePlatformApi, domain=core-platform, api=max-target-q,core-platform-api) from Lokhttp3/internal/platform/OptionalMethod; (domain=app) using reflection: denied
2026-02-12 18:38:09.781 17075-17126 rpolitics.debug         com.murari.careerpolitics.debug      E  hiddenapi: Accessing hidden method Lcom/android/org/conscrypt/AbstractConscryptSocket;->setHostname(Ljava/lang/String;)V (runtime_flags=0, domain=core-platform, api=max-target-q) from Lokhttp3/internal/platform/OptionalMethod; (domain=app) using reflection: denied
2026-02-12 18:38:09.782 17075-17126 rpolitics.debug         com.murari.careerpolitics.debug      E  hiddenapi: Accessing hidden method Lcom/android/org/conscrypt/OpenSSLSocketImpl;->setAlpnProtocols([B)V (runtime_flags=CorePlatformApi, domain=core-platform, api=max-target-q,core-platform-api) from Lokhttp3/internal/platform/OptionalMethod; (domain=app) using reflection: denied
2026-02-12 18:38:09.782 17075-17126 rpolitics.debug         com.murari.careerpolitics.debug      E  hiddenapi: Accessing hidden method Lcom/android/org/conscrypt/AbstractConscryptSocket;->setAlpnProtocols([B)V (runtime_flags=0, domain=core-platform, api=max-target-q) from Lokhttp3/internal/platform/OptionalMethod; (domain=app) using reflection: denied
2026-02-12 18:38:09.834 17075-17075 CareerPoli...inActivity com.murari.careerpolitics.debug      D  Notification intent received without URL, ignoring
2026-02-12 18:38:09.868 17075-17075 FirebaseSessions        com.murari.careerpolitics.debug      D  App foregrounded on com.murari.careerpolitics.debug
2026-02-12 18:38:09.869 17075-17075 FirebaseSessions        com.murari.careerpolitics.debug      D  Process com.murari.careerpolitics.debug is stale
2026-02-12 18:38:09.871 17075-17075 CareerPoli...inActivity com.murari.careerpolitics.debug      D  Notification intent received without URL, ignoring
2026-02-12 18:38:09.887 17075-17113 FA                      com.murari.careerpolitics.debug      I  Tag Manager is not found and thus will not be used
2026-02-12 18:38:09.897 17075-17116 FirebaseSessions        com.murari.careerpolitics.debug      D  Cold app start detected
2026-02-12 18:38:09.899 17075-17116 FirebaseSessions        com.murari.careerpolitics.debug      D  Process com.murari.careerpolitics.debug is stale
2026-02-12 18:38:09.924 17075-17075 HWUI                    com.murari.careerpolitics.debug      W  Unknown dataspace 0
2026-02-12 18:38:10.057 17075-17116 FirebaseSessions        com.murari.careerpolitics.debug      D  Session Event Type: SESSION_START
2026-02-12 18:38:10.059 17075-17116 FirebaseSessions        com.murari.careerpolitics.debug      D  Successfully logged Session Start event.
2026-02-12 18:38:10.097 17075-17187 CameraManagerGlobal     com.murari.careerpolitics.debug      I  Connecting to camera service
2026-02-12 18:38:10.151 17075-17110 FirebaseSessions        com.murari.careerpolitics.debug      D  Notified CRASHLYTICS of new session e2f028298d5c4261a1ee3619921085e8
2026-02-12 18:38:10.185 17075-17075 Choreographer           com.murari.careerpolitics.debug      I  Skipped 39 frames!  The application may be doing too much work on its main thread.
2026-02-12 18:38:10.493 17075-17075 CareerPoli...inActivity com.murari.careerpolitics.debug      D  Push Notifications initialized(awaiting user auth for token registration)
2026-02-12 18:38:10.991 17075-17075 InsetsController        com.murari.careerpolitics.debug      D  hide(ime(), fromIme=false)
2026-02-12 18:38:10.994 17075-17075 ImeTracker              com.murari.careerpolitics.debug      I  com.murari.careerpolitics.debug:46175611: onCancelled at PHASE_CLIENT_ALREADY_HIDDEN
2026-02-12 18:38:11.148 17075-17126 rpolitics.debug         com.murari.careerpolitics.debug      E  hiddenapi: Accessing hidden method Lcom/android/org/conscrypt/ConscryptEngineSocket;->setUseSessionTickets(Z)V (runtime_flags=CorePlatformApi, domain=core-platform, api=max-target-q,core-platform-api) from Lokhttp3/internal/platform/OptionalMethod; (domain=app) using reflection: denied
2026-02-12 18:38:11.148 17075-17126 rpolitics.debug         com.murari.careerpolitics.debug      E  hiddenapi: Accessing hidden method Lcom/android/org/conscrypt/OpenSSLSocketImpl;->setUseSessionTickets(Z)V (runtime_flags=CorePlatformApi, domain=core-platform, api=max-target-q,core-platform-api) from Lokhttp3/internal/platform/OptionalMethod; (domain=app) using reflection: denied
2026-02-12 18:38:11.149 17075-17126 rpolitics.debug         com.murari.careerpolitics.debug      E  hiddenapi: Accessing hidden method Lcom/android/org/conscrypt/AbstractConscryptSocket;->setUseSessionTickets(Z)V (runtime_flags=0, domain=core-platform, api=max-target-q) from Lokhttp3/internal/platform/OptionalMethod; (domain=app) using reflection: denied
2026-02-12 18:38:11.149 17075-17126 rpolitics.debug         com.murari.careerpolitics.debug      E  hiddenapi: Accessing hidden method Lcom/android/org/conscrypt/ConscryptEngineSocket;->setHostname(Ljava/lang/String;)V (runtime_flags=CorePlatformApi, domain=core-platform, api=max-target-q,core-platform-api) from Lokhttp3/internal/platform/OptionalMethod; (domain=app) using reflection: denied
2026-02-12 18:38:11.149 17075-17126 rpolitics.debug         com.murari.careerpolitics.debug      E  hiddenapi: Accessing hidden method Lcom/android/org/conscrypt/OpenSSLSocketImpl;->setHostname(Ljava/lang/String;)V (runtime_flags=CorePlatformApi, domain=core-platform, api=max-target-q,core-platform-api) from Lokhttp3/internal/platform/OptionalMethod; (domain=app) using reflection: denied
2026-02-12 18:38:11.149 17075-17126 rpolitics.debug         com.murari.careerpolitics.debug      E  hiddenapi: Accessing hidden method Lcom/android/org/conscrypt/AbstractConscryptSocket;->setHostname(Ljava/lang/String;)V (runtime_flags=0, domain=core-platform, api=max-target-q) from Lokhttp3/internal/platform/OptionalMethod; (domain=app) using reflection: denied
2026-02-12 18:38:11.149 17075-17126 rpolitics.debug         com.murari.careerpolitics.debug      E  hiddenapi: Accessing hidden method Lcom/android/org/conscrypt/OpenSSLSocketImpl;->setAlpnProtocols([B)V (runtime_flags=CorePlatformApi, domain=core-platform, api=max-target-q,core-platform-api) from Lokhttp3/internal/platform/OptionalMethod; (domain=app) using reflection: denied
2026-02-12 18:38:11.149 17075-17126 rpolitics.debug         com.murari.careerpolitics.debug      E  hiddenapi: Accessing hidden method Lcom/android/org/conscrypt/AbstractConscryptSocket;->setAlpnProtocols([B)V (runtime_flags=0, domain=core-platform, api=max-target-q) from Lokhttp3/internal/platform/OptionalMethod; (domain=app) using reflection: denied
2026-02-12 18:38:12.325 17075-17075 chromium                com.murari.careerpolitics.debug      I  [INFO:CONSOLE:1] "Uncaught TypeError: Cannot read properties of undefined (reading 'getAttribute')", source: https://careerpolitics.com/?signin=true (1)
2026-02-12 18:38:12.326 17075-17075 CareerPoli...ViewClient com.murari.careerpolitics.debug      D  Could not parse user ID from body data-user attribute
2026-02-12 18:38:12.622 17075-17081 rpolitics.debug         com.murari.careerpolitics.debug      I  Compiler allocated 5042KB to compile void android.view.ViewRootImpl.performTraversals()
2026-02-12 18:38:13.397 17075-17082 rpolitics.debug         com.murari.careerpolitics.debug      I  Background concurrent mark compact GC freed 15MB AllocSpace bytes, 60(1684KB) LOS objects, 49% free, 9873KB/19MB, paused 11.651ms,71.018ms total 558.237ms
2026-02-12 18:38:13.593 17075-17075 Choreographer           com.murari.careerpolitics.debug      I  Skipped 30 frames!  The application may be doing too much work on its main thread.
2026-02-12 18:38:13.739 17075-17221 ProfileInstaller        com.murari.careerpolitics.debug      D  Installing profile for com.murari.careerpolitics.debug
2026-02-12 18:38:14.357 17075-17075 CareerPoli...ViewClient com.murari.careerpolitics.debug      D  User authenticated detected. Registering FCM token.
2026-02-12 18:38:14.370 17075-17126 rpolitics.debug         com.murari.careerpolitics.debug      E  hiddenapi: Accessing hidden method Lcom/android/org/conscrypt/ConscryptEngineSocket;->setUseSessionTickets(Z)V (runtime_flags=CorePlatformApi, domain=core-platform, api=max-target-q,core-platform-api) from Lokhttp3/internal/platform/OptionalMethod; (domain=app) using reflection: denied
2026-02-12 18:38:14.370 17075-17126 rpolitics.debug         com.murari.careerpolitics.debug      E  hiddenapi: Accessing hidden method Lcom/android/org/conscrypt/OpenSSLSocketImpl;->setUseSessionTickets(Z)V (runtime_flags=CorePlatformApi, domain=core-platform, api=max-target-q,core-platform-api) from Lokhttp3/internal/platform/OptionalMethod; (domain=app) using reflection: denied
2026-02-12 18:38:14.370 17075-17126 rpolitics.debug         com.murari.careerpolitics.debug      E  hiddenapi: Accessing hidden method Lcom/android/org/conscrypt/AbstractConscryptSocket;->setUseSessionTickets(Z)V (runtime_flags=0, domain=core-platform, api=max-target-q) from Lokhttp3/internal/platform/OptionalMethod; (domain=app) using reflection: denied
2026-02-12 18:38:14.370 17075-17126 rpolitics.debug         com.murari.careerpolitics.debug      E  hiddenapi: Accessing hidden method Lcom/android/org/conscrypt/ConscryptEngineSocket;->setHostname(Ljava/lang/String;)V (runtime_flags=CorePlatformApi, domain=core-platform, api=max-target-q,core-platform-api) from Lokhttp3/internal/platform/OptionalMethod; (domain=app) using reflection: denied
2026-02-12 18:38:14.370 17075-17126 rpolitics.debug         com.murari.careerpolitics.debug      E  hiddenapi: Accessing hidden method Lcom/android/org/conscrypt/OpenSSLSocketImpl;->setHostname(Ljava/lang/String;)V (runtime_flags=CorePlatformApi, domain=core-platform, api=max-target-q,core-platform-api) from Lokhttp3/internal/platform/OptionalMethod; (domain=app) using reflection: denied
2026-02-12 18:38:14.370 17075-17126 rpolitics.debug         com.murari.careerpolitics.debug      E  hiddenapi: Accessing hidden method Lcom/android/org/conscrypt/AbstractConscryptSocket;->setHostname(Ljava/lang/String;)V (runtime_flags=0, domain=core-platform, api=max-target-q) from Lokhttp3/internal/platform/OptionalMethod; (domain=app) using reflection: denied
2026-02-12 18:38:14.370 17075-17126 rpolitics.debug         com.murari.careerpolitics.debug      E  hiddenapi: Accessing hidden method Lcom/android/org/conscrypt/OpenSSLSocketImpl;->setAlpnProtocols([B)V (runtime_flags=CorePlatformApi, domain=core-platform, api=max-target-q,core-platform-api) from Lokhttp3/internal/platform/OptionalMethod; (domain=app) using reflection: denied
2026-02-12 18:38:14.370 17075-17126 rpolitics.debug         com.murari.careerpolitics.debug      E  hiddenapi: Accessing hidden method Lcom/android/org/conscrypt/AbstractConscryptSocket;->setAlpnProtocols([B)V (runtime_flags=0, domain=core-platform, api=max-target-q) from Lokhttp3/internal/platform/OptionalMethod; (domain=app) using reflection: denied
2026-02-12 18:38:14.396 17075-17123 PushNotificationService com.murari.careerpolitics.debug      D  FCM token obtained: cHxuBxwVTeivP8On7AA3
2026-02-12 18:38:15.007 17075-17123 PushNotificationService com.murari.careerpolitics.debug      D  FCM token registered successfully: {"success":true,"device_id":1}
2026-02-12 18:38:15.696 17075-17087 HWUI                    com.murari.careerpolitics.debug      I  Davey! duration=717ms; Flags=0, FrameTimelineVsyncId=143433, IntendedVsync=17157918659642, Vsync=17157918659642, InputEventId=0, HandleInputStart=17157921642047, AnimationStart=17157921686647, PerformTraversalsStart=17157929623147, DrawStart=17157929946747, FrameDeadline=17157935326308, FrameStartTime=17157921622947, FrameInterval=16666666, WorkloadTarget=16666666, SyncQueued=17157930361447, SyncStart=17157931613647, IssueDrawCommandsStart=17157931760347, SwapBuffers=17158626102847, FrameCompleted=17158637606847, DequeueBufferDuration=58400, QueueBufferDuration=1213200, GpuCompleted=17158637606847, SwapBuffersCompleted=17158628280247, DisplayPresentTime=0, CommandSubmissionCompleted=17158626102847,
2026-02-12 18:38:15.698 17075-17075 Choreographer           com.murari.careerpolitics.debug      I  Skipped 41 frames!  The application may be doing too much work on its main thread.
2026-02-12 18:38:17.766 17075-17075 CareerPoli...ViewClient com.murari.careerpolitics.debug      D  Registered device for user-1 notifications
2026-02-12 18:38:18.102 17075-17126 rpolitics.debug         com.murari.careerpolitics.debug      E  hiddenapi: Accessing hidden method Lcom/android/org/conscrypt/ConscryptEngineSocket;->setUseSessionTickets(Z)V (runtime_flags=CorePlatformApi, domain=core-platform, api=max-target-q,core-platform-api) from Lokhttp3/internal/platform/OptionalMethod; (domain=app) using reflection: denied
2026-02-12 18:38:18.102 17075-17126 rpolitics.debug         com.murari.careerpolitics.debug      E  hiddenapi: Accessing hidden method Lcom/android/org/conscrypt/OpenSSLSocketImpl;->setUseSessionTickets(Z)V (runtime_flags=CorePlatformApi, domain=core-platform, api=max-target-q,core-platform-api) from Lokhttp3/internal/platform/OptionalMethod; (domain=app) using reflection: denied
2026-02-12 18:38:18.102 17075-17126 rpolitics.debug         com.murari.careerpolitics.debug      E  hiddenapi: Accessing hidden method Lcom/android/org/conscrypt/AbstractConscryptSocket;->setUseSessionTickets(Z)V (runtime_flags=0, domain=core-platform, api=max-target-q) from Lokhttp3/internal/platform/OptionalMethod; (domain=app) using reflection: denied
2026-02-12 18:38:18.102 17075-17126 rpolitics.debug         com.murari.careerpolitics.debug      E  hiddenapi: Accessing hidden method Lcom/android/org/conscrypt/ConscryptEngineSocket;->setHostname(Ljava/lang/String;)V (runtime_flags=CorePlatformApi, domain=core-platform, api=max-target-q,core-platform-api) from Lokhttp3/internal/platform/OptionalMethod; (domain=app) using reflection: denied
2026-02-12 18:38:18.102 17075-17126 rpolitics.debug         com.murari.careerpolitics.debug      E  hiddenapi: Accessing hidden method Lcom/android/org/conscrypt/OpenSSLSocketImpl;->setHostname(Ljava/lang/String;)V (runtime_flags=CorePlatformApi, domain=core-platform, api=max-target-q,core-platform-api) from Lokhttp3/internal/platform/OptionalMethod; (domain=app) using reflection: denied
2026-02-12 18:38:18.102 17075-17126 rpolitics.debug         com.murari.careerpolitics.debug      E  hiddenapi: Accessing hidden method Lcom/android/org/conscrypt/AbstractConscryptSocket;->setHostname(Ljava/lang/String;)V (runtime_flags=0, domain=core-platform, api=max-target-q) from Lokhttp3/internal/platform/OptionalMethod; (domain=app) using reflection: denied
2026-02-12 18:38:18.102 17075-17126 rpolitics.debug         com.murari.careerpolitics.debug      E  hiddenapi: Accessing hidden method Lcom/android/org/conscrypt/OpenSSLSocketImpl;->setAlpnProtocols([B)V (runtime_flags=CorePlatformApi, domain=core-platform, api=max-target-q,core-platform-api) from Lokhttp3/internal/platform/OptionalMethod; (domain=app) using reflection: denied
2026-02-12 18:38:18.102 17075-17126 rpolitics.debug         com.murari.careerpolitics.debug      E  hiddenapi: Accessing hidden method Lcom/android/org/conscrypt/AbstractConscryptSocket;->setAlpnProtocols([B)V (runtime_flags=0, domain=core-platform, api=max-target-q) from Lokhttp3/internal/platform/OptionalMethod; (domain=app) using reflection: denied
2026-02-12 18:38:20.045 17075-17075 CareerPoli...ViewClient com.murari.careerpolitics.debug      D  Intercepting URL: https://careerpolitics.com/enter
2026-02-12 18:38:20.330 17075-17075 chromium                com.murari.careerpolitics.debug      I  [INFO:CONSOLE:1] "Uncaught TypeError: Cannot read properties of null (reading 'id')", source: https://careerpolitics.com/enter (1)
2026-02-12 18:38:20.331 17075-17075 CareerPoli...ViewClient com.murari.careerpolitics.debug      D  Could not parse user ID from body data-user attribute
2026-02-12 18:38:21.948 17075-17075 CareerPoli...ViewClient com.murari.careerpolitics.debug      D  Intercepting URL: https://accounts.google.com/o/oauth2/auth?access_type=offline&client_id=89605387556-4i6ndjolfd6p6458elkggt712p4a3hic.apps.googleusercontent.com&redirect_uri=https%3A%2F%2Fcareerpolitics.com%2Fusers%2Fauth%2Fgoogle_oauth2%2Fcallback&response_type=code&scope=email+profile&state=navbar_basic
2026-02-12 18:38:22.864 17075-17075 CareerPoli...ViewClient com.murari.careerpolitics.debug      D  Intercepting URL: https://careerpolitics.com/users/auth/google_oauth2/callback?state=navbar_basic&code=4%2F0ASc3gC1JpsIped52KhyNl6XBl0qw5aPpLihq7rK1R76To0pMv1Xv8GtzuFSN_ipR-CB8RA&scope=email+profile+https%3A%2F%2Fwww.googleapis.com%2Fauth%2Fuserinfo.profile+https%3A%2F%2Fwww.googleapis.com%2Fauth%2Fuserinfo.email+openid&authuser=0&prompt=none
2026-02-12 18:38:23.554 17075-17075 CareerPoli...ViewClient com.murari.careerpolitics.debug      D  Intercepting URL: https://careerpolitics.com/enter?signin=true
2026-02-12 18:38:23.671 17075-17075 CareerPoli...ViewClient com.murari.careerpolitics.debug      D  Intercepting URL: https://careerpolitics.com/?signin=true
2026-02-12 18:38:23.992 17075-17075 chromium                com.murari.careerpolitics.debug      I  [INFO:CONSOLE:1] "Uncaught TypeError: Cannot read properties of undefined (reading 'getAttribute')", source: https://careerpolitics.com/?signin=true (1)
2026-02-12 18:38:23.994 17075-17075 CareerPoli...ViewClient com.murari.careerpolitics.debug      D  Could not parse user ID from body data-user attribute
2026-02-12 18:38:25.041 17075-17126 rpolitics.debug         com.murari.careerpolitics.debug      E  hiddenapi: Accessing hidden method Lcom/android/org/conscrypt/ConscryptEngineSocket;->setUseSessionTickets(Z)V (runtime_flags=CorePlatformApi, domain=core-platform, api=max-target-q,core-platform-api) from Lokhttp3/internal/platform/OptionalMethod; (domain=app) using reflection: denied
2026-02-12 18:38:25.041 17075-17126 rpolitics.debug         com.murari.careerpolitics.debug      E  hiddenapi: Accessing hidden method Lcom/android/org/conscrypt/OpenSSLSocketImpl;->setUseSessionTickets(Z)V (runtime_flags=CorePlatformApi, domain=core-platform, api=max-target-q,core-platform-api) from Lokhttp3/internal/platform/OptionalMethod; (domain=app) using reflection: denied
2026-02-12 18:38:25.041 17075-17126 rpolitics.debug         com.murari.careerpolitics.debug      E  hiddenapi: Accessing hidden method Lcom/android/org/conscrypt/AbstractConscryptSocket;->setUseSessionTickets(Z)V (runtime_flags=0, domain=core-platform, api=max-target-q) from Lokhttp3/internal/platform/OptionalMethod; (domain=app) using reflection: denied
2026-02-12 18:38:25.041 17075-17126 rpolitics.debug         com.murari.careerpolitics.debug      E  hiddenapi: Accessing hidden method Lcom/android/org/conscrypt/ConscryptEngineSocket;->setHostname(Ljava/lang/String;)V (runtime_flags=CorePlatformApi, domain=core-platform, api=max-target-q,core-platform-api) from Lokhttp3/internal/platform/OptionalMethod; (domain=app) using reflection: denied
2026-02-12 18:38:25.041 17075-17126 rpolitics.debug         com.murari.careerpolitics.debug      E  hiddenapi: Accessing hidden method Lcom/android/org/conscrypt/OpenSSLSocketImpl;->setHostname(Ljava/lang/String;)V (runtime_flags=CorePlatformApi, domain=core-platform, api=max-target-q,core-platform-api) from Lokhttp3/internal/platform/OptionalMethod; (domain=app) using reflection: denied
2026-02-12 18:38:25.041 17075-17126 rpolitics.debug         com.murari.careerpolitics.debug      E  hiddenapi: Accessing hidden method Lcom/android/org/conscrypt/AbstractConscryptSocket;->setHostname(Ljava/lang/String;)V (runtime_flags=0, domain=core-platform, api=max-target-q) from Lokhttp3/internal/platform/OptionalMethod; (domain=app) using reflection: denied
2026-02-12 18:38:25.041 17075-17126 rpolitics.debug         com.murari.careerpolitics.debug      E  hiddenapi: Accessing hidden method Lcom/android/org/conscrypt/OpenSSLSocketImpl;->setAlpnProtocols([B)V (runtime_flags=CorePlatformApi, domain=core-platform, api=max-target-q,core-platform-api) from Lokhttp3/internal/platform/OptionalMethod; (domain=app) using reflection: denied
2026-02-12 18:38:25.041 17075-17126 rpolitics.debug         com.murari.careerpolitics.debug      E  hiddenapi: Accessing hidden method Lcom/android/org/conscrypt/AbstractConscryptSocket;->setAlpnProtocols([B)V (runtime_flags=0, domain=core-platform, api=max-target-q) from Lokhttp3/internal/platform/OptionalMethod; (domain=app) using reflection: denied
2026-02-12 18:38:33.631 17075-17075 chromium                com.murari.careerpolitics.debug      I  [INFO:CONSOLE:0] "The resource https://careerpolitics.com/sidebars/home was preloaded using link preload but not used within a few seconds from the window's load event. Please make sure it has an appropriate `as` value and it is preloaded intentionally.", source: https://careerpolitics.com/?signin=true (0)
2026-02-12 18:38:37.186 17075-17075 InsetsController        com.murari.careerpolitics.debug      D  hide(ime(), fromIme=false)
2026-02-12 18:38:37.186 17075-17075 ImeTracker              com.murari.careerpolitics.debug      I  com.murari.careerpolitics.debug:31dbcf99: onCancelled at PHASE_CLIENT_ALREADY_HIDDEN
2026-02-12 18:38:41.400 17075-17126 rpolitics.debug         com.murari.careerpolitics.debug      E  hiddenapi: Accessing hidden method Lcom/android/org/conscrypt/ConscryptEngineSocket;->setUseSessionTickets(Z)V (runtime_flags=CorePlatformApi, domain=core-platform, api=max-target-q,core-platform-api) from Lokhttp3/internal/platform/OptionalMethod; (domain=app) using reflection: denied
2026-02-12 18:38:41.400 17075-17126 rpolitics.debug         com.murari.careerpolitics.debug      E  hiddenapi: Accessing hidden method Lcom/android/org/conscrypt/OpenSSLSocketImpl;->setUseSessionTickets(Z)V (runtime_flags=CorePlatformApi, domain=core-platform, api=max-target-q,core-platform-api) from Lokhttp3/internal/platform/OptionalMethod; (domain=app) using reflection: denied
2026-02-12 18:38:41.400 17075-17126 rpolitics.debug         com.murari.careerpolitics.debug      E  hiddenapi: Accessing hidden method Lcom/android/org/conscrypt/AbstractConscryptSocket;->setUseSessionTickets(Z)V (runtime_flags=0, domain=core-platform, api=max-target-q) from Lokhttp3/internal/platform/OptionalMethod; (domain=app) using reflection: denied
2026-02-12 18:38:41.401 17075-17126 rpolitics.debug         com.murari.careerpolitics.debug      E  hiddenapi: Accessing hidden method Lcom/android/org/conscrypt/ConscryptEngineSocket;->setHostname(Ljava/lang/String;)V (runtime_flags=CorePlatformApi, domain=core-platform, api=max-target-q,core-platform-api) from Lokhttp3/internal/platform/OptionalMethod; (domain=app) using reflection: denied
2026-02-12 18:38:41.401 17075-17126 rpolitics.debug         com.murari.careerpolitics.debug      E  hiddenapi: Accessing hidden method Lcom/android/org/conscrypt/OpenSSLSocketImpl;->setHostname(Ljava/lang/String;)V (runtime_flags=CorePlatformApi, domain=core-platform, api=max-target-q,core-platform-api) from Lokhttp3/internal/platform/OptionalMethod; (domain=app) using reflection: denied
2026-02-12 18:38:41.401 17075-17126 rpolitics.debug         com.murari.careerpolitics.debug      E  hiddenapi: Accessing hidden method Lcom/android/org/conscrypt/AbstractConscryptSocket;->setHostname(Ljava/lang/String;)V (runtime_flags=0, domain=core-platform, api=max-target-q) from Lokhttp3/internal/platform/OptionalMethod; (domain=app) using reflection: denied
2026-02-12 18:38:41.401 17075-17126 rpolitics.debug         com.murari.careerpolitics.debug      E  hiddenapi: Accessing hidden method Lcom/android/org/conscrypt/OpenSSLSocketImpl;->setAlpnProtocols([B)V (runtime_flags=CorePlatformApi, domain=core-platform, api=max-target-q,core-platform-api) from Lokhttp3/internal/platform/OptionalMethod; (domain=app) using reflection: denied
2026-02-12 18:38:41.401 17075-17126 rpolitics.debug         com.murari.careerpolitics.debug      E  hiddenapi: Accessing hidden method Lcom/android/org/conscrypt/AbstractConscryptSocket;->setAlpnProtocols([B)V (runtime_flags=0, domain=core-platform, api=max-target-q) from Lokhttp3/internal/platform/OptionalMethod; (domain=app) using reflection: denied
2026-02-12 18:38:42.818 17075-17075 chromium                com.murari.careerpolitics.debug      I  [INFO:CONSOLE:0] "The resource https://careerpolitics.com/sidebars/home was preloaded using link preload but not used within a few seconds from the window's load event. Please make sure it has an appropriate `as` value and it is preloaded intentionally.", source: https://careerpolitics.com/?signin=true (0)
2026-02-12 18:38:43.439 17075-17075 FirebaseSessions        com.murari.careerpolitics.debug      D  App backgrounded on com.murari.careerpolitics.debug
2026-02-12 18:38:44.053 17075-17108 TRuntime.C...ortBackend com.murari.careerpolitics.debug      I  Making request to: https://firebaselogging-pa.googleapis.com/v1/firelog/legacy/batchlog
2026-02-12 18:38:44.195 17075-17075 VRI[MainActivity]       com.murari.careerpolitics.debug      D  visibilityChanged oldVisibility=true newVisibility=false
2026-02-12 18:38:44.288 17075-17075 WindowOnBackDispatcher  com.murari.careerpolitics.debug      W  sendCancelIfRunning: isInProgress=false callback=androidx.navigationevent.OnBackInvokedInput$createOnBackAnimationCallback$1@732fab9
2026-02-12 18:38:45.688 17075-17113 FA                      com.murari.careerpolitics.debug      I  Application backgrounded at: timestamp_millis: 1770901723687
2026-02-12 18:38:46.639 17075-17108 TRuntime.C...ortBackend com.murari.careerpolitics.debug      I  Status Code: 200
2026-02-12 18:39:13.608  5933-17623 PhSharedDirectoryWriter com.google.android.gms.persistent    E  Failed to delete the DE shared dir for Android package: com.murari.careerpolitics.debug. [CONTEXT service_id=51 ] (Ask Gemini)
                                                                                                    java.lang.IllegalStateException: Failed to delete directory
                                                                                                    	at glsd.r(:com.google.android.gms@254730038@25.47.30 (260800-833691957):10)
                                                                                                    	at enui.a(:com.google.android.gms@254730038@25.47.30 (260800-833691957):130)
                                                                                                    	at com.google.android.gms.phenotype.notification.PackagesChangedIntentOperation.onHandleIntent(:com.google.android.gms@254730038@25.47.30 (260800-833691957):330)
                                                                                                    	at com.google.android.chimera.IntentOperation.onHandleIntent(:com.google.android.gms@254730038@25.47.30 (260800-833691957):1)
                                                                                                    	at axon.onHandleIntent(:com.google.android.gms@254730038@25.47.30 (260800-833691957):84)
                                                                                                    	at yew.run(:com.google.android.gms@254730038@25.47.30 (260800-833691957):64)
                                                                                                    	at yev.run(:com.google.android.gms@254730038@25.47.30 (260800-833691957):132)
                                                                                                    	at gjqp.run(:com.google.android.gms@254730038@25.47.30 (260800-833691957):19)
                                                                                                    	at java.util.concurrent.ThreadPoolExecutor.runWorker(ThreadPoolExecutor.java:1156)
                                                                                                    	at java.util.concurrent.ThreadPoolExecutor$Worker.run(ThreadPoolExecutor.java:651)
                                                                                                    	at java.lang.Thread.run(Thread.java:1119)
2026-02-12 18:39:20.943 17747-17747 rpolitics.debug         com.murari.careerpolitics.debug      I  Late-enabling -Xcheck:jni
2026-02-12 18:39:21.126 17747-17747 rpolitics.debug         com.murari.careerpolitics.debug      I  Using CollectorTypeCMC GC.
2026-02-12 18:39:21.126 17747-17747 rpolitics.debug         com.murari.careerpolitics.debug      W  Unexpected CPU variant for x86: x86_64.
                                                                                                    Known variants: atom, sandybridge, silvermont, goldmont, goldmont-plus, goldmont-without-sha-xsaves, tremont, kabylake, alderlake, default
2026-02-12 18:39:21.200 17747-17747 nativeloader            com.murari.careerpolitics.debug      D  Load libframework-connectivity-tiramisu-jni.so using APEX ns com_android_tethering for caller /apex/com.android.tethering/javalib/framework-connectivity-t.jar: ok
2026-02-12 18:39:21.482 17747-17747 ApplicationLoaders      com.murari.careerpolitics.debug      D  Returning zygote-cached class loader: /system_ext/framework/androidx.window.extensions.jar
2026-02-12 18:39:21.482 17747-17747 ApplicationLoaders      com.murari.careerpolitics.debug      D  Returning zygote-cached class loader: /system_ext/framework/androidx.window.sidecar.jar
2026-02-12 18:39:22.293 17747-17747 nativeloader            com.murari.careerpolitics.debug      D  Configuring clns-9 for other apk /data/app/~~j87ERG30r8Q5cxvh2XCIqQ==/com.murari.careerpolitics.debug-Ajm2kYabLwafLHvXrvHgxg==/base.apk. target_sdk_version=36, uses_libraries=, library_path=/data/app/~~j87ERG30r8Q5cxvh2XCIqQ==/com.murari.careerpolitics.debug-Ajm2kYabLwafLHvXrvHgxg==/lib/x86_64:/data/app/~~j87ERG30r8Q5cxvh2XCIqQ==/com.murari.careerpolitics.debug-Ajm2kYabLwafLHvXrvHgxg==/base.apk!/lib/x86_64, permitted_path=/data:/mnt/expand:/data/user/0/com.murari.careerpolitics.debug
2026-02-12 18:39:22.309 17747-17747 rpolitics.debug         com.murari.careerpolitics.debug      I  AssetManager2(0x795ef882c2b8) locale list changing from [] to [en-US]
2026-02-12 18:39:22.321 17747-17747 GraphicsEnvironment     com.murari.careerpolitics.debug      V  Currently set values for:
2026-02-12 18:39:22.321 17747-17747 GraphicsEnvironment     com.murari.careerpolitics.debug      V    angle_gl_driver_selection_pkgs=[]
2026-02-12 18:39:22.321 17747-17747 GraphicsEnvironment     com.murari.careerpolitics.debug      V    angle_gl_driver_selection_values=[]
2026-02-12 18:39:22.321 17747-17747 GraphicsEnvironment     com.murari.careerpolitics.debug      V  com.murari.careerpolitics.debug is not listed in per-application setting
2026-02-12 18:39:22.321 17747-17747 GraphicsEnvironment     com.murari.careerpolitics.debug      V  ANGLE allowlist from config: com.dreamgames.royalmatch com.dts.freefiremax com.dxx.firenow com.gramgames.mergedragons com.ludo.king com.mojang.minecraftpe com.my.defense com.nintendo.zaka com.os.airforce com.playrix.fishdomdd.gplay io.teslatech.callbreak jp.konami.prospia net.peakgames.toonblast
2026-02-12 18:39:22.321 17747-17747 GraphicsEnvironment     com.murari.careerpolitics.debug      V  com.murari.careerpolitics.debug is not listed in ANGLE allowlist or settings, returning default
2026-02-12 18:39:22.322 17747-17747 GraphicsEnvironment     com.murari.careerpolitics.debug      V  Neither updatable production driver nor prerelease driver is supported.
2026-02-12 18:39:22.345 17747-17747 MultiDex                com.murari.careerpolitics.debug      I  VM with version 2.1.0 has multidex support
2026-02-12 18:39:22.345 17747-17747 MultiDex                com.murari.careerpolitics.debug      I  Installing application
2026-02-12 18:39:22.345 17747-17747 MultiDex                com.murari.careerpolitics.debug      I  VM has multidex support, MultiDex support library is disabled.
2026-02-12 18:39:22.499 17747-17747 FirebaseSessions        com.murari.careerpolitics.debug      D  Dependency to CRASHLYTICS added.
2026-02-12 18:39:22.514 17747-17747 FirebaseApp             com.murari.careerpolitics.debug      I  Device unlocked: initializing all Firebase APIs for app [DEFAULT]
2026-02-12 18:39:22.611 17747-17747 FirebaseCrashlytics     com.murari.careerpolitics.debug      I  Initializing Firebase Crashlytics 20.0.4 for com.murari.careerpolitics.debug
2026-02-12 18:39:22.730 17747-17747 FirebaseSessions        com.murari.careerpolitics.debug      D  Subscriber CRASHLYTICS registered.
2026-02-12 18:39:22.750 17747-17772 rpolitics.debug         com.murari.careerpolitics.debug      W  ClassLoaderContext classpath size mismatch. expected=1, found=0 (DLC[];PCL[base.apk*630649996]{PCL[/system/framework/org.apache.http.legacy.jar*4247870504]#PCL[/system/framework/com.android.media.remotedisplay.jar*487574312]#PCL[/system/framework/com.android.location.provider.jar*1570284764]#PCL[/system_ext/framework/androidx.window.extensions.jar*1030441313]#PCL[/system_ext/framework/androidx.window.sidecar.jar*3860983653]} | DLC[];PCL[])
2026-02-12 18:39:22.764 17747-17772 DynamiteModule          com.murari.careerpolitics.debug      I  Considering local module com.google.android.gms.measurement.dynamite:155 and remote module com.google.android.gms.measurement.dynamite:170
2026-02-12 18:39:22.764 17747-17772 DynamiteModule          com.murari.careerpolitics.debug      I  Selected remote version of com.google.android.gms.measurement.dynamite, version >= 170
2026-02-12 18:39:22.765 17747-17772 DynamiteModule          com.murari.careerpolitics.debug      V  Dynamite loader version >= 2, using loadModule2NoCrashUtils
2026-02-12 18:39:22.793 17747-17772 System                  com.murari.careerpolitics.debug      W  ClassLoader referenced unknown path:
2026-02-12 18:39:22.794 17747-17772 nativeloader            com.murari.careerpolitics.debug      D  Configuring clns-10 for other apk . target_sdk_version=36, uses_libraries=, library_path=/data/app/~~AQIoxwX_bQS00w1beXC_GA==/com.google.android.gms-wCGpIy5s3YYDXYNXs-N6yg==/lib/x86_64:/data/app/~~AQIoxwX_bQS00w1beXC_GA==/com.google.android.gms-wCGpIy5s3YYDXYNXs-N6yg==/base.apk!/lib/x86_64, permitted_path=/data:/mnt/expand:/data/user/0/com.google.android.gms
2026-02-12 18:39:22.933 17747-17772 rpolitics.debug         com.murari.careerpolitics.debug      I  AssetManager2(0x795ef882c8f8) locale list changing from [] to [en-US]
2026-02-12 18:39:22.970 17747-17772 rpolitics.debug         com.murari.careerpolitics.debug      W  ClassLoaderContext classpath element checksum mismatch. expected=630649996, found=991587985 (DLC[];PCL[base.apk*630649996]{PCL[/system/framework/org.apache.http.legacy.jar*4247870504]#PCL[/system/framework/com.android.media.remotedisplay.jar*487574312]#PCL[/system/framework/com.android.location.provider.jar*1570284764]#PCL[/system_ext/framework/androidx.window.extensions.jar*1030441313]#PCL[/system_ext/framework/androidx.window.sidecar.jar*3860983653]} | DLC[];PCL[/data/app/~~j87ERG30r8Q5cxvh2XCIqQ==/com.murari.careerpolitics.debug-Ajm2kYabLwafLHvXrvHgxg==/base.apk*991587985]{PCL[/system_ext/framework/androidx.window.extensions.jar*1030441313]#PCL[/system_ext/framework/androidx.window.sidecar.jar*3860983653]})
2026-02-12 18:39:22.985 17747-17781 ashmem                  com.murari.careerpolitics.debug      E  Pinning is deprecated since Android Q. Please use trim or other methods.
2026-02-12 18:39:23.062 17747-17772 rpolitics.debug         com.murari.careerpolitics.debug      I  AssetManager2(0x795ef8825b98) locale list changing from [] to [en-US]
2026-02-12 18:39:23.062 17747-17772 rpolitics.debug         com.murari.careerpolitics.debug      I  AssetManager2(0x795ef882c5d8) locale list changing from [] to [en-US]
2026-02-12 18:39:23.113 17747-17780 FirebaseCrashlytics     com.murari.careerpolitics.debug      I  Saved version control info
2026-02-12 18:39:23.246 17747-17790 rpolitics.debug         com.murari.careerpolitics.debug      I  hiddenapi: Accessing hidden method Ldalvik/system/VMStack;->getStackClass2()Ljava/lang/Class; (runtime_flags=0, domain=core-platform, api=unsupported) from Lm7/aox; (domain=app) using reflection: allowed
2026-02-12 18:39:23.257 17747-17747 nativeloader            com.murari.careerpolitics.debug      D  Load /data/app/~~j87ERG30r8Q5cxvh2XCIqQ==/com.murari.careerpolitics.debug-Ajm2kYabLwafLHvXrvHgxg==/base.apk!/lib/x86_64/libdatastore_shared_counter.so using class loader ns clns-9 (caller=/data/app/~~j87ERG30r8Q5cxvh2XCIqQ==/com.murari.careerpolitics.debug-Ajm2kYabLwafLHvXrvHgxg==/base.apk!classes15.dex): ok
2026-02-12 18:39:23.289 17747-17790 PhClient                com.murari.careerpolitics.debug      I  Unable to retrieve flag snapshot for com.google.android.gms.measurement#com.murari.careerpolitics.debug, using defaults.
2026-02-12 18:39:23.316 17747-17789 rpolitics.debug         com.murari.careerpolitics.debug      E  No package ID 6a found for resource ID 0x6a0b0013.
2026-02-12 18:39:23.318 17747-17789 FA                      com.murari.careerpolitics.debug      I  App measurement initialized, version: 146007
2026-02-12 18:39:23.318 17747-17789 FA                      com.murari.careerpolitics.debug      I  To enable debug logging run: adb shell setprop log.tag.FA VERBOSE
2026-02-12 18:39:23.319 17747-17789 FA                      com.murari.careerpolitics.debug      I  To enable faster debug mode event logging run:
                                                                                                      adb shell setprop debug.firebase.analytics.app com.murari.careerpolitics.debug
2026-02-12 18:39:23.438 17747-17747 FirebaseSessions        com.murari.careerpolitics.debug      D  Initializing Firebase Sessions 3.0.4.
2026-02-12 18:39:23.439 17747-17747 FirebaseInitProvider    com.murari.careerpolitics.debug      I  FirebaseApp initialization successful
2026-02-12 18:39:23.494 17747-17747 WM-WrkMgrInitializer    com.murari.careerpolitics.debug      D  Initializing WorkManager with default configuration.
2026-02-12 18:39:23.654 17747-17801 DisplayManager          com.murari.careerpolitics.debug      I  Choreographer implicitly registered for the refresh rate.
2026-02-12 18:39:23.660 17747-17747 rpolitics.debug         com.murari.careerpolitics.debug      I  AssetManager2(0x795ef882a378) locale list changing from [] to [en-US]
2026-02-12 18:39:23.819 17747-17801 EGL_emulation           com.murari.careerpolitics.debug      I  Opening libGLESv1_CM_emulation.so
2026-02-12 18:39:23.822 17747-17801 EGL_emulation           com.murari.careerpolitics.debug      I  Opening libGLESv2_emulation.so
2026-02-12 18:39:23.836 17747-17801 HWUI                    com.murari.careerpolitics.debug      W  Failed to choose config with EGL_SWAP_BEHAVIOR_PRESERVED, retrying without...
2026-02-12 18:39:23.837 17747-17801 HWUI                    com.murari.careerpolitics.debug      W  Failed to initialize 101010-2 format, error = EGL_SUCCESS
2026-02-12 18:39:23.851 17747-17771 FirebaseSessions        com.murari.careerpolitics.debug      D  Notified CRASHLYTICS of new session d30e849f96c742698f5cf265b240b608
2026-02-12 18:39:24.059 17747-17747 AppCompatDelegate       com.murari.careerpolitics.debug      D  Checking for metadata for AppLocalesMetadataHolderService : Service not found
2026-02-12 18:39:24.060 17747-17747 rpolitics.debug         com.murari.careerpolitics.debug      I  AssetManager2(0x795ef882f198) locale list changing from [] to [en-US]
2026-02-12 18:39:24.062 17747-17789 FA                      com.murari.careerpolitics.debug      I  Tag Manager is not found and thus will not be used
2026-02-12 18:39:24.137 17747-17747 CompatChangeReporter    com.murari.careerpolitics.debug      D  Compat change id reported: 377864165; UID 10218; state: ENABLED
2026-02-12 18:39:24.139 17747-17747 DesktopModeFlags        com.murari.careerpolitics.debug      D  Toggle override initialized to: OVERRIDE_UNSET
2026-02-12 18:39:24.186 17747-17747 rpolitics.debug         com.murari.careerpolitics.debug      I  hiddenapi: Accessing hidden method Landroid/view/ViewGroup;->makeOptionalFitsSystemWindows()V (runtime_flags=0, domain=platform, api=unsupported) from Landroidx/appcompat/widget/ViewUtils; (domain=app) using reflection: allowed
2026-02-12 18:39:24.490 17747-17747 rpolitics.debug         com.murari.careerpolitics.debug      I  AssetManager2(0x795ef882fe18) locale list changing from [] to [en-US]
2026-02-12 18:39:24.491 17747-17747 WebViewFactory          com.murari.careerpolitics.debug      I  Loading com.google.android.webview version 144.0.7559.132 (code 755913208)
2026-02-12 18:39:24.492 17747-17747 rpolitics.debug         com.murari.careerpolitics.debug      I  AssetManager2(0x795ef882b318) locale list changing from [] to [en-US]
2026-02-12 18:39:24.493 17747-17747 rpolitics.debug         com.murari.careerpolitics.debug      I  AssetManager2(0x795ef882ded8) locale list changing from [] to [en-US]
2026-02-12 18:39:24.494 17747-17747 rpolitics.debug         com.murari.careerpolitics.debug      I  AssetManager2(0x795ef88313f8) locale list changing from [] to [en-US]
2026-02-12 18:39:24.495 17747-17747 rpolitics.debug         com.murari.careerpolitics.debug      I  AssetManager2(0x795ef882d898) locale list changing from [] to [en-US]
2026-02-12 18:39:24.496 17747-17747 rpolitics.debug         com.murari.careerpolitics.debug      I  AssetManager2(0x795ef882a9b8) locale list changing from [] to [en-US]
2026-02-12 18:39:24.498 17747-17747 rpolitics.debug         com.murari.careerpolitics.debug      I  AssetManager2(0x795ef882e838) locale list changing from [] to [en-US]
2026-02-12 18:39:24.498 17747-17747 ResourcesManager        com.murari.careerpolitics.debug      V  The following library key has been added: ResourcesKey{ mHash=816d2ce0 mResDir=null mSplitDirs=[] mOverlayDirs=[] mLibDirs=[/data/app/~~Zoz9scfpKRPwcfNxpCnAGw==/com.google.android.webview-WR1Tj74jeepPylNgXkwJIw==/base.apk,/system/framework/android.test.base.jar] mDisplayId=0 mOverrideConfig=v36 mCompatInfo={440dpi always-compat} mLoaders=[]}
2026-02-12 18:39:24.500 17747-17747 ApplicationLoaders      com.murari.careerpolitics.debug      D  Returning zygote-cached class loader: /system/framework/android.test.base.jar
2026-02-12 18:39:24.500 17747-17747 ApplicationLoaders      com.murari.careerpolitics.debug      D  Returning zygote-cached class loader: /system_ext/framework/androidx.window.extensions.jar
2026-02-12 18:39:24.506 17747-17747 rpolitics.debug         com.murari.careerpolitics.debug      W  Loading /data/app/~~Zoz9scfpKRPwcfNxpCnAGw==/com.google.android.webview-WR1Tj74jeepPylNgXkwJIw==/oat/x86_64/base.odex non-executable as it requires an image which we failed to load
2026-02-12 18:39:24.510 17747-17747 nativeloader            com.murari.careerpolitics.debug      D  Configuring clns-11 for other apk /data/app/~~Zoz9scfpKRPwcfNxpCnAGw==/com.google.android.webview-WR1Tj74jeepPylNgXkwJIw==/base.apk. target_sdk_version=36, uses_libraries=, library_path=/data/app/~~Zoz9scfpKRPwcfNxpCnAGw==/com.google.android.webview-WR1Tj74jeepPylNgXkwJIw==/lib/x86_64:/data/app/~~Zoz9scfpKRPwcfNxpCnAGw==/com.google.android.webview-WR1Tj74jeepPylNgXkwJIw==/base.apk!/lib/x86_64, permitted_path=/data:/mnt/expand
2026-02-12 18:39:24.657 17747-17747 cr_WVCFactoryProvider   com.murari.careerpolitics.debug      I  version=144.0.7559.132 (755913208) minSdkVersion=29 multiprocess=true packageId=2 splits=<none>
2026-02-12 18:39:24.690 17747-17747 nativeloader            com.murari.careerpolitics.debug      D  Load /data/app/~~Zoz9scfpKRPwcfNxpCnAGw==/com.google.android.webview-WR1Tj74jeepPylNgXkwJIw==/base.apk!/lib/x86_64/libwebviewchromium.so using class loader ns clns-11 (caller=/data/app/~~Zoz9scfpKRPwcfNxpCnAGw==/com.google.android.webview-WR1Tj74jeepPylNgXkwJIw==/base.apk): ok
2026-02-12 18:39:24.713 17747-17747 nativeloader            com.murari.careerpolitics.debug      D  Load /system/lib64/libwebviewchromium_plat_support.so using class loader ns clns-11 (caller=/data/app/~~Zoz9scfpKRPwcfNxpCnAGw==/com.google.android.webview-WR1Tj74jeepPylNgXkwJIw==/base.apk): ok
2026-02-12 18:39:24.750 17747-17810 chromium                com.murari.careerpolitics.debug      I  [0212/183924.726495:INFO:android_webview/browser/variations/variations_seed_loader.cc:67] Failed to open file for reading.: No such file or directory (2)
2026-02-12 18:39:24.750 17747-17810 chromium                com.murari.careerpolitics.debug      I  [0212/183924.750186:INFO:android_webview/browser/variations/variations_seed_loader.cc:67] Failed to open file for reading.: No such file or directory (2)
2026-02-12 18:39:24.782 17747-17747 cr_LibraryLoader        com.murari.careerpolitics.debug      I  Successfully loaded native library
2026-02-12 18:39:24.793 17747-17747 cr_CachingUmaRecorder   com.murari.careerpolitics.debug      I  Flushed 20 samples from 20 histograms, 0 samples were dropped.
2026-02-12 18:39:24.808 17747-17747 cr_CombinedPProvider    com.murari.careerpolitics.debug      I  #registerProvider() provider:WV.rk@24f439f isPolicyCacheEnabled:false policyProvidersSize:0
2026-02-12 18:39:24.809 17747-17747 cr_PolicyProvider       com.murari.careerpolitics.debug      I  #setManagerAndSource() 0
2026-02-12 18:39:24.820 17747-17747 cr_DisplayManager       com.murari.careerpolitics.debug      I  Is Display Topology available: false
2026-02-12 18:39:24.823 17747-17747 rpolitics.debug         com.murari.careerpolitics.debug      I  AssetManager2(0x795ef882cc18) locale list changing from [] to [en-US]
2026-02-12 18:39:24.826 17747-17747 rpolitics.debug         com.murari.careerpolitics.debug      I  AssetManager2(0x795ef8831718) locale list changing from [] to [en-US]
2026-02-12 18:39:24.921 17747-17780 FirebaseSessions        com.murari.careerpolitics.debug      D  Fetching settings from server.
2026-02-12 18:39:24.927 17747-17747 cr_CombinedPProvider    com.murari.careerpolitics.debug      I  #linkNativeInternal() 1
2026-02-12 18:39:24.935 17747-17747 cr_AppResProvider       com.murari.careerpolitics.debug      I  #getApplicationRestrictionsFromUserManager() Bundle[EMPTY_PARCEL]
2026-02-12 18:39:24.935 17747-17747 cr_PolicyProvider       com.murari.careerpolitics.debug      I  #notifySettingsAvailable() 0
2026-02-12 18:39:24.935 17747-17747 cr_CombinedPProvider    com.murari.careerpolitics.debug      I  #onSettingsAvailable() 0
2026-02-12 18:39:24.935 17747-17747 cr_CombinedPProvider    com.murari.careerpolitics.debug      I  #flushPolicies()
2026-02-12 18:39:25.213 17747-17747 chromium                com.murari.careerpolitics.debug      W  [WARNING:android_webview/browser/network_service/net_helpers.cc:137] HTTP Cache size is: 20971520
