2025-12-15 10:51:39.667 24169-24215 rpolitics.debug         com.murari.careerpolitics.debug      E  hiddenapi: Accessing hidden method Lcom/android/org/conscrypt/OpenSSLSocketImpl;->setHostname(Ljava/lang/String;)V (runtime_flags=CorePlatformApi, domain=core-platform, api=max-target-q,core-platform-api) from Lokhttp3/internal/platform/OptionalMethod; (domain=app) using reflection: denied
2025-12-15 10:51:39.667 24169-24215 rpolitics.debug         com.murari.careerpolitics.debug      E  hiddenapi: Accessing hidden method Lcom/android/org/conscrypt/AbstractConscryptSocket;->setHostname(Ljava/lang/String;)V (runtime_flags=0, domain=core-platform, api=max-target-q) from Lokhttp3/internal/platform/OptionalMethod; (domain=app) using reflection: denied
2025-12-15 10:51:39.667 24169-24215 rpolitics.debug         com.murari.careerpolitics.debug      E  hiddenapi: Accessing hidden method Lcom/android/org/conscrypt/OpenSSLSocketImpl;->setAlpnProtocols([B)V (runtime_flags=CorePlatformApi, domain=core-platform, api=max-target-q,core-platform-api) from Lokhttp3/internal/platform/OptionalMethod; (domain=app) using reflection: denied
2025-12-15 10:51:39.671 24169-24215 rpolitics.debug         com.murari.careerpolitics.debug      E  hiddenapi: Accessing hidden method Lcom/android/org/conscrypt/AbstractConscryptSocket;->setAlpnProtocols([B)V (runtime_flags=0, domain=core-platform, api=max-target-q) from Lokhttp3/internal/platform/OptionalMethod; (domain=app) using reflection: denied
2025-12-15 10:51:41.138 24169-24174 rpolitics.debug         com.murari.careerpolitics.debug      I  Compiler allocated 5042KB to compile void android.view.ViewRootImpl.performTraversals()
2025-12-15 10:51:41.276 24169-24169 CareerPoli...ViewClient com.murari.careerpolitics.debug      D  User authenticated detected. Registering FCM token.
2025-12-15 10:51:41.460 24169-24169 rpolitics.debug         com.murari.careerpolitics.debug      W  Verification of java.lang.Object com.murari.careerpolitics.services.PushNotificationService.fetchFcmToken(kotlin.coroutines.Continuation) took 183.385ms (398.07 bytecodes/s) (0B arena alloc)
2025-12-15 10:51:41.569 24169-24169 rpolitics.debug         com.murari.careerpolitics.debug      W  Verification of void com.murari.careerpolitics.services.PushNotificationService.registerFcmToken(android.content.Context) took 105.753ms (293.13 bytecodes/s) (0B arena alloc)
2025-12-15 10:51:46.120 24169-24169 chromium                com.murari.careerpolitics.debug      I  [INFO:CONSOLE:0] "The resource https://careerpolitics.com/sidebars/home was preloaded using link preload but not used within a few seconds from the window's load event. Please make sure it has an appropriate `as` value and it is preloaded intentionally.", source: https://careerpolitics.com/ (0)
2025-12-15 10:51:55.222 24169-24213 PushNotificationService com.murari.careerpolitics.debug      D  FCM token obtained: cS5-kl5rRBGBriXkc57i...
2025-12-15 10:51:55.249 24169-24215 rpolitics.debug         com.murari.careerpolitics.debug      E  hiddenapi: Accessing hidden method Lcom/android/org/conscrypt/ConscryptEngineSocket;->setUseSessionTickets(Z)V (runtime_flags=CorePlatformApi, domain=core-platform, api=max-target-q,core-platform-api) from Lokhttp3/internal/platform/OptionalMethod; (domain=app) using reflection: denied
2025-12-15 10:51:55.250 24169-24215 rpolitics.debug         com.murari.careerpolitics.debug      E  hiddenapi: Accessing hidden method Lcom/android/org/conscrypt/OpenSSLSocketImpl;->setUseSessionTickets(Z)V (runtime_flags=CorePlatformApi, domain=core-platform, api=max-target-q,core-platform-api) from Lokhttp3/internal/platform/OptionalMethod; (domain=app) using reflection: denied
2025-12-15 10:51:55.254 24169-24215 rpolitics.debug         com.murari.careerpolitics.debug      E  hiddenapi: Accessing hidden method Lcom/android/org/conscrypt/AbstractConscryptSocket;->setUseSessionTickets(Z)V (runtime_flags=0, domain=core-platform, api=max-target-q) from Lokhttp3/internal/platform/OptionalMethod; (domain=app) using reflection: denied
2025-12-15 10:51:55.254 24169-24215 rpolitics.debug         com.murari.careerpolitics.debug      E  hiddenapi: Accessing hidden method Lcom/android/org/conscrypt/ConscryptEngineSocket;->setHostname(Ljava/lang/String;)V (runtime_flags=CorePlatformApi, domain=core-platform, api=max-target-q,core-platform-api) from Lokhttp3/internal/platform/OptionalMethod; (domain=app) using reflection: denied
2025-12-15 10:51:55.255 24169-24215 rpolitics.debug         com.murari.careerpolitics.debug      E  hiddenapi: Accessing hidden method Lcom/android/org/conscrypt/OpenSSLSocketImpl;->setHostname(Ljava/lang/String;)V (runtime_flags=CorePlatformApi, domain=core-platform, api=max-target-q,core-platform-api) from Lokhttp3/internal/platform/OptionalMethod; (domain=app) using reflection: denied
2025-12-15 10:51:55.255 24169-24215 rpolitics.debug         com.murari.careerpolitics.debug      E  hiddenapi: Accessing hidden method Lcom/android/org/conscrypt/AbstractConscryptSocket;->setHostname(Ljava/lang/String;)V (runtime_flags=0, domain=core-platform, api=max-target-q) from Lokhttp3/internal/platform/OptionalMethod; (domain=app) using reflection: denied
2025-12-15 10:51:55.256 24169-24215 rpolitics.debug         com.murari.careerpolitics.debug      E  hiddenapi: Accessing hidden method Lcom/android/org/conscrypt/OpenSSLSocketImpl;->setAlpnProtocols([B)V (runtime_flags=CorePlatformApi, domain=core-platform, api=max-target-q,core-platform-api) from Lokhttp3/internal/platform/OptionalMethod; (domain=app) using reflection: denied
2025-12-15 10:51:55.256 24169-24215 rpolitics.debug         com.murari.careerpolitics.debug      E  hiddenapi: Accessing hidden method Lcom/android/org/conscrypt/AbstractConscryptSocket;->setAlpnProtocols([B)V (runtime_flags=0, domain=core-platform, api=max-target-q) from Lokhttp3/internal/platform/OptionalMethod; (domain=app) using reflection: denied
2025-12-15 10:51:55.263 24169-24169 Choreographer           com.murari.careerpolitics.debug      I  Skipped 545 frames!  The application may be doing too much work on its main thread.
2025-12-15 10:51:55.327 24169-24169 chromium                com.murari.careerpolitics.debug      I  [INFO:CONSOLE:0] "The resource https://careerpolitics.com/sidebars/home was preloaded using link preload but not used within a few seconds from the window's load event. Please make sure it has an appropriate `as` value and it is preloaded intentionally.", source: https://careerpolitics.com/ (0)
2025-12-15 10:51:55.352 24169-24303 HWUI                    com.murari.careerpolitics.debug      I  Davey! duration=9167ms; Flags=0, FrameTimelineVsyncId=2229829, IntendedVsync=33422895900002, Vsync=33431979232972, InputEventId=0, HandleInputStart=33431983898467, AnimationStart=33431983969267, PerformTraversalsStart=33431998193767, DrawStart=33432003688567, FrameDeadline=33432029232970, FrameStartTime=33431981488767, FrameInterval=16666666, WorkloadTarget=16666666, SyncQueued=33432006305867, SyncStart=33432007396867, IssueDrawCommandsStart=33432007611967, SwapBuffers=33432056443167, FrameCompleted=33432064216967, DequeueBufferDuration=46200, QueueBufferDuration=333100, GpuCompleted=33432064216967, SwapBuffersCompleted=33432057890167, DisplayPresentTime=0, CommandSubmissionCompleted=33432056443167,
2025-12-15 10:51:55.660 24169-24213 PushNotificationService com.murari.careerpolitics.debug      D  FCM token registered successfully:
2025-12-15 10:51:58.597 24169-24169 chromium                com.murari.careerpolitics.debug      I  [INFO:CONSOLE:0] "The resource https://careerpolitics.com/sidebars/home was preloaded using link preload but not used within a few seconds from the window's load event. Please make sure it has an appropriate `as` value and it is preloaded intentionally.", source: https://careerpolitics.com/ (0)
2025-12-15 10:52:02.279 24169-24215 rpolitics.debug         com.murari.careerpolitics.debug      E  hiddenapi: Accessing hidden method Lcom/android/org/conscrypt/ConscryptEngineSocket;->setUseSessionTickets(Z)V (runtime_flags=CorePlatformApi, domain=core-platform, api=max-target-q,core-platform-api) from Lokhttp3/internal/platform/OptionalMethod; (domain=app) using reflection: denied
2025-12-15 10:52:02.280 24169-24215 rpolitics.debug         com.murari.careerpolitics.debug      E  hiddenapi: Accessing hidden method Lcom/android/org/conscrypt/OpenSSLSocketImpl;->setUseSessionTickets(Z)V (runtime_flags=CorePlatformApi, domain=core-platform, api=max-target-q,core-platform-api) from Lokhttp3/internal/platform/OptionalMethod; (domain=app) using reflection: denied
2025-12-15 10:52:02.280 24169-24215 rpolitics.debug         com.murari.careerpolitics.debug      E  hiddenapi: Accessing hidden method Lcom/android/org/conscrypt/AbstractConscryptSocket;->setUseSessionTickets(Z)V (runtime_flags=0, domain=core-platform, api=max-target-q) from Lokhttp3/internal/platform/OptionalMethod; (domain=app) using reflection: denied
2025-12-15 10:52:02.280 24169-24215 rpolitics.debug         com.murari.careerpolitics.debug      E  hiddenapi: Accessing hidden method Lcom/android/org/conscrypt/ConscryptEngineSocket;->setHostname(Ljava/lang/String;)V (runtime_flags=CorePlatformApi, domain=core-platform, api=max-target-q,core-platform-api) from Lokhttp3/internal/platform/OptionalMethod; (domain=app) using reflection: denied
2025-12-15 10:52:02.280 24169-24215 rpolitics.debug         com.murari.careerpolitics.debug      E  hiddenapi: Accessing hidden method Lcom/android/org/conscrypt/OpenSSLSocketImpl;->setHostname(Ljava/lang/String;)V (runtime_flags=CorePlatformApi, domain=core-platform, api=max-target-q,core-platform-api) from Lokhttp3/internal/platform/OptionalMethod; (domain=app) using reflection: denied
2025-12-15 10:52:02.280 24169-24215 rpolitics.debug         com.murari.careerpolitics.debug      E  hiddenapi: Accessing hidden method Lcom/android/org/conscrypt/AbstractConscryptSocket;->setHostname(Ljava/lang/String;)V (runtime_flags=0, domain=core-platform, api=max-target-q) from Lokhttp3/internal/platform/OptionalMethod; (domain=app) using reflection: denied
2025-12-15 10:52:02.281 24169-24215 rpolitics.debug         com.murari.careerpolitics.debug      E  hiddenapi: Accessing hidden method Lcom/android/org/conscrypt/OpenSSLSocketImpl;->setAlpnProtocols([B)V (runtime_flags=CorePlatformApi, domain=core-platform, api=max-target-q,core-platform-api) from Lokhttp3/internal/platform/OptionalMethod; (domain=app) using reflection: denied
2025-12-15 10:52:02.281 24169-24215 rpolitics.debug         com.murari.careerpolitics.debug      E  hiddenapi: Accessing hidden method Lcom/android/org/conscrypt/AbstractConscryptSocket;->setAlpnProtocols([B)V (runtime_flags=0, domain=core-platform, api=max-target-q) from Lokhttp3/internal/platform/OptionalMethod; (domain=app) using reflection: denied
2025-12-15 10:52:15.796 24169-24215 rpolitics.debug         com.murari.careerpolitics.debug      E  hiddenapi: Accessing hidden method Lcom/android/org/conscrypt/ConscryptEngineSocket;->setUseSessionTickets(Z)V (runtime_flags=CorePlatformApi, domain=core-platform, api=max-target-q,core-platform-api) from Lokhttp3/internal/platform/OptionalMethod; (domain=app) using reflection: denied
2025-12-15 10:52:15.796 24169-24215 rpolitics.debug         com.murari.careerpolitics.debug      E  hiddenapi: Accessing hidden method Lcom/android/org/conscrypt/OpenSSLSocketImpl;->setUseSessionTickets(Z)V (runtime_flags=CorePlatformApi, domain=core-platform, api=max-target-q,core-platform-api) from Lokhttp3/internal/platform/OptionalMethod; (domain=app) using reflection: denied
2025-12-15 10:52:15.797 24169-24215 rpolitics.debug         com.murari.careerpolitics.debug      E  hiddenapi: Accessing hidden method Lcom/android/org/conscrypt/AbstractConscryptSocket;->setUseSessionTickets(Z)V (runtime_flags=0, domain=core-platform, api=max-target-q) from Lokhttp3/internal/platform/OptionalMethod; (domain=app) using reflection: denied
2025-12-15 10:52:15.797 24169-24215 rpolitics.debug         com.murari.careerpolitics.debug      E  hiddenapi: Accessing hidden method Lcom/android/org/conscrypt/ConscryptEngineSocket;->setHostname(Ljava/lang/String;)V (runtime_flags=CorePlatformApi, domain=core-platform, api=max-target-q,core-platform-api) from Lokhttp3/internal/platform/OptionalMethod; (domain=app) using reflection: denied
2025-12-15 10:52:15.797 24169-24215 rpolitics.debug         com.murari.careerpolitics.debug      E  hiddenapi: Accessing hidden method Lcom/android/org/conscrypt/OpenSSLSocketImpl;->setHostname(Ljava/lang/String;)V (runtime_flags=CorePlatformApi, domain=core-platform, api=max-target-q,core-platform-api) from Lokhttp3/internal/platform/OptionalMethod; (domain=app) using reflection: denied
2025-12-15 10:52:15.797 24169-24215 rpolitics.debug         com.murari.careerpolitics.debug      E  hiddenapi: Accessing hidden method Lcom/android/org/conscrypt/AbstractConscryptSocket;->setHostname(Ljava/lang/String;)V (runtime_flags=0, domain=core-platform, api=max-target-q) from Lokhttp3/internal/platform/OptionalMethod; (domain=app) using reflection: denied
2025-12-15 10:52:15.797 24169-24215 rpolitics.debug         com.murari.careerpolitics.debug      E  hiddenapi: Accessing hidden method Lcom/android/org/conscrypt/OpenSSLSocketImpl;->setAlpnProtocols([B)V (runtime_flags=CorePlatformApi, domain=core-platform, api=max-target-q,core-platform-api) from Lokhttp3/internal/platform/OptionalMethod; (domain=app) using reflection: denied
2025-12-15 10:52:15.797 24169-24215 rpolitics.debug         com.murari.careerpolitics.debug      E  hiddenapi: Accessing hidden method Lcom/android/org/conscrypt/AbstractConscryptSocket;->setAlpnProtocols([B)V (runtime_flags=0, domain=core-platform, api=max-target-q) from Lokhttp3/internal/platform/OptionalMethod; (domain=app) using reflection: denied
2025-12-15 10:52:20.032 24169-24210 TRuntime.C...ortBackend com.murari.careerpolitics.debug      I  Making request to: https://firebaselogging-pa.googleapis.com/v1/firelog/legacy/batchlog
2025-12-15 10:52:22.490 24169-24210 TRuntime.C...ortBackend com.murari.careerpolitics.debug      I  Status Code: 200
2025-12-15 10:52:42.220 24169-24215 rpolitics.debug         com.murari.careerpolitics.debug      E  hiddenapi: Accessing hidden method Lcom/android/org/conscrypt/ConscryptEngineSocket;->setUseSessionTickets(Z)V (runtime_flags=CorePlatformApi, domain=core-platform, api=max-target-q,core-platform-api) from Lokhttp3/internal/platform/OptionalMethod; (domain=app) using reflection: denied
2025-12-15 10:52:42.221 24169-24215 rpolitics.debug         com.murari.careerpolitics.debug      E  hiddenapi: Accessing hidden method Lcom/android/org/conscrypt/OpenSSLSocketImpl;->setUseSessionTickets(Z)V (runtime_flags=CorePlatformApi, domain=core-platform, api=max-target-q,core-platform-api) from Lokhttp3/internal/platform/OptionalMethod; (domain=app) using reflection: denied
2025-12-15 10:52:42.221 24169-24215 rpolitics.debug         com.murari.careerpolitics.debug      E  hiddenapi: Accessing hidden method Lcom/android/org/conscrypt/AbstractConscryptSocket;->setUseSessionTickets(Z)V (runtime_flags=0, domain=core-platform, api=max-target-q) from Lokhttp3/internal/platform/OptionalMethod; (domain=app) using reflection: denied
2025-12-15 10:52:42.221 24169-24215 rpolitics.debug         com.murari.careerpolitics.debug      E  hiddenapi: Accessing hidden method Lcom/android/org/conscrypt/ConscryptEngineSocket;->setHostname(Ljava/lang/String;)V (runtime_flags=CorePlatformApi, domain=core-platform, api=max-target-q,core-platform-api) from Lokhttp3/internal/platform/OptionalMethod; (domain=app) using reflection: denied
2025-12-15 10:52:42.221 24169-24215 rpolitics.debug         com.murari.careerpolitics.debug      E  hiddenapi: Accessing hidden method Lcom/android/org/conscrypt/OpenSSLSocketImpl;->setHostname(Ljava/lang/String;)V (runtime_flags=CorePlatformApi, domain=core-platform, api=max-target-q,core-platform-api) from Lokhttp3/internal/platform/OptionalMethod; (domain=app) using reflection: denied
2025-12-15 10:52:42.222 24169-24215 rpolitics.debug         com.murari.careerpolitics.debug      E  hiddenapi: Accessing hidden method Lcom/android/org/conscrypt/AbstractConscryptSocket;->setHostname(Ljava/lang/String;)V (runtime_flags=0, domain=core-platform, api=max-target-q) from Lokhttp3/internal/platform/OptionalMethod; (domain=app) using reflection: denied
2025-12-15 10:52:42.222 24169-24215 rpolitics.debug         com.murari.careerpolitics.debug      E  hiddenapi: Accessing hidden method Lcom/android/org/conscrypt/OpenSSLSocketImpl;->setAlpnProtocols([B)V (runtime_flags=CorePlatformApi, domain=core-platform, api=max-target-q,core-platform-api) from Lokhttp3/internal/platform/OptionalMethod; (domain=app) using reflection: denied
2025-12-15 10:52:42.222 24169-24215 rpolitics.debug         com.murari.careerpolitics.debug      E  hiddenapi: Accessing hidden method Lcom/android/org/conscrypt/AbstractConscryptSocket;->setAlpnProtocols([B)V (runtime_flags=0, domain=core-platform, api=max-target-q) from Lokhttp3/internal/platform/OptionalMethod; (domain=app) using reflection: denied
2025-12-15 10:53:34.086 24169-24215 rpolitics.debug         com.murari.careerpolitics.debug      E  hiddenapi: Accessing hidden method Lcom/android/org/conscrypt/ConscryptEngineSocket;->setUseSessionTickets(Z)V (runtime_flags=CorePlatformApi, domain=core-platform, api=max-target-q,core-platform-api) from Lokhttp3/internal/platform/OptionalMethod; (domain=app) using reflection: denied
2025-12-15 10:53:34.087 24169-24215 rpolitics.debug         com.murari.careerpolitics.debug      E  hiddenapi: Accessing hidden method Lcom/android/org/conscrypt/OpenSSLSocketImpl;->setUseSessionTickets(Z)V (runtime_flags=CorePlatformApi, domain=core-platform, api=max-target-q,core-platform-api) from Lokhttp3/internal/platform/OptionalMethod; (domain=app) using reflection: denied
2025-12-15 10:53:34.087 24169-24215 rpolitics.debug         com.murari.careerpolitics.debug      E  hiddenapi: Accessing hidden method Lcom/android/org/conscrypt/AbstractConscryptSocket;->setUseSessionTickets(Z)V (runtime_flags=0, domain=core-platform, api=max-target-q) from Lokhttp3/internal/platform/OptionalMethod; (domain=app) using reflection: denied
2025-12-15 10:53:34.088 24169-24215 rpolitics.debug         com.murari.careerpolitics.debug      E  hiddenapi: Accessing hidden method Lcom/android/org/conscrypt/ConscryptEngineSocket;->setHostname(Ljava/lang/String;)V (runtime_flags=CorePlatformApi, domain=core-platform, api=max-target-q,core-platform-api) from Lokhttp3/internal/platform/OptionalMethod; (domain=app) using reflection: denied
2025-12-15 10:53:34.088 24169-24215 rpolitics.debug         com.murari.careerpolitics.debug      E  hiddenapi: Accessing hidden method Lcom/android/org/conscrypt/OpenSSLSocketImpl;->setHostname(Ljava/lang/String;)V (runtime_flags=CorePlatformApi, domain=core-platform, api=max-target-q,core-platform-api) from Lokhttp3/internal/platform/OptionalMethod; (domain=app) using reflection: denied
2025-12-15 10:53:34.088 24169-24215 rpolitics.debug         com.murari.careerpolitics.debug      E  hiddenapi: Accessing hidden method Lcom/android/org/conscrypt/AbstractConscryptSocket;->setHostname(Ljava/lang/String;)V (runtime_flags=0, domain=core-platform, api=max-target-q) from Lokhttp3/internal/platform/OptionalMethod; (domain=app) using reflection: denied
2025-12-15 10:53:34.088 24169-24215 rpolitics.debug         com.murari.careerpolitics.debug      E  hiddenapi: Accessing hidden method Lcom/android/org/conscrypt/OpenSSLSocketImpl;->setAlpnProtocols([B)V (runtime_flags=CorePlatformApi, domain=core-platform, api=max-target-q,core-platform-api) from Lokhttp3/internal/platform/OptionalMethod; (domain=app) using reflection: denied
2025-12-15 10:53:34.088 24169-24215 rpolitics.debug         com.murari.careerpolitics.debug      E  hiddenapi: Accessing hidden method Lcom/android/org/conscrypt/AbstractConscryptSocket;->setAlpnProtocols([B)V (runtime_flags=0, domain=core-platform, api=max-target-q) from Lokhttp3/internal/platform/OptionalMethod; (domain=app) using reflection: denied
2025-12-15 10:54:38.785 24169-24215 rpolitics.debug         com.murari.careerpolitics.debug      E  hiddenapi: Accessing hidden method Lcom/android/org/conscrypt/ConscryptEngineSocket;->setUseSessionTickets(Z)V (runtime_flags=CorePlatformApi, domain=core-platform, api=max-target-q,core-platform-api) from Lokhttp3/internal/platform/OptionalMethod; (domain=app) using reflection: denied
2025-12-15 10:54:38.786 24169-24215 rpolitics.debug         com.murari.careerpolitics.debug      E  hiddenapi: Accessing hidden method Lcom/android/org/conscrypt/OpenSSLSocketImpl;->setUseSessionTickets(Z)V (runtime_flags=CorePlatformApi, domain=core-platform, api=max-target-q,core-platform-api) from Lokhttp3/internal/platform/OptionalMethod; (domain=app) using reflection: denied
2025-12-15 10:54:38.786 24169-24215 rpolitics.debug         com.murari.careerpolitics.debug      E  hiddenapi: Accessing hidden method Lcom/android/org/conscrypt/AbstractConscryptSocket;->setUseSessionTickets(Z)V (runtime_flags=0, domain=core-platform, api=max-target-q) from Lokhttp3/internal/platform/OptionalMethod; (domain=app) using reflection: denied
2025-12-15 10:54:38.786 24169-24215 rpolitics.debug         com.murari.careerpolitics.debug      E  hiddenapi: Accessing hidden method Lcom/android/org/conscrypt/ConscryptEngineSocket;->setHostname(Ljava/lang/String;)V (runtime_flags=CorePlatformApi, domain=core-platform, api=max-target-q,core-platform-api) from Lokhttp3/internal/platform/OptionalMethod; (domain=app) using reflection: denied
2025-12-15 10:54:38.786 24169-24215 rpolitics.debug         com.murari.careerpolitics.debug      E  hiddenapi: Accessing hidden method Lcom/android/org/conscrypt/OpenSSLSocketImpl;->setHostname(Ljava/lang/String;)V (runtime_flags=CorePlatformApi, domain=core-platform, api=max-target-q,core-platform-api) from Lokhttp3/internal/platform/OptionalMethod; (domain=app) using reflection: denied
2025-12-15 10:54:38.787 24169-24215 rpolitics.debug         com.murari.careerpolitics.debug      E  hiddenapi: Accessing hidden method Lcom/android/org/conscrypt/AbstractConscryptSocket;->setHostname(Ljava/lang/String;)V (runtime_flags=0, domain=core-platform, api=max-target-q) from Lokhttp3/internal/platform/OptionalMethod; (domain=app) using reflection: denied
2025-12-15 10:54:38.788 24169-24215 rpolitics.debug         com.murari.careerpolitics.debug      E  hiddenapi: Accessing hidden method Lcom/android/org/conscrypt/OpenSSLSocketImpl;->setAlpnProtocols([B)V (runtime_flags=CorePlatformApi, domain=core-platform, api=max-target-q,core-platform-api) from Lokhttp3/internal/platform/OptionalMethod; (domain=app) using reflection: denied
2025-12-15 10:54:38.789 24169-24215 rpolitics.debug         com.murari.careerpolitics.debug      E  hiddenapi: Accessing hidden method Lcom/android/org/conscrypt/AbstractConscryptSocket;->setAlpnProtocols([B)V (runtime_flags=0, domain=core-platform, api=max-target-q) from Lokhttp3/internal/platform/OptionalMethod; (domain=app) using reflection: denied
2025-12-15 10:55:44.587 24169-24215 rpolitics.debug         com.murari.careerpolitics.debug      E  hiddenapi: Accessing hidden method Lcom/android/org/conscrypt/ConscryptEngineSocket;->setUseSessionTickets(Z)V (runtime_flags=CorePlatformApi, domain=core-platform, api=max-target-q,core-platform-api) from Lokhttp3/internal/platform/OptionalMethod; (domain=app) using reflection: denied
2025-12-15 10:55:44.588 24169-24215 rpolitics.debug         com.murari.careerpolitics.debug      E  hiddenapi: Accessing hidden method Lcom/android/org/conscrypt/OpenSSLSocketImpl;->setUseSessionTickets(Z)V (runtime_flags=CorePlatformApi, domain=core-platform, api=max-target-q,core-platform-api) from Lokhttp3/internal/platform/OptionalMethod; (domain=app) using reflection: denied
2025-12-15 10:55:44.588 24169-24215 rpolitics.debug         com.murari.careerpolitics.debug      E  hiddenapi: Accessing hidden method Lcom/android/org/conscrypt/AbstractConscryptSocket;->setUseSessionTickets(Z)V (runtime_flags=0, domain=core-platform, api=max-target-q) from Lokhttp3/internal/platform/OptionalMethod; (domain=app) using reflection: denied
2025-12-15 10:55:44.588 24169-24215 rpolitics.debug         com.murari.careerpolitics.debug      E  hiddenapi: Accessing hidden method Lcom/android/org/conscrypt/ConscryptEngineSocket;->setHostname(Ljava/lang/String;)V (runtime_flags=CorePlatformApi, domain=core-platform, api=max-target-q,core-platform-api) from Lokhttp3/internal/platform/OptionalMethod; (domain=app) using reflection: denied
2025-12-15 10:55:44.588 24169-24215 rpolitics.debug         com.murari.careerpolitics.debug      E  hiddenapi: Accessing hidden method Lcom/android/org/conscrypt/OpenSSLSocketImpl;->setHostname(Ljava/lang/String;)V (runtime_flags=CorePlatformApi, domain=core-platform, api=max-target-q,core-platform-api) from Lokhttp3/internal/platform/OptionalMethod; (domain=app) using reflection: denied
2025-12-15 10:55:44.588 24169-24215 rpolitics.debug         com.murari.careerpolitics.debug      E  hiddenapi: Accessing hidden method Lcom/android/org/conscrypt/AbstractConscryptSocket;->setHostname(Ljava/lang/String;)V (runtime_flags=0, domain=core-platform, api=max-target-q) from Lokhttp3/internal/platform/OptionalMethod; (domain=app) using reflection: denied
2025-12-15 10:55:44.588 24169-24215 rpolitics.debug         com.murari.careerpolitics.debug      E  hiddenapi: Accessing hidden method Lcom/android/org/conscrypt/OpenSSLSocketImpl;->setAlpnProtocols([B)V (runtime_flags=CorePlatformApi, domain=core-platform, api=max-target-q,core-platform-api) from Lokhttp3/internal/platform/OptionalMethod; (domain=app) using reflection: denied
2025-12-15 10:55:44.588 24169-24215 rpolitics.debug         com.murari.careerpolitics.debug      E  hiddenapi: Accessing hidden method Lcom/android/org/conscrypt/AbstractConscryptSocket;->setAlpnProtocols([B)V (runtime_flags=0, domain=core-platform, api=max-target-q) from Lokhttp3/internal/platform/OptionalMethod; (domain=app) using reflection: denied
2025-12-15 10:55:44.588 24169-24215 rpolitics.debug         com.murari.careerpolitics.debug      W  hiddenapi: Reached maximum number of hidden api access messages.
2025-12-15 11:01:09.979 24169-24283 libc                    com.murari.careerpolitics.debug      A  FORTIFY: pthread_mutex_lock called on a destroyed mutex (0x7da031e02c38)
2025-12-15 11:01:09.979 24169-24282 libc                    com.murari.careerpolitics.debug      A  FORTIFY: pthread_mutex_lock called on a destroyed mutex (0x7da031e02c38)
---------------------------- PROCESS ENDED (24169) for package com.murari.careerpolitics.debug ----------------------------
2025-12-15 11:01:14.190 24420-24420 nativeloader            com.murari.careerpolitics.debug      D  Load libframework-connectivity-tiramisu-jni.so using APEX ns com_android_tethering for caller /apex/com.android.tethering/javalib/framework-connectivity-t.jar: ok
2025-12-15 11:01:14.368 24420-24420 nativeloader            com.murari.careerpolitics.debug      D  Load /data/user/0/com.murari.careerpolitics.debug/code_cache/startup_agents/3fc68f17-agent.so using system ns (caller=<unknown>): ok
2025-12-15 11:01:14.360 24420-24420 re-initialized>         com.murari.careerpolitics.debug      W  type=1400 audit(0.0:3056): avc:  granted  { execute } for  path="/data/data/com.murari.careerpolitics.debug/code_cache/startup_agents/3fc68f17-agent.so" dev="dm-55" ino=49423 scontext=u:r:untrusted_app:s0:c222,c256,c512,c768 tcontext=u:object_r:app_data_file:s0:c222,c256,c512,c768 tclass=file app=com.murari.careerpolitics.debug
2025-12-15 11:01:14.396 24420-24420 rpolitics.debug         com.murari.careerpolitics.debug      W  hiddenapi: DexFile /data/data/com.murari.careerpolitics.debug/code_cache/.studio/instruments-c9b0d10a.jar is in boot class path but is not in a known location
2025-12-15 11:01:15.036 24420-24420 rpolitics.debug         com.murari.careerpolitics.debug      W  Redefining intrinsic method java.lang.Thread java.lang.Thread.currentThread(). This may cause the unexpected use of the original definition of java.lang.Thread java.lang.Thread.currentThread()in methods that have already been compiled.
2025-12-15 11:01:15.036 24420-24420 rpolitics.debug         com.murari.careerpolitics.debug      W  Redefining intrinsic method boolean java.lang.Thread.interrupted(). This may cause the unexpected use of the original definition of boolean java.lang.Thread.interrupted()in methods that have already been compiled.
---------------------------- PROCESS STARTED (24420) for package com.murari.careerpolitics.debug ----------------------------
2025-12-15 11:01:15.128 24420-24420 ApplicationLoaders      com.murari.careerpolitics.debug      D  Returning zygote-cached class loader: /system_ext/framework/androidx.window.extensions.jar
2025-12-15 11:01:15.128 24420-24420 ApplicationLoaders      com.murari.careerpolitics.debug      D  Returning zygote-cached class loader: /system_ext/framework/androidx.window.sidecar.jar
2025-12-15 11:01:15.786 24420-24420 nativeloader            com.murari.careerpolitics.debug      D  Configuring clns-9 for other apk /data/app/~~2BJ9Uq4TV1Mjywn2zEaxMA==/com.murari.careerpolitics.debug-NeNsvHQ7r4vDDJetB0H65A==/base.apk. target_sdk_version=36, uses_libraries=, library_path=/data/app/~~2BJ9Uq4TV1Mjywn2zEaxMA==/com.murari.careerpolitics.debug-NeNsvHQ7r4vDDJetB0H65A==/lib/x86_64:/data/app/~~2BJ9Uq4TV1Mjywn2zEaxMA==/com.murari.careerpolitics.debug-NeNsvHQ7r4vDDJetB0H65A==/base.apk!/lib/x86_64, permitted_path=/data:/mnt/expand:/data/user/0/com.murari.careerpolitics.debug
2025-12-15 11:01:15.812 24420-24420 rpolitics.debug         com.murari.careerpolitics.debug      I  AssetManager2(0x7d9e3a33edb8) locale list changing from [] to [en-US]
2025-12-15 11:01:15.818 24420-24420 rpolitics.debug         com.murari.careerpolitics.debug      I  AssetManager2(0x7d9e3a332bf8) locale list changing from [] to [en-US]
2025-12-15 11:01:15.837 24420-24420 GraphicsEnvironment     com.murari.careerpolitics.debug      V  Currently set values for:
2025-12-15 11:01:15.837 24420-24420 GraphicsEnvironment     com.murari.careerpolitics.debug      V    angle_gl_driver_selection_pkgs=[]
2025-12-15 11:01:15.838 24420-24420 GraphicsEnvironment     com.murari.careerpolitics.debug      V    angle_gl_driver_selection_values=[]
2025-12-15 11:01:15.838 24420-24420 GraphicsEnvironment     com.murari.careerpolitics.debug      V  com.murari.careerpolitics.debug is not listed in per-application setting
2025-12-15 11:01:15.838 24420-24420 GraphicsEnvironment     com.murari.careerpolitics.debug      V  ANGLE allowlist from config: com.dreamgames.royalmatch com.dts.freefiremax com.dxx.firenow com.gramgames.mergedragons com.ludo.king com.mojang.minecraftpe com.my.defense com.nintendo.zaka com.os.airforce com.playrix.fishdomdd.gplay io.teslatech.callbreak jp.konami.prospia net.peakgames.toonblast
2025-12-15 11:01:15.838 24420-24420 GraphicsEnvironment     com.murari.careerpolitics.debug      V  com.murari.careerpolitics.debug is not listed in ANGLE allowlist or settings, returning default
2025-12-15 11:01:15.840 24420-24420 GraphicsEnvironment     com.murari.careerpolitics.debug      V  Neither updatable production driver nor prerelease driver is supported.
2025-12-15 11:01:15.851 24420-24420 ActivityThread          com.murari.careerpolitics.debug      W  Application com.murari.careerpolitics.debug is suspending. Debugger needs to resume to continue.
2025-12-15 11:01:15.856 24420-24420 System.out              com.murari.careerpolitics.debug      I  Sending WAIT chunk
2025-12-15 11:01:15.857 24420-24420 System.out              com.murari.careerpolitics.debug      I  Waiting for debugger first packet
2025-12-15 11:01:15.918 24420-24424 nativeloader            com.murari.careerpolitics.debug      D  Load libjdwp.so using system ns (caller=<unknown>): ok
2025-12-15 11:01:16.187 24420-24420 System.out              com.murari.careerpolitics.debug      I  Debug.suspendAllAndSentVmStart
2025-12-15 11:01:16.902 24420-24420 System.out              com.murari.careerpolitics.debug      I  Debug.suspendAllAndSendVmStart, resumed
2025-12-15 11:01:16.988 24420-24420 MultiDex                com.murari.careerpolitics.debug      I  VM with version 2.1.0 has multidex support
2025-12-15 11:01:16.988 24420-24420 MultiDex                com.murari.careerpolitics.debug      I  Installing application
2025-12-15 11:01:16.989 24420-24420 MultiDex                com.murari.careerpolitics.debug      I  VM has multidex support, MultiDex support library is disabled.
2025-12-15 11:01:17.896 24420-24420 FirebaseSessions        com.murari.careerpolitics.debug      D  Dependency to CRASHLYTICS added.
2025-12-15 11:01:17.944 24420-24420 FirebaseApp             com.murari.careerpolitics.debug      I  Device unlocked: initializing all Firebase APIs for app [DEFAULT]
2025-12-15 11:01:18.608 24420-24442 rpolitics.debug         com.murari.careerpolitics.debug      W  ClassLoaderContext classpath size mismatch. expected=1, found=0 (DLC[];PCL[base.apk*630649996]{PCL[/system/framework/org.apache.http.legacy.jar*4247870504]#PCL[/system/framework/com.android.media.remotedisplay.jar*487574312]#PCL[/system/framework/com.android.location.provider.jar*1570284764]#PCL[/system_ext/framework/androidx.window.extensions.jar*1030441313]#PCL[/system_ext/framework/androidx.window.sidecar.jar*3860983653]} | DLC[];PCL[])
2025-12-15 11:01:18.673 24420-24442 DynamiteModule          com.murari.careerpolitics.debug      I  Considering local module com.google.android.gms.measurement.dynamite:155 and remote module com.google.android.gms.measurement.dynamite:170
2025-12-15 11:01:18.673 24420-24442 DynamiteModule          com.murari.careerpolitics.debug      I  Selected remote version of com.google.android.gms.measurement.dynamite, version >= 170
2025-12-15 11:01:18.673 24420-24442 DynamiteModule          com.murari.careerpolitics.debug      V  Dynamite loader version >= 2, using loadModule2NoCrashUtils
2025-12-15 11:01:18.789 24420-24442 System                  com.murari.careerpolitics.debug      W  ClassLoader referenced unknown path:
2025-12-15 11:01:18.799 24420-24442 nativeloader            com.murari.careerpolitics.debug      D  Configuring clns-10 for other apk . target_sdk_version=36, uses_libraries=, library_path=/data/app/~~vuJyo3IvYZ5JGaD--Kk5IQ==/com.google.android.gms-KrdKl6NsEDAVphTV29sa3w==/lib/x86_64:/data/app/~~vuJyo3IvYZ5JGaD--Kk5IQ==/com.google.android.gms-KrdKl6NsEDAVphTV29sa3w==/base.apk!/lib/x86_64, permitted_path=/data:/mnt/expand:/data/user/0/com.google.android.gms
2025-12-15 11:01:18.846 24420-24442 rpolitics.debug         com.murari.careerpolitics.debug      I  AssetManager2(0x7d9e3a339c78) locale list changing from [] to [en-US]
2025-12-15 11:01:18.904 24420-24442 rpolitics.debug         com.murari.careerpolitics.debug      W  ClassLoaderContext classpath size mismatch. expected=1, found=5 (DLC[];PCL[base.apk*630649996]{PCL[/system/framework/org.apache.http.legacy.jar*4247870504]#PCL[/system/framework/com.android.media.remotedisplay.jar*487574312]#PCL[/system/framework/com.android.location.provider.jar*1570284764]#PCL[/system_ext/framework/androidx.window.extensions.jar*1030441313]#PCL[/system_ext/framework/androidx.window.sidecar.jar*3860983653]} | DLC[];PCL[/data/data/com.murari.careerpolitics.debug/code_cache/.overlay/base.apk/classes4.dex*2528299159:/data/data/com.murari.careerpolitics.debug/code_cache/.overlay/base.apk/classes5.dex*2643557667:/data/data/com.murari.careerpolitics.debug/code_cache/.overlay/base.apk/classes6.dex*4219720525:/data/data/com.murari.careerpolitics.debug/code_cache/.overlay/base.apk/classes11.dex*3825558672:/data/app/~~2BJ9Uq4TV1Mjywn2zEaxMA==/com.murari.careerpolitics.debug-NeNsvHQ7r4vDDJetB0H65A==/base.apk*2083434016]{PCL[/system_ext/framework/androidx.window.extensions.jar*1030441313]#PCL[/system_ext/framework/androidx.window.sidecar.jar*3860983653]})
2025-12-15 11:01:18.929 24420-24442 rpolitics.debug         com.murari.careerpolitics.debug      I  AssetManager2(0x7d9e3a33b578) locale list changing from [] to [en-US]
2025-12-15 11:01:18.935 24420-24442 rpolitics.debug         com.murari.careerpolitics.debug      I  AssetManager2(0x7d9e3a33f718) locale list changing from [] to [en-US]
2025-12-15 11:01:19.107 24420-24420 nativeloader            com.murari.careerpolitics.debug      D  Load /data/app/~~2BJ9Uq4TV1Mjywn2zEaxMA==/com.murari.careerpolitics.debug-NeNsvHQ7r4vDDJetB0H65A==/base.apk!/lib/x86_64/libdatastore_shared_counter.so using class loader ns clns-9 (caller=/data/app/~~2BJ9Uq4TV1Mjywn2zEaxMA==/com.murari.careerpolitics.debug-NeNsvHQ7r4vDDJetB0H65A==/base.apk!classes15.dex): ok
2025-12-15 11:01:19.582 24420-24449 rpolitics.debug         com.murari.careerpolitics.debug      I  hiddenapi: Accessing hidden method Ldalvik/system/VMStack;->getStackClass2()Ljava/lang/Class; (runtime_flags=0, domain=core-platform, api=unsupported) from Lm7/aox; (domain=app) using reflection: allowed
2025-12-15 11:01:19.702 24420-24448 rpolitics.debug         com.murari.careerpolitics.debug      E  No package ID 6a found for resource ID 0x6a0b0013.
2025-12-15 11:01:19.707 24420-24448 FA                      com.murari.careerpolitics.debug      I  App measurement initialized, version: 146007
2025-12-15 11:01:19.708 24420-24448 FA                      com.murari.careerpolitics.debug      I  To enable debug logging run: adb shell setprop log.tag.FA VERBOSE
2025-12-15 11:01:19.708 24420-24448 FA                      com.murari.careerpolitics.debug      I  To enable faster debug mode event logging run:
                                                                                                      adb shell setprop debug.firebase.analytics.app com.murari.careerpolitics.debug
2025-12-15 11:01:19.742 24420-24449 PhClient                com.murari.careerpolitics.debug      I  Unable to retrieve flag snapshot for com.google.android.gms.measurement#com.murari.careerpolitics.debug, using defaults.
2025-12-15 11:01:19.977 24420-24420 FirebaseSessions        com.murari.careerpolitics.debug      D  Initializing Firebase Sessions 3.0.3.
2025-12-15 11:01:20.085 24420-24420 FirebaseCrashlytics     com.murari.careerpolitics.debug      I  Initializing Firebase Crashlytics 20.0.3 for com.murari.careerpolitics.debug
2025-12-15 11:01:20.337 24420-24420 FirebaseSessions        com.murari.careerpolitics.debug      D  Subscriber CRASHLYTICS registered.
2025-12-15 11:01:20.727 24420-24454 FirebaseSessions        com.murari.careerpolitics.debug      D  Notified CRASHLYTICS of new session 10ef8842d31c4bfd89bf6ed308d2ab88
2025-12-15 11:01:21.089 24420-24461 ashmem                  com.murari.careerpolitics.debug      E  Pinning is deprecated since Android Q. Please use trim or other methods.
2025-12-15 11:01:21.141 24420-24420 FirebaseInitProvider    com.murari.careerpolitics.debug      I  FirebaseApp initialization successful
2025-12-15 11:01:21.677 24420-24457 FirebaseCrashlytics     com.murari.careerpolitics.debug      I  Saved version control info
2025-12-15 11:01:22.422 24420-24420 rpolitics.debug         com.murari.careerpolitics.debug      I  hiddenapi: Accessing hidden method Ldalvik/system/CloseGuard;->get()Ldalvik/system/CloseGuard; (runtime_flags=CorePlatformApi, domain=core-platform, api=unsupported,core-platform-api) from Lokhttp3/internal/platform/AndroidPlatform$CloseGuard; (domain=app) using reflection: allowed
2025-12-15 11:01:22.423 24420-24420 rpolitics.debug         com.murari.careerpolitics.debug      I  hiddenapi: Accessing hidden method Ldalvik/system/CloseGuard;->open(Ljava/lang/String;)V (runtime_flags=CorePlatformApi, domain=core-platform, api=unsupported,core-platform-api) from Lokhttp3/internal/platform/AndroidPlatform$CloseGuard; (domain=app) using reflection: allowed
2025-12-15 11:01:22.423 24420-24420 rpolitics.debug         com.murari.careerpolitics.debug      I  hiddenapi: Accessing hidden method Ldalvik/system/CloseGuard;->warnIfOpen()V (runtime_flags=CorePlatformApi, domain=core-platform, api=unsupported,core-platform-api) from Lokhttp3/internal/platform/AndroidPlatform$CloseGuard; (domain=app) using reflection: allowed
2025-12-15 11:01:24.400 24420-24426 rpolitics.debug         com.murari.careerpolitics.debug      I  Background concurrent mark compact GC freed 5151KB AllocSpace bytes, 23(564KB) LOS objects, 49% free, 3948KB/7896KB, paused 6.065ms,18.630ms total 179.718ms
2025-12-15 11:01:25.609 24420-24426 rpolitics.debug         com.murari.careerpolitics.debug      I  Background concurrent mark compact GC freed 2500KB AllocSpace bytes, 2(52KB) LOS objects, 49% free, 5342KB/10MB, paused 3.705ms,8.314ms total 135.939ms
2025-12-15 11:01:27.650 24420-24426 rpolitics.debug         com.murari.careerpolitics.debug      I  Background concurrent mark compact GC freed 3788KB AllocSpace bytes, 1(32KB) LOS objects, 49% free, 7068KB/13MB, paused 2.918ms,8.102ms total 58.168ms
2025-12-15 11:01:27.805 24420-24420 Drawable                com.murari.careerpolitics.debug      E  Unable to decode stream: android.graphics.ImageDecoder$DecodeException: Failed to create image decoder with message 'unimplemented'Input contained an error.
2025-12-15 11:01:27.805 24420-24420 Validations             com.murari.careerpolitics.debug      E  You are targeting Android Oreo and using adaptive icons without having a fallback drawable set for FCM notifications.
                                                                                                    This can cause a irreversible crash on devices using Oreo.
                                                                                                    To learn more about this issue check: https://issuetracker.google.com/issues/68716460
2025-12-15 11:01:27.969 24420-24420 WM-WrkMgrInitializer    com.murari.careerpolitics.debug      D  Initializing WorkManager with default configuration.
2025-12-15 11:01:28.605 24420-24420 rpolitics.debug         com.murari.careerpolitics.debug      W  Verification of void com.murari.careerpolitics.MyEventBusIndex.<clinit>() took 173.538ms (426.42 bytecodes/s) (0B arena alloc)
2025-12-15 11:01:28.667 24420-24420 Choreographer           com.murari.careerpolitics.debug      I  Skipped 41 frames!  The application may be doing too much work on its main thread.
2025-12-15 11:01:28.678 24420-24474 DisplayManager          com.murari.careerpolitics.debug      I  Choreographer implicitly registered for the refresh rate.
2025-12-15 11:01:28.690 24420-24420 rpolitics.debug         com.murari.careerpolitics.debug      I  AssetManager2(0x7d9e3a33b578) locale list changing from [] to [en-US]
2025-12-15 11:01:28.794 24420-24468 rpolitics.debug         com.murari.careerpolitics.debug      E  hiddenapi: Accessing hidden method Lcom/android/org/conscrypt/ConscryptEngineSocket;->setUseSessionTickets(Z)V (runtime_flags=CorePlatformApi, domain=core-platform, api=max-target-q,core-platform-api) from Lokhttp3/internal/platform/OptionalMethod; (domain=app) using reflection: denied
2025-12-15 11:01:28.796 24420-24468 rpolitics.debug         com.murari.careerpolitics.debug      E  hiddenapi: Accessing hidden method Lcom/android/org/conscrypt/OpenSSLSocketImpl;->setUseSessionTickets(Z)V (runtime_flags=CorePlatformApi, domain=core-platform, api=max-target-q,core-platform-api) from Lokhttp3/internal/platform/OptionalMethod; (domain=app) using reflection: denied
2025-12-15 11:01:28.796 24420-24468 rpolitics.debug         com.murari.careerpolitics.debug      E  hiddenapi: Accessing hidden method Lcom/android/org/conscrypt/AbstractConscryptSocket;->setUseSessionTickets(Z)V (runtime_flags=0, domain=core-platform, api=max-target-q) from Lokhttp3/internal/platform/OptionalMethod; (domain=app) using reflection: denied
2025-12-15 11:01:28.799 24420-24468 rpolitics.debug         com.murari.careerpolitics.debug      E  hiddenapi: Accessing hidden method Lcom/android/org/conscrypt/ConscryptEngineSocket;->setHostname(Ljava/lang/String;)V (runtime_flags=CorePlatformApi, domain=core-platform, api=max-target-q,core-platform-api) from Lokhttp3/internal/platform/OptionalMethod; (domain=app) using reflection: denied
2025-12-15 11:01:28.799 24420-24468 rpolitics.debug         com.murari.careerpolitics.debug      E  hiddenapi: Accessing hidden method Lcom/android/org/conscrypt/OpenSSLSocketImpl;->setHostname(Ljava/lang/String;)V (runtime_flags=CorePlatformApi, domain=core-platform, api=max-target-q,core-platform-api) from Lokhttp3/internal/platform/OptionalMethod; (domain=app) using reflection: denied
2025-12-15 11:01:28.807 24420-24468 rpolitics.debug         com.murari.careerpolitics.debug      E  hiddenapi: Accessing hidden method Lcom/android/org/conscrypt/AbstractConscryptSocket;->setHostname(Ljava/lang/String;)V (runtime_flags=0, domain=core-platform, api=max-target-q) from Lokhttp3/internal/platform/OptionalMethod; (domain=app) using reflection: denied
2025-12-15 11:01:28.813 24420-24468 rpolitics.debug         com.murari.careerpolitics.debug      E  hiddenapi: Accessing hidden method Lcom/android/org/conscrypt/OpenSSLSocketImpl;->setAlpnProtocols([B)V (runtime_flags=CorePlatformApi, domain=core-platform, api=max-target-q,core-platform-api) from Lokhttp3/internal/platform/OptionalMethod; (domain=app) using reflection: denied
2025-12-15 11:01:28.816 24420-24468 rpolitics.debug         com.murari.careerpolitics.debug      E  hiddenapi: Accessing hidden method Lcom/android/org/conscrypt/AbstractConscryptSocket;->setAlpnProtocols([B)V (runtime_flags=0, domain=core-platform, api=max-target-q) from Lokhttp3/internal/platform/OptionalMethod; (domain=app) using reflection: denied
2025-12-15 11:01:28.949 24420-24474 EGL_emulation           com.murari.careerpolitics.debug      I  Opening libGLESv1_CM_emulation.so
2025-12-15 11:01:28.963 24420-24474 EGL_emulation           com.murari.careerpolitics.debug      I  Opening libGLESv2_emulation.so
2025-12-15 11:01:28.978 24420-24474 HWUI                    com.murari.careerpolitics.debug      W  Failed to choose config with EGL_SWAP_BEHAVIOR_PRESERVED, retrying without...
2025-12-15 11:01:28.980 24420-24474 HWUI                    com.murari.careerpolitics.debug      W  Failed to initialize 101010-2 format, error = EGL_SUCCESS
2025-12-15 11:01:29.726 24420-24420 rpolitics.debug         com.murari.careerpolitics.debug      W  Verification of void com.murari.careerpolitics.util.AndroidWebViewBridge.onUserAuthenticated() took 307.569ms (55.27 bytecodes/s) (0B arena alloc)
2025-12-15 11:01:29.792 24420-24420 rpolitics.debug         com.murari.careerpolitics.debug      I  AssetManager2(0x7d9e3a331c58) locale list changing from [] to [en-US]
2025-12-15 11:01:30.199 24420-24420 rpolitics.debug         com.murari.careerpolitics.debug      W  Verification of android.content.pm.ServiceInfo androidx.appcompat.app.AppLocalesMetadataHolderService.getServiceInfo(android.content.Context) took 252.871ms (94.91 bytecodes/s) (0B arena alloc)
2025-12-15 11:01:30.209 24420-24468 rpolitics.debug         com.murari.careerpolitics.debug      E  hiddenapi: Accessing hidden method Lcom/android/org/conscrypt/ConscryptEngineSocket;->setUseSessionTickets(Z)V (runtime_flags=CorePlatformApi, domain=core-platform, api=max-target-q,core-platform-api) from Lokhttp3/internal/platform/OptionalMethod; (domain=app) using reflection: denied
2025-12-15 11:01:30.214 24420-24468 rpolitics.debug         com.murari.careerpolitics.debug      E  hiddenapi: Accessing hidden method Lcom/android/org/conscrypt/OpenSSLSocketImpl;->setUseSessionTickets(Z)V (runtime_flags=CorePlatformApi, domain=core-platform, api=max-target-q,core-platform-api) from Lokhttp3/internal/platform/OptionalMethod; (domain=app) using reflection: denied
2025-12-15 11:01:30.217 24420-24468 rpolitics.debug         com.murari.careerpolitics.debug      E  hiddenapi: Accessing hidden method Lcom/android/org/conscrypt/AbstractConscryptSocket;->setUseSessionTickets(Z)V (runtime_flags=0, domain=core-platform, api=max-target-q) from Lokhttp3/internal/platform/OptionalMethod; (domain=app) using reflection: denied
2025-12-15 11:01:30.221 24420-24420 AppCompatDelegate       com.murari.careerpolitics.debug      D  Checking for metadata for AppLocalesMetadataHolderService : Service not found
2025-12-15 11:01:30.222 24420-24468 rpolitics.debug         com.murari.careerpolitics.debug      E  hiddenapi: Accessing hidden method Lcom/android/org/conscrypt/ConscryptEngineSocket;->setHostname(Ljava/lang/String;)V (runtime_flags=CorePlatformApi, domain=core-platform, api=max-target-q,core-platform-api) from Lokhttp3/internal/platform/OptionalMethod; (domain=app) using reflection: denied
2025-12-15 11:01:30.222 24420-24468 rpolitics.debug         com.murari.careerpolitics.debug      E  hiddenapi: Accessing hidden method Lcom/android/org/conscrypt/OpenSSLSocketImpl;->setHostname(Ljava/lang/String;)V (runtime_flags=CorePlatformApi, domain=core-platform, api=max-target-q,core-platform-api) from Lokhttp3/internal/platform/OptionalMethod; (domain=app) using reflection: denied
2025-12-15 11:01:30.222 24420-24468 rpolitics.debug         com.murari.careerpolitics.debug      E  hiddenapi: Accessing hidden method Lcom/android/org/conscrypt/AbstractConscryptSocket;->setHostname(Ljava/lang/String;)V (runtime_flags=0, domain=core-platform, api=max-target-q) from Lokhttp3/internal/platform/OptionalMethod; (domain=app) using reflection: denied
