2025-12-15 09:17:15.257 22703-22750 rpolitics.debug         com.murari.careerpolitics.debug      E  hiddenapi: Accessing hidden method Lcom/android/org/conscrypt/AbstractConscryptSocket;->setAlpnProtocols([B)V (runtime_flags=0, domain=core-platform, api=max-target-q) from Lokhttp3/internal/platform/OptionalMethod; (domain=app) using reflection: denied
2025-12-15 09:17:21.859 22703-22703 ImeTracker              com.murari.careerpolitics.debug      I  com.murari.careerpolitics.debug:dfd766b0: onRequestShow at ORIGIN_CLIENT reason SHOW_SOFT_INPUT fromUser false
2025-12-15 09:17:21.859 22703-22703 InsetsController        com.murari.careerpolitics.debug      D  show(ime(), fromIme=false)
2025-12-15 09:17:21.859 22703-22703 ImeTracker              com.murari.careerpolitics.debug      I  com.murari.careerpolitics.debug:dfd766b0: onCancelled at PHASE_CLIENT_APPLY_ANIMATION
2025-12-15 09:17:21.871 22703-22703 AssistStructure         com.murari.careerpolitics.debug      I  Flattened final assist data: 4044 bytes, containing 1 windows, 7 views
2025-12-15 09:17:23.980 22703-22703 ImeTracker              com.murari.careerpolitics.debug      I  com.murari.careerpolitics.debug:fd02391a: onRequestShow at ORIGIN_CLIENT reason SHOW_SOFT_INPUT fromUser false
2025-12-15 09:17:23.980 22703-22703 InsetsController        com.murari.careerpolitics.debug      D  show(ime(), fromIme=false)
2025-12-15 09:17:23.980 22703-22703 ImeTracker              com.murari.careerpolitics.debug      I  com.murari.careerpolitics.debug:fd02391a: onCancelled at PHASE_CLIENT_APPLY_ANIMATION
2025-12-15 09:17:24.187 22703-22703 HWUI                    com.murari.careerpolitics.debug      W  Image decoding logging dropped!
2025-12-15 09:17:35.107 22703-22703 WindowOnBackDispatcher  com.murari.careerpolitics.debug      W  sendCancelIfRunning: isInProgress=false callback=android.widget.PopupWindow$PopupDecorView$$ExternalSyntheticLambda1@48c427c
2025-12-15 09:17:40.885 22703-22703 ImeTracker              com.murari.careerpolitics.debug      I  com.murari.careerpolitics.debug:a4e1ccbc: onRequestHide at ORIGIN_CLIENT reason HIDE_SOFT_INPUT fromUser false
2025-12-15 09:17:40.885 22703-22703 InsetsController        com.murari.careerpolitics.debug      D  hide(ime(), fromIme=false)
2025-12-15 09:17:40.886 22703-22703 WindowOnBackDispatcher  com.murari.careerpolitics.debug      W  sendCancelIfRunning: isInProgress=false callback=android.view.ImeBackAnimationController@eaa2e7f
2025-12-15 09:17:40.886 22703-22703 InsetsController        com.murari.careerpolitics.debug      D  Setting requestedVisibleTypes to -9 (was -1)
2025-12-15 09:17:40.889 22703-22703 CompatChangeReporter    com.murari.careerpolitics.debug      D  Compat change id reported: 395521150; UID 10222; state: ENABLED
2025-12-15 09:17:41.168 22703-22703 ImeTracker              com.murari.careerpolitics.debug      I  com.murari.careerpolitics.debug:1457e847: onCancelled at PHASE_CLIENT_ON_CONTROLS_CHANGED
2025-12-15 09:17:42.457 22703-22703 ImeTracker              com.murari.careerpolitics.debug      I  com.murari.careerpolitics.debug:54e529db: onRequestShow at ORIGIN_CLIENT reason SHOW_SOFT_INPUT fromUser false
2025-12-15 09:17:42.458 22703-22703 InsetsController        com.murari.careerpolitics.debug      D  show(ime(), fromIme=false)
2025-12-15 09:17:42.459 22703-22703 InsetsController        com.murari.careerpolitics.debug      D  Setting requestedVisibleTypes to -1 (was -9)
2025-12-15 09:17:43.069 22703-22703 ImeTracker              com.murari.careerpolitics.debug      I  com.murari.careerpolitics.debug:54e529db: onShown
2025-12-15 09:17:56.229 22703-22703 ImeTracker              com.murari.careerpolitics.debug      I  com.murari.careerpolitics.debug:c1eb2a96: onRequestHide at ORIGIN_CLIENT reason HIDE_SOFT_INPUT fromUser false
2025-12-15 09:17:56.229 22703-22703 InsetsController        com.murari.careerpolitics.debug      D  hide(ime(), fromIme=false)
2025-12-15 09:17:56.229 22703-22703 WindowOnBackDispatcher  com.murari.careerpolitics.debug      W  sendCancelIfRunning: isInProgress=false callback=android.view.ImeBackAnimationController@eaa2e7f
2025-12-15 09:17:56.231 22703-22703 InsetsController        com.murari.careerpolitics.debug      D  Setting requestedVisibleTypes to -9 (was -1)
2025-12-15 09:17:56.512 22703-22703 ImeTracker              com.murari.careerpolitics.debug      I  system_server:deb4dba8: onCancelled at PHASE_CLIENT_ON_CONTROLS_CHANGED
2025-12-15 09:17:56.932 22703-22703 CareerPoli...ViewClient com.murari.careerpolitics.debug      D  Intercepting URL: https://careerpolitics.com/?signin=true
2025-12-15 09:17:57.351 22703-22703 chromium                com.murari.careerpolitics.debug      I  [INFO:CONSOLE:1] "Uncaught TypeError: Cannot read properties of undefined (reading 'getAttribute')", source: https://careerpolitics.com/?signin=true (1)
2025-12-15 09:17:57.352 22703-22703 CareerPoli...ViewClient com.murari.careerpolitics.debug      D  Could not parse user ID from body data-user attribute
2025-12-15 09:18:02.604 22703-22703 chromium                com.murari.careerpolitics.debug      I  [INFO:CONSOLE:0] "The resource https://careerpolitics.com/sidebars/home was preloaded using link preload but not used within a few seconds from the window's load event. Please make sure it has an appropriate `as` value and it is preloaded intentionally.", source: https://careerpolitics.com/?signin=true (0)
2025-12-15 09:18:06.952 22703-22703 chromium                com.murari.careerpolitics.debug      I  [INFO:CONSOLE:0] "The resource https://careerpolitics.com/sidebars/home was preloaded using link preload but not used within a few seconds from the window's load event. Please make sure it has an appropriate `as` value and it is preloaded intentionally.", source: https://careerpolitics.com/?signin=true (0)
2025-12-15 09:18:19.833 22703-22750 rpolitics.debug         com.murari.careerpolitics.debug      E  hiddenapi: Accessing hidden method Lcom/android/org/conscrypt/ConscryptEngineSocket;->setUseSessionTickets(Z)V (runtime_flags=CorePlatformApi, domain=core-platform, api=max-target-q,core-platform-api) from Lokhttp3/internal/platform/OptionalMethod; (domain=app) using reflection: denied
2025-12-15 09:18:19.833 22703-22750 rpolitics.debug         com.murari.careerpolitics.debug      E  hiddenapi: Accessing hidden method Lcom/android/org/conscrypt/OpenSSLSocketImpl;->setUseSessionTickets(Z)V (runtime_flags=CorePlatformApi, domain=core-platform, api=max-target-q,core-platform-api) from Lokhttp3/internal/platform/OptionalMethod; (domain=app) using reflection: denied
2025-12-15 09:18:19.833 22703-22750 rpolitics.debug         com.murari.careerpolitics.debug      E  hiddenapi: Accessing hidden method Lcom/android/org/conscrypt/AbstractConscryptSocket;->setUseSessionTickets(Z)V (runtime_flags=0, domain=core-platform, api=max-target-q) from Lokhttp3/internal/platform/OptionalMethod; (domain=app) using reflection: denied
2025-12-15 09:18:19.834 22703-22750 rpolitics.debug         com.murari.careerpolitics.debug      E  hiddenapi: Accessing hidden method Lcom/android/org/conscrypt/ConscryptEngineSocket;->setHostname(Ljava/lang/String;)V (runtime_flags=CorePlatformApi, domain=core-platform, api=max-target-q,core-platform-api) from Lokhttp3/internal/platform/OptionalMethod; (domain=app) using reflection: denied
2025-12-15 09:18:19.835 22703-22750 rpolitics.debug         com.murari.careerpolitics.debug      E  hiddenapi: Accessing hidden method Lcom/android/org/conscrypt/OpenSSLSocketImpl;->setHostname(Ljava/lang/String;)V (runtime_flags=CorePlatformApi, domain=core-platform, api=max-target-q,core-platform-api) from Lokhttp3/internal/platform/OptionalMethod; (domain=app) using reflection: denied
2025-12-15 09:18:19.836 22703-22750 rpolitics.debug         com.murari.careerpolitics.debug      E  hiddenapi: Accessing hidden method Lcom/android/org/conscrypt/AbstractConscryptSocket;->setHostname(Ljava/lang/String;)V (runtime_flags=0, domain=core-platform, api=max-target-q) from Lokhttp3/internal/platform/OptionalMethod; (domain=app) using reflection: denied
2025-12-15 09:18:19.837 22703-22750 rpolitics.debug         com.murari.careerpolitics.debug      E  hiddenapi: Accessing hidden method Lcom/android/org/conscrypt/OpenSSLSocketImpl;->setAlpnProtocols([B)V (runtime_flags=CorePlatformApi, domain=core-platform, api=max-target-q,core-platform-api) from Lokhttp3/internal/platform/OptionalMethod; (domain=app) using reflection: denied
2025-12-15 09:18:19.837 22703-22750 rpolitics.debug         com.murari.careerpolitics.debug      E  hiddenapi: Accessing hidden method Lcom/android/org/conscrypt/AbstractConscryptSocket;->setAlpnProtocols([B)V (runtime_flags=0, domain=core-platform, api=max-target-q) from Lokhttp3/internal/platform/OptionalMethod; (domain=app) using reflection: denied
2025-12-15 09:18:47.613 22703-22741 TRuntime.C...ortBackend com.murari.careerpolitics.debug      I  Making request to: https://firebaselogging-pa.googleapis.com/v1/firelog/legacy/batchlog
2025-12-15 09:18:50.105 22703-22741 TRuntime.C...ortBackend com.murari.careerpolitics.debug      I  Status Code: 200
2025-12-15 09:19:24.519 22703-22750 rpolitics.debug         com.murari.careerpolitics.debug      E  hiddenapi: Accessing hidden method Lcom/android/org/conscrypt/ConscryptEngineSocket;->setUseSessionTickets(Z)V (runtime_flags=CorePlatformApi, domain=core-platform, api=max-target-q,core-platform-api) from Lokhttp3/internal/platform/OptionalMethod; (domain=app) using reflection: denied
2025-12-15 09:19:24.519 22703-22750 rpolitics.debug         com.murari.careerpolitics.debug      E  hiddenapi: Accessing hidden method Lcom/android/org/conscrypt/OpenSSLSocketImpl;->setUseSessionTickets(Z)V (runtime_flags=CorePlatformApi, domain=core-platform, api=max-target-q,core-platform-api) from Lokhttp3/internal/platform/OptionalMethod; (domain=app) using reflection: denied
2025-12-15 09:19:24.519 22703-22750 rpolitics.debug         com.murari.careerpolitics.debug      E  hiddenapi: Accessing hidden method Lcom/android/org/conscrypt/AbstractConscryptSocket;->setUseSessionTickets(Z)V (runtime_flags=0, domain=core-platform, api=max-target-q) from Lokhttp3/internal/platform/OptionalMethod; (domain=app) using reflection: denied
2025-12-15 09:19:24.520 22703-22750 rpolitics.debug         com.murari.careerpolitics.debug      E  hiddenapi: Accessing hidden method Lcom/android/org/conscrypt/ConscryptEngineSocket;->setHostname(Ljava/lang/String;)V (runtime_flags=CorePlatformApi, domain=core-platform, api=max-target-q,core-platform-api) from Lokhttp3/internal/platform/OptionalMethod; (domain=app) using reflection: denied
2025-12-15 09:19:24.520 22703-22750 rpolitics.debug         com.murari.careerpolitics.debug      E  hiddenapi: Accessing hidden method Lcom/android/org/conscrypt/OpenSSLSocketImpl;->setHostname(Ljava/lang/String;)V (runtime_flags=CorePlatformApi, domain=core-platform, api=max-target-q,core-platform-api) from Lokhttp3/internal/platform/OptionalMethod; (domain=app) using reflection: denied
2025-12-15 09:19:24.520 22703-22750 rpolitics.debug         com.murari.careerpolitics.debug      E  hiddenapi: Accessing hidden method Lcom/android/org/conscrypt/AbstractConscryptSocket;->setHostname(Ljava/lang/String;)V (runtime_flags=0, domain=core-platform, api=max-target-q) from Lokhttp3/internal/platform/OptionalMethod; (domain=app) using reflection: denied
2025-12-15 09:19:24.520 22703-22750 rpolitics.debug         com.murari.careerpolitics.debug      E  hiddenapi: Accessing hidden method Lcom/android/org/conscrypt/OpenSSLSocketImpl;->setAlpnProtocols([B)V (runtime_flags=CorePlatformApi, domain=core-platform, api=max-target-q,core-platform-api) from Lokhttp3/internal/platform/OptionalMethod; (domain=app) using reflection: denied
2025-12-15 09:19:24.520 22703-22750 rpolitics.debug         com.murari.careerpolitics.debug      E  hiddenapi: Accessing hidden method Lcom/android/org/conscrypt/AbstractConscryptSocket;->setAlpnProtocols([B)V (runtime_flags=0, domain=core-platform, api=max-target-q) from Lokhttp3/internal/platform/OptionalMethod; (domain=app) using reflection: denied
2025-12-15 09:19:24.520 22703-22750 rpolitics.debug         com.murari.careerpolitics.debug      W  hiddenapi: Reached maximum number of hidden api access messages.
---------------------------- PROCESS ENDED (22703) for package com.murari.careerpolitics.debug ----------------------------
2025-12-15 10:13:12.688 23408-23408 nativeloader            com.murari.careerpolitics.debug      D  Load libframework-connectivity-tiramisu-jni.so using APEX ns com_android_tethering for caller /apex/com.android.tethering/javalib/framework-connectivity-t.jar: ok
2025-12-15 10:13:13.092 23408-23408 nativeloader            com.murari.careerpolitics.debug      D  Load /data/user/0/com.murari.careerpolitics.debug/code_cache/startup_agents/3fc68f17-agent.so using system ns (caller=<unknown>): ok
2025-12-15 10:13:13.068 23408-23408 re-initialized>         com.murari.careerpolitics.debug      W  type=1400 audit(0.0:2781): avc:  granted  { execute } for  path="/data/data/com.murari.careerpolitics.debug/code_cache/startup_agents/3fc68f17-agent.so" dev="dm-55" ino=49423 scontext=u:r:untrusted_app:s0:c222,c256,c512,c768 tcontext=u:object_r:app_data_file:s0:c222,c256,c512,c768 tclass=file app=com.murari.careerpolitics.debug
2025-12-15 10:13:13.143 23408-23408 rpolitics.debug         com.murari.careerpolitics.debug      W  hiddenapi: DexFile /data/data/com.murari.careerpolitics.debug/code_cache/.studio/instruments-c9b0d10a.jar is in boot class path but is not in a known location
2025-12-15 10:13:13.503 23408-23408 rpolitics.debug         com.murari.careerpolitics.debug      W  Redefining intrinsic method java.lang.Thread java.lang.Thread.currentThread(). This may cause the unexpected use of the original definition of java.lang.Thread java.lang.Thread.currentThread()in methods that have already been compiled.
2025-12-15 10:13:13.503 23408-23408 rpolitics.debug         com.murari.careerpolitics.debug      W  Redefining intrinsic method boolean java.lang.Thread.interrupted(). This may cause the unexpected use of the original definition of boolean java.lang.Thread.interrupted()in methods that have already been compiled.
---------------------------- PROCESS STARTED (23408) for package com.murari.careerpolitics.debug ----------------------------
2025-12-15 10:13:13.618 23408-23408 ApplicationLoaders      com.murari.careerpolitics.debug      D  Returning zygote-cached class loader: /system_ext/framework/androidx.window.extensions.jar
2025-12-15 10:13:13.619 23408-23408 ApplicationLoaders      com.murari.careerpolitics.debug      D  Returning zygote-cached class loader: /system_ext/framework/androidx.window.sidecar.jar
2025-12-15 10:13:15.155 23408-23408 nativeloader            com.murari.careerpolitics.debug      D  Configuring clns-9 for other apk /data/app/~~2BJ9Uq4TV1Mjywn2zEaxMA==/com.murari.careerpolitics.debug-NeNsvHQ7r4vDDJetB0H65A==/base.apk. target_sdk_version=36, uses_libraries=, library_path=/data/app/~~2BJ9Uq4TV1Mjywn2zEaxMA==/com.murari.careerpolitics.debug-NeNsvHQ7r4vDDJetB0H65A==/lib/x86_64:/data/app/~~2BJ9Uq4TV1Mjywn2zEaxMA==/com.murari.careerpolitics.debug-NeNsvHQ7r4vDDJetB0H65A==/base.apk!/lib/x86_64, permitted_path=/data:/mnt/expand:/data/user/0/com.murari.careerpolitics.debug
2025-12-15 10:13:15.179 23408-23408 rpolitics.debug         com.murari.careerpolitics.debug      I  AssetManager2(0x7d9e3a3344f8) locale list changing from [] to [en-US]
2025-12-15 10:13:15.185 23408-23408 rpolitics.debug         com.murari.careerpolitics.debug      I  AssetManager2(0x7d9e3a3341d8) locale list changing from [] to [en-US]
2025-12-15 10:13:15.207 23408-23408 GraphicsEnvironment     com.murari.careerpolitics.debug      V  Currently set values for:
2025-12-15 10:13:15.207 23408-23408 GraphicsEnvironment     com.murari.careerpolitics.debug      V    angle_gl_driver_selection_pkgs=[]
2025-12-15 10:13:15.207 23408-23408 GraphicsEnvironment     com.murari.careerpolitics.debug      V    angle_gl_driver_selection_values=[]
2025-12-15 10:13:15.207 23408-23408 GraphicsEnvironment     com.murari.careerpolitics.debug      V  com.murari.careerpolitics.debug is not listed in per-application setting
2025-12-15 10:13:15.207 23408-23408 GraphicsEnvironment     com.murari.careerpolitics.debug      V  ANGLE allowlist from config: com.dreamgames.royalmatch com.dts.freefiremax com.dxx.firenow com.gramgames.mergedragons com.ludo.king com.mojang.minecraftpe com.my.defense com.nintendo.zaka com.os.airforce com.playrix.fishdomdd.gplay io.teslatech.callbreak jp.konami.prospia net.peakgames.toonblast
2025-12-15 10:13:15.208 23408-23408 GraphicsEnvironment     com.murari.careerpolitics.debug      V  com.murari.careerpolitics.debug is not listed in ANGLE allowlist or settings, returning default
2025-12-15 10:13:15.209 23408-23408 GraphicsEnvironment     com.murari.careerpolitics.debug      V  Neither updatable production driver nor prerelease driver is supported.
2025-12-15 10:13:15.220 23408-23408 ActivityThread          com.murari.careerpolitics.debug      W  Application com.murari.careerpolitics.debug is suspending. Debugger needs to resume to continue.
2025-12-15 10:13:15.224 23408-23408 System.out              com.murari.careerpolitics.debug      I  Sending WAIT chunk
2025-12-15 10:13:15.224 23408-23408 System.out              com.murari.careerpolitics.debug      I  Waiting for debugger first packet
2025-12-15 10:13:23.397 23408-23412 nativeloader            com.murari.careerpolitics.debug      D  Load libjdwp.so using system ns (caller=<unknown>): ok
2025-12-15 10:13:24.058 23408-23408 System.out              com.murari.careerpolitics.debug      I  Debug.suspendAllAndSentVmStart
2025-12-15 10:13:28.128 23408-23410 rpolitics.debug         com.murari.careerpolitics.debug      I  Thread[2,tid=23410,WaitingInMainSignalCatcherLoop,Thread*=0x7d9d7a32f010,peer=0x21d8020,"Signal Catcher"]: reacting to signal 3
2025-12-15 10:13:28.128 23408-23410 rpolitics.debug         com.murari.careerpolitics.debug      I
2025-12-15 10:13:35.980 23408-23414 rpolitics.debug         com.murari.careerpolitics.debug      I  Background concurrent mark compact GC freed 2324KB AllocSpace bytes, 0(0B) LOS objects, 49% free, 1887KB/3774KB, paused 4.980ms,5.443ms total 57.969ms
2025-12-15 10:13:38.192 23408-23408 libc                    com.murari.careerpolitics.debug      I  Requested dump for pid 23408 (rpolitics.debug)
2025-12-15 10:13:42.417 23408-23408 System.out              com.murari.careerpolitics.debug      I  Debug.suspendAllAndSendVmStart, resumed
2025-12-15 10:13:42.545 23408-23408 MultiDex                com.murari.careerpolitics.debug      I  VM with version 2.1.0 has multidex support
2025-12-15 10:13:42.545 23408-23408 MultiDex                com.murari.careerpolitics.debug      I  Installing application
2025-12-15 10:13:42.545 23408-23408 MultiDex                com.murari.careerpolitics.debug      I  VM has multidex support, MultiDex support library is disabled.
2025-12-15 10:13:42.684 23408-23410 rpolitics.debug         com.murari.careerpolitics.debug      I  Wrote stack traces to tombstoned
2025-12-15 10:13:43.237 23408-23408 FirebaseSessions        com.murari.careerpolitics.debug      D  Dependency to CRASHLYTICS added.
2025-12-15 10:13:43.280 23408-23408 FirebaseApp             com.murari.careerpolitics.debug      I  Device unlocked: initializing all Firebase APIs for app [DEFAULT]
2025-12-15 10:13:43.397 23408-23408 FirebaseCrashlytics     com.murari.careerpolitics.debug      I  Initializing Firebase Crashlytics 20.0.3 for com.murari.careerpolitics.debug
2025-12-15 10:13:43.815 23408-23408 FirebaseSessions        com.murari.careerpolitics.debug      D  Subscriber CRASHLYTICS registered.
2025-12-15 10:13:43.891 23408-23441 rpolitics.debug         com.murari.careerpolitics.debug      W  ClassLoaderContext classpath size mismatch. expected=1, found=0 (DLC[];PCL[base.apk*630649996]{PCL[/system/framework/org.apache.http.legacy.jar*4247870504]#PCL[/system/framework/com.android.media.remotedisplay.jar*487574312]#PCL[/system/framework/com.android.location.provider.jar*1570284764]#PCL[/system_ext/framework/androidx.window.extensions.jar*1030441313]#PCL[/system_ext/framework/androidx.window.sidecar.jar*3860983653]} | DLC[];PCL[])
2025-12-15 10:13:43.925 23408-23441 DynamiteModule          com.murari.careerpolitics.debug      I  Considering local module com.google.android.gms.measurement.dynamite:155 and remote module com.google.android.gms.measurement.dynamite:170
2025-12-15 10:13:43.927 23408-23441 DynamiteModule          com.murari.careerpolitics.debug      I  Selected remote version of com.google.android.gms.measurement.dynamite, version >= 170
2025-12-15 10:13:43.928 23408-23441 DynamiteModule          com.murari.careerpolitics.debug      V  Dynamite loader version >= 2, using loadModule2NoCrashUtils
2025-12-15 10:13:43.994 23408-23441 System                  com.murari.careerpolitics.debug      W  ClassLoader referenced unknown path:
2025-12-15 10:13:43.994 23408-23441 nativeloader            com.murari.careerpolitics.debug      D  Configuring clns-10 for other apk . target_sdk_version=36, uses_libraries=, library_path=/data/app/~~vuJyo3IvYZ5JGaD--Kk5IQ==/com.google.android.gms-KrdKl6NsEDAVphTV29sa3w==/lib/x86_64:/data/app/~~vuJyo3IvYZ5JGaD--Kk5IQ==/com.google.android.gms-KrdKl6NsEDAVphTV29sa3w==/base.apk!/lib/x86_64, permitted_path=/data:/mnt/expand:/data/user/0/com.google.android.gms
2025-12-15 10:13:44.046 23408-23441 rpolitics.debug         com.murari.careerpolitics.debug      I  AssetManager2(0x7d9e3a340398) locale list changing from [] to [en-US]
2025-12-15 10:13:44.113 23408-23441 rpolitics.debug         com.murari.careerpolitics.debug      W  ClassLoaderContext classpath size mismatch. expected=1, found=5 (DLC[];PCL[base.apk*630649996]{PCL[/system/framework/org.apache.http.legacy.jar*4247870504]#PCL[/system/framework/com.android.media.remotedisplay.jar*487574312]#PCL[/system/framework/com.android.location.provider.jar*1570284764]#PCL[/system_ext/framework/androidx.window.extensions.jar*1030441313]#PCL[/system_ext/framework/androidx.window.sidecar.jar*3860983653]} | DLC[];PCL[/data/data/com.murari.careerpolitics.debug/code_cache/.overlay/base.apk/classes4.dex*3167800976:/data/data/com.murari.careerpolitics.debug/code_cache/.overlay/base.apk/classes5.dex*2643557667:/data/data/com.murari.careerpolitics.debug/code_cache/.overlay/base.apk/classes6.dex*4219720525:/data/data/com.murari.careerpolitics.debug/code_cache/.overlay/base.apk/classes8.dex*4140169887:/data/app/~~2BJ9Uq4TV1Mjywn2zEaxMA==/com.murari.careerpolitics.debug-NeNsvHQ7r4vDDJetB0H65A==/base.apk*2083434016]{PCL[/system_ext/framework/androidx.window.extensions.jar*1030441313]#PCL[/system_ext/framework/androidx.window.sidecar.jar*3860983653]})
2025-12-15 10:13:44.255 23408-23441 rpolitics.debug         com.murari.careerpolitics.debug      I  AssetManager2(0x7d9e3a338378) locale list changing from [] to [en-US]
2025-12-15 10:13:44.256 23408-23441 rpolitics.debug         com.murari.careerpolitics.debug      I  AssetManager2(0x7d9e3a333878) locale list changing from [] to [en-US]
2025-12-15 10:13:44.409 23408-23444 ashmem                  com.murari.careerpolitics.debug      E  Pinning is deprecated since Android Q. Please use trim or other methods.
2025-12-15 10:13:44.679 23408-23414 rpolitics.debug         com.murari.careerpolitics.debug      I  Background concurrent mark compact GC freed 952KB AllocSpace bytes, 4(80KB) LOS objects, 49% free, 2806KB/5613KB, paused 5.983ms,11.101ms total 130.085ms
2025-12-15 10:13:44.771 23408-23451 rpolitics.debug         com.murari.careerpolitics.debug      I  hiddenapi: Accessing hidden method Ldalvik/system/VMStack;->getStackClass2()Ljava/lang/Class; (runtime_flags=0, domain=core-platform, api=unsupported) from Lm7/aox; (domain=app) using reflection: allowed
2025-12-15 10:13:44.976 23408-23453 FirebaseCrashlytics     com.murari.careerpolitics.debug      I  Saved version control info
2025-12-15 10:13:45.075 23408-23451 PhClient                com.murari.careerpolitics.debug      I  Unable to retrieve flag snapshot for com.google.android.gms.measurement#com.murari.careerpolitics.debug, using defaults.
2025-12-15 10:13:45.121 23408-23447 rpolitics.debug         com.murari.careerpolitics.debug      I  AssetManager2(0x7d9e3a3470f8) locale list changing from [] to [en-US]
2025-12-15 10:13:45.136 23408-23447 rpolitics.debug         com.murari.careerpolitics.debug      E  No package ID 6a found for resource ID 0x6a0b0013.
2025-12-15 10:13:45.177 23408-23447 FA                      com.murari.careerpolitics.debug      I  App measurement initialized, version: 146007
2025-12-15 10:13:45.183 23408-23447 FA                      com.murari.careerpolitics.debug      I  To enable debug logging run: adb shell setprop log.tag.FA VERBOSE
2025-12-15 10:13:45.202 23408-23447 FA                      com.murari.careerpolitics.debug      I  To enable faster debug mode event logging run:
                                                                                                      adb shell setprop debug.firebase.analytics.app com.murari.careerpolitics.debug
2025-12-15 10:13:45.451 23408-23408 nativeloader            com.murari.careerpolitics.debug      D  Load /data/app/~~2BJ9Uq4TV1Mjywn2zEaxMA==/com.murari.careerpolitics.debug-NeNsvHQ7r4vDDJetB0H65A==/base.apk!/lib/x86_64/libdatastore_shared_counter.so using class loader ns clns-9 (caller=/data/app/~~2BJ9Uq4TV1Mjywn2zEaxMA==/com.murari.careerpolitics.debug-NeNsvHQ7r4vDDJetB0H65A==/base.apk!classes15.dex): ok
2025-12-15 10:13:46.284 23408-23408 FirebaseSessions        com.murari.careerpolitics.debug      D  Initializing Firebase Sessions 3.0.3.
2025-12-15 10:13:46.493 23408-23408 FirebaseInitProvider    com.murari.careerpolitics.debug      I  FirebaseApp initialization successful
2025-12-15 10:13:47.227 23408-23447 FA                      com.murari.careerpolitics.debug      I  Tag Manager is not found and thus will not be used
2025-12-15 10:13:47.240 23408-23446 FirebaseSessions        com.murari.careerpolitics.debug      D  Notified CRASHLYTICS of new session 391f2306f6714ed899d340f27937ba53
2025-12-15 10:13:47.698 23408-23414 rpolitics.debug         com.murari.careerpolitics.debug      I  Background concurrent mark compact GC freed 1545KB AllocSpace bytes, 20(632KB) LOS objects, 49% free, 3706KB/7413KB, paused 5.046ms,11.463ms total 405.779ms
2025-12-15 10:13:47.798 23408-23408 rpolitics.debug         com.murari.careerpolitics.debug      I  hiddenapi: Accessing hidden method Ldalvik/system/CloseGuard;->get()Ldalvik/system/CloseGuard; (runtime_flags=CorePlatformApi, domain=core-platform, api=unsupported,core-platform-api) from Lokhttp3/internal/platform/AndroidPlatform$CloseGuard; (domain=app) using reflection: allowed
2025-12-15 10:13:47.798 23408-23408 rpolitics.debug         com.murari.careerpolitics.debug      I  hiddenapi: Accessing hidden method Ldalvik/system/CloseGuard;->open(Ljava/lang/String;)V (runtime_flags=CorePlatformApi, domain=core-platform, api=unsupported,core-platform-api) from Lokhttp3/internal/platform/AndroidPlatform$CloseGuard; (domain=app) using reflection: allowed
2025-12-15 10:13:47.798 23408-23408 rpolitics.debug         com.murari.careerpolitics.debug      I  hiddenapi: Accessing hidden method Ldalvik/system/CloseGuard;->warnIfOpen()V (runtime_flags=CorePlatformApi, domain=core-platform, api=unsupported,core-platform-api) from Lokhttp3/internal/platform/AndroidPlatform$CloseGuard; (domain=app) using reflection: allowed
2025-12-15 10:13:50.345 23408-23414 rpolitics.debug         com.murari.careerpolitics.debug      I  Background concurrent mark compact GC freed 2284KB AllocSpace bytes, 8(160KB) LOS objects, 49% free, 5478KB/10MB, paused 3.813ms,10.858ms total 148.452ms
2025-12-15 10:13:51.620 23408-23414 rpolitics.debug         com.murari.careerpolitics.debug      I  Background concurrent mark compact GC freed 4032KB AllocSpace bytes, 2(64KB) LOS objects, 49% free, 6750KB/13MB, paused 6.198ms,11.025ms total 131.092ms
2025-12-15 10:13:52.556 23408-23408 Drawable                com.murari.careerpolitics.debug      E  Unable to decode stream: android.graphics.ImageDecoder$DecodeException: Failed to create image decoder with message 'unimplemented'Input contained an error.
2025-12-15 10:13:52.557 23408-23408 Validations             com.murari.careerpolitics.debug      E  You are targeting Android Oreo and using adaptive icons without having a fallback drawable set for FCM notifications.
                                                                                                    This can cause a irreversible crash on devices using Oreo.
                                                                                                    To learn more about this issue check: https://issuetracker.google.com/issues/68716460
2025-12-15 10:13:52.656 23408-23408 WM-WrkMgrInitializer    com.murari.careerpolitics.debug      D  Initializing WorkManager with default configuration.
2025-12-15 10:13:53.253 23408-23408 Choreographer           com.murari.careerpolitics.debug      I  Skipped 35 frames!  The application may be doing too much work on its main thread.
2025-12-15 10:13:53.278 23408-23408 rpolitics.debug         com.murari.careerpolitics.debug      I  AssetManager2(0x7d9e3a339638) locale list changing from [] to [en-US]
2025-12-15 10:13:53.292 23408-23473 DisplayManager          com.murari.careerpolitics.debug      I  Choreographer implicitly registered for the refresh rate.
2025-12-15 10:13:53.705 23408-23473 EGL_emulation           com.murari.careerpolitics.debug      I  Opening libGLESv1_CM_emulation.so
2025-12-15 10:13:53.712 23408-23473 EGL_emulation           com.murari.careerpolitics.debug      I  Opening libGLESv2_emulation.so
2025-12-15 10:13:53.776 23408-23473 HWUI                    com.murari.careerpolitics.debug      W  Failed to choose config with EGL_SWAP_BEHAVIOR_PRESERVED, retrying without...
2025-12-15 10:13:53.777 23408-23473 HWUI                    com.murari.careerpolitics.debug      W  Failed to initialize 101010-2 format, error = EGL_SUCCESS
2025-12-15 10:13:53.987 23408-23408 rpolitics.debug         com.murari.careerpolitics.debug      I  AssetManager2(0x7d9e3a342f58) locale list changing from [] to [en-US]
2025-12-15 10:13:54.155 23408-23408 AppCompatDelegate       com.murari.careerpolitics.debug      D  Checking for metadata for AppLocalesMetadataHolderService : Service not found
2025-12-15 10:13:54.157 23408-23408 rpolitics.debug         com.murari.careerpolitics.debug      I  AssetManager2(0x7d9e3a338698) locale list changing from [] to [en-US]
2025-12-15 10:13:54.321 23408-23408 CompatChangeReporter    com.murari.careerpolitics.debug      D  Compat change id reported: 377864165; UID 10222; state: ENABLED
2025-12-15 10:13:54.327 23408-23408 DesktopModeFlags        com.murari.careerpolitics.debug      D  Toggle override initialized to: OVERRIDE_UNSET
2025-12-15 10:13:54.448 23408-23408 rpolitics.debug         com.murari.careerpolitics.debug      I  hiddenapi: Accessing hidden method Landroid/view/ViewGroup;->makeOptionalFitsSystemWindows()V (runtime_flags=0, domain=platform, api=unsupported) from Landroidx/appcompat/widget/ViewUtils; (domain=app) using reflection: allowed
2025-12-15 10:13:54.931 23408-23408 rpolitics.debug         com.murari.careerpolitics.debug      I  AssetManager2(0x7d9e3a338ff8) locale list changing from [] to [en-US]
2025-12-15 10:13:54.931 23408-23408 WebViewFactory          com.murari.careerpolitics.debug      I  Loading com.google.android.webview version 143.0.7499.34 (code 749903438)
2025-12-15 10:13:54.932 23408-23408 rpolitics.debug         com.murari.careerpolitics.debug      I  AssetManager2(0x7d9e3a33bed8) locale list changing from [] to [en-US]
2025-12-15 10:13:54.933 23408-23408 rpolitics.debug         com.murari.careerpolitics.debug      I  AssetManager2(0x7d9e3a33af38) locale list changing from [] to [en-US]
2025-12-15 10:13:54.934 23408-23408 rpolitics.debug         com.murari.careerpolitics.debug      I  AssetManager2(0x7d9e3a33ea98) locale list changing from [] to [en-US]
2025-12-15 10:13:54.935 23408-23408 rpolitics.debug         com.murari.careerpolitics.debug      I  AssetManager2(0x7d9e3a33d7d8) locale list changing from [] to [en-US]
2025-12-15 10:13:54.939 23408-23408 rpolitics.debug         com.murari.careerpolitics.debug      I  AssetManager2(0x7d9e3a33fa38) locale list changing from [] to [en-US]
2025-12-15 10:13:54.941 23408-23408 rpolitics.debug         com.murari.careerpolitics.debug      I  AssetManager2(0x7d9e3a33a8f8) locale list changing from [] to [en-US]
2025-12-15 10:13:54.945 23408-23408 rpolitics.debug         com.murari.careerpolitics.debug      I  AssetManager2(0x7d9e3a338cd8) locale list changing from [] to [en-US]
2025-12-15 10:13:54.946 23408-23408 ResourcesManager        com.murari.careerpolitics.debug      V  The following library key has been added: ResourcesKey{ mHash=3aa3c134 mResDir=null mSplitDirs=[] mOverlayDirs=[] mLibDirs=[/data/app/~~OsJa6jbAoEZyJCl0uQiAYQ==/com.google.android.webview-fJgAUiqxzH2T0Y2DsvtPHg==/base.apk,/data/app/~~1hUcyRCCH5yq8-iUDmM00A==/com.google.android.trichromelibrary_749903438-tF5-tBEkH8Gc7a_h-eXfyQ==/base.apk] mDisplayId=0 mOverrideConfig=v36 mCompatInfo={420dpi always-compat} mLoaders=[]}
2025-12-15 10:13:54.953 23408-23408 rpolitics.debug         com.murari.careerpolitics.debug      W  Failed to find entry 'classes.dex': Entry not found
2025-12-15 10:13:54.957 23408-23408 nativeloader            com.murari.careerpolitics.debug      D  Configuring clns-11 for other apk /data/app/~~1hUcyRCCH5yq8-iUDmM00A==/com.google.android.trichromelibrary_749903438-tF5-tBEkH8Gc7a_h-eXfyQ==/base.apk. target_sdk_version=36, uses_libraries=ALL, library_path=/data/app/~~OsJa6jbAoEZyJCl0uQiAYQ==/com.google.android.webview-fJgAUiqxzH2T0Y2DsvtPHg==/lib/x86_64:/data/app/~~OsJa6jbAoEZyJCl0uQiAYQ==/com.google.android.webview-fJgAUiqxzH2T0Y2DsvtPHg==/base.apk!/lib/x86_64:/data/app/~~1hUcyRCCH5yq8-iUDmM00A==/com.google.android.trichromelibrary_749903438-tF5-tBEkH8Gc7a_h-eXfyQ==/base.apk!/lib/x86_64, permitted_path=/data:/mnt/expand
2025-12-15 10:13:54.967 23408-23408 ApplicationLoaders      com.murari.careerpolitics.debug      D  Returning zygote-cached class loader: /system_ext/framework/androidx.window.extensions.jar
2025-12-15 10:13:54.986 23408-23408 rpolitics.debug         com.murari.careerpolitics.debug      W  Loading /data/app/~~OsJa6jbAoEZyJCl0uQiAYQ==/com.google.android.webview-fJgAUiqxzH2T0Y2DsvtPHg==/oat/x86_64/base.odex non-executable as it requires an image which we failed to load
2025-12-15 10:13:54.993 23408-23408 nativeloader            com.murari.careerpolitics.debug      D  Configuring clns-12 for other apk /data/app/~~OsJa6jbAoEZyJCl0uQiAYQ==/com.google.android.webview-fJgAUiqxzH2T0Y2DsvtPHg==/base.apk. target_sdk_version=36, uses_libraries=, library_path=/data/app/~~OsJa6jbAoEZyJCl0uQiAYQ==/com.google.android.webview-fJgAUiqxzH2T0Y2DsvtPHg==/lib/x86_64:/data/app/~~OsJa6jbAoEZyJCl0uQiAYQ==/com.google.android.webview-fJgAUiqxzH2T0Y2DsvtPHg==/base.apk!/lib/x86_64:/data/app/~~1hUcyRCCH5yq8-iUDmM00A==/com.google.android.trichromelibrary_749903438-tF5-tBEkH8Gc7a_h-eXfyQ==/base.apk!/lib/x86_64, permitted_path=/data:/mnt/expand
2025-12-15 10:13:55.673 23408-23408 cr_WVCFactoryProvider   com.murari.careerpolitics.debug      I  version=143.0.7499.34 (749903438) minSdkVersion=29 multiprocess=true packageId=2 splits=<none>
2025-12-15 10:13:55.735 23408-23408 nativeloader            com.murari.careerpolitics.debug      D  Load /data/app/~~1hUcyRCCH5yq8-iUDmM00A==/com.google.android.trichromelibrary_749903438-tF5-tBEkH8Gc7a_h-eXfyQ==/base.apk!/lib/x86_64/libmonochrome_64.so using class loader ns clns-12 (caller=/data/app/~~OsJa6jbAoEZyJCl0uQiAYQ==/com.google.android.webview-fJgAUiqxzH2T0Y2DsvtPHg==/base.apk): ok
2025-12-15 10:13:55.776 23408-23408 nativeloader            com.murari.careerpolitics.debug      D  Load /system/lib64/libwebviewchromium_plat_support.so using class loader ns clns-12 (caller=/data/app/~~OsJa6jbAoEZyJCl0uQiAYQ==/com.google.android.webview-fJgAUiqxzH2T0Y2DsvtPHg==/base.apk): ok
2025-12-15 10:13:55.856 23408-23478 chromium                com.murari.careerpolitics.debug      E  [1215/101355.823490:ERROR:android_webview/browser/variations/variations_seed_loader.cc:39] Seed missing signature.
2025-12-15 10:13:55.912 23408-23478 chromium                com.murari.careerpolitics.debug      I  [INFO:android_webview/browser/variations/variations_seed_loader.cc:67] Failed to open file for reading.: No such file or directory (2)
2025-12-15 10:13:56.005 23408-23408 cr_LibraryLoader        com.murari.careerpolitics.debug      I  Successfully loaded native library
2025-12-15 10:13:56.052 23408-23408 cr_CachingUmaRecorder   com.murari.careerpolitics.debug      I  Flushed 20 samples from 20 histograms, 0 samples were dropped.
2025-12-15 10:13:56.179 23408-23408 cr_CombinedPProvider    com.murari.careerpolitics.debug      I  #registerProvider() provider:WV.jk@7117200 isPolicyCacheEnabled:false policyProvidersSize:0
2025-12-15 10:13:56.182 23408-23408 cr_PolicyProvider       com.murari.careerpolitics.debug      I  #setManagerAndSource() 0
2025-12-15 10:13:56.213 23408-23408 cr_DisplayManager       com.murari.careerpolitics.debug      I  Is Display Topology available: false
2025-12-15 10:13:56.220 23408-23408 rpolitics.debug         com.murari.careerpolitics.debug      I  AssetManager2(0x7d9e3a332bf8) locale list changing from [] to [en-US]
2025-12-15 10:13:56.225 23408-23408 rpolitics.debug         com.murari.careerpolitics.debug      I  AssetManager2(0x7d9e3a330fd8) locale list changing from [] to [en-US]
2025-12-15 10:13:57.001 23408-23408 cr_CombinedPProvider    com.murari.careerpolitics.debug      I  #linkNativeInternal() 1
2025-12-15 10:13:57.004 23408-23408 cr_AppResProvider       com.murari.careerpolitics.debug      I  #getApplicationRestrictionsFromUserManager() Bundle[EMPTY_PARCEL]
2025-12-15 10:13:57.004 23408-23408 cr_PolicyProvider       com.murari.careerpolitics.debug      I  #notifySettingsAvailable() 0
2025-12-15 10:13:57.005 23408-23408 cr_CombinedPProvider    com.murari.careerpolitics.debug      I  #onSettingsAvailable() 0
2025-12-15 10:13:57.005 23408-23408 cr_CombinedPProvider    com.murari.careerpolitics.debug      I  #flushPolicies()
2025-12-15 10:13:58.496 23408-23408 chromium                com.murari.careerpolitics.debug      W  [WARNING:android_webview/browser/network_service/net_helpers.cc:143] HTTP Cache size is: 20971520
2025-12-15 10:13:59.203 23408-23408 Drawable                com.murari.careerpolitics.debug      E  Unable to decode stream: android.graphics.ImageDecoder$DecodeException: Failed to create image decoder with message 'unimplemented'Input contained an error.
2025-12-15 10:13:59.204 23408-23408 Validations             com.murari.careerpolitics.debug      E  You are targeting Android Oreo and using adaptive icons without having a fallback drawable set for FCM notifications.
                                                                                                    This can cause a irreversible crash on devices using Oreo.
                                                                                                    To learn more about this issue check: https://issuetracker.google.com/issues/68716460
2025-12-15 10:13:59.366 23408-23408 CareerPoli...inActivity com.murari.careerpolitics.debug      D  Push Notifications initialized(awaiting user auth for token registration)
2025-12-15 10:13:59.416 23408-23414 rpolitics.debug         com.murari.careerpolitics.debug      I  Background concurrent mark compact GC freed 4203KB AllocSpace bytes, 12(432KB) LOS objects, 49% free, 8795KB/17MB, paused 7.038ms,12.451ms total 288.772ms
2025-12-15 10:13:59.550 23408-23504 cr_media                com.murari.careerpolitics.debug      W  BLUETOOTH_CONNECT permission is missing.
2025-12-15 10:13:59.564 23408-23504 cr_media                com.murari.careerpolitics.debug      W  getBluetoothAdapter() requires BLUETOOTH permission
2025-12-15 10:13:59.565 23408-23504 cr_media                com.murari.careerpolitics.debug      W  registerBluetoothIntentsIfNeeded: Requires BLUETOOTH permission
2025-12-15 10:13:59.586 23408-23520 vulkan                  com.murari.careerpolitics.debug      D  searching for layers in '/data/app/~~2BJ9Uq4TV1Mjywn2zEaxMA==/com.murari.careerpolitics.debug-NeNsvHQ7r4vDDJetB0H65A==/lib/x86_64'
2025-12-15 10:13:59.604 23408-23520 vulkan                  com.murari.careerpolitics.debug      D  searching for layers in '/data/app/~~2BJ9Uq4TV1Mjywn2zEaxMA==/com.murari.careerpolitics.debug-NeNsvHQ7r4vDDJetB0H65A==/base.apk!/lib/x86_64'
2025-12-15 10:13:59.776 23408-23408 FirebaseSessions        com.murari.careerpolitics.debug      D  App foregrounded on com.murari.careerpolitics.debug
2025-12-15 10:13:59.776 23408-23408 FirebaseSessions        com.murari.careerpolitics.debug      D  Session 391f2306f6714ed899d340f27937ba53 has not backgrounded yet
2025-12-15 10:13:59.776 23408-23408 FirebaseSessions        com.murari.careerpolitics.debug      D  Process com.murari.careerpolitics.debug is stale
2025-12-15 10:13:59.874 23408-23408 HWUI                    com.murari.careerpolitics.debug      W  Unknown dataspace 0
2025-12-15 10:14:00.075 23408-23532 CameraManagerGlobal     com.murari.careerpolitics.debug      I  Connecting to camera service
2025-12-15 10:14:00.128 23408-23449 FirebaseSessions        com.murari.careerpolitics.debug      D  Session 391f2306f6714ed899d340f27937ba53 has not backgrounded yet
2025-12-15 10:14:00.194 23408-23449 FirebaseSessions        com.murari.careerpolitics.debug      D  Cold app start detected
2025-12-15 10:14:00.356 23408-23449 FirebaseSessions        com.murari.careerpolitics.debug      D  Process com.murari.careerpolitics.debug is stale
2025-12-15 10:14:00.365 23408-23408 Choreographer           com.murari.careerpolitics.debug      I  Skipped 67 frames!  The application may be doing too much work on its main thread.
2025-12-15 10:14:00.391 23408-23535 ProfileInstaller        com.murari.careerpolitics.debug      D  Installing profile for com.murari.careerpolitics.debug
2025-12-15 10:14:00.585 23408-23535 rpolitics.debug         com.murari.careerpolitics.debug      W  Verification of java.lang.Object androidx.concurrent.futures.AbstractResolvableFuture.getDoneValue(java.lang.Object) took 118.740ms (328.45 bytecodes/s) (0B arena alloc)
2025-12-15 10:14:00.995 23408-23446 FirebaseSessions        com.murari.careerpolitics.debug      D  Session Event Type: SESSION_START
2025-12-15 10:14:01.014 23408-23446 FirebaseSessions        com.murari.careerpolitics.debug      D  Successfully logged Session Start event.
2025-12-15 10:14:01.152 23408-23408 Choreographer           com.murari.careerpolitics.debug      I  Skipped 41 frames!  The application may be doing too much work on its main thread.
2025-12-15 10:14:01.185 23408-23456 rpolitics.debug         com.murari.careerpolitics.debug      W  Verification of void kotlinx.serialization.encoding.AbstractEncoder.encodeSerializableElement(kotlinx.serialization.descriptors.SerialDescriptor, int, kotlinx.serialization.SerializationStrategy, java.lang.Object) took 117.160ms (170.71 bytecodes/s) (0B arena alloc)
2025-12-15 10:14:01.189 23408-23408 CareerPoli...inActivity com.murari.careerpolitics.debug      D  Push Notifications initialized(awaiting user auth for token registration)
2025-12-15 10:14:01.205 23408-23444 rpolitics.debug         com.murari.careerpolitics.debug      W  Verification of com.google.android.datatransport.cct.internal.BatchedLogRequest com.google.android.datatransport.cct.CctTransportBackend.getRequestBody(com.google.android.datatransport.runtime.backends.BackendRequest) took 139.744ms (4450.97 bytecodes/s) (0B arena alloc)
2025-12-15 10:14:01.436 23408-23453 FirebaseSessions        com.murari.careerpolitics.debug      D  Notified CRASHLYTICS of new session 4b85876751314d049be6e526b8efea8d
2025-12-15 10:14:02.098 23408-23408 InsetsController        com.murari.careerpolitics.debug      D  hide(ime(), fromIme=false)
2025-12-15 10:14:02.100 23408-23408 ImeTracker              com.murari.careerpolitics.debug      I  com.murari.careerpolitics.debug:4c9e0efb: onCancelled at PHASE_CLIENT_ALREADY_HIDDEN
2025-12-15 10:14:03.425 23408-23413 rpolitics.debug         com.murari.careerpolitics.debug      I  Compiler allocated 5042KB to compile void android.view.ViewRootImpl.performTraversals()
2025-12-15 10:14:03.637 23408-23467 rpolitics.debug         com.murari.careerpolitics.debug      E  hiddenapi: Accessing hidden method Lcom/android/org/conscrypt/ConscryptEngineSocket;->setUseSessionTickets(Z)V (runtime_flags=CorePlatformApi, domain=core-platform, api=max-target-q,core-platform-api) from Lokhttp3/internal/platform/OptionalMethod; (domain=app) using reflection: denied
2025-12-15 10:14:03.637 23408-23467 rpolitics.debug         com.murari.careerpolitics.debug      E  hiddenapi: Accessing hidden method Lcom/android/org/conscrypt/OpenSSLSocketImpl;->setUseSessionTickets(Z)V (runtime_flags=CorePlatformApi, domain=core-platform, api=max-target-q,core-platform-api) from Lokhttp3/internal/platform/OptionalMethod; (domain=app) using reflection: denied
2025-12-15 10:14:03.638 23408-23467 rpolitics.debug         com.murari.careerpolitics.debug      E  hiddenapi: Accessing hidden method Lcom/android/org/conscrypt/AbstractConscryptSocket;->setUseSessionTickets(Z)V (runtime_flags=0, domain=core-platform, api=max-target-q) from Lokhttp3/internal/platform/OptionalMethod; (domain=app) using reflection: denied
2025-12-15 10:14:03.640 23408-23467 rpolitics.debug         com.murari.careerpolitics.debug      E  hiddenapi: Accessing hidden method Lcom/android/org/conscrypt/ConscryptEngineSocket;->setHostname(Ljava/lang/String;)V (runtime_flags=CorePlatformApi, domain=core-platform, api=max-target-q,core-platform-api) from Lokhttp3/internal/platform/OptionalMethod; (domain=app) using reflection: denied
2025-12-15 10:14:03.640 23408-23467 rpolitics.debug         com.murari.careerpolitics.debug      E  hiddenapi: Accessing hidden method Lcom/android/org/conscrypt/OpenSSLSocketImpl;->setHostname(Ljava/lang/String;)V (runtime_flags=CorePlatformApi, domain=core-platform, api=max-target-q,core-platform-api) from Lokhttp3/internal/platform/OptionalMethod; (domain=app) using reflection: denied
2025-12-15 10:14:03.641 23408-23467 rpolitics.debug         com.murari.careerpolitics.debug      E  hiddenapi: Accessing hidden method Lcom/android/org/conscrypt/AbstractConscryptSocket;->setHostname(Ljava/lang/String;)V (runtime_flags=0, domain=core-platform, api=max-target-q) from Lokhttp3/internal/platform/OptionalMethod; (domain=app) using reflection: denied
2025-12-15 10:14:03.641 23408-23467 rpolitics.debug         com.murari.careerpolitics.debug      E  hiddenapi: Accessing hidden method Lcom/android/org/conscrypt/OpenSSLSocketImpl;->setAlpnProtocols([B)V (runtime_flags=CorePlatformApi, domain=core-platform, api=max-target-q,core-platform-api) from Lokhttp3/internal/platform/OptionalMethod; (domain=app) using reflection: denied
2025-12-15 10:14:03.641 23408-23467 rpolitics.debug         com.murari.careerpolitics.debug      E  hiddenapi: Accessing hidden method Lcom/android/org/conscrypt/AbstractConscryptSocket;->setAlpnProtocols([B)V (runtime_flags=0, domain=core-platform, api=max-target-q) from Lokhttp3/internal/platform/OptionalMethod; (domain=app) using reflection: denied
2025-12-15 10:14:11.641 23408-23408 chromium                com.murari.careerpolitics.debug      I  [INFO:CONSOLE:1] "Uncaught TypeError: Cannot read properties of undefined (reading 'getAttribute')", source: https://careerpolitics.com/ (1)
2025-12-15 10:14:11.646 23408-23408 CareerPoli...ViewClient com.murari.careerpolitics.debug      D  Could not parse user ID from body data-user attribute
2025-12-15 10:14:17.097 23408-23467 rpolitics.debug         com.murari.careerpolitics.debug      E  hiddenapi: Accessing hidden method Lcom/android/org/conscrypt/ConscryptEngineSocket;->setUseSessionTickets(Z)V (runtime_flags=CorePlatformApi, domain=core-platform, api=max-target-q,core-platform-api) from Lokhttp3/internal/platform/OptionalMethod; (domain=app) using reflection: denied
2025-12-15 10:14:17.098 23408-23467 rpolitics.debug         com.murari.careerpolitics.debug      E  hiddenapi: Accessing hidden method Lcom/android/org/conscrypt/OpenSSLSocketImpl;->setUseSessionTickets(Z)V (runtime_flags=CorePlatformApi, domain=core-platform, api=max-target-q,core-platform-api) from Lokhttp3/internal/platform/OptionalMethod; (domain=app) using reflection: denied
2025-12-15 10:14:17.103 23408-23467 rpolitics.debug         com.murari.careerpolitics.debug      E  hiddenapi: Accessing hidden method Lcom/android/org/conscrypt/AbstractConscryptSocket;->setUseSessionTickets(Z)V (runtime_flags=0, domain=core-platform, api=max-target-q) from Lokhttp3/internal/platform/OptionalMethod; (domain=app) using reflection: denied
2025-12-15 10:14:17.103 23408-23467 rpolitics.debug         com.murari.careerpolitics.debug      E  hiddenapi: Accessing hidden method Lcom/android/org/conscrypt/ConscryptEngineSocket;->setHostname(Ljava/lang/String;)V (runtime_flags=CorePlatformApi, domain=core-platform, api=max-target-q,core-platform-api) from Lokhttp3/internal/platform/OptionalMethod; (domain=app) using reflection: denied
