2026-02-12 18:31:38.994 14877-14915 rpolitics.debug         com.murari.careerpolitics.debug      E  hiddenapi: Accessing hidden method Lcom/android/org/conscrypt/ConscryptEngineSocket;->setHostname(Ljava/lang/String;)V (runtime_flags=CorePlatformApi, domain=core-platform, api=max-target-q,core-platform-api) from Lokhttp3/internal/platform/OptionalMethod; (domain=app) using reflection: denied
2026-02-12 18:31:38.994 14877-14915 rpolitics.debug         com.murari.careerpolitics.debug      E  hiddenapi: Accessing hidden method Lcom/android/org/conscrypt/OpenSSLSocketImpl;->setHostname(Ljava/lang/String;)V (runtime_flags=CorePlatformApi, domain=core-platform, api=max-target-q,core-platform-api) from Lokhttp3/internal/platform/OptionalMethod; (domain=app) using reflection: denied
2026-02-12 18:31:38.994 14877-14915 rpolitics.debug         com.murari.careerpolitics.debug      E  hiddenapi: Accessing hidden method Lcom/android/org/conscrypt/AbstractConscryptSocket;->setHostname(Ljava/lang/String;)V (runtime_flags=0, domain=core-platform, api=max-target-q) from Lokhttp3/internal/platform/OptionalMethod; (domain=app) using reflection: denied
2026-02-12 18:31:38.994 14877-14915 rpolitics.debug         com.murari.careerpolitics.debug      E  hiddenapi: Accessing hidden method Lcom/android/org/conscrypt/OpenSSLSocketImpl;->setAlpnProtocols([B)V (runtime_flags=CorePlatformApi, domain=core-platform, api=max-target-q,core-platform-api) from Lokhttp3/internal/platform/OptionalMethod; (domain=app) using reflection: denied
2026-02-12 18:31:38.994 14877-14915 rpolitics.debug         com.murari.careerpolitics.debug      E  hiddenapi: Accessing hidden method Lcom/android/org/conscrypt/AbstractConscryptSocket;->setAlpnProtocols([B)V (runtime_flags=0, domain=core-platform, api=max-target-q) from Lokhttp3/internal/platform/OptionalMethod; (domain=app) using reflection: denied
2026-02-12 18:31:39.240 14877-14882 rpolitics.debug         com.murari.careerpolitics.debug      I  Compiler allocated 5042KB to compile void android.view.ViewRootImpl.performTraversals()
2026-02-12 18:31:39.621 14877-14877 Choreographer           com.murari.careerpolitics.debug      I  Skipped 32 frames!  The application may be doing too much work on its main thread.
2026-02-12 18:31:40.374 14877-14992 HWUI                    com.murari.careerpolitics.debug      I  Davey! duration=1284ms; Flags=0, FrameTimelineVsyncId=45454, IntendedVsync=16762035342144, Vsync=16762568675456, InputEventId=0, HandleInputStart=16762574118347, AnimationStart=16762574161947, PerformTraversalsStart=16762579239347, DrawStart=16762579943947, FrameDeadline=16762602008788, FrameStartTime=16762573523947, FrameInterval=16666666, WorkloadTarget=16666666, SyncQueued=16762581331947, SyncStart=16762581617747, IssueDrawCommandsStart=16762584266047, SwapBuffers=16763311221847, FrameCompleted=16763320156747, DequeueBufferDuration=65900, QueueBufferDuration=1596500, GpuCompleted=16763320156747, SwapBuffersCompleted=16763314214747, DisplayPresentTime=0, CommandSubmissionCompleted=16763311221847,
2026-02-12 18:31:41.130 14877-14915 rpolitics.debug         com.murari.careerpolitics.debug      E  hiddenapi: Accessing hidden method Lcom/android/org/conscrypt/ConscryptEngineSocket;->setUseSessionTickets(Z)V (runtime_flags=CorePlatformApi, domain=core-platform, api=max-target-q,core-platform-api) from Lokhttp3/internal/platform/OptionalMethod; (domain=app) using reflection: denied
2026-02-12 18:31:41.130 14877-14915 rpolitics.debug         com.murari.careerpolitics.debug      E  hiddenapi: Accessing hidden method Lcom/android/org/conscrypt/OpenSSLSocketImpl;->setUseSessionTickets(Z)V (runtime_flags=CorePlatformApi, domain=core-platform, api=max-target-q,core-platform-api) from Lokhttp3/internal/platform/OptionalMethod; (domain=app) using reflection: denied
2026-02-12 18:31:41.130 14877-14915 rpolitics.debug         com.murari.careerpolitics.debug      E  hiddenapi: Accessing hidden method Lcom/android/org/conscrypt/AbstractConscryptSocket;->setUseSessionTickets(Z)V (runtime_flags=0, domain=core-platform, api=max-target-q) from Lokhttp3/internal/platform/OptionalMethod; (domain=app) using reflection: denied
2026-02-12 18:31:41.131 14877-14915 rpolitics.debug         com.murari.careerpolitics.debug      E  hiddenapi: Accessing hidden method Lcom/android/org/conscrypt/ConscryptEngineSocket;->setHostname(Ljava/lang/String;)V (runtime_flags=CorePlatformApi, domain=core-platform, api=max-target-q,core-platform-api) from Lokhttp3/internal/platform/OptionalMethod; (domain=app) using reflection: denied
2026-02-12 18:31:41.131 14877-14915 rpolitics.debug         com.murari.careerpolitics.debug      E  hiddenapi: Accessing hidden method Lcom/android/org/conscrypt/OpenSSLSocketImpl;->setHostname(Ljava/lang/String;)V (runtime_flags=CorePlatformApi, domain=core-platform, api=max-target-q,core-platform-api) from Lokhttp3/internal/platform/OptionalMethod; (domain=app) using reflection: denied
2026-02-12 18:31:41.131 14877-14915 rpolitics.debug         com.murari.careerpolitics.debug      E  hiddenapi: Accessing hidden method Lcom/android/org/conscrypt/AbstractConscryptSocket;->setHostname(Ljava/lang/String;)V (runtime_flags=0, domain=core-platform, api=max-target-q) from Lokhttp3/internal/platform/OptionalMethod; (domain=app) using reflection: denied
2026-02-12 18:31:41.131 14877-14915 rpolitics.debug         com.murari.careerpolitics.debug      E  hiddenapi: Accessing hidden method Lcom/android/org/conscrypt/OpenSSLSocketImpl;->setAlpnProtocols([B)V (runtime_flags=CorePlatformApi, domain=core-platform, api=max-target-q,core-platform-api) from Lokhttp3/internal/platform/OptionalMethod; (domain=app) using reflection: denied
2026-02-12 18:31:41.131 14877-14915 rpolitics.debug         com.murari.careerpolitics.debug      E  hiddenapi: Accessing hidden method Lcom/android/org/conscrypt/AbstractConscryptSocket;->setAlpnProtocols([B)V (runtime_flags=0, domain=core-platform, api=max-target-q) from Lokhttp3/internal/platform/OptionalMethod; (domain=app) using reflection: denied
2026-02-12 18:31:41.248 14877-15015 ProfileInstaller        com.murari.careerpolitics.debug      D  Installing profile for com.murari.careerpolitics.debug
2026-02-12 18:31:42.839 14877-14877 CareerPoli...ViewClient com.murari.careerpolitics.debug      D  Intercepting URL: https://careerpolitics.com/enter?state=new-user
2026-02-12 18:31:42.985 14877-14883 rpolitics.debug         com.murari.careerpolitics.debug      I  Background concurrent mark compact GC freed 15MB AllocSpace bytes, 60(1684KB) LOS objects, 49% free, 9949KB/19MB, paused 1.655ms,4.137ms total 147.693ms
2026-02-12 18:31:43.118 14877-14877 chromium                com.murari.careerpolitics.debug      I  [INFO:CONSOLE:1] "Uncaught TypeError: Cannot read properties of null (reading 'id')", source: https://careerpolitics.com/enter?state=new-user (1)
2026-02-12 18:31:43.121 14877-14877 CareerPoli...ViewClient com.murari.careerpolitics.debug      D  Could not parse user ID from body data-user attribute
2026-02-12 18:31:44.862 14877-14915 rpolitics.debug         com.murari.careerpolitics.debug      E  hiddenapi: Accessing hidden method Lcom/android/org/conscrypt/ConscryptEngineSocket;->setUseSessionTickets(Z)V (runtime_flags=CorePlatformApi, domain=core-platform, api=max-target-q,core-platform-api) from Lokhttp3/internal/platform/OptionalMethod; (domain=app) using reflection: denied
2026-02-12 18:31:44.862 14877-14915 rpolitics.debug         com.murari.careerpolitics.debug      E  hiddenapi: Accessing hidden method Lcom/android/org/conscrypt/OpenSSLSocketImpl;->setUseSessionTickets(Z)V (runtime_flags=CorePlatformApi, domain=core-platform, api=max-target-q,core-platform-api) from Lokhttp3/internal/platform/OptionalMethod; (domain=app) using reflection: denied
2026-02-12 18:31:44.862 14877-14915 rpolitics.debug         com.murari.careerpolitics.debug      E  hiddenapi: Accessing hidden method Lcom/android/org/conscrypt/AbstractConscryptSocket;->setUseSessionTickets(Z)V (runtime_flags=0, domain=core-platform, api=max-target-q) from Lokhttp3/internal/platform/OptionalMethod; (domain=app) using reflection: denied
2026-02-12 18:31:44.862 14877-14915 rpolitics.debug         com.murari.careerpolitics.debug      E  hiddenapi: Accessing hidden method Lcom/android/org/conscrypt/ConscryptEngineSocket;->setHostname(Ljava/lang/String;)V (runtime_flags=CorePlatformApi, domain=core-platform, api=max-target-q,core-platform-api) from Lokhttp3/internal/platform/OptionalMethod; (domain=app) using reflection: denied
2026-02-12 18:31:44.862 14877-14915 rpolitics.debug         com.murari.careerpolitics.debug      E  hiddenapi: Accessing hidden method Lcom/android/org/conscrypt/OpenSSLSocketImpl;->setHostname(Ljava/lang/String;)V (runtime_flags=CorePlatformApi, domain=core-platform, api=max-target-q,core-platform-api) from Lokhttp3/internal/platform/OptionalMethod; (domain=app) using reflection: denied
2026-02-12 18:31:44.862 14877-14915 rpolitics.debug         com.murari.careerpolitics.debug      E  hiddenapi: Accessing hidden method Lcom/android/org/conscrypt/AbstractConscryptSocket;->setHostname(Ljava/lang/String;)V (runtime_flags=0, domain=core-platform, api=max-target-q) from Lokhttp3/internal/platform/OptionalMethod; (domain=app) using reflection: denied
2026-02-12 18:31:44.863 14877-14915 rpolitics.debug         com.murari.careerpolitics.debug      E  hiddenapi: Accessing hidden method Lcom/android/org/conscrypt/OpenSSLSocketImpl;->setAlpnProtocols([B)V (runtime_flags=CorePlatformApi, domain=core-platform, api=max-target-q,core-platform-api) from Lokhttp3/internal/platform/OptionalMethod; (domain=app) using reflection: denied
2026-02-12 18:31:44.863 14877-14915 rpolitics.debug         com.murari.careerpolitics.debug      E  hiddenapi: Accessing hidden method Lcom/android/org/conscrypt/AbstractConscryptSocket;->setAlpnProtocols([B)V (runtime_flags=0, domain=core-platform, api=max-target-q) from Lokhttp3/internal/platform/OptionalMethod; (domain=app) using reflection: denied
2026-02-12 18:31:47.488 14877-14877 chromium                com.murari.careerpolitics.debug      I  [INFO:CONSOLE:1] "Uncaught SyntaxError: Failed to execute 'insertBefore' on 'Node': Identifier 'registrationsPage' has already been declared", source: https://careerpolitics.com/enter (1)
2026-02-12 18:31:47.520 14877-14877 chromium                com.murari.careerpolitics.debug      I  [INFO:CONSOLE:4] "[Honeybadger] Ignoring cross-domain script error: enable CORS to track these types of errors [object Arguments]", source: https://careerpolitics.com/assets/base-f6727d0f6ba9500e4112c88a59bdae8f0e585286ddd970e4b0e7520326afe5fa.js (4)
2026-02-12 18:31:47.520 14877-14877 chromium                com.murari.careerpolitics.debug      I  [INFO:CONSOLE:1] "Uncaught TypeError: Cannot read properties of null (reading 'id')", source: https://careerpolitics.com/enter (1)
2026-02-12 18:31:47.522 14877-14877 CareerPoli...ViewClient com.murari.careerpolitics.debug      D  Could not parse user ID from body data-user attribute
2026-02-12 18:31:49.281 14877-14877 chromium                com.murari.careerpolitics.debug      I  [INFO:CONSOLE:4] "[Honeybadger] Error report failed: unknown response from server. code=403", source: https://careerpolitics.com/assets/base-f6727d0f6ba9500e4112c88a59bdae8f0e585286ddd970e4b0e7520326afe5fa.js (4)
2026-02-12 18:31:49.731 14877-14877 CareerPoli...ViewClient com.murari.careerpolitics.debug      D  Intercepting URL: https://accounts.google.com/o/oauth2/auth?access_type=offline&client_id=89605387556-4i6ndjolfd6p6458elkggt712p4a3hic.apps.googleusercontent.com&redirect_uri=https%3A%2F%2Fcareerpolitics.com%2Fusers%2Fauth%2Fgoogle_oauth2%2Fcallback&response_type=code&scope=email+profile&state=navbar_basic
2026-02-12 18:31:50.755 14877-14877 CareerPoli...ViewClient com.murari.careerpolitics.debug      D  Intercepting URL: https://careerpolitics.com/users/auth/google_oauth2/callback?state=navbar_basic&code=4%2F0ASc3gC2lv_Pnz3IO6nYPOUaLHa3q1HGW72B5rfL409xcRT5DBjXrRod6vBptO5-o1HzHMQ&scope=email+profile+https%3A%2F%2Fwww.googleapis.com%2Fauth%2Fuserinfo.profile+https%3A%2F%2Fwww.googleapis.com%2Fauth%2Fuserinfo.email+openid&authuser=0&prompt=none
2026-02-12 18:31:51.482 14877-14877 CareerPoli...ViewClient com.murari.careerpolitics.debug      D  Intercepting URL: https://careerpolitics.com/enter?signin=true
2026-02-12 18:31:51.616 14877-14877 CareerPoli...ViewClient com.murari.careerpolitics.debug      D  Intercepting URL: https://careerpolitics.com/?signin=true
2026-02-12 18:31:51.802 14877-14915 rpolitics.debug         com.murari.careerpolitics.debug      E  hiddenapi: Accessing hidden method Lcom/android/org/conscrypt/ConscryptEngineSocket;->setUseSessionTickets(Z)V (runtime_flags=CorePlatformApi, domain=core-platform, api=max-target-q,core-platform-api) from Lokhttp3/internal/platform/OptionalMethod; (domain=app) using reflection: denied
2026-02-12 18:31:51.802 14877-14915 rpolitics.debug         com.murari.careerpolitics.debug      E  hiddenapi: Accessing hidden method Lcom/android/org/conscrypt/OpenSSLSocketImpl;->setUseSessionTickets(Z)V (runtime_flags=CorePlatformApi, domain=core-platform, api=max-target-q,core-platform-api) from Lokhttp3/internal/platform/OptionalMethod; (domain=app) using reflection: denied
2026-02-12 18:31:51.802 14877-14915 rpolitics.debug         com.murari.careerpolitics.debug      E  hiddenapi: Accessing hidden method Lcom/android/org/conscrypt/AbstractConscryptSocket;->setUseSessionTickets(Z)V (runtime_flags=0, domain=core-platform, api=max-target-q) from Lokhttp3/internal/platform/OptionalMethod; (domain=app) using reflection: denied
2026-02-12 18:31:51.802 14877-14915 rpolitics.debug         com.murari.careerpolitics.debug      E  hiddenapi: Accessing hidden method Lcom/android/org/conscrypt/ConscryptEngineSocket;->setHostname(Ljava/lang/String;)V (runtime_flags=CorePlatformApi, domain=core-platform, api=max-target-q,core-platform-api) from Lokhttp3/internal/platform/OptionalMethod; (domain=app) using reflection: denied
2026-02-12 18:31:51.802 14877-14915 rpolitics.debug         com.murari.careerpolitics.debug      E  hiddenapi: Accessing hidden method Lcom/android/org/conscrypt/OpenSSLSocketImpl;->setHostname(Ljava/lang/String;)V (runtime_flags=CorePlatformApi, domain=core-platform, api=max-target-q,core-platform-api) from Lokhttp3/internal/platform/OptionalMethod; (domain=app) using reflection: denied
2026-02-12 18:31:51.802 14877-14915 rpolitics.debug         com.murari.careerpolitics.debug      E  hiddenapi: Accessing hidden method Lcom/android/org/conscrypt/AbstractConscryptSocket;->setHostname(Ljava/lang/String;)V (runtime_flags=0, domain=core-platform, api=max-target-q) from Lokhttp3/internal/platform/OptionalMethod; (domain=app) using reflection: denied
2026-02-12 18:31:51.802 14877-14915 rpolitics.debug         com.murari.careerpolitics.debug      E  hiddenapi: Accessing hidden method Lcom/android/org/conscrypt/OpenSSLSocketImpl;->setAlpnProtocols([B)V (runtime_flags=CorePlatformApi, domain=core-platform, api=max-target-q,core-platform-api) from Lokhttp3/internal/platform/OptionalMethod; (domain=app) using reflection: denied
2026-02-12 18:31:51.802 14877-14915 rpolitics.debug         com.murari.careerpolitics.debug      E  hiddenapi: Accessing hidden method Lcom/android/org/conscrypt/AbstractConscryptSocket;->setAlpnProtocols([B)V (runtime_flags=0, domain=core-platform, api=max-target-q) from Lokhttp3/internal/platform/OptionalMethod; (domain=app) using reflection: denied
2026-02-12 18:31:51.867 14877-14877 chromium                com.murari.careerpolitics.debug      I  [INFO:CONSOLE:1] "Uncaught TypeError: Cannot read properties of undefined (reading 'getAttribute')", source: https://careerpolitics.com/?signin=true (1)
2026-02-12 18:31:51.869 14877-14877 CareerPoli...ViewClient com.murari.careerpolitics.debug      D  Could not parse user ID from body data-user attribute
2026-02-12 18:31:52.179 14877-14877 CareerPoli...ViewClient com.murari.careerpolitics.debug      D  User authenticated detected. Registering FCM token.
2026-02-12 18:31:52.241 14877-14913 PushNotificationService com.murari.careerpolitics.debug      D  FCM token obtained: cHxuBxwVTeivP8On7AA3
2026-02-12 18:31:52.718 14877-14913 PushNotificationService com.murari.careerpolitics.debug      D  FCM token registered successfully: {"success":true,"device_id":1}
2026-02-12 18:31:55.749 14877-14877 chromium                com.murari.careerpolitics.debug      I  [INFO:CONSOLE:0] "The resource https://careerpolitics.com/sidebars/home was preloaded using link preload but not used within a few seconds from the window's load event. Please make sure it has an appropriate `as` value and it is preloaded intentionally.", source: https://careerpolitics.com/?signin=true (0)
2026-02-12 18:32:00.249 14877-14877 FirebaseSessions        com.murari.careerpolitics.debug      D  App backgrounded on com.murari.careerpolitics.debug
2026-02-12 18:32:00.781 14877-14877 chromium                com.murari.careerpolitics.debug      I  [INFO:CONSOLE:0] "The resource https://careerpolitics.com/sidebars/home was preloaded using link preload but not used within a few seconds from the window's load event. Please make sure it has an appropriate `as` value and it is preloaded intentionally.", source: https://careerpolitics.com/?signin=true (0)
2026-02-12 18:32:00.887 14877-14877 VRI[MainActivity]       com.murari.careerpolitics.debug      D  visibilityChanged oldVisibility=true newVisibility=false
2026-02-12 18:32:00.891 14877-14877 WindowOnBackDispatcher  com.murari.careerpolitics.debug      W  sendCancelIfRunning: isInProgress=false callback=androidx.navigationevent.OnBackInvokedInput$createOnBackAnimationCallback$1@8f3c1aa
2026-02-12 18:32:02.522 14877-14899 FA                      com.murari.careerpolitics.debug      I  Application backgrounded at: timestamp_millis: 1770901320517
2026-02-12 18:32:05.135 14877-14915 rpolitics.debug         com.murari.careerpolitics.debug      E  hiddenapi: Accessing hidden method Lcom/android/org/conscrypt/ConscryptEngineSocket;->setUseSessionTickets(Z)V (runtime_flags=CorePlatformApi, domain=core-platform, api=max-target-q,core-platform-api) from Lokhttp3/internal/platform/OptionalMethod; (domain=app) using reflection: denied
2026-02-12 18:32:05.135 14877-14915 rpolitics.debug         com.murari.careerpolitics.debug      E  hiddenapi: Accessing hidden method Lcom/android/org/conscrypt/OpenSSLSocketImpl;->setUseSessionTickets(Z)V (runtime_flags=CorePlatformApi, domain=core-platform, api=max-target-q,core-platform-api) from Lokhttp3/internal/platform/OptionalMethod; (domain=app) using reflection: denied
2026-02-12 18:32:05.135 14877-14915 rpolitics.debug         com.murari.careerpolitics.debug      E  hiddenapi: Accessing hidden method Lcom/android/org/conscrypt/AbstractConscryptSocket;->setUseSessionTickets(Z)V (runtime_flags=0, domain=core-platform, api=max-target-q) from Lokhttp3/internal/platform/OptionalMethod; (domain=app) using reflection: denied
2026-02-12 18:32:05.136 14877-14915 rpolitics.debug         com.murari.careerpolitics.debug      E  hiddenapi: Accessing hidden method Lcom/android/org/conscrypt/ConscryptEngineSocket;->setHostname(Ljava/lang/String;)V (runtime_flags=CorePlatformApi, domain=core-platform, api=max-target-q,core-platform-api) from Lokhttp3/internal/platform/OptionalMethod; (domain=app) using reflection: denied
2026-02-12 18:32:05.136 14877-14915 rpolitics.debug         com.murari.careerpolitics.debug      E  hiddenapi: Accessing hidden method Lcom/android/org/conscrypt/OpenSSLSocketImpl;->setHostname(Ljava/lang/String;)V (runtime_flags=CorePlatformApi, domain=core-platform, api=max-target-q,core-platform-api) from Lokhttp3/internal/platform/OptionalMethod; (domain=app) using reflection: denied
2026-02-12 18:32:05.136 14877-14915 rpolitics.debug         com.murari.careerpolitics.debug      E  hiddenapi: Accessing hidden method Lcom/android/org/conscrypt/AbstractConscryptSocket;->setHostname(Ljava/lang/String;)V (runtime_flags=0, domain=core-platform, api=max-target-q) from Lokhttp3/internal/platform/OptionalMethod; (domain=app) using reflection: denied
2026-02-12 18:32:05.137 14877-14915 rpolitics.debug         com.murari.careerpolitics.debug      E  hiddenapi: Accessing hidden method Lcom/android/org/conscrypt/OpenSSLSocketImpl;->setAlpnProtocols([B)V (runtime_flags=CorePlatformApi, domain=core-platform, api=max-target-q,core-platform-api) from Lokhttp3/internal/platform/OptionalMethod; (domain=app) using reflection: denied
2026-02-12 18:32:05.137 14877-14915 rpolitics.debug         com.murari.careerpolitics.debug      E  hiddenapi: Accessing hidden method Lcom/android/org/conscrypt/AbstractConscryptSocket;->setAlpnProtocols([B)V (runtime_flags=0, domain=core-platform, api=max-target-q) from Lokhttp3/internal/platform/OptionalMethod; (domain=app) using reflection: denied
2026-02-12 18:32:30.218 14877-14900 TRuntime.C...ortBackend com.murari.careerpolitics.debug      I  Making request to: https://firebaselogging-pa.googleapis.com/v1/firelog/legacy/batchlog
2026-02-12 18:32:33.794 14877-14900 TRuntime.C...ortBackend com.murari.careerpolitics.debug      I  Status Code: 200
2026-02-12 18:32:34.456 14877-14915 rpolitics.debug         com.murari.careerpolitics.debug      E  hiddenapi: Accessing hidden method Lcom/android/org/conscrypt/ConscryptEngineSocket;->setUseSessionTickets(Z)V (runtime_flags=CorePlatformApi, domain=core-platform, api=max-target-q,core-platform-api) from Lokhttp3/internal/platform/OptionalMethod; (domain=app) using reflection: denied
2026-02-12 18:32:34.456 14877-14915 rpolitics.debug         com.murari.careerpolitics.debug      E  hiddenapi: Accessing hidden method Lcom/android/org/conscrypt/OpenSSLSocketImpl;->setUseSessionTickets(Z)V (runtime_flags=CorePlatformApi, domain=core-platform, api=max-target-q,core-platform-api) from Lokhttp3/internal/platform/OptionalMethod; (domain=app) using reflection: denied
2026-02-12 18:32:34.456 14877-14915 rpolitics.debug         com.murari.careerpolitics.debug      E  hiddenapi: Accessing hidden method Lcom/android/org/conscrypt/AbstractConscryptSocket;->setUseSessionTickets(Z)V (runtime_flags=0, domain=core-platform, api=max-target-q) from Lokhttp3/internal/platform/OptionalMethod; (domain=app) using reflection: denied
2026-02-12 18:32:34.457 14877-14915 rpolitics.debug         com.murari.careerpolitics.debug      E  hiddenapi: Accessing hidden method Lcom/android/org/conscrypt/ConscryptEngineSocket;->setHostname(Ljava/lang/String;)V (runtime_flags=CorePlatformApi, domain=core-platform, api=max-target-q,core-platform-api) from Lokhttp3/internal/platform/OptionalMethod; (domain=app) using reflection: denied
2026-02-12 18:32:34.457 14877-14915 rpolitics.debug         com.murari.careerpolitics.debug      E  hiddenapi: Accessing hidden method Lcom/android/org/conscrypt/OpenSSLSocketImpl;->setHostname(Ljava/lang/String;)V (runtime_flags=CorePlatformApi, domain=core-platform, api=max-target-q,core-platform-api) from Lokhttp3/internal/platform/OptionalMethod; (domain=app) using reflection: denied
2026-02-12 18:32:34.457 14877-14915 rpolitics.debug         com.murari.careerpolitics.debug      E  hiddenapi: Accessing hidden method Lcom/android/org/conscrypt/AbstractConscryptSocket;->setHostname(Ljava/lang/String;)V (runtime_flags=0, domain=core-platform, api=max-target-q) from Lokhttp3/internal/platform/OptionalMethod; (domain=app) using reflection: denied
2026-02-12 18:32:34.457 14877-14915 rpolitics.debug         com.murari.careerpolitics.debug      E  hiddenapi: Accessing hidden method Lcom/android/org/conscrypt/OpenSSLSocketImpl;->setAlpnProtocols([B)V (runtime_flags=CorePlatformApi, domain=core-platform, api=max-target-q,core-platform-api) from Lokhttp3/internal/platform/OptionalMethod; (domain=app) using reflection: denied
2026-02-12 18:32:34.457 14877-14915 rpolitics.debug         com.murari.careerpolitics.debug      E  hiddenapi: Accessing hidden method Lcom/android/org/conscrypt/AbstractConscryptSocket;->setAlpnProtocols([B)V (runtime_flags=0, domain=core-platform, api=max-target-q) from Lokhttp3/internal/platform/OptionalMethod; (domain=app) using reflection: denied
2026-02-12 18:38:02.541 17075-17075 rpolitics.debug         com.murari.careerpolitics.debug      I  Late-enabling -Xcheck:jni
2026-02-12 18:38:02.718 17075-17075 rpolitics.debug         com.murari.careerpolitics.debug      I  Using CollectorTypeCMC GC.
2026-02-12 18:38:02.762 17075-17075 rpolitics.debug         com.murari.careerpolitics.debug      W  Unexpected CPU variant for x86: x86_64.
                                                                                                    Known variants: atom, sandybridge, silvermont, goldmont, goldmont-plus, goldmont-without-sha-xsaves, tremont, kabylake, alderlake, default
2026-02-12 18:38:03.024 17075-17075 nativeloader            com.murari.careerpolitics.debug      D  Load libframework-connectivity-tiramisu-jni.so using APEX ns com_android_tethering for caller /apex/com.android.tethering/javalib/framework-connectivity-t.jar: ok
2026-02-12 18:38:03.380 17075-17075 ApplicationLoaders      com.murari.careerpolitics.debug      D  Returning zygote-cached class loader: /system_ext/framework/androidx.window.extensions.jar
2026-02-12 18:38:03.380 17075-17075 ApplicationLoaders      com.murari.careerpolitics.debug      D  Returning zygote-cached class loader: /system_ext/framework/androidx.window.sidecar.jar
2026-02-12 18:38:04.205 17075-17075 nativeloader            com.murari.careerpolitics.debug      D  Configuring clns-9 for other apk /data/app/~~j87ERG30r8Q5cxvh2XCIqQ==/com.murari.careerpolitics.debug-Ajm2kYabLwafLHvXrvHgxg==/base.apk. target_sdk_version=36, uses_libraries=, library_path=/data/app/~~j87ERG30r8Q5cxvh2XCIqQ==/com.murari.careerpolitics.debug-Ajm2kYabLwafLHvXrvHgxg==/lib/x86_64:/data/app/~~j87ERG30r8Q5cxvh2XCIqQ==/com.murari.careerpolitics.debug-Ajm2kYabLwafLHvXrvHgxg==/base.apk!/lib/x86_64, permitted_path=/data:/mnt/expand:/data/user/0/com.murari.careerpolitics.debug
2026-02-12 18:38:04.234 17075-17075 rpolitics.debug         com.murari.careerpolitics.debug      I  AssetManager2(0x795ef882c2b8) locale list changing from [] to [en-US]
2026-02-12 18:38:04.278 17075-17075 GraphicsEnvironment     com.murari.careerpolitics.debug      V  Currently set values for:
2026-02-12 18:38:04.278 17075-17075 GraphicsEnvironment     com.murari.careerpolitics.debug      V    angle_gl_driver_selection_pkgs=[]
2026-02-12 18:38:04.278 17075-17075 GraphicsEnvironment     com.murari.careerpolitics.debug      V    angle_gl_driver_selection_values=[]
2026-02-12 18:38:04.278 17075-17075 GraphicsEnvironment     com.murari.careerpolitics.debug      V  com.murari.careerpolitics.debug is not listed in per-application setting
2026-02-12 18:38:04.278 17075-17075 GraphicsEnvironment     com.murari.careerpolitics.debug      V  ANGLE allowlist from config: com.dreamgames.royalmatch com.dts.freefiremax com.dxx.firenow com.gramgames.mergedragons com.ludo.king com.mojang.minecraftpe com.my.defense com.nintendo.zaka com.os.airforce com.playrix.fishdomdd.gplay io.teslatech.callbreak jp.konami.prospia net.peakgames.toonblast
2026-02-12 18:38:04.278 17075-17075 GraphicsEnvironment     com.murari.careerpolitics.debug      V  com.murari.careerpolitics.debug is not listed in ANGLE allowlist or settings, returning default
2026-02-12 18:38:04.279 17075-17075 GraphicsEnvironment     com.murari.careerpolitics.debug      V  Neither updatable production driver nor prerelease driver is supported.
2026-02-12 18:38:04.298 17075-17075 MultiDex                com.murari.careerpolitics.debug      I  VM with version 2.1.0 has multidex support
2026-02-12 18:38:04.299 17075-17075 MultiDex                com.murari.careerpolitics.debug      I  Installing application
2026-02-12 18:38:04.299 17075-17075 MultiDex                com.murari.careerpolitics.debug      I  VM has multidex support, MultiDex support library is disabled.
2026-02-12 18:38:04.469 17075-17075 FirebaseSessions        com.murari.careerpolitics.debug      D  Dependency to CRASHLYTICS added.
2026-02-12 18:38:04.491 17075-17075 FirebaseApp             com.murari.careerpolitics.debug      I  Device unlocked: initializing all Firebase APIs for app [DEFAULT]
2026-02-12 18:38:04.597 17075-17075 FirebaseCrashlytics     com.murari.careerpolitics.debug      I  Initializing Firebase Crashlytics 20.0.4 for com.murari.careerpolitics.debug
2026-02-12 18:38:04.766 17075-17075 FirebaseSessions        com.murari.careerpolitics.debug      D  Subscriber CRASHLYTICS registered.
2026-02-12 18:38:04.794 17075-17104 rpolitics.debug         com.murari.careerpolitics.debug      W  ClassLoaderContext classpath size mismatch. expected=1, found=0 (DLC[];PCL[base.apk*630649996]{PCL[/system/framework/org.apache.http.legacy.jar*4247870504]#PCL[/system/framework/com.android.media.remotedisplay.jar*487574312]#PCL[/system/framework/com.android.location.provider.jar*1570284764]#PCL[/system_ext/framework/androidx.window.extensions.jar*1030441313]#PCL[/system_ext/framework/androidx.window.sidecar.jar*3860983653]} | DLC[];PCL[])
2026-02-12 18:38:04.805 17075-17104 DynamiteModule          com.murari.careerpolitics.debug      I  Considering local module com.google.android.gms.measurement.dynamite:155 and remote module com.google.android.gms.measurement.dynamite:170
2026-02-12 18:38:04.805 17075-17104 DynamiteModule          com.murari.careerpolitics.debug      I  Selected remote version of com.google.android.gms.measurement.dynamite, version >= 170
2026-02-12 18:38:04.806 17075-17104 DynamiteModule          com.murari.careerpolitics.debug      V  Dynamite loader version >= 2, using loadModule2NoCrashUtils
2026-02-12 18:38:04.832 17075-17104 System                  com.murari.careerpolitics.debug      W  ClassLoader referenced unknown path:
2026-02-12 18:38:04.834 17075-17104 nativeloader            com.murari.careerpolitics.debug      D  Configuring clns-10 for other apk . target_sdk_version=36, uses_libraries=, library_path=/data/app/~~AQIoxwX_bQS00w1beXC_GA==/com.google.android.gms-wCGpIy5s3YYDXYNXs-N6yg==/lib/x86_64:/data/app/~~AQIoxwX_bQS00w1beXC_GA==/com.google.android.gms-wCGpIy5s3YYDXYNXs-N6yg==/base.apk!/lib/x86_64, permitted_path=/data:/mnt/expand:/data/user/0/com.google.android.gms
2026-02-12 18:38:04.929 17075-17104 rpolitics.debug         com.murari.careerpolitics.debug      I  AssetManager2(0x795ef8824298) locale list changing from [] to [en-US]
2026-02-12 18:38:04.969 17075-17104 rpolitics.debug         com.murari.careerpolitics.debug      W  ClassLoaderContext classpath element checksum mismatch. expected=630649996, found=991587985 (DLC[];PCL[base.apk*630649996]{PCL[/system/framework/org.apache.http.legacy.jar*4247870504]#PCL[/system/framework/com.android.media.remotedisplay.jar*487574312]#PCL[/system/framework/com.android.location.provider.jar*1570284764]#PCL[/system_ext/framework/androidx.window.extensions.jar*1030441313]#PCL[/system_ext/framework/androidx.window.sidecar.jar*3860983653]} | DLC[];PCL[/data/app/~~j87ERG30r8Q5cxvh2XCIqQ==/com.murari.careerpolitics.debug-Ajm2kYabLwafLHvXrvHgxg==/base.apk*991587985]{PCL[/system_ext/framework/androidx.window.extensions.jar*1030441313]#PCL[/system_ext/framework/androidx.window.sidecar.jar*3860983653]})
2026-02-12 18:38:05.036 17075-17108 ashmem                  com.murari.careerpolitics.debug      E  Pinning is deprecated since Android Q. Please use trim or other methods.
2026-02-12 18:38:05.045 17075-17104 rpolitics.debug         com.murari.careerpolitics.debug      I  AssetManager2(0x795ef8822678) locale list changing from [] to [en-US]
2026-02-12 18:38:05.046 17075-17104 rpolitics.debug         com.murari.careerpolitics.debug      I  AssetManager2(0x795ef882a378) locale list changing from [] to [en-US]
2026-02-12 18:38:05.268 17075-17115 rpolitics.debug         com.murari.careerpolitics.debug      I  hiddenapi: Accessing hidden method Ldalvik/system/VMStack;->getStackClass2()Ljava/lang/Class; (runtime_flags=0, domain=core-platform, api=unsupported) from Lm7/aox; (domain=app) using reflection: allowed
2026-02-12 18:38:05.328 17075-17075 nativeloader            com.murari.careerpolitics.debug      D  Load /data/app/~~j87ERG30r8Q5cxvh2XCIqQ==/com.murari.careerpolitics.debug-Ajm2kYabLwafLHvXrvHgxg==/base.apk!/lib/x86_64/libdatastore_shared_counter.so using class loader ns clns-9 (caller=/data/app/~~j87ERG30r8Q5cxvh2XCIqQ==/com.murari.careerpolitics.debug-Ajm2kYabLwafLHvXrvHgxg==/base.apk!classes15.dex): ok
2026-02-12 18:38:05.367 17075-17116 FirebaseCrashlytics     com.murari.careerpolitics.debug      I  Saved version control info
2026-02-12 18:38:05.431 17075-17113 rpolitics.debug         com.murari.careerpolitics.debug      E  No package ID 6a found for resource ID 0x6a0b0013.
2026-02-12 18:38:05.434 17075-17113 FA                      com.murari.careerpolitics.debug      I  App measurement initialized, version: 146007
2026-02-12 18:38:05.434 17075-17113 FA                      com.murari.careerpolitics.debug      I  To enable debug logging run: adb shell setprop log.tag.FA VERBOSE
2026-02-12 18:38:05.434 17075-17113 FA                      com.murari.careerpolitics.debug      I  To enable faster debug mode event logging run:
                                                                                                      adb shell setprop debug.firebase.analytics.app com.murari.careerpolitics.debug
2026-02-12 18:38:05.555 17075-17075 FirebaseSessions        com.murari.careerpolitics.debug      D  Initializing Firebase Sessions 3.0.4.
2026-02-12 18:38:05.558 17075-17075 FirebaseInitProvider    com.murari.careerpolitics.debug      I  FirebaseApp initialization successful
2026-02-12 18:38:05.738 17075-17116 FirebaseSessions        com.murari.careerpolitics.debug      D  Notified CRASHLYTICS of new session 6c7e558528ad4a93ab6c56a0754ed7cf
2026-02-12 18:38:05.790 17075-17075 rpolitics.debug         com.murari.careerpolitics.debug      I  hiddenapi: Accessing hidden method Ldalvik/system/CloseGuard;->get()Ldalvik/system/CloseGuard; (runtime_flags=CorePlatformApi, domain=core-platform, api=unsupported,core-platform-api) from Lokhttp3/internal/platform/AndroidPlatform$CloseGuard; (domain=app) using reflection: allowed
2026-02-12 18:38:05.790 17075-17075 rpolitics.debug         com.murari.careerpolitics.debug      I  hiddenapi: Accessing hidden method Ldalvik/system/CloseGuard;->open(Ljava/lang/String;)V (runtime_flags=CorePlatformApi, domain=core-platform, api=unsupported,core-platform-api) from Lokhttp3/internal/platform/AndroidPlatform$CloseGuard; (domain=app) using reflection: allowed
2026-02-12 18:38:05.790 17075-17075 rpolitics.debug         com.murari.careerpolitics.debug      I  hiddenapi: Accessing hidden method Ldalvik/system/CloseGuard;->warnIfOpen()V (runtime_flags=CorePlatformApi, domain=core-platform, api=unsupported,core-platform-api) from Lokhttp3/internal/platform/AndroidPlatform$CloseGuard; (domain=app) using reflection: allowed
2026-02-12 18:38:07.496 17075-17075 Drawable                com.murari.careerpolitics.debug      E  Unable to decode stream: android.graphics.ImageDecoder$DecodeException: Failed to create image decoder with message 'unimplemented'Input contained an error.
2026-02-12 18:38:07.519 17075-17075 WM-WrkMgrInitializer    com.murari.careerpolitics.debug      D  Initializing WorkManager with default configuration.
2026-02-12 18:38:07.672 17075-17132 DisplayManager          com.murari.careerpolitics.debug      I  Choreographer implicitly registered for the refresh rate.
2026-02-12 18:38:07.683 17075-17075 rpolitics.debug         com.murari.careerpolitics.debug      I  AssetManager2(0x795ef8830db8) locale list changing from [] to [en-US]
2026-02-12 18:38:07.852 17075-17132 EGL_emulation           com.murari.careerpolitics.debug      I  Opening libGLESv1_CM_emulation.so
2026-02-12 18:38:07.854 17075-17132 EGL_emulation           com.murari.careerpolitics.debug      I  Opening libGLESv2_emulation.so
2026-02-12 18:38:07.872 17075-17132 HWUI                    com.murari.careerpolitics.debug      W  Failed to choose config with EGL_SWAP_BEHAVIOR_PRESERVED, retrying without...
2026-02-12 18:38:07.873 17075-17132 HWUI                    com.murari.careerpolitics.debug      W  Failed to initialize 101010-2 format, error = EGL_SUCCESS
2026-02-12 18:38:07.902 17075-17075 AppCompatDelegate       com.murari.careerpolitics.debug      D  Checking for metadata for AppLocalesMetadataHolderService : Service not found
2026-02-12 18:38:07.903 17075-17075 rpolitics.debug         com.murari.careerpolitics.debug      I  AssetManager2(0x795ef882dbb8) locale list changing from [] to [en-US]
2026-02-12 18:38:07.979 17075-17075 CompatChangeReporter    com.murari.careerpolitics.debug      D  Compat change id reported: 377864165; UID 10218; state: ENABLED
2026-02-12 18:38:07.981 17075-17075 DesktopModeFlags        com.murari.careerpolitics.debug      D  Toggle override initialized to: OVERRIDE_UNSET
2026-02-12 18:38:08.005 17075-17126 rpolitics.debug         com.murari.careerpolitics.debug      E  hiddenapi: Accessing hidden method Lcom/android/org/conscrypt/ConscryptEngineSocket;->setUseSessionTickets(Z)V (runtime_flags=CorePlatformApi, domain=core-platform, api=max-target-q,core-platform-api) from Lokhttp3/internal/platform/OptionalMethod; (domain=app) using reflection: denied
2026-02-12 18:38:08.006 17075-17126 rpolitics.debug         com.murari.careerpolitics.debug      E  hiddenapi: Accessing hidden method Lcom/android/org/conscrypt/OpenSSLSocketImpl;->setUseSessionTickets(Z)V (runtime_flags=CorePlatformApi, domain=core-platform, api=max-target-q,core-platform-api) from Lokhttp3/internal/platform/OptionalMethod; (domain=app) using reflection: denied
2026-02-12 18:38:08.006 17075-17126 rpolitics.debug         com.murari.careerpolitics.debug      E  hiddenapi: Accessing hidden method Lcom/android/org/conscrypt/AbstractConscryptSocket;->setUseSessionTickets(Z)V (runtime_flags=0, domain=core-platform, api=max-target-q) from Lokhttp3/internal/platform/OptionalMethod; (domain=app) using reflection: denied
2026-02-12 18:38:08.006 17075-17126 rpolitics.debug         com.murari.careerpolitics.debug      E  hiddenapi: Accessing hidden method Lcom/android/org/conscrypt/ConscryptEngineSocket;->setHostname(Ljava/lang/String;)V (runtime_flags=CorePlatformApi, domain=core-platform, api=max-target-q,core-platform-api) from Lokhttp3/internal/platform/OptionalMethod; (domain=app) using reflection: denied
2026-02-12 18:38:08.006 17075-17126 rpolitics.debug         com.murari.careerpolitics.debug      E  hiddenapi: Accessing hidden method Lcom/android/org/conscrypt/OpenSSLSocketImpl;->setHostname(Ljava/lang/String;)V (runtime_flags=CorePlatformApi, domain=core-platform, api=max-target-q,core-platform-api) from Lokhttp3/internal/platform/OptionalMethod; (domain=app) using reflection: denied
2026-02-12 18:38:08.006 17075-17126 rpolitics.debug         com.murari.careerpolitics.debug      E  hiddenapi: Accessing hidden method Lcom/android/org/conscrypt/AbstractConscryptSocket;->setHostname(Ljava/lang/String;)V (runtime_flags=0, domain=core-platform, api=max-target-q) from Lokhttp3/internal/platform/OptionalMethod; (domain=app) using reflection: denied
2026-02-12 18:38:08.006 17075-17126 rpolitics.debug         com.murari.careerpolitics.debug      E  hiddenapi: Accessing hidden method Lcom/android/org/conscrypt/OpenSSLSocketImpl;->setAlpnProtocols([B)V (runtime_flags=CorePlatformApi, domain=core-platform, api=max-target-q,core-platform-api) from Lokhttp3/internal/platform/OptionalMethod; (domain=app) using reflection: denied
2026-02-12 18:38:08.006 17075-17126 rpolitics.debug         com.murari.careerpolitics.debug      E  hiddenapi: Accessing hidden method Lcom/android/org/conscrypt/AbstractConscryptSocket;->setAlpnProtocols([B)V (runtime_flags=0, domain=core-platform, api=max-target-q) from Lokhttp3/internal/platform/OptionalMethod; (domain=app) using reflection: denied
2026-02-12 18:38:08.027 17075-17075 rpolitics.debug         com.murari.careerpolitics.debug      I  hiddenapi: Accessing hidden method Landroid/view/ViewGroup;->makeOptionalFitsSystemWindows()V (runtime_flags=0, domain=platform, api=unsupported) from Landroidx/appcompat/widget/ViewUtils; (domain=app) using reflection: allowed
2026-02-12 18:38:08.219 17075-17075 rpolitics.debug         com.murari.careerpolitics.debug      I  AssetManager2(0x795ef882d898) locale list changing from [] to [en-US]
2026-02-12 18:38:08.220 17075-17075 WebViewFactory          com.murari.careerpolitics.debug      I  Loading com.google.android.webview version 144.0.7559.132 (code 755913208)
2026-02-12 18:38:08.221 17075-17075 rpolitics.debug         com.murari.careerpolitics.debug      I  AssetManager2(0x795ef88310d8) locale list changing from [] to [en-US]
2026-02-12 18:38:08.222 17075-17075 rpolitics.debug         com.murari.careerpolitics.debug      I  AssetManager2(0x795ef8830a98) locale list changing from [] to [en-US]
2026-02-12 18:38:08.223 17075-17075 rpolitics.debug         com.murari.careerpolitics.debug      I  AssetManager2(0x795ef882a698) locale list changing from [] to [en-US]
2026-02-12 18:38:08.223 17075-17075 rpolitics.debug         com.murari.careerpolitics.debug      I  AssetManager2(0x795ef882eb58) locale list changing from [] to [en-US]
2026-02-12 18:38:08.225 17075-17075 rpolitics.debug         com.murari.careerpolitics.debug      I  AssetManager2(0x795ef882b958) locale list changing from [] to [en-US]
2026-02-12 18:38:08.226 17075-17075 rpolitics.debug         com.murari.careerpolitics.debug      I  AssetManager2(0x795ef882acd8) locale list changing from [] to [en-US]
2026-02-12 18:38:08.226 17075-17075 ResourcesManager        com.murari.careerpolitics.debug      V  The following library key has been added: ResourcesKey{ mHash=816d2ce0 mResDir=null mSplitDirs=[] mOverlayDirs=[] mLibDirs=[/data/app/~~Zoz9scfpKRPwcfNxpCnAGw==/com.google.android.webview-WR1Tj74jeepPylNgXkwJIw==/base.apk,/system/framework/android.test.base.jar] mDisplayId=0 mOverrideConfig=v36 mCompatInfo={440dpi always-compat} mLoaders=[]}
2026-02-12 18:38:08.228 17075-17075 ApplicationLoaders      com.murari.careerpolitics.debug      D  Returning zygote-cached class loader: /system/framework/android.test.base.jar
2026-02-12 18:38:08.228 17075-17075 ApplicationLoaders      com.murari.careerpolitics.debug      D  Returning zygote-cached class loader: /system_ext/framework/androidx.window.extensions.jar
2026-02-12 18:38:08.237 17075-17075 rpolitics.debug         com.murari.careerpolitics.debug      W  Loading /data/app/~~Zoz9scfpKRPwcfNxpCnAGw==/com.google.android.webview-WR1Tj74jeepPylNgXkwJIw==/oat/x86_64/base.odex non-executable as it requires an image which we failed to load
2026-02-12 18:38:08.241 17075-17075 nativeloader            com.murari.careerpolitics.debug      D  Configuring clns-11 for other apk /data/app/~~Zoz9scfpKRPwcfNxpCnAGw==/com.google.android.webview-WR1Tj74jeepPylNgXkwJIw==/base.apk. target_sdk_version=36, uses_libraries=, library_path=/data/app/~~Zoz9scfpKRPwcfNxpCnAGw==/com.google.android.webview-WR1Tj74jeepPylNgXkwJIw==/lib/x86_64:/data/app/~~Zoz9scfpKRPwcfNxpCnAGw==/com.google.android.webview-WR1Tj74jeepPylNgXkwJIw==/base.apk!/lib/x86_64, permitted_path=/data:/mnt/expand
2026-02-12 18:38:08.395 17075-17075 cr_WVCFactoryProvider   com.murari.careerpolitics.debug      I  version=144.0.7559.132 (755913208) minSdkVersion=29 multiprocess=true packageId=2 splits=<none>
2026-02-12 18:38:08.404 17075-17075 nativeloader            com.murari.careerpolitics.debug      D  Load /data/app/~~Zoz9scfpKRPwcfNxpCnAGw==/com.google.android.webview-WR1Tj74jeepPylNgXkwJIw==/base.apk!/lib/x86_64/libwebviewchromium.so using class loader ns clns-11 (caller=/data/app/~~Zoz9scfpKRPwcfNxpCnAGw==/com.google.android.webview-WR1Tj74jeepPylNgXkwJIw==/base.apk): ok
2026-02-12 18:38:08.442 17075-17075 nativeloader            com.murari.careerpolitics.debug      D  Load /system/lib64/libwebviewchromium_plat_support.so using class loader ns clns-11 (caller=/data/app/~~Zoz9scfpKRPwcfNxpCnAGw==/com.google.android.webview-WR1Tj74jeepPylNgXkwJIw==/base.apk): ok
2026-02-12 18:38:08.481 17075-17137 chromium                com.murari.careerpolitics.debug      E  [0212/183808.460942:ERROR:android_webview/browser/variations/variations_seed_loader.cc:39] Seed missing signature.
2026-02-12 18:38:08.487 17075-17137 chromium                com.murari.careerpolitics.debug      I  [0212/183808.482618:INFO:android_webview/browser/variations/variations_seed_loader.cc:67] Failed to open file for reading.: No such file or directory (2)
2026-02-12 18:38:08.533 17075-17075 cr_LibraryLoader        com.murari.careerpolitics.debug      I  Successfully loaded native library
2026-02-12 18:38:08.550 17075-17075 cr_CachingUmaRecorder   com.murari.careerpolitics.debug      I  Flushed 20 samples from 20 histograms, 0 samples were dropped.
2026-02-12 18:38:08.566 17075-17075 cr_CombinedPProvider    com.murari.careerpolitics.debug      I  #registerProvider() provider:WV.rk@25095c3 isPolicyCacheEnabled:false policyProvidersSize:0
2026-02-12 18:38:08.569 17075-17075 cr_PolicyProvider       com.murari.careerpolitics.debug      I  #setManagerAndSource() 0
2026-02-12 18:38:08.575 17075-17075 cr_DisplayManager       com.murari.careerpolitics.debug      I  Is Display Topology available: false
2026-02-12 18:38:08.576 17075-17075 rpolitics.debug         com.murari.careerpolitics.debug      I  AssetManager2(0x795ef88313f8) locale list changing from [] to [en-US]
2026-02-12 18:38:08.582 17075-17075 rpolitics.debug         com.murari.careerpolitics.debug      I  AssetManager2(0x795ef882ded8) locale list changing from [] to [en-US]
2026-02-12 18:38:08.742 17075-17075 cr_CombinedPProvider    com.murari.careerpolitics.debug      I  #linkNativeInternal() 1
2026-02-12 18:38:08.751 17075-17075 cr_AppResProvider       com.murari.careerpolitics.debug      I  #getApplicationRestrictionsFromUserManager() Bundle[EMPTY_PARCEL]
2026-02-12 18:38:08.752 17075-17075 cr_PolicyProvider       com.murari.careerpolitics.debug      I  #notifySettingsAvailable() 0
2026-02-12 18:38:08.752 17075-17075 cr_CombinedPProvider    com.murari.careerpolitics.debug      I  #onSettingsAvailable() 0
2026-02-12 18:38:08.752 17075-17075 cr_CombinedPProvider    com.murari.careerpolitics.debug      I  #flushPolicies()
2026-02-12 18:38:08.792 17075-17126 rpolitics.debug         com.murari.careerpolitics.debug      E  hiddenapi: Accessing hidden method Lcom/android/org/conscrypt/ConscryptEngineSocket;->setUseSessionTickets(Z)V (runtime_flags=CorePlatformApi, domain=core-platform, api=max-target-q,core-platform-api) from Lokhttp3/internal/platform/OptionalMethod; (domain=app) using reflection: denied
2026-02-12 18:38:08.792 17075-17126 rpolitics.debug         com.murari.careerpolitics.debug      E  hiddenapi: Accessing hidden method Lcom/android/org/conscrypt/OpenSSLSocketImpl;->setUseSessionTickets(Z)V (runtime_flags=CorePlatformApi, domain=core-platform, api=max-target-q,core-platform-api) from Lokhttp3/internal/platform/OptionalMethod; (domain=app) using reflection: denied
2026-02-12 18:38:08.793 17075-17126 rpolitics.debug         com.murari.careerpolitics.debug      E  hiddenapi: Accessing hidden method Lcom/android/org/conscrypt/AbstractConscryptSocket;->setUseSessionTickets(Z)V (runtime_flags=0, domain=core-platform, api=max-target-q) from Lokhttp3/internal/platform/OptionalMethod; (domain=app) using reflection: denied
2026-02-12 18:38:08.794 17075-17126 rpolitics.debug         com.murari.careerpolitics.debug      E  hiddenapi: Accessing hidden method Lcom/android/org/conscrypt/ConscryptEngineSocket;->setHostname(Ljava/lang/String;)V (runtime_flags=CorePlatformApi, domain=core-platform, api=max-target-q,core-platform-api) from Lokhttp3/internal/platform/OptionalMethod; (domain=app) using reflection: denied
2026-02-12 18:38:08.794 17075-17126 rpolitics.debug         com.murari.careerpolitics.debug      E  hiddenapi: Accessing hidden method Lcom/android/org/conscrypt/OpenSSLSocketImpl;->setHostname(Ljava/lang/String;)V (runtime_flags=CorePlatformApi, domain=core-platform, api=max-target-q,core-platform-api) from Lokhttp3/internal/platform/OptionalMethod; (domain=app) using reflection: denied
2026-02-12 18:38:08.794 17075-17126 rpolitics.debug         com.murari.careerpolitics.debug      E  hiddenapi: Accessing hidden method Lcom/android/org/conscrypt/AbstractConscryptSocket;->setHostname(Ljava/lang/String;)V (runtime_flags=0, domain=core-platform, api=max-target-q) from Lokhttp3/internal/platform/OptionalMethod; (domain=app) using reflection: denied
2026-02-12 18:38:08.797 17075-17126 rpolitics.debug         com.murari.careerpolitics.debug      E  hiddenapi: Accessing hidden method Lcom/android/org/conscrypt/OpenSSLSocketImpl;->setAlpnProtocols([B)V (runtime_flags=CorePlatformApi, domain=core-platform, api=max-target-q,core-platform-api) from Lokhttp3/internal/platform/OptionalMethod; (domain=app) using reflection: denied
2026-02-12 18:38:08.797 17075-17126 rpolitics.debug         com.murari.careerpolitics.debug      E  hiddenapi: Accessing hidden method Lcom/android/org/conscrypt/AbstractConscryptSocket;->setAlpnProtocols([B)V (runtime_flags=0, domain=core-platform, api=max-target-q) from Lokhttp3/internal/platform/OptionalMethod; (domain=app) using reflection: denied
2026-02-12 18:38:09.088 17075-17075 chromium                com.murari.careerpolitics.debug      W  [WARNING:android_webview/browser/network_service/net_helpers.cc:137] HTTP Cache size is: 20971520
