2025-12-15 10:48:09.157 23930-23971 rpolitics.debug         com.murari.careerpolitics.debug      W  ClassLoaderContext classpath size mismatch. expected=1, found=6 (DLC[];PCL[base.apk*630649996]{PCL[/system/framework/org.apache.http.legacy.jar*4247870504]#PCL[/system/framework/com.android.media.remotedisplay.jar*487574312]#PCL[/system/framework/com.android.location.provider.jar*1570284764]#PCL[/system_ext/framework/androidx.window.extensions.jar*1030441313]#PCL[/system_ext/framework/androidx.window.sidecar.jar*3860983653]} | DLC[];PCL[/data/data/com.murari.careerpolitics.debug/code_cache/.overlay/base.apk/classes4.dex*3167800976:/data/data/com.murari.careerpolitics.debug/code_cache/.overlay/base.apk/classes5.dex*2643557667:/data/data/com.murari.careerpolitics.debug/code_cache/.overlay/base.apk/classes6.dex*4219720525:/data/data/com.murari.careerpolitics.debug/code_cache/.overlay/base.apk/classes8.dex*4140169887:/data/data/com.murari.careerpolitics.debug/code_cache/.overlay/base.apk/classes11.dex*3825558672:/data/app/~~2BJ9Uq4TV1Mjywn2zEaxMA==/com.murari.careerpolitics.debug-NeNsvHQ7r4vDDJetB0H65A==/base.apk*2083434016]{PCL[/system_ext/framework/androidx.window.extensions.jar*1030441313]#PCL[/system_ext/framework/androidx.window.sidecar.jar*3860983653]})
2025-12-15 10:48:09.237 23930-23971 rpolitics.debug         com.murari.careerpolitics.debug      I  AssetManager2(0x7d9e3a33b898) locale list changing from [] to [en-US]
2025-12-15 10:48:09.238 23930-23971 rpolitics.debug         com.murari.careerpolitics.debug      I  AssetManager2(0x7d9e3a3341d8) locale list changing from [] to [en-US]
2025-12-15 10:48:09.453 23930-23930 nativeloader            com.murari.careerpolitics.debug      D  Load /data/app/~~2BJ9Uq4TV1Mjywn2zEaxMA==/com.murari.careerpolitics.debug-NeNsvHQ7r4vDDJetB0H65A==/base.apk!/lib/x86_64/libdatastore_shared_counter.so using class loader ns clns-9 (caller=/data/app/~~2BJ9Uq4TV1Mjywn2zEaxMA==/com.murari.careerpolitics.debug-NeNsvHQ7r4vDDJetB0H65A==/base.apk!classes15.dex): ok
2025-12-15 10:48:10.021 23930-23977 rpolitics.debug         com.murari.careerpolitics.debug      I  hiddenapi: Accessing hidden method Ldalvik/system/VMStack;->getStackClass2()Ljava/lang/Class; (runtime_flags=0, domain=core-platform, api=unsupported) from Lm7/aox; (domain=app) using reflection: allowed
2025-12-15 10:48:10.212 23930-23977 PhClient                com.murari.careerpolitics.debug      I  Unable to retrieve flag snapshot for com.google.android.gms.measurement#com.murari.careerpolitics.debug, using defaults.
2025-12-15 10:48:10.275 23930-23976 rpolitics.debug         com.murari.careerpolitics.debug      E  No package ID 6a found for resource ID 0x6a0b0013.
2025-12-15 10:48:10.284 23930-23976 FA                      com.murari.careerpolitics.debug      I  App measurement initialized, version: 146007
2025-12-15 10:48:10.285 23930-23976 FA                      com.murari.careerpolitics.debug      I  To enable debug logging run: adb shell setprop log.tag.FA VERBOSE
2025-12-15 10:48:10.285 23930-23976 FA                      com.murari.careerpolitics.debug      I  To enable faster debug mode event logging run:
                                                                                                      adb shell setprop debug.firebase.analytics.app com.murari.careerpolitics.debug
2025-12-15 10:48:10.509 23930-23930 FirebaseSessions        com.murari.careerpolitics.debug      D  Initializing Firebase Sessions 3.0.3.
2025-12-15 10:48:10.641 23930-23930 FirebaseCrashlytics     com.murari.careerpolitics.debug      I  Initializing Firebase Crashlytics 20.0.3 for com.murari.careerpolitics.debug
2025-12-15 10:48:10.932 23930-23930 FirebaseSessions        com.murari.careerpolitics.debug      D  Subscriber CRASHLYTICS registered.
2025-12-15 10:48:11.557 23930-23984 rpolitics.debug         com.murari.careerpolitics.debug      W  Verification of void com.google.firebase.sessions.SessionDetails.<clinit>() took 182.283ms (49.37 bytecodes/s) (0B arena alloc)
2025-12-15 10:48:11.560 23930-23930 rpolitics.debug         com.murari.careerpolitics.debug      W  Verification of void com.google.firebase.crashlytics.internal.model.AutoCrashlyticsReportEncoder.configure(com.google.firebase.encoders.config.EncoderConfig) took 323.648ms (1127.77 bytecodes/s) (0B arena alloc)
2025-12-15 10:48:11.574 23930-23980 rpolitics.debug         com.murari.careerpolitics.debug      W  Verification of java.lang.Object kotlinx.serialization.internal.DoubleSerializer.deserialize(kotlinx.serialization.encoding.Decoder) took 182.071ms (27.46 bytecodes/s) (0B arena alloc)
2025-12-15 10:48:11.620 23930-23979 FirebaseSessions        com.murari.careerpolitics.debug      D  Notified CRASHLYTICS of new session 4b85876751314d049be6e526b8efea8d
2025-12-15 10:48:11.941 23930-23988 ashmem                  com.murari.careerpolitics.debug      E  Pinning is deprecated since Android Q. Please use trim or other methods.
2025-12-15 10:48:12.003 23930-23930 FirebaseInitProvider    com.murari.careerpolitics.debug      I  FirebaseApp initialization successful
2025-12-15 10:48:12.235 23930-23936 rpolitics.debug         com.murari.careerpolitics.debug      I  Background concurrent mark compact GC freed 4166KB AllocSpace bytes, 13(364KB) LOS objects, 49% free, 3366KB/6732KB, paused 5.548ms,11.722ms total 154.599ms
2025-12-15 10:48:12.298 23930-23983 FirebaseCrashlytics     com.murari.careerpolitics.debug      I  Saved version control info
2025-12-15 10:48:12.599 23930-23976 FA                      com.murari.careerpolitics.debug      I  Tag Manager is not found and thus will not be used
2025-12-15 10:48:13.161 23930-23930 rpolitics.debug         com.murari.careerpolitics.debug      W  Verification of java.lang.Object com.google.gson.internal.bind.ObjectTypeAdapter.readTerminal(com.google.gson.stream.JsonReader, com.google.gson.stream.JsonToken) took 119.299ms (620.29 bytecodes/s) (0B arena alloc)
2025-12-15 10:48:13.174 23930-23989 rpolitics.debug         com.murari.careerpolitics.debug      W  Verification of androidx.datastore.preferences.protobuf.Internal$BooleanList androidx.datastore.preferences.protobuf.GeneratedMessageLite.emptyBooleanList() took 132.028ms (37.87 bytecodes/s) (0B arena alloc)
2025-12-15 10:48:13.875 23930-23930 rpolitics.debug         com.murari.careerpolitics.debug      I  hiddenapi: Accessing hidden method Ldalvik/system/CloseGuard;->get()Ldalvik/system/CloseGuard; (runtime_flags=CorePlatformApi, domain=core-platform, api=unsupported,core-platform-api) from Lokhttp3/internal/platform/AndroidPlatform$CloseGuard; (domain=app) using reflection: allowed
2025-12-15 10:48:13.876 23930-23930 rpolitics.debug         com.murari.careerpolitics.debug      I  hiddenapi: Accessing hidden method Ldalvik/system/CloseGuard;->open(Ljava/lang/String;)V (runtime_flags=CorePlatformApi, domain=core-platform, api=unsupported,core-platform-api) from Lokhttp3/internal/platform/AndroidPlatform$CloseGuard; (domain=app) using reflection: allowed
2025-12-15 10:48:13.877 23930-23930 rpolitics.debug         com.murari.careerpolitics.debug      I  hiddenapi: Accessing hidden method Ldalvik/system/CloseGuard;->warnIfOpen()V (runtime_flags=CorePlatformApi, domain=core-platform, api=unsupported,core-platform-api) from Lokhttp3/internal/platform/AndroidPlatform$CloseGuard; (domain=app) using reflection: allowed
2025-12-15 10:48:14.384 23930-23930 rpolitics.debug         com.murari.careerpolitics.debug      W  Verification of void kotlin.reflect.jvm.internal.KClassImpl$Data.<init>(kotlin.reflect.jvm.internal.KClassImpl) took 173.766ms (1525.04 bytecodes/s) (0B arena alloc)
2025-12-15 10:48:15.446 23930-23930 rpolitics.debug         com.murari.careerpolitics.debug      W  Verification of kotlin.reflect.jvm.internal.impl.descriptors.ClassDescriptor kotlin.reflect.jvm.internal.impl.descriptors.NotFoundClasses$classes$1.invoke(kotlin.reflect.jvm.internal.impl.descriptors.NotFoundClasses$ClassRequest) took 120.881ms (1125.07 bytecodes/s) (0B arena alloc)
2025-12-15 10:48:16.173 23930-23930 rpolitics.debug         com.murari.careerpolitics.debug      W  Verification of java.util.List kotlin.reflect.jvm.internal.impl.load.kotlin.AbstractBinaryClassAnnotationLoader.loadPropertyAnnotations(kotlin.reflect.jvm.internal.impl.serialization.deserialization.ProtoContainer, kotlin.reflect.jvm.internal.impl.metadata.ProtoBuf$Property, kotlin.reflect.jvm.internal.impl.load.kotlin.AbstractBinaryClassAnnotationLoader$PropertyRelatedElement) took 212.981ms (727.76 bytecodes/s) (0B arena alloc)
2025-12-15 10:48:17.126 23930-23932 rpolitics.debug         com.murari.careerpolitics.debug      I  Thread[2,tid=23932,WaitingInMainSignalCatcherLoop,Thread*=0x7d9d7a32f010,peer=0x2002da0,"Signal Catcher"]: reacting to signal 3
2025-12-15 10:48:17.126 23930-23932 rpolitics.debug         com.murari.careerpolitics.debug      I
2025-12-15 10:48:17.642 23930-23932 rpolitics.debug         com.murari.careerpolitics.debug      I  Wrote stack traces to tombstoned
2025-12-15 10:48:17.692 23930-23936 rpolitics.debug         com.murari.careerpolitics.debug      I  Background concurrent mark compact GC freed 1824KB AllocSpace bytes, 19(508KB) LOS objects, 49% free, 4698KB/9397KB, paused 5.487ms,20.286ms total 110.921ms
2025-12-15 10:48:19.257 23930-23936 rpolitics.debug         com.murari.careerpolitics.debug      I  Background concurrent mark compact GC freed 3232KB AllocSpace bytes, 1(32KB) LOS objects, 49% free, 6326KB/12MB, paused 5.008ms,14.252ms total 99.677ms
2025-12-15 10:48:20.241 23930-23930 Drawable                com.murari.careerpolitics.debug      E  Unable to decode stream: android.graphics.ImageDecoder$DecodeException: Failed to create image decoder with message 'unimplemented'Input contained an error.
2025-12-15 10:48:20.241 23930-23930 Validations             com.murari.careerpolitics.debug      E  You are targeting Android Oreo and using adaptive icons without having a fallback drawable set for FCM notifications.
                                                                                                    This can cause a irreversible crash on devices using Oreo.
                                                                                                    To learn more about this issue check: https://issuetracker.google.com/issues/68716460
2025-12-15 10:48:20.421 23930-23930 WM-WrkMgrInitializer    com.murari.careerpolitics.debug      D  Initializing WorkManager with default configuration.
2025-12-15 10:48:20.819 23930-23996 rpolitics.debug         com.murari.careerpolitics.debug      E  hiddenapi: Accessing hidden method Lcom/android/org/conscrypt/ConscryptEngineSocket;->setUseSessionTickets(Z)V (runtime_flags=CorePlatformApi, domain=core-platform, api=max-target-q,core-platform-api) from Lokhttp3/internal/platform/OptionalMethod; (domain=app) using reflection: denied
2025-12-15 10:48:20.820 23930-23996 rpolitics.debug         com.murari.careerpolitics.debug      E  hiddenapi: Accessing hidden method Lcom/android/org/conscrypt/OpenSSLSocketImpl;->setUseSessionTickets(Z)V (runtime_flags=CorePlatformApi, domain=core-platform, api=max-target-q,core-platform-api) from Lokhttp3/internal/platform/OptionalMethod; (domain=app) using reflection: denied
2025-12-15 10:48:20.820 23930-23996 rpolitics.debug         com.murari.careerpolitics.debug      E  hiddenapi: Accessing hidden method Lcom/android/org/conscrypt/AbstractConscryptSocket;->setUseSessionTickets(Z)V (runtime_flags=0, domain=core-platform, api=max-target-q) from Lokhttp3/internal/platform/OptionalMethod; (domain=app) using reflection: denied
2025-12-15 10:48:20.820 23930-23996 rpolitics.debug         com.murari.careerpolitics.debug      E  hiddenapi: Accessing hidden method Lcom/android/org/conscrypt/ConscryptEngineSocket;->setHostname(Ljava/lang/String;)V (runtime_flags=CorePlatformApi, domain=core-platform, api=max-target-q,core-platform-api) from Lokhttp3/internal/platform/OptionalMethod; (domain=app) using reflection: denied
2025-12-15 10:48:20.820 23930-23996 rpolitics.debug         com.murari.careerpolitics.debug      E  hiddenapi: Accessing hidden method Lcom/android/org/conscrypt/OpenSSLSocketImpl;->setHostname(Ljava/lang/String;)V (runtime_flags=CorePlatformApi, domain=core-platform, api=max-target-q,core-platform-api) from Lokhttp3/internal/platform/OptionalMethod; (domain=app) using reflection: denied
2025-12-15 10:48:20.821 23930-23996 rpolitics.debug         com.murari.careerpolitics.debug      E  hiddenapi: Accessing hidden method Lcom/android/org/conscrypt/AbstractConscryptSocket;->setHostname(Ljava/lang/String;)V (runtime_flags=0, domain=core-platform, api=max-target-q) from Lokhttp3/internal/platform/OptionalMethod; (domain=app) using reflection: denied
2025-12-15 10:48:20.821 23930-23996 rpolitics.debug         com.murari.careerpolitics.debug      E  hiddenapi: Accessing hidden method Lcom/android/org/conscrypt/OpenSSLSocketImpl;->setAlpnProtocols([B)V (runtime_flags=CorePlatformApi, domain=core-platform, api=max-target-q,core-platform-api) from Lokhttp3/internal/platform/OptionalMethod; (domain=app) using reflection: denied
2025-12-15 10:48:20.821 23930-23996 rpolitics.debug         com.murari.careerpolitics.debug      E  hiddenapi: Accessing hidden method Lcom/android/org/conscrypt/AbstractConscryptSocket;->setAlpnProtocols([B)V (runtime_flags=0, domain=core-platform, api=max-target-q) from Lokhttp3/internal/platform/OptionalMethod; (domain=app) using reflection: denied
2025-12-15 10:48:21.238 23930-23930 rpolitics.debug         com.murari.careerpolitics.debug      W  Verification of void com.murari.careerpolitics.MyEventBusIndex.<clinit>() took 432.999ms (170.90 bytecodes/s) (0B arena alloc)
2025-12-15 10:48:21.279 23930-23930 Choreographer           com.murari.careerpolitics.debug      I  Skipped 31 frames!  The application may be doing too much work on its main thread.
2025-12-15 10:48:21.299 23930-24003 DisplayManager          com.murari.careerpolitics.debug      I  Choreographer implicitly registered for the refresh rate.
2025-12-15 10:48:21.303 23930-23930 rpolitics.debug         com.murari.careerpolitics.debug      I  AssetManager2(0x7d9e3a331c58) locale list changing from [] to [en-US]
2025-12-15 10:48:21.608 23930-23996 rpolitics.debug         com.murari.careerpolitics.debug      E  hiddenapi: Accessing hidden method Lcom/android/org/conscrypt/ConscryptEngineSocket;->setUseSessionTickets(Z)V (runtime_flags=CorePlatformApi, domain=core-platform, api=max-target-q,core-platform-api) from Lokhttp3/internal/platform/OptionalMethod; (domain=app) using reflection: denied
2025-12-15 10:48:21.609 23930-23996 rpolitics.debug         com.murari.careerpolitics.debug      E  hiddenapi: Accessing hidden method Lcom/android/org/conscrypt/OpenSSLSocketImpl;->setUseSessionTickets(Z)V (runtime_flags=CorePlatformApi, domain=core-platform, api=max-target-q,core-platform-api) from Lokhttp3/internal/platform/OptionalMethod; (domain=app) using reflection: denied
2025-12-15 10:48:21.612 23930-23996 rpolitics.debug         com.murari.careerpolitics.debug      E  hiddenapi: Accessing hidden method Lcom/android/org/conscrypt/AbstractConscryptSocket;->setUseSessionTickets(Z)V (runtime_flags=0, domain=core-platform, api=max-target-q) from Lokhttp3/internal/platform/OptionalMethod; (domain=app) using reflection: denied
2025-12-15 10:48:21.612 23930-23996 rpolitics.debug         com.murari.careerpolitics.debug      E  hiddenapi: Accessing hidden method Lcom/android/org/conscrypt/ConscryptEngineSocket;->setHostname(Ljava/lang/String;)V (runtime_flags=CorePlatformApi, domain=core-platform, api=max-target-q,core-platform-api) from Lokhttp3/internal/platform/OptionalMethod; (domain=app) using reflection: denied
2025-12-15 10:48:21.612 23930-23996 rpolitics.debug         com.murari.careerpolitics.debug      E  hiddenapi: Accessing hidden method Lcom/android/org/conscrypt/OpenSSLSocketImpl;->setHostname(Ljava/lang/String;)V (runtime_flags=CorePlatformApi, domain=core-platform, api=max-target-q,core-platform-api) from Lokhttp3/internal/platform/OptionalMethod; (domain=app) using reflection: denied
2025-12-15 10:48:21.613 23930-23996 rpolitics.debug         com.murari.careerpolitics.debug      E  hiddenapi: Accessing hidden method Lcom/android/org/conscrypt/AbstractConscryptSocket;->setHostname(Ljava/lang/String;)V (runtime_flags=0, domain=core-platform, api=max-target-q) from Lokhttp3/internal/platform/OptionalMethod; (domain=app) using reflection: denied
2025-12-15 10:48:21.613 23930-23996 rpolitics.debug         com.murari.careerpolitics.debug      E  hiddenapi: Accessing hidden method Lcom/android/org/conscrypt/OpenSSLSocketImpl;->setAlpnProtocols([B)V (runtime_flags=CorePlatformApi, domain=core-platform, api=max-target-q,core-platform-api) from Lokhttp3/internal/platform/OptionalMethod; (domain=app) using reflection: denied
2025-12-15 10:48:21.615 23930-23996 rpolitics.debug         com.murari.careerpolitics.debug      E  hiddenapi: Accessing hidden method Lcom/android/org/conscrypt/AbstractConscryptSocket;->setAlpnProtocols([B)V (runtime_flags=0, domain=core-platform, api=max-target-q) from Lokhttp3/internal/platform/OptionalMethod; (domain=app) using reflection: denied
2025-12-15 10:48:21.741 23930-24003 EGL_emulation           com.murari.careerpolitics.debug      I  Opening libGLESv1_CM_emulation.so
2025-12-15 10:48:21.752 23930-24003 EGL_emulation           com.murari.careerpolitics.debug      I  Opening libGLESv2_emulation.so
2025-12-15 10:48:21.796 23930-24003 HWUI                    com.murari.careerpolitics.debug      W  Failed to choose config with EGL_SWAP_BEHAVIOR_PRESERVED, retrying without...
2025-12-15 10:48:21.797 23930-24003 HWUI                    com.murari.careerpolitics.debug      W  Failed to initialize 101010-2 format, error = EGL_SUCCESS
2025-12-15 10:48:22.322 23930-23930 rpolitics.debug         com.murari.careerpolitics.debug      W  Verification of void com.murari.careerpolitics.util.AndroidWebViewBridge.onUserAuthenticated() took 335.456ms (50.68 bytecodes/s) (0B arena alloc)
2025-12-15 10:48:22.399 23930-23930 rpolitics.debug         com.murari.careerpolitics.debug      I  AssetManager2(0x7d9e3a334b38) locale list changing from [] to [en-US]
2025-12-15 10:48:22.594 23930-23930 AppCompatDelegate       com.murari.careerpolitics.debug      D  Checking for metadata for AppLocalesMetadataHolderService : Service not found
2025-12-15 10:48:22.594 23930-23930 rpolitics.debug         com.murari.careerpolitics.debug      I  AssetManager2(0x7d9e3a334e58) locale list changing from [] to [en-US]
2025-12-15 10:48:22.744 23930-23930 CompatChangeReporter    com.murari.careerpolitics.debug      D  Compat change id reported: 377864165; UID 10222; state: ENABLED
2025-12-15 10:48:22.750 23930-23930 DesktopModeFlags        com.murari.careerpolitics.debug      D  Toggle override initialized to: OVERRIDE_UNSET
2025-12-15 10:48:22.918 23930-23930 rpolitics.debug         com.murari.careerpolitics.debug      I  hiddenapi: Accessing hidden method Landroid/view/ViewGroup;->makeOptionalFitsSystemWindows()V (runtime_flags=0, domain=platform, api=unsupported) from Landroidx/appcompat/widget/ViewUtils; (domain=app) using reflection: allowed
2025-12-15 10:48:23.024 23930-23936 rpolitics.debug         com.murari.careerpolitics.debug      I  Background concurrent mark compact GC freed 4327KB AllocSpace bytes, 2(52KB) LOS objects, 49% free, 7827KB/15MB, paused 10.875ms,12.774ms total 244.589ms
2025-12-15 10:48:23.561 23930-23930 rpolitics.debug         com.murari.careerpolitics.debug      I  AssetManager2(0x7d9e3a33f3f8) locale list changing from [] to [en-US]
2025-12-15 10:48:23.562 23930-23930 WebViewFactory          com.murari.careerpolitics.debug      I  Loading com.google.android.webview version 143.0.7499.34 (code 749903438)
2025-12-15 10:48:23.565 23930-23930 ResourcesManager        com.murari.careerpolitics.debug      W  Found a null ResourcesImpl, skipped.
2025-12-15 10:48:23.565 23930-23930 ResourcesManager        com.murari.careerpolitics.debug      W  Found a null ResourcesImpl, skipped.
2025-12-15 10:48:23.569 23930-23930 rpolitics.debug         com.murari.careerpolitics.debug      I  AssetManager2(0x7d9e3a33bed8) locale list changing from [] to [en-US]
2025-12-15 10:48:23.572 23930-23930 rpolitics.debug         com.murari.careerpolitics.debug      I  AssetManager2(0x7d9e3a33af38) locale list changing from [] to [en-US]
2025-12-15 10:48:23.573 23930-23930 rpolitics.debug         com.murari.careerpolitics.debug      I  AssetManager2(0x7d9e3a33ea98) locale list changing from [] to [en-US]
2025-12-15 10:48:23.576 23930-23930 rpolitics.debug         com.murari.careerpolitics.debug      I  AssetManager2(0x7d9e3a338698) locale list changing from [] to [en-US]
2025-12-15 10:48:23.582 23930-23930 rpolitics.debug         com.murari.careerpolitics.debug      I  AssetManager2(0x7d9e3a33e458) locale list changing from [] to [en-US]
2025-12-15 10:48:23.584 23930-23930 ResourcesManager        com.murari.careerpolitics.debug      V  The following library key has been added: ResourcesKey{ mHash=3aa3c134 mResDir=null mSplitDirs=[] mOverlayDirs=[] mLibDirs=[/data/app/~~OsJa6jbAoEZyJCl0uQiAYQ==/com.google.android.webview-fJgAUiqxzH2T0Y2DsvtPHg==/base.apk,/data/app/~~1hUcyRCCH5yq8-iUDmM00A==/com.google.android.trichromelibrary_749903438-tF5-tBEkH8Gc7a_h-eXfyQ==/base.apk] mDisplayId=0 mOverrideConfig=v36 mCompatInfo={420dpi always-compat} mLoaders=[]}
2025-12-15 10:48:23.600 23930-23930 rpolitics.debug         com.murari.careerpolitics.debug      W  Failed to find entry 'classes.dex': Entry not found
2025-12-15 10:48:23.601 23930-23930 nativeloader            com.murari.careerpolitics.debug      D  Configuring clns-11 for other apk /data/app/~~1hUcyRCCH5yq8-iUDmM00A==/com.google.android.trichromelibrary_749903438-tF5-tBEkH8Gc7a_h-eXfyQ==/base.apk. target_sdk_version=36, uses_libraries=ALL, library_path=/data/app/~~OsJa6jbAoEZyJCl0uQiAYQ==/com.google.android.webview-fJgAUiqxzH2T0Y2DsvtPHg==/lib/x86_64:/data/app/~~OsJa6jbAoEZyJCl0uQiAYQ==/com.google.android.webview-fJgAUiqxzH2T0Y2DsvtPHg==/base.apk!/lib/x86_64:/data/app/~~1hUcyRCCH5yq8-iUDmM00A==/com.google.android.trichromelibrary_749903438-tF5-tBEkH8Gc7a_h-eXfyQ==/base.apk!/lib/x86_64, permitted_path=/data:/mnt/expand
2025-12-15 10:48:23.606 23930-23996 rpolitics.debug         com.murari.careerpolitics.debug      E  hiddenapi: Accessing hidden method Lcom/android/org/conscrypt/ConscryptEngineSocket;->setUseSessionTickets(Z)V (runtime_flags=CorePlatformApi, domain=core-platform, api=max-target-q,core-platform-api) from Lokhttp3/internal/platform/OptionalMethod; (domain=app) using reflection: denied
2025-12-15 10:48:23.607 23930-23996 rpolitics.debug         com.murari.careerpolitics.debug      E  hiddenapi: Accessing hidden method Lcom/android/org/conscrypt/OpenSSLSocketImpl;->setUseSessionTickets(Z)V (runtime_flags=CorePlatformApi, domain=core-platform, api=max-target-q,core-platform-api) from Lokhttp3/internal/platform/OptionalMethod; (domain=app) using reflection: denied
2025-12-15 10:48:23.609 23930-23996 rpolitics.debug         com.murari.careerpolitics.debug      E  hiddenapi: Accessing hidden method Lcom/android/org/conscrypt/AbstractConscryptSocket;->setUseSessionTickets(Z)V (runtime_flags=0, domain=core-platform, api=max-target-q) from Lokhttp3/internal/platform/OptionalMethod; (domain=app) using reflection: denied
2025-12-15 10:48:23.615 23930-23996 rpolitics.debug         com.murari.careerpolitics.debug      E  hiddenapi: Accessing hidden method Lcom/android/org/conscrypt/ConscryptEngineSocket;->setHostname(Ljava/lang/String;)V (runtime_flags=CorePlatformApi, domain=core-platform, api=max-target-q,core-platform-api) from Lokhttp3/internal/platform/OptionalMethod; (domain=app) using reflection: denied
2025-12-15 10:48:23.615 23930-23996 rpolitics.debug         com.murari.careerpolitics.debug      E  hiddenapi: Accessing hidden method Lcom/android/org/conscrypt/OpenSSLSocketImpl;->setHostname(Ljava/lang/String;)V (runtime_flags=CorePlatformApi, domain=core-platform, api=max-target-q,core-platform-api) from Lokhttp3/internal/platform/OptionalMethod; (domain=app) using reflection: denied
2025-12-15 10:48:23.615 23930-23996 rpolitics.debug         com.murari.careerpolitics.debug      E  hiddenapi: Accessing hidden method Lcom/android/org/conscrypt/AbstractConscryptSocket;->setHostname(Ljava/lang/String;)V (runtime_flags=0, domain=core-platform, api=max-target-q) from Lokhttp3/internal/platform/OptionalMethod; (domain=app) using reflection: denied
2025-12-15 10:48:23.616 23930-23996 rpolitics.debug         com.murari.careerpolitics.debug      E  hiddenapi: Accessing hidden method Lcom/android/org/conscrypt/OpenSSLSocketImpl;->setAlpnProtocols([B)V (runtime_flags=CorePlatformApi, domain=core-platform, api=max-target-q,core-platform-api) from Lokhttp3/internal/platform/OptionalMethod; (domain=app) using reflection: denied
2025-12-15 10:48:23.617 23930-23996 rpolitics.debug         com.murari.careerpolitics.debug      E  hiddenapi: Accessing hidden method Lcom/android/org/conscrypt/AbstractConscryptSocket;->setAlpnProtocols([B)V (runtime_flags=0, domain=core-platform, api=max-target-q) from Lokhttp3/internal/platform/OptionalMethod; (domain=app) using reflection: denied
2025-12-15 10:48:23.630 23930-23930 ApplicationLoaders      com.murari.careerpolitics.debug      D  Returning zygote-cached class loader: /system_ext/framework/androidx.window.extensions.jar
2025-12-15 10:48:23.650 23930-23930 rpolitics.debug         com.murari.careerpolitics.debug      W  Loading /data/app/~~OsJa6jbAoEZyJCl0uQiAYQ==/com.google.android.webview-fJgAUiqxzH2T0Y2DsvtPHg==/oat/x86_64/base.odex non-executable as it requires an image which we failed to load
2025-12-15 10:48:23.661 23930-23930 nativeloader            com.murari.careerpolitics.debug      D  Configuring clns-12 for other apk /data/app/~~OsJa6jbAoEZyJCl0uQiAYQ==/com.google.android.webview-fJgAUiqxzH2T0Y2DsvtPHg==/base.apk. target_sdk_version=36, uses_libraries=, library_path=/data/app/~~OsJa6jbAoEZyJCl0uQiAYQ==/com.google.android.webview-fJgAUiqxzH2T0Y2DsvtPHg==/lib/x86_64:/data/app/~~OsJa6jbAoEZyJCl0uQiAYQ==/com.google.android.webview-fJgAUiqxzH2T0Y2DsvtPHg==/base.apk!/lib/x86_64:/data/app/~~1hUcyRCCH5yq8-iUDmM00A==/com.google.android.trichromelibrary_749903438-tF5-tBEkH8Gc7a_h-eXfyQ==/base.apk!/lib/x86_64, permitted_path=/data:/mnt/expand
2025-12-15 10:48:23.942 23930-23930 cr_WVCFactoryProvider   com.murari.careerpolitics.debug      I  version=143.0.7499.34 (749903438) minSdkVersion=29 multiprocess=true packageId=2 splits=<none>
2025-12-15 10:48:23.998 23930-23930 nativeloader            com.murari.careerpolitics.debug      D  Load /data/app/~~1hUcyRCCH5yq8-iUDmM00A==/com.google.android.trichromelibrary_749903438-tF5-tBEkH8Gc7a_h-eXfyQ==/base.apk!/lib/x86_64/libmonochrome_64.so using class loader ns clns-12 (caller=/data/app/~~OsJa6jbAoEZyJCl0uQiAYQ==/com.google.android.webview-fJgAUiqxzH2T0Y2DsvtPHg==/base.apk): ok
2025-12-15 10:48:24.048 23930-23930 nativeloader            com.murari.careerpolitics.debug      D  Load /system/lib64/libwebviewchromium_plat_support.so using class loader ns clns-12 (caller=/data/app/~~OsJa6jbAoEZyJCl0uQiAYQ==/com.google.android.webview-fJgAUiqxzH2T0Y2DsvtPHg==/base.apk): ok
2025-12-15 10:48:24.169 23930-24007 chromium                com.murari.careerpolitics.debug      E  [1215/104824.148134:ERROR:android_webview/browser/variations/variations_seed_loader.cc:39] Seed missing signature.
2025-12-15 10:48:24.196 23930-24007 chromium                com.murari.careerpolitics.debug      I  [INFO:android_webview/browser/variations/variations_seed_loader.cc:67] Failed to open file for reading.: No such file or directory (2)
2025-12-15 10:48:24.233 23930-23930 cr_LibraryLoader        com.murari.careerpolitics.debug      I  Successfully loaded native library
2025-12-15 10:48:24.264 23930-23930 cr_CachingUmaRecorder   com.murari.careerpolitics.debug      I  Flushed 20 samples from 20 histograms, 0 samples were dropped.
2025-12-15 10:48:24.306 23930-23930 cr_CombinedPProvider    com.murari.careerpolitics.debug      I  #registerProvider() provider:WV.jk@ea95d2e isPolicyCacheEnabled:false policyProvidersSize:0
2025-12-15 10:48:24.311 23930-23930 cr_PolicyProvider       com.murari.careerpolitics.debug      I  #setManagerAndSource() 0
2025-12-15 10:48:24.358 23930-23930 cr_DisplayManager       com.murari.careerpolitics.debug      I  Is Display Topology available: false
2025-12-15 10:48:24.376 23930-23930 rpolitics.debug         com.murari.careerpolitics.debug      I  AssetManager2(0x7d9e3a339638) locale list changing from [] to [en-US]
2025-12-15 10:48:24.386 23930-23930 rpolitics.debug         com.murari.careerpolitics.debug      I  AssetManager2(0x7d9e3a330358) locale list changing from [] to [en-US]
2025-12-15 10:48:24.588 23930-23930 cr_CombinedPProvider    com.murari.careerpolitics.debug      I  #linkNativeInternal() 1
2025-12-15 10:48:24.596 23930-23930 cr_AppResProvider       com.murari.careerpolitics.debug      I  #getApplicationRestrictionsFromUserManager() Bundle[EMPTY_PARCEL]
2025-12-15 10:48:24.597 23930-23930 cr_PolicyProvider       com.murari.careerpolitics.debug      I  #notifySettingsAvailable() 0
2025-12-15 10:48:24.597 23930-23930 cr_CombinedPProvider    com.murari.careerpolitics.debug      I  #onSettingsAvailable() 0
2025-12-15 10:48:24.597 23930-23930 cr_CombinedPProvider    com.murari.careerpolitics.debug      I  #flushPolicies()
2025-12-15 10:48:24.961 23930-23930 chromium                com.murari.careerpolitics.debug      W  [WARNING:android_webview/browser/network_service/net_helpers.cc:143] HTTP Cache size is: 20971520
2025-12-15 10:48:25.665 23930-23930 Drawable                com.murari.careerpolitics.debug      E  Unable to decode stream: android.graphics.ImageDecoder$DecodeException: Failed to create image decoder with message 'unimplemented'Input contained an error.
2025-12-15 10:48:25.665 23930-23930 Validations             com.murari.careerpolitics.debug      E  You are targeting Android Oreo and using adaptive icons without having a fallback drawable set for FCM notifications.
                                                                                                    This can cause a irreversible crash on devices using Oreo.
                                                                                                    To learn more about this issue check: https://issuetracker.google.com/issues/68716460
2025-12-15 10:48:25.724 23930-23930 CareerPoli...inActivity com.murari.careerpolitics.debug      D  Push Notifications initialized(awaiting user auth for token registration)
2025-12-15 10:48:25.860 23930-24028 cr_media                com.murari.careerpolitics.debug      W  BLUETOOTH_CONNECT permission is missing.
2025-12-15 10:48:25.876 23930-24028 cr_media                com.murari.careerpolitics.debug      W  getBluetoothAdapter() requires BLUETOOTH permission
2025-12-15 10:48:25.876 23930-24028 cr_media                com.murari.careerpolitics.debug      W  registerBluetoothIntentsIfNeeded: Requires BLUETOOTH permission
2025-12-15 10:48:25.925 23930-24049 vulkan                  com.murari.careerpolitics.debug      D  searching for layers in '/data/app/~~2BJ9Uq4TV1Mjywn2zEaxMA==/com.murari.careerpolitics.debug-NeNsvHQ7r4vDDJetB0H65A==/lib/x86_64'
2025-12-15 10:48:25.927 23930-24049 vulkan                  com.murari.careerpolitics.debug      D  searching for layers in '/data/app/~~2BJ9Uq4TV1Mjywn2zEaxMA==/com.murari.careerpolitics.debug-NeNsvHQ7r4vDDJetB0H65A==/base.apk!/lib/x86_64'
2025-12-15 10:48:26.069 23930-23930 FirebaseSessions        com.murari.careerpolitics.debug      D  App foregrounded on com.murari.careerpolitics.debug
2025-12-15 10:48:26.070 23930-23930 FirebaseSessions        com.murari.careerpolitics.debug      D  Session 4b85876751314d049be6e526b8efea8d has not backgrounded yet
2025-12-15 10:48:26.070 23930-23930 FirebaseSessions        com.murari.careerpolitics.debug      D  Process com.murari.careerpolitics.debug is stale
2025-12-15 10:48:26.110 23930-23985 FirebaseSessions        com.murari.careerpolitics.debug      D  Session 4b85876751314d049be6e526b8efea8d has not backgrounded yet
2025-12-15 10:48:26.123 23930-23985 FirebaseSessions        com.murari.careerpolitics.debug      D  Cold app start detected
2025-12-15 10:48:26.123 23930-23985 FirebaseSessions        com.murari.careerpolitics.debug      D  Process com.murari.careerpolitics.debug is stale
2025-12-15 10:48:26.197 23930-23930 HWUI                    com.murari.careerpolitics.debug      W  Unknown dataspace 0
2025-12-15 10:48:26.394 23930-23996 rpolitics.debug         com.murari.careerpolitics.debug      E  hiddenapi: Accessing hidden method Lcom/android/org/conscrypt/ConscryptEngineSocket;->setUseSessionTickets(Z)V (runtime_flags=CorePlatformApi, domain=core-platform, api=max-target-q,core-platform-api) from Lokhttp3/internal/platform/OptionalMethod; (domain=app) using reflection: denied
2025-12-15 10:48:26.401 23930-23996 rpolitics.debug         com.murari.careerpolitics.debug      E  hiddenapi: Accessing hidden method Lcom/android/org/conscrypt/OpenSSLSocketImpl;->setUseSessionTickets(Z)V (runtime_flags=CorePlatformApi, domain=core-platform, api=max-target-q,core-platform-api) from Lokhttp3/internal/platform/OptionalMethod; (domain=app) using reflection: denied
2025-12-15 10:48:26.402 23930-23996 rpolitics.debug         com.murari.careerpolitics.debug      E  hiddenapi: Accessing hidden method Lcom/android/org/conscrypt/AbstractConscryptSocket;->setUseSessionTickets(Z)V (runtime_flags=0, domain=core-platform, api=max-target-q) from Lokhttp3/internal/platform/OptionalMethod; (domain=app) using reflection: denied
2025-12-15 10:48:26.404 23930-23996 rpolitics.debug         com.murari.careerpolitics.debug      E  hiddenapi: Accessing hidden method Lcom/android/org/conscrypt/ConscryptEngineSocket;->setHostname(Ljava/lang/String;)V (runtime_flags=CorePlatformApi, domain=core-platform, api=max-target-q,core-platform-api) from Lokhttp3/internal/platform/OptionalMethod; (domain=app) using reflection: denied
2025-12-15 10:48:26.404 23930-23996 rpolitics.debug         com.murari.careerpolitics.debug      E  hiddenapi: Accessing hidden method Lcom/android/org/conscrypt/OpenSSLSocketImpl;->setHostname(Ljava/lang/String;)V (runtime_flags=CorePlatformApi, domain=core-platform, api=max-target-q,core-platform-api) from Lokhttp3/internal/platform/OptionalMethod; (domain=app) using reflection: denied
2025-12-15 10:48:26.408 23930-23996 rpolitics.debug         com.murari.careerpolitics.debug      E  hiddenapi: Accessing hidden method Lcom/android/org/conscrypt/AbstractConscryptSocket;->setHostname(Ljava/lang/String;)V (runtime_flags=0, domain=core-platform, api=max-target-q) from Lokhttp3/internal/platform/OptionalMethod; (domain=app) using reflection: denied
2025-12-15 10:48:26.429 23930-23996 rpolitics.debug         com.murari.careerpolitics.debug      E  hiddenapi: Accessing hidden method Lcom/android/org/conscrypt/OpenSSLSocketImpl;->setAlpnProtocols([B)V (runtime_flags=CorePlatformApi, domain=core-platform, api=max-target-q,core-platform-api) from Lokhttp3/internal/platform/OptionalMethod; (domain=app) using reflection: denied
2025-12-15 10:48:26.431 23930-23996 rpolitics.debug         com.murari.careerpolitics.debug      E  hiddenapi: Accessing hidden method Lcom/android/org/conscrypt/AbstractConscryptSocket;->setAlpnProtocols([B)V (runtime_flags=0, domain=core-platform, api=max-target-q) from Lokhttp3/internal/platform/OptionalMethod; (domain=app) using reflection: denied
2025-12-15 10:48:26.945 23930-23986 rpolitics.debug         com.murari.careerpolitics.debug      W  Verification of void kotlinx.serialization.json.internal.StreamingJsonEncoder.encodeEnum(kotlinx.serialization.descriptors.SerialDescriptor, int) took 381.602ms (34.07 bytecodes/s) (0B arena alloc)
2025-12-15 10:48:26.976 23930-24063 CameraManagerGlobal     com.murari.careerpolitics.debug      I  Connecting to camera service
2025-12-15 10:48:27.060 23930-23985 rpolitics.debug         com.murari.careerpolitics.debug      W  Verification of java.lang.Object kotlinx.coroutines.tasks.TasksKt.awaitImpl(com.google.android.gms.tasks.Task, com.google.android.gms.tasks.CancellationTokenSource, kotlin.coroutines.Continuation) took 451.250ms (261.50 bytecodes/s) (0B arena alloc)
2025-12-15 10:48:27.088 23930-23930 Choreographer           com.murari.careerpolitics.debug      I  Skipped 86 frames!  The application may be doing too much work on its main thread.
2025-12-15 10:48:27.148 23930-23979 FirebaseSessions        com.murari.careerpolitics.debug      D  Notified CRASHLYTICS of new session 0db277f9f1604722a82b2fec74cf90af
2025-12-15 10:48:27.209 23930-23985 FirebaseSessions        com.murari.careerpolitics.debug      D  Session Event Type: SESSION_START
2025-12-15 10:48:27.235 23930-23985 FirebaseSessions        com.murari.careerpolitics.debug      D  Successfully logged Session Start event.
2025-12-15 10:48:27.705 23930-23930 Choreographer           com.murari.careerpolitics.debug      I  Skipped 35 frames!  The application may be doing too much work on its main thread.
2025-12-15 10:48:27.792 23930-23930 CareerPoli...inActivity com.murari.careerpolitics.debug      D  Push Notifications initialized(awaiting user auth for token registration)
2025-12-15 10:48:27.831 23930-24068 rpolitics.debug         com.murari.careerpolitics.debug      W  Verification of void androidx.profileinstaller.ProfileInstaller.<clinit>() took 104.660ms (143.32 bytecodes/s) (0B arena alloc)
2025-12-15 10:48:27.864 23930-24068 ProfileInstaller        com.murari.careerpolitics.debug      D  Installing profile for com.murari.careerpolitics.debug
2025-12-15 10:48:28.393 23930-23930 InsetsController        com.murari.careerpolitics.debug      D  hide(ime(), fromIme=false)
2025-12-15 10:48:28.403 23930-23930 ImeTracker              com.murari.careerpolitics.debug      I  com.murari.careerpolitics.debug:bacf566f: onCancelled at PHASE_CLIENT_ALREADY_HIDDEN
2025-12-15 10:48:29.029 23930-23996 rpolitics.debug         com.murari.careerpolitics.debug      E  hiddenapi: Accessing hidden method Lcom/android/org/conscrypt/ConscryptEngineSocket;->setUseSessionTickets(Z)V (runtime_flags=CorePlatformApi, domain=core-platform, api=max-target-q,core-platform-api) from Lokhttp3/internal/platform/OptionalMethod; (domain=app) using reflection: denied
2025-12-15 10:48:29.034 23930-23996 rpolitics.debug         com.murari.careerpolitics.debug      E  hiddenapi: Accessing hidden method Lcom/android/org/conscrypt/OpenSSLSocketImpl;->setUseSessionTickets(Z)V (runtime_flags=CorePlatformApi, domain=core-platform, api=max-target-q,core-platform-api) from Lokhttp3/internal/platform/OptionalMethod; (domain=app) using reflection: denied
2025-12-15 10:48:29.035 23930-23996 rpolitics.debug         com.murari.careerpolitics.debug      E  hiddenapi: Accessing hidden method Lcom/android/org/conscrypt/AbstractConscryptSocket;->setUseSessionTickets(Z)V (runtime_flags=0, domain=core-platform, api=max-target-q) from Lokhttp3/internal/platform/OptionalMethod; (domain=app) using reflection: denied
2025-12-15 10:48:29.038 23930-23996 rpolitics.debug         com.murari.careerpolitics.debug      E  hiddenapi: Accessing hidden method Lcom/android/org/conscrypt/ConscryptEngineSocket;->setHostname(Ljava/lang/String;)V (runtime_flags=CorePlatformApi, domain=core-platform, api=max-target-q,core-platform-api) from Lokhttp3/internal/platform/OptionalMethod; (domain=app) using reflection: denied
2025-12-15 10:48:29.038 23930-23996 rpolitics.debug         com.murari.careerpolitics.debug      E  hiddenapi: Accessing hidden method Lcom/android/org/conscrypt/OpenSSLSocketImpl;->setHostname(Ljava/lang/String;)V (runtime_flags=CorePlatformApi, domain=core-platform, api=max-target-q,core-platform-api) from Lokhttp3/internal/platform/OptionalMethod; (domain=app) using reflection: denied
2025-12-15 10:48:29.048 23930-23996 rpolitics.debug         com.murari.careerpolitics.debug      E  hiddenapi: Accessing hidden method Lcom/android/org/conscrypt/AbstractConscryptSocket;->setHostname(Ljava/lang/String;)V (runtime_flags=0, domain=core-platform, api=max-target-q) from Lokhttp3/internal/platform/OptionalMethod; (domain=app) using reflection: denied
2025-12-15 10:48:29.049 23930-23996 rpolitics.debug         com.murari.careerpolitics.debug      E  hiddenapi: Accessing hidden method Lcom/android/org/conscrypt/OpenSSLSocketImpl;->setAlpnProtocols([B)V (runtime_flags=CorePlatformApi, domain=core-platform, api=max-target-q,core-platform-api) from Lokhttp3/internal/platform/OptionalMethod; (domain=app) using reflection: denied
2025-12-15 10:48:29.064 23930-23996 rpolitics.debug         com.murari.careerpolitics.debug      E  hiddenapi: Accessing hidden method Lcom/android/org/conscrypt/AbstractConscryptSocket;->setAlpnProtocols([B)V (runtime_flags=0, domain=core-platform, api=max-target-q) from Lokhttp3/internal/platform/OptionalMethod; (domain=app) using reflection: denied
2025-12-15 10:48:30.066 23930-23930 chromium                com.murari.careerpolitics.debug      I  [INFO:CONSOLE:1] "Uncaught TypeError: Cannot read properties of undefined (reading 'getAttribute')", source: https://careerpolitics.com/ (1)
2025-12-15 10:48:30.067 23930-23930 CareerPoli...ViewClient com.murari.careerpolitics.debug      D  Could not parse user ID from body data-user attribute
2025-12-15 10:48:31.429 23930-23930 Choreographer           com.murari.careerpolitics.debug      I  Skipped 33 frames!  The application may be doing too much work on its main thread.
2025-12-15 10:48:31.720 23930-24069 HWUI                    com.murari.careerpolitics.debug      I  Davey! duration=834ms; Flags=0, FrameTimelineVsyncId=2226486, IntendedVsync=33227595907814, Vsync=33228145907792, InputEventId=0, HandleInputStart=33228151949467, AnimationStart=33228152652767, PerformTraversalsStart=33228158836467, DrawStart=33228159231467, FrameDeadline=33228145907792, FrameStartTime=33228147769267, FrameInterval=16666666, WorkloadTarget=16666666, SyncQueued=33228160225167, SyncStart=33228160486867, IssueDrawCommandsStart=33228160650567, SwapBuffers=33228422441167, FrameCompleted=33228430957967, DequeueBufferDuration=55400, QueueBufferDuration=948100, GpuCompleted=33228430957967, SwapBuffersCompleted=33228424397567, DisplayPresentTime=0, CommandSubmissionCompleted=33228422441167,
2025-12-15 10:48:32.065 23930-23935 rpolitics.debug         com.murari.careerpolitics.debug      I  Compiler allocated 5042KB to compile void android.view.ViewRootImpl.performTraversals()
2025-12-15 10:48:33.301 23930-23996 rpolitics.debug         com.murari.careerpolitics.debug      E  hiddenapi: Accessing hidden method Lcom/android/org/conscrypt/ConscryptEngineSocket;->setUseSessionTickets(Z)V (runtime_flags=CorePlatformApi, domain=core-platform, api=max-target-q,core-platform-api) from Lokhttp3/internal/platform/OptionalMethod; (domain=app) using reflection: denied
2025-12-15 10:48:33.301 23930-23996 rpolitics.debug         com.murari.careerpolitics.debug      E  hiddenapi: Accessing hidden method Lcom/android/org/conscrypt/OpenSSLSocketImpl;->setUseSessionTickets(Z)V (runtime_flags=CorePlatformApi, domain=core-platform, api=max-target-q,core-platform-api) from Lokhttp3/internal/platform/OptionalMethod; (domain=app) using reflection: denied
2025-12-15 10:48:33.301 23930-23996 rpolitics.debug         com.murari.careerpolitics.debug      E  hiddenapi: Accessing hidden method Lcom/android/org/conscrypt/AbstractConscryptSocket;->setUseSessionTickets(Z)V (runtime_flags=0, domain=core-platform, api=max-target-q) from Lokhttp3/internal/platform/OptionalMethod; (domain=app) using reflection: denied
2025-12-15 10:48:33.301 23930-23996 rpolitics.debug         com.murari.careerpolitics.debug      E  hiddenapi: Accessing hidden method Lcom/android/org/conscrypt/ConscryptEngineSocket;->setHostname(Ljava/lang/String;)V (runtime_flags=CorePlatformApi, domain=core-platform, api=max-target-q,core-platform-api) from Lokhttp3/internal/platform/OptionalMethod; (domain=app) using reflection: denied
2025-12-15 10:48:33.301 23930-23996 rpolitics.debug         com.murari.careerpolitics.debug      E  hiddenapi: Accessing hidden method Lcom/android/org/conscrypt/OpenSSLSocketImpl;->setHostname(Ljava/lang/String;)V (runtime_flags=CorePlatformApi, domain=core-platform, api=max-target-q,core-platform-api) from Lokhttp3/internal/platform/OptionalMethod; (domain=app) using reflection: denied
2025-12-15 10:48:33.302 23930-23996 rpolitics.debug         com.murari.careerpolitics.debug      E  hiddenapi: Accessing hidden method Lcom/android/org/conscrypt/AbstractConscryptSocket;->setHostname(Ljava/lang/String;)V (runtime_flags=0, domain=core-platform, api=max-target-q) from Lokhttp3/internal/platform/OptionalMethod; (domain=app) using reflection: denied
2025-12-15 10:48:33.302 23930-23996 rpolitics.debug         com.murari.careerpolitics.debug      E  hiddenapi: Accessing hidden method Lcom/android/org/conscrypt/OpenSSLSocketImpl;->setAlpnProtocols([B)V (runtime_flags=CorePlatformApi, domain=core-platform, api=max-target-q,core-platform-api) from Lokhttp3/internal/platform/OptionalMethod; (domain=app) using reflection: denied
2025-12-15 10:48:33.302 23930-23996 rpolitics.debug         com.murari.careerpolitics.debug      E  hiddenapi: Accessing hidden method Lcom/android/org/conscrypt/AbstractConscryptSocket;->setAlpnProtocols([B)V (runtime_flags=0, domain=core-platform, api=max-target-q) from Lokhttp3/internal/platform/OptionalMethod; (domain=app) using reflection: denied
2025-12-15 10:48:34.509 23930-23930 Choreographer           com.murari.careerpolitics.debug      I  Skipped 63 frames!  The application may be doing too much work on its main thread.
2025-12-15 10:48:34.524 23930-24069 HWUI                    com.murari.careerpolitics.debug      I  Davey! duration=1181ms; Flags=0, FrameTimelineVsyncId=2227004, IntendedVsync=33230045907716, Vsync=33230045907716, InputEventId=0, HandleInputStart=33230047930867, AnimationStart=33230049932567, PerformTraversalsStart=33230054413067, DrawStart=33230055026467, FrameDeadline=33230062574382, FrameStartTime=33230047901367, FrameInterval=16666666, WorkloadTarget=16666666, SyncQueued=33230055863467, SyncStart=33230060865567, IssueDrawCommandsStart=33230062660667, SwapBuffers=33231210447967, FrameCompleted=33231232766367, DequeueBufferDuration=66500, QueueBufferDuration=2731300, GpuCompleted=33231232766367, SwapBuffersCompleted=33231214686167, DisplayPresentTime=0, CommandSubmissionCompleted=33231210447967,
2025-12-15 10:48:34.939 23930-24069 HWUI                    com.murari.careerpolitics.debug      I  Davey! duration=1129ms; Flags=0, FrameTimelineVsyncId=2227053, IntendedVsync=33230162574378, Vsync=33231212574336, InputEventId=0, HandleInputStart=33231228318067, AnimationStart=33231229205667, PerformTraversalsStart=33231238911667, DrawStart=33231239107467, FrameDeadline=33231629240986, FrameStartTime=33231227676067, FrameInterval=16666666, WorkloadTarget=16666666, SyncQueued=33231241715767, SyncStart=33231587561467, IssueDrawCommandsStart=33231592733067, SwapBuffers=33231633277367, FrameCompleted=33231637465967, DequeueBufferDuration=44800, QueueBufferDuration=2764200, GpuCompleted=33231637242067, SwapBuffersCompleted=33231637465967, DisplayPresentTime=0, CommandSubmissionCompleted=33231633277367,
2025-12-15 10:48:35.090 23930-23930 Choreographer           com.murari.careerpolitics.debug      I  Skipped 33 frames!  The application may be doing too much work on its main thread.
2025-12-15 10:48:35.220 23930-23930 CareerPoli...ViewClient com.murari.careerpolitics.debug      D  User authenticated detected. Registering FCM token.
2025-12-15 10:48:35.422 23930-23930 rpolitics.debug         com.murari.careerpolitics.debug      W  Verification of java.lang.Object com.murari.careerpolitics.services.PushNotificationService.fetchFcmToken(kotlin.coroutines.Continuation) took 201.408ms (362.45 bytecodes/s) (0B arena alloc)
2025-12-15 10:48:35.745 23930-23930 rpolitics.debug         com.murari.careerpolitics.debug      W  Verification of void com.murari.careerpolitics.services.PushNotificationService.registerFcmToken(android.content.Context) took 316.009ms (98.10 bytecodes/s) (0B arena alloc)
2025-12-15 10:48:41.878 23930-23930 chromium                com.murari.careerpolitics.debug      I  [INFO:CONSOLE:0] "The resource https://careerpolitics.com/sidebars/home was preloaded using link preload but not used within a few seconds from the window's load event. Please make sure it has an appropriate `as` value and it is preloaded intentionally.", source: https://careerpolitics.com/ (0)
2025-12-15 10:48:41.907 23930-23930 Choreographer           com.murari.careerpolitics.debug      I  Skipped 400 frames!  The application may be doing too much work on its main thread.
2025-12-15 10:48:42.132 23930-23936 rpolitics.debug         com.murari.careerpolitics.debug      I  Background concurrent mark compact GC freed 4261KB AllocSpace bytes, 39(1100KB) LOS objects, 49% free, 10MB/20MB, paused 7.327ms,11.876ms total 215.182ms
2025-12-15 10:48:47.889 23930-23996 rpolitics.debug         com.murari.careerpolitics.debug      E  hiddenapi: Accessing hidden method Lcom/android/org/conscrypt/ConscryptEngineSocket;->setUseSessionTickets(Z)V (runtime_flags=CorePlatformApi, domain=core-platform, api=max-target-q,core-platform-api) from Lokhttp3/internal/platform/OptionalMethod; (domain=app) using reflection: denied
