2025-12-29 15:30:23.307  7094-7124  nativeloader            com.murari.careerpolitics.debug      D  Configuring clns-10 for other apk . target_sdk_version=36, uses_libraries=, library_path=/data/app/~~AQIoxwX_bQS00w1beXC_GA==/com.google.android.gms-wCGpIy5s3YYDXYNXs-N6yg==/lib/x86_64:/data/app/~~AQIoxwX_bQS00w1beXC_GA==/com.google.android.gms-wCGpIy5s3YYDXYNXs-N6yg==/base.apk!/lib/x86_64, permitted_path=/data:/mnt/expand:/data/user/0/com.google.android.gms
2025-12-29 15:30:23.360  7094-7124  rpolitics.debug         com.murari.careerpolitics.debug      I  AssetManager2(0x7e66cb722d38) locale list changing from [] to [en-US]
2025-12-29 15:30:23.434  7094-7124  rpolitics.debug         com.murari.careerpolitics.debug      W  ClassLoaderContext classpath element checksum mismatch. expected=630649996, found=345285330 (DLC[];PCL[base.apk*630649996]{PCL[/system/framework/org.apache.http.legacy.jar*4247870504]#PCL[/system/framework/com.android.media.remotedisplay.jar*487574312]#PCL[/system/framework/com.android.location.provider.jar*1570284764]#PCL[/system_ext/framework/androidx.window.extensions.jar*1030441313]#PCL[/system_ext/framework/androidx.window.sidecar.jar*3860983653]} | DLC[];PCL[/data/app/~~BUWnqOqA88AnJkS_mR8J5g==/com.murari.careerpolitics.debug-sDbZGoAs0cnBapp9sbFE9A==/base.apk*345285330]{PCL[/system_ext/framework/androidx.window.extensions.jar*1030441313]#PCL[/system_ext/framework/androidx.window.sidecar.jar*3860983653]})
2025-12-29 15:30:23.455  7094-7127  ashmem                  com.murari.careerpolitics.debug      E  Pinning is deprecated since Android Q. Please use trim or other methods.
2025-12-29 15:30:23.485  7094-7094  FirebaseInitProvider    com.murari.careerpolitics.debug      I  FirebaseApp initialization successful
2025-12-29 15:30:23.640  7094-7117  FirebaseCrashlytics     com.murari.careerpolitics.debug      I  Saved version control info
2025-12-29 15:30:23.648  7094-7124  rpolitics.debug         com.murari.careerpolitics.debug      I  AssetManager2(0x7e66cb7287d8) locale list changing from [] to [en-US]
2025-12-29 15:30:23.652  7094-7124  rpolitics.debug         com.murari.careerpolitics.debug      I  AssetManager2(0x7e66cb71b998) locale list changing from [] to [en-US]
2025-12-29 15:30:24.016  7094-7094  rpolitics.debug         com.murari.careerpolitics.debug      I  hiddenapi: Accessing hidden method Ldalvik/system/CloseGuard;->get()Ldalvik/system/CloseGuard; (runtime_flags=CorePlatformApi, domain=core-platform, api=unsupported,core-platform-api) from Lokhttp3/internal/platform/AndroidPlatform$CloseGuard; (domain=app) using reflection: allowed
2025-12-29 15:30:24.018  7094-7094  rpolitics.debug         com.murari.careerpolitics.debug      I  hiddenapi: Accessing hidden method Ldalvik/system/CloseGuard;->open(Ljava/lang/String;)V (runtime_flags=CorePlatformApi, domain=core-platform, api=unsupported,core-platform-api) from Lokhttp3/internal/platform/AndroidPlatform$CloseGuard; (domain=app) using reflection: allowed
2025-12-29 15:30:24.018  7094-7094  rpolitics.debug         com.murari.careerpolitics.debug      I  hiddenapi: Accessing hidden method Ldalvik/system/CloseGuard;->warnIfOpen()V (runtime_flags=CorePlatformApi, domain=core-platform, api=unsupported,core-platform-api) from Lokhttp3/internal/platform/AndroidPlatform$CloseGuard; (domain=app) using reflection: allowed
2025-12-29 15:30:24.079  7094-7137  rpolitics.debug         com.murari.careerpolitics.debug      I  hiddenapi: Accessing hidden method Ldalvik/system/VMStack;->getStackClass2()Ljava/lang/Class; (runtime_flags=0, domain=core-platform, api=unsupported) from Lm7/aox; (domain=app) using reflection: allowed
2025-12-29 15:30:24.161  7094-7137  PhClient                com.murari.careerpolitics.debug      I  Unable to retrieve flag snapshot for com.google.android.gms.measurement#com.murari.careerpolitics.debug, using defaults.
2025-12-29 15:30:24.162  7094-7136  rpolitics.debug         com.murari.careerpolitics.debug      E  No package ID 6a found for resource ID 0x6a0b0013.
2025-12-29 15:30:24.167  7094-7136  FA                      com.murari.careerpolitics.debug      I  App measurement initialized, version: 146007
2025-12-29 15:30:24.167  7094-7136  FA                      com.murari.careerpolitics.debug      I  To enable debug logging run: adb shell setprop log.tag.FA VERBOSE
2025-12-29 15:30:24.167  7094-7136  FA                      com.murari.careerpolitics.debug      I  To enable faster debug mode event logging run:
                                                                                                      adb shell setprop debug.firebase.analytics.app com.murari.careerpolitics.debug
2025-12-29 15:30:27.782  7094-7094  Drawable                com.murari.careerpolitics.debug      E  Unable to decode stream: android.graphics.ImageDecoder$DecodeException: Failed to create image decoder with message 'unimplemented'Input contained an error.
2025-12-29 15:30:27.824  7094-7094  Validations             com.murari.careerpolitics.debug      E  You are targeting Android Oreo and using adaptive icons without having a fallback drawable set for FCM notifications. 
                                                                                                    This can cause a irreversible crash on devices using Oreo.
                                                                                                    To learn more about this issue check: https://issuetracker.google.com/issues/68716460
2025-12-29 15:30:28.057  7094-7094  WM-WrkMgrInitializer    com.murari.careerpolitics.debug      D  Initializing WorkManager with default configuration.
2025-12-29 15:30:28.512  7094-7094  rpolitics.debug         com.murari.careerpolitics.debug      I  AssetManager2(0x7e66cb723058) locale list changing from [] to [en-US]
2025-12-29 15:30:28.533  7094-7145  DisplayManager          com.murari.careerpolitics.debug      I  Choreographer implicitly registered for the refresh rate.
2025-12-29 15:30:28.869  7094-7094  AppCompatDelegate       com.murari.careerpolitics.debug      D  Checking for metadata for AppLocalesMetadataHolderService : Service not found
2025-12-29 15:30:28.873  7094-7094  rpolitics.debug         com.murari.careerpolitics.debug      I  AssetManager2(0x7e66cb724f98) locale list changing from [] to [en-US]
2025-12-29 15:30:29.119  7094-7145  EGL_emulation           com.murari.careerpolitics.debug      I  Opening libGLESv1_CM_emulation.so
2025-12-29 15:30:29.130  7094-7145  EGL_emulation           com.murari.careerpolitics.debug      I  Opening libGLESv2_emulation.so
2025-12-29 15:30:29.151  7094-7100  rpolitics.debug         com.murari.careerpolitics.debug      I  Background concurrent mark compact GC freed 10MB AllocSpace bytes, 27(668KB) LOS objects, 49% free, 7380KB/14MB, paused 17.880ms,24.570ms total 469.190ms
2025-12-29 15:30:29.170  7094-7145  HWUI                    com.murari.careerpolitics.debug      W  Failed to choose config with EGL_SWAP_BEHAVIOR_PRESERVED, retrying without...
2025-12-29 15:30:29.171  7094-7145  HWUI                    com.murari.careerpolitics.debug      W  Failed to initialize 101010-2 format, error = EGL_SUCCESS
2025-12-29 15:30:29.177  7094-7094  CompatChangeReporter    com.murari.careerpolitics.debug      D  Compat change id reported: 377864165; UID 10218; state: ENABLED
2025-12-29 15:30:29.184  7094-7094  DesktopModeFlags        com.murari.careerpolitics.debug      D  Toggle override initialized to: OVERRIDE_UNSET
2025-12-29 15:30:29.313  7094-7094  rpolitics.debug         com.murari.careerpolitics.debug      I  hiddenapi: Accessing hidden method Landroid/view/ViewGroup;->makeOptionalFitsSystemWindows()V (runtime_flags=0, domain=platform, api=unsupported) from Landroidx/appcompat/widget/ViewUtils; (domain=app) using reflection: allowed
2025-12-29 15:30:29.429  7094-7140  rpolitics.debug         com.murari.careerpolitics.debug      E  hiddenapi: Accessing hidden method Lcom/android/org/conscrypt/ConscryptEngineSocket;->setUseSessionTickets(Z)V (runtime_flags=CorePlatformApi, domain=core-platform, api=max-target-q,core-platform-api) from Lokhttp3/internal/platform/OptionalMethod; (domain=app) using reflection: denied
2025-12-29 15:30:29.429  7094-7140  rpolitics.debug         com.murari.careerpolitics.debug      E  hiddenapi: Accessing hidden method Lcom/android/org/conscrypt/OpenSSLSocketImpl;->setUseSessionTickets(Z)V (runtime_flags=CorePlatformApi, domain=core-platform, api=max-target-q,core-platform-api) from Lokhttp3/internal/platform/OptionalMethod; (domain=app) using reflection: denied
2025-12-29 15:30:29.430  7094-7140  rpolitics.debug         com.murari.careerpolitics.debug      E  hiddenapi: Accessing hidden method Lcom/android/org/conscrypt/AbstractConscryptSocket;->setUseSessionTickets(Z)V (runtime_flags=0, domain=core-platform, api=max-target-q) from Lokhttp3/internal/platform/OptionalMethod; (domain=app) using reflection: denied
2025-12-29 15:30:29.431  7094-7140  rpolitics.debug         com.murari.careerpolitics.debug      E  hiddenapi: Accessing hidden method Lcom/android/org/conscrypt/ConscryptEngineSocket;->setHostname(Ljava/lang/String;)V (runtime_flags=CorePlatformApi, domain=core-platform, api=max-target-q,core-platform-api) from Lokhttp3/internal/platform/OptionalMethod; (domain=app) using reflection: denied
2025-12-29 15:30:29.431  7094-7140  rpolitics.debug         com.murari.careerpolitics.debug      E  hiddenapi: Accessing hidden method Lcom/android/org/conscrypt/OpenSSLSocketImpl;->setHostname(Ljava/lang/String;)V (runtime_flags=CorePlatformApi, domain=core-platform, api=max-target-q,core-platform-api) from Lokhttp3/internal/platform/OptionalMethod; (domain=app) using reflection: denied
2025-12-29 15:30:29.431  7094-7140  rpolitics.debug         com.murari.careerpolitics.debug      E  hiddenapi: Accessing hidden method Lcom/android/org/conscrypt/AbstractConscryptSocket;->setHostname(Ljava/lang/String;)V (runtime_flags=0, domain=core-platform, api=max-target-q) from Lokhttp3/internal/platform/OptionalMethod; (domain=app) using reflection: denied
2025-12-29 15:30:29.432  7094-7140  rpolitics.debug         com.murari.careerpolitics.debug      E  hiddenapi: Accessing hidden method Lcom/android/org/conscrypt/OpenSSLSocketImpl;->setAlpnProtocols([B)V (runtime_flags=CorePlatformApi, domain=core-platform, api=max-target-q,core-platform-api) from Lokhttp3/internal/platform/OptionalMethod; (domain=app) using reflection: denied
2025-12-29 15:30:29.432  7094-7140  rpolitics.debug         com.murari.careerpolitics.debug      E  hiddenapi: Accessing hidden method Lcom/android/org/conscrypt/AbstractConscryptSocket;->setAlpnProtocols([B)V (runtime_flags=0, domain=core-platform, api=max-target-q) from Lokhttp3/internal/platform/OptionalMethod; (domain=app) using reflection: denied
2025-12-29 15:30:29.640  7094-7094  rpolitics.debug         com.murari.careerpolitics.debug      I  AssetManager2(0x7e66cb727e78) locale list changing from [] to [en-US]
2025-12-29 15:30:29.640  7094-7094  WebViewFactory          com.murari.careerpolitics.debug      I  Loading com.google.android.webview version 133.0.6943.137 (code 694313738)
2025-12-29 15:30:29.641  7094-7094  ResourcesManager        com.murari.careerpolitics.debug      W  Found a null ResourcesImpl, skipped.
2025-12-29 15:30:29.642  7094-7094  ResourcesManager        com.murari.careerpolitics.debug      W  Found a null ResourcesImpl, skipped.
2025-12-29 15:30:29.645  7094-7094  rpolitics.debug         com.murari.careerpolitics.debug      I  AssetManager2(0x7e66cb724958) locale list changing from [] to [en-US]
2025-12-29 15:30:29.647  7094-7094  rpolitics.debug         com.murari.careerpolitics.debug      I  AssetManager2(0x7e66cb725f38) locale list changing from [] to [en-US]
2025-12-29 15:30:29.649  7094-7094  rpolitics.debug         com.murari.careerpolitics.debug      I  AssetManager2(0x7e66cb726ed8) locale list changing from [] to [en-US]
2025-12-29 15:30:29.652  7094-7094  rpolitics.debug         com.murari.careerpolitics.debug      I  AssetManager2(0x7e66cb727518) locale list changing from [] to [en-US]
2025-12-29 15:30:29.656  7094-7094  rpolitics.debug         com.murari.careerpolitics.debug      I  AssetManager2(0x7e66cb723cd8) locale list changing from [] to [en-US]
2025-12-29 15:30:29.657  7094-7094  ResourcesManager        com.murari.careerpolitics.debug      V  The following library key has been added: ResourcesKey{ mHash=518793f1 mResDir=null mSplitDirs=[] mOverlayDirs=[] mLibDirs=[/data/app/~~xXUYch0nyIXuFqW0H83vfQ==/com.google.android.webview-_z5WVByg5AXGzqxdHOjmkg==/WebViewGoogle.apk,/data/app/~~pM3_Yun1z_OzpAcBhpWrWg==/com.google.android.trichromelibrary_694313738-S5LFIkHH2kB-5LF-mi142A==/TrichromeLibrary.apk] mDisplayId=0 mOverrideConfig=v36 mCompatInfo={440dpi always-compat} mLoaders=[]}
2025-12-29 15:30:29.663  7094-7094  rpolitics.debug         com.murari.careerpolitics.debug      W  Failed to find entry 'classes.dex': Entry not found
2025-12-29 15:30:29.665  7094-7094  nativeloader            com.murari.careerpolitics.debug      D  Configuring clns-11 for other apk /data/app/~~pM3_Yun1z_OzpAcBhpWrWg==/com.google.android.trichromelibrary_694313738-S5LFIkHH2kB-5LF-mi142A==/TrichromeLibrary.apk. target_sdk_version=34, uses_libraries=ALL, library_path=/data/app/~~xXUYch0nyIXuFqW0H83vfQ==/com.google.android.webview-_z5WVByg5AXGzqxdHOjmkg==/lib/x86_64:/data/app/~~xXUYch0nyIXuFqW0H83vfQ==/com.google.android.webview-_z5WVByg5AXGzqxdHOjmkg==/WebViewGoogle.apk!/lib/x86_64:/data/app/~~pM3_Yun1z_OzpAcBhpWrWg==/com.google.android.trichromelibrary_694313738-S5LFIkHH2kB-5LF-mi142A==/TrichromeLibrary.apk!/lib/x86_64, permitted_path=/data:/mnt/expand
2025-12-29 15:30:29.681  7094-7094  ApplicationLoaders      com.murari.careerpolitics.debug      D  Returning zygote-cached class loader: /system_ext/framework/androidx.window.extensions.jar
2025-12-29 15:30:29.713  7094-7094  nativeloader            com.murari.careerpolitics.debug      D  Configuring clns-12 for other apk /data/app/~~xXUYch0nyIXuFqW0H83vfQ==/com.google.android.webview-_z5WVByg5AXGzqxdHOjmkg==/WebViewGoogle.apk. target_sdk_version=34, uses_libraries=, library_path=/data/app/~~xXUYch0nyIXuFqW0H83vfQ==/com.google.android.webview-_z5WVByg5AXGzqxdHOjmkg==/lib/x86_64:/data/app/~~xXUYch0nyIXuFqW0H83vfQ==/com.google.android.webview-_z5WVByg5AXGzqxdHOjmkg==/WebViewGoogle.apk!/lib/x86_64:/data/app/~~pM3_Yun1z_OzpAcBhpWrWg==/com.google.android.trichromelibrary_694313738-S5LFIkHH2kB-5LF-mi142A==/TrichromeLibrary.apk!/lib/x86_64, permitted_path=/data:/mnt/expand
2025-12-29 15:30:29.999  7094-7094  cr_WVCFactoryProvider   com.murari.careerpolitics.debug      I  version=133.0.6943.137 (694313738) minSdkVersion=29 isBundle=false multiprocess=true packageId=2
2025-12-29 15:30:30.073  7094-7094  nativeloader            com.murari.careerpolitics.debug      D  Load /data/app/~~pM3_Yun1z_OzpAcBhpWrWg==/com.google.android.trichromelibrary_694313738-S5LFIkHH2kB-5LF-mi142A==/TrichromeLibrary.apk!/lib/x86_64/libmonochrome_64.so using class loader ns clns-12 (caller=/data/app/~~xXUYch0nyIXuFqW0H83vfQ==/com.google.android.webview-_z5WVByg5AXGzqxdHOjmkg==/WebViewGoogle.apk): ok
2025-12-29 15:30:30.107  7094-7094  nativeloader            com.murari.careerpolitics.debug      D  Load /system/lib64/libwebviewchromium_plat_support.so using class loader ns clns-12 (caller=/data/app/~~xXUYch0nyIXuFqW0H83vfQ==/com.google.android.webview-_z5WVByg5AXGzqxdHOjmkg==/WebViewGoogle.apk): ok
2025-12-29 15:30:30.184  7094-7154  chromium                com.murari.careerpolitics.debug      E  [1229/153030.161733:ERROR:variations_seed_loader.cc(39)] Seed missing signature.
2025-12-29 15:30:30.222  7094-7154  chromium                com.murari.careerpolitics.debug      I  [1229/153030.211033:INFO:variations_seed_loader.cc(67)] Failed to open file for reading.: No such file or directory (2)
2025-12-29 15:30:30.274  7094-7094  cr_LibraryLoader        com.murari.careerpolitics.debug      I  Successfully loaded native library
2025-12-29 15:30:30.294  7094-7094  cr_CachingUmaRecorder   com.murari.careerpolitics.debug      I  Flushed 6 samples from 6 histograms, 0 samples were dropped.
2025-12-29 15:30:30.348  7094-7094  cr_CombinedPProvider    com.murari.careerpolitics.debug      I  #registerProvider() provider:WV.C8@d8342cc isPolicyCacheEnabled:false policyProvidersSize:0
2025-12-29 15:30:30.351  7094-7094  cr_PolicyProvider       com.murari.careerpolitics.debug      I  #setManagerAndSource() 0
2025-12-29 15:30:30.636  7094-7094  cr_CombinedPProvider    com.murari.careerpolitics.debug      I  #linkNativeInternal() 1
2025-12-29 15:30:30.640  7094-7094  cr_AppResProvider       com.murari.careerpolitics.debug      I  #getApplicationRestrictionsFromUserManager() Bundle[EMPTY_PARCEL]
2025-12-29 15:30:30.641  7094-7094  cr_PolicyProvider       com.murari.careerpolitics.debug      I  #notifySettingsAvailable() 0
2025-12-29 15:30:30.641  7094-7094  cr_CombinedPProvider    com.murari.careerpolitics.debug      I  #onSettingsAvailable() 0
2025-12-29 15:30:30.641  7094-7094  cr_CombinedPProvider    com.murari.careerpolitics.debug      I  #flushPolicies()
2025-12-29 15:30:30.977  7094-7094  rpolitics.debug         com.murari.careerpolitics.debug      I  AssetManager2(0x7e66cb7287d8) locale list changing from [] to [en-US]
2025-12-29 15:30:30.987  7094-7094  rpolitics.debug         com.murari.careerpolitics.debug      I  AssetManager2(0x7e66cb7252b8) locale list changing from [] to [en-US]
2025-12-29 15:30:31.269  7094-7140  rpolitics.debug         com.murari.careerpolitics.debug      E  hiddenapi: Accessing hidden method Lcom/android/org/conscrypt/ConscryptEngineSocket;->setUseSessionTickets(Z)V (runtime_flags=CorePlatformApi, domain=core-platform, api=max-target-q,core-platform-api) from Lokhttp3/internal/platform/OptionalMethod; (domain=app) using reflection: denied
2025-12-29 15:30:31.269  7094-7140  rpolitics.debug         com.murari.careerpolitics.debug      E  hiddenapi: Accessing hidden method Lcom/android/org/conscrypt/OpenSSLSocketImpl;->setUseSessionTickets(Z)V (runtime_flags=CorePlatformApi, domain=core-platform, api=max-target-q,core-platform-api) from Lokhttp3/internal/platform/OptionalMethod; (domain=app) using reflection: denied
2025-12-29 15:30:31.269  7094-7140  rpolitics.debug         com.murari.careerpolitics.debug      E  hiddenapi: Accessing hidden method Lcom/android/org/conscrypt/AbstractConscryptSocket;->setUseSessionTickets(Z)V (runtime_flags=0, domain=core-platform, api=max-target-q) from Lokhttp3/internal/platform/OptionalMethod; (domain=app) using reflection: denied
2025-12-29 15:30:31.272  7094-7140  rpolitics.debug         com.murari.careerpolitics.debug      E  hiddenapi: Accessing hidden method Lcom/android/org/conscrypt/ConscryptEngineSocket;->setHostname(Ljava/lang/String;)V (runtime_flags=CorePlatformApi, domain=core-platform, api=max-target-q,core-platform-api) from Lokhttp3/internal/platform/OptionalMethod; (domain=app) using reflection: denied
2025-12-29 15:30:31.272  7094-7140  rpolitics.debug         com.murari.careerpolitics.debug      E  hiddenapi: Accessing hidden method Lcom/android/org/conscrypt/OpenSSLSocketImpl;->setHostname(Ljava/lang/String;)V (runtime_flags=CorePlatformApi, domain=core-platform, api=max-target-q,core-platform-api) from Lokhttp3/internal/platform/OptionalMethod; (domain=app) using reflection: denied
2025-12-29 15:30:31.275  7094-7140  rpolitics.debug         com.murari.careerpolitics.debug      E  hiddenapi: Accessing hidden method Lcom/android/org/conscrypt/AbstractConscryptSocket;->setHostname(Ljava/lang/String;)V (runtime_flags=0, domain=core-platform, api=max-target-q) from Lokhttp3/internal/platform/OptionalMethod; (domain=app) using reflection: denied
2025-12-29 15:30:31.276  7094-7140  rpolitics.debug         com.murari.careerpolitics.debug      E  hiddenapi: Accessing hidden method Lcom/android/org/conscrypt/OpenSSLSocketImpl;->setAlpnProtocols([B)V (runtime_flags=CorePlatformApi, domain=core-platform, api=max-target-q,core-platform-api) from Lokhttp3/internal/platform/OptionalMethod; (domain=app) using reflection: denied
2025-12-29 15:30:31.276  7094-7140  rpolitics.debug         com.murari.careerpolitics.debug      E  hiddenapi: Accessing hidden method Lcom/android/org/conscrypt/AbstractConscryptSocket;->setAlpnProtocols([B)V (runtime_flags=0, domain=core-platform, api=max-target-q) from Lokhttp3/internal/platform/OptionalMethod; (domain=app) using reflection: denied
2025-12-29 15:30:31.800  7094-7094  Drawable                com.murari.careerpolitics.debug      E  Unable to decode stream: android.graphics.ImageDecoder$DecodeException: Failed to create image decoder with message 'unimplemented'Input contained an error.
2025-12-29 15:30:31.800  7094-7094  Validations             com.murari.careerpolitics.debug      E  You are targeting Android Oreo and using adaptive icons without having a fallback drawable set for FCM notifications. 
                                                                                                    This can cause a irreversible crash on devices using Oreo.
                                                                                                    To learn more about this issue check: https://issuetracker.google.com/issues/68716460
2025-12-29 15:30:31.817  7094-7094  CareerPoli...inActivity com.murari.careerpolitics.debug      D  Push Notifications initialized(awaiting user auth for token registration)
2025-12-29 15:30:32.002  7094-7176  cr_media                com.murari.careerpolitics.debug      W  BLUETOOTH_CONNECT permission is missing.
2025-12-29 15:30:32.007  7094-7176  cr_media                com.murari.careerpolitics.debug      W  getBluetoothAdapter() requires BLUETOOTH permission
2025-12-29 15:30:32.007  7094-7176  cr_media                com.murari.careerpolitics.debug      W  registerBluetoothIntentsIfNeeded: Requires BLUETOOTH permission
2025-12-29 15:30:32.051  7094-7194  vulkan                  com.murari.careerpolitics.debug      D  searching for layers in '/data/app/~~BUWnqOqA88AnJkS_mR8J5g==/com.murari.careerpolitics.debug-sDbZGoAs0cnBapp9sbFE9A==/lib/x86_64'
2025-12-29 15:30:32.053  7094-7194  vulkan                  com.murari.careerpolitics.debug      D  searching for layers in '/data/app/~~BUWnqOqA88AnJkS_mR8J5g==/com.murari.careerpolitics.debug-sDbZGoAs0cnBapp9sbFE9A==/base.apk!/lib/x86_64'
2025-12-29 15:30:32.085  7094-7094  CareerPoli...inActivity com.murari.careerpolitics.debug      D  Notification intent received without URL, ignoring
2025-12-29 15:30:32.118  7094-7094  FirebaseSessions        com.murari.careerpolitics.debug      D  App foregrounded on com.murari.careerpolitics.debug
2025-12-29 15:30:32.120  7094-7094  FirebaseSessions        com.murari.careerpolitics.debug      D  Session 4bf05f76b326430da7d4c189aecb87ac has not backgrounded yet
2025-12-29 15:30:32.121  7094-7094  FirebaseSessions        com.murari.careerpolitics.debug      D  Process com.murari.careerpolitics.debug is stale
2025-12-29 15:30:32.128  7094-7094  CareerPoli...inActivity com.murari.careerpolitics.debug      D  Notification intent received without URL, ignoring
2025-12-29 15:30:32.153  7094-7125  FirebaseSessions        com.murari.careerpolitics.debug      D  Session 4bf05f76b326430da7d4c189aecb87ac has not backgrounded yet
2025-12-29 15:30:32.169  7094-7136  FA                      com.murari.careerpolitics.debug      I  Tag Manager is not found and thus will not be used
2025-12-29 15:30:32.171  7094-7125  FirebaseSessions        com.murari.careerpolitics.debug      D  Cold app start detected
2025-12-29 15:30:32.172  7094-7125  FirebaseSessions        com.murari.careerpolitics.debug      D  Process com.murari.careerpolitics.debug is stale
2025-12-29 15:30:32.219  7094-7094  HWUI                    com.murari.careerpolitics.debug      W  Unknown dataspace 0
2025-12-29 15:30:32.304  7094-7120  FirebaseSessions        com.murari.careerpolitics.debug      D  Notified CRASHLYTICS of new session 7aac138faa59481482012dadf605dc77
2025-12-29 15:30:32.345  7094-7125  FirebaseSessions        com.murari.careerpolitics.debug      D  Session Event Type: SESSION_START
2025-12-29 15:30:32.360  7094-7125  FirebaseSessions        com.murari.careerpolitics.debug      D  Successfully logged Session Start event.
2025-12-29 15:30:32.377  7094-7194  chromium                com.murari.careerpolitics.debug      W  [WARNING:viz_main_impl.cc(85)] VizNullHypothesis is disabled (not a warning)
2025-12-29 15:30:32.529  7094-7211  CameraManagerGlobal     com.murari.careerpolitics.debug      I  Connecting to camera service
2025-12-29 15:30:32.534  7094-7140  rpolitics.debug         com.murari.careerpolitics.debug      E  hiddenapi: Accessing hidden method Lcom/android/org/conscrypt/ConscryptEngineSocket;->setUseSessionTickets(Z)V (runtime_flags=CorePlatformApi, domain=core-platform, api=max-target-q,core-platform-api) from Lokhttp3/internal/platform/OptionalMethod; (domain=app) using reflection: denied
2025-12-29 15:30:32.541  7094-7140  rpolitics.debug         com.murari.careerpolitics.debug      E  hiddenapi: Accessing hidden method Lcom/android/org/conscrypt/OpenSSLSocketImpl;->setUseSessionTickets(Z)V (runtime_flags=CorePlatformApi, domain=core-platform, api=max-target-q,core-platform-api) from Lokhttp3/internal/platform/OptionalMethod; (domain=app) using reflection: denied
2025-12-29 15:30:32.542  7094-7140  rpolitics.debug         com.murari.careerpolitics.debug      E  hiddenapi: Accessing hidden method Lcom/android/org/conscrypt/AbstractConscryptSocket;->setUseSessionTickets(Z)V (runtime_flags=0, domain=core-platform, api=max-target-q) from Lokhttp3/internal/platform/OptionalMethod; (domain=app) using reflection: denied
2025-12-29 15:30:32.542  7094-7140  rpolitics.debug         com.murari.careerpolitics.debug      E  hiddenapi: Accessing hidden method Lcom/android/org/conscrypt/ConscryptEngineSocket;->setHostname(Ljava/lang/String;)V (runtime_flags=CorePlatformApi, domain=core-platform, api=max-target-q,core-platform-api) from Lokhttp3/internal/platform/OptionalMethod; (domain=app) using reflection: denied
2025-12-29 15:30:32.543  7094-7140  rpolitics.debug         com.murari.careerpolitics.debug      E  hiddenapi: Accessing hidden method Lcom/android/org/conscrypt/OpenSSLSocketImpl;->setHostname(Ljava/lang/String;)V (runtime_flags=CorePlatformApi, domain=core-platform, api=max-target-q,core-platform-api) from Lokhttp3/internal/platform/OptionalMethod; (domain=app) using reflection: denied
2025-12-29 15:30:32.543  7094-7140  rpolitics.debug         com.murari.careerpolitics.debug      E  hiddenapi: Accessing hidden method Lcom/android/org/conscrypt/AbstractConscryptSocket;->setHostname(Ljava/lang/String;)V (runtime_flags=0, domain=core-platform, api=max-target-q) from Lokhttp3/internal/platform/OptionalMethod; (domain=app) using reflection: denied
2025-12-29 15:30:32.543  7094-7140  rpolitics.debug         com.murari.careerpolitics.debug      E  hiddenapi: Accessing hidden method Lcom/android/org/conscrypt/OpenSSLSocketImpl;->setAlpnProtocols([B)V (runtime_flags=CorePlatformApi, domain=core-platform, api=max-target-q,core-platform-api) from Lokhttp3/internal/platform/OptionalMethod; (domain=app) using reflection: denied
2025-12-29 15:30:32.545  7094-7140  rpolitics.debug         com.murari.careerpolitics.debug      E  hiddenapi: Accessing hidden method Lcom/android/org/conscrypt/AbstractConscryptSocket;->setAlpnProtocols([B)V (runtime_flags=0, domain=core-platform, api=max-target-q) from Lokhttp3/internal/platform/OptionalMethod; (domain=app) using reflection: denied
2025-12-29 15:30:32.609  7094-7094  Choreographer           com.murari.careerpolitics.debug      I  Skipped 49 frames!  The application may be doing too much work on its main thread.
2025-12-29 15:30:32.894  7094-7094  CareerPoli...inActivity com.murari.careerpolitics.debug      D  Push Notifications initialized(awaiting user auth for token registration)
2025-12-29 15:30:33.322  7094-7094  InsetsController        com.murari.careerpolitics.debug      D  hide(ime(), fromIme=false)
2025-12-29 15:30:33.325  7094-7094  ImeTracker              com.murari.careerpolitics.debug      I  com.murari.careerpolitics.debug:d626eb00: onCancelled at PHASE_CLIENT_ALREADY_HIDDEN
2025-12-29 15:30:33.933  7094-7094  chromium                com.murari.careerpolitics.debug      I  [INFO:CONSOLE(1)] "Uncaught TypeError: Cannot read properties of undefined (reading 'getAttribute')", source: https://careerpolitics.com/ (1)
2025-12-29 15:30:33.962  7094-7094  CareerPoli...ViewClient com.murari.careerpolitics.debug      D  Could not parse user ID from body data-user attribute
2025-12-29 15:30:34.026  7094-7140  rpolitics.debug         com.murari.careerpolitics.debug      E  hiddenapi: Accessing hidden method Lcom/android/org/conscrypt/ConscryptEngineSocket;->setUseSessionTickets(Z)V (runtime_flags=CorePlatformApi, domain=core-platform, api=max-target-q,core-platform-api) from Lokhttp3/internal/platform/OptionalMethod; (domain=app) using reflection: denied
2025-12-29 15:30:34.026  7094-7140  rpolitics.debug         com.murari.careerpolitics.debug      E  hiddenapi: Accessing hidden method Lcom/android/org/conscrypt/OpenSSLSocketImpl;->setUseSessionTickets(Z)V (runtime_flags=CorePlatformApi, domain=core-platform, api=max-target-q,core-platform-api) from Lokhttp3/internal/platform/OptionalMethod; (domain=app) using reflection: denied
2025-12-29 15:30:34.026  7094-7140  rpolitics.debug         com.murari.careerpolitics.debug      E  hiddenapi: Accessing hidden method Lcom/android/org/conscrypt/AbstractConscryptSocket;->setUseSessionTickets(Z)V (runtime_flags=0, domain=core-platform, api=max-target-q) from Lokhttp3/internal/platform/OptionalMethod; (domain=app) using reflection: denied
2025-12-29 15:30:34.027  7094-7140  rpolitics.debug         com.murari.careerpolitics.debug      E  hiddenapi: Accessing hidden method Lcom/android/org/conscrypt/ConscryptEngineSocket;->setHostname(Ljava/lang/String;)V (runtime_flags=CorePlatformApi, domain=core-platform, api=max-target-q,core-platform-api) from Lokhttp3/internal/platform/OptionalMethod; (domain=app) using reflection: denied
2025-12-29 15:30:34.027  7094-7140  rpolitics.debug         com.murari.careerpolitics.debug      E  hiddenapi: Accessing hidden method Lcom/android/org/conscrypt/OpenSSLSocketImpl;->setHostname(Ljava/lang/String;)V (runtime_flags=CorePlatformApi, domain=core-platform, api=max-target-q,core-platform-api) from Lokhttp3/internal/platform/OptionalMethod; (domain=app) using reflection: denied
2025-12-29 15:30:34.027  7094-7140  rpolitics.debug         com.murari.careerpolitics.debug      E  hiddenapi: Accessing hidden method Lcom/android/org/conscrypt/AbstractConscryptSocket;->setHostname(Ljava/lang/String;)V (runtime_flags=0, domain=core-platform, api=max-target-q) from Lokhttp3/internal/platform/OptionalMethod; (domain=app) using reflection: denied
2025-12-29 15:30:34.027  7094-7140  rpolitics.debug         com.murari.careerpolitics.debug      E  hiddenapi: Accessing hidden method Lcom/android/org/conscrypt/OpenSSLSocketImpl;->setAlpnProtocols([B)V (runtime_flags=CorePlatformApi, domain=core-platform, api=max-target-q,core-platform-api) from Lokhttp3/internal/platform/OptionalMethod; (domain=app) using reflection: denied
2025-12-29 15:30:34.027  7094-7140  rpolitics.debug         com.murari.careerpolitics.debug      E  hiddenapi: Accessing hidden method Lcom/android/org/conscrypt/AbstractConscryptSocket;->setAlpnProtocols([B)V (runtime_flags=0, domain=core-platform, api=max-target-q) from Lokhttp3/internal/platform/OptionalMethod; (domain=app) using reflection: denied
2025-12-29 15:30:34.232  7094-7240  ProfileInstaller        com.murari.careerpolitics.debug      D  Installing profile for com.murari.careerpolitics.debug
2025-12-29 15:30:34.568  7094-7100  rpolitics.debug         com.murari.careerpolitics.debug      I  Background concurrent mark compact GC freed 3993KB AllocSpace bytes, 27(728KB) LOS objects, 49% free, 9995KB/19MB, paused 2.938ms,29.577ms total 272.344ms
2025-12-29 15:30:35.109  7094-7099  rpolitics.debug         com.murari.careerpolitics.debug      I  Compiler allocated 5042KB to compile void android.view.ViewRootImpl.performTraversals()
2025-12-29 15:30:35.361  7094-7094  Choreographer           com.murari.careerpolitics.debug      I  Skipped 35 frames!  The application may be doing too much work on its main thread.
2025-12-29 15:30:36.225  7094-7140  rpolitics.debug         com.murari.careerpolitics.debug      E  hiddenapi: Accessing hidden method Lcom/android/org/conscrypt/ConscryptEngineSocket;->setUseSessionTickets(Z)V (runtime_flags=CorePlatformApi, domain=core-platform, api=max-target-q,core-platform-api) from Lokhttp3/internal/platform/OptionalMethod; (domain=app) using reflection: denied
2025-12-29 15:30:36.225  7094-7140  rpolitics.debug         com.murari.careerpolitics.debug      E  hiddenapi: Accessing hidden method Lcom/android/org/conscrypt/OpenSSLSocketImpl;->setUseSessionTickets(Z)V (runtime_flags=CorePlatformApi, domain=core-platform, api=max-target-q,core-platform-api) from Lokhttp3/internal/platform/OptionalMethod; (domain=app) using reflection: denied
2025-12-29 15:30:36.225  7094-7140  rpolitics.debug         com.murari.careerpolitics.debug      E  hiddenapi: Accessing hidden method Lcom/android/org/conscrypt/AbstractConscryptSocket;->setUseSessionTickets(Z)V (runtime_flags=0, domain=core-platform, api=max-target-q) from Lokhttp3/internal/platform/OptionalMethod; (domain=app) using reflection: denied
2025-12-29 15:30:36.225  7094-7140  rpolitics.debug         com.murari.careerpolitics.debug      E  hiddenapi: Accessing hidden method Lcom/android/org/conscrypt/ConscryptEngineSocket;->setHostname(Ljava/lang/String;)V (runtime_flags=CorePlatformApi, domain=core-platform, api=max-target-q,core-platform-api) from Lokhttp3/internal/platform/OptionalMethod; (domain=app) using reflection: denied
2025-12-29 15:30:36.226  7094-7140  rpolitics.debug         com.murari.careerpolitics.debug      E  hiddenapi: Accessing hidden method Lcom/android/org/conscrypt/OpenSSLSocketImpl;->setHostname(Ljava/lang/String;)V (runtime_flags=CorePlatformApi, domain=core-platform, api=max-target-q,core-platform-api) from Lokhttp3/internal/platform/OptionalMethod; (domain=app) using reflection: denied
2025-12-29 15:30:36.226  7094-7140  rpolitics.debug         com.murari.careerpolitics.debug      E  hiddenapi: Accessing hidden method Lcom/android/org/conscrypt/AbstractConscryptSocket;->setHostname(Ljava/lang/String;)V (runtime_flags=0, domain=core-platform, api=max-target-q) from Lokhttp3/internal/platform/OptionalMethod; (domain=app) using reflection: denied
2025-12-29 15:30:36.226  7094-7140  rpolitics.debug         com.murari.careerpolitics.debug      E  hiddenapi: Accessing hidden method Lcom/android/org/conscrypt/OpenSSLSocketImpl;->setAlpnProtocols([B)V (runtime_flags=CorePlatformApi, domain=core-platform, api=max-target-q,core-platform-api) from Lokhttp3/internal/platform/OptionalMethod; (domain=app) using reflection: denied
2025-12-29 15:30:36.226  7094-7140  rpolitics.debug         com.murari.careerpolitics.debug      E  hiddenapi: Accessing hidden method Lcom/android/org/conscrypt/AbstractConscryptSocket;->setAlpnProtocols([B)V (runtime_flags=0, domain=core-platform, api=max-target-q) from Lokhttp3/internal/platform/OptionalMethod; (domain=app) using reflection: denied
2025-12-29 15:30:36.262  7094-7094  CareerPoli...ViewClient com.murari.careerpolitics.debug      D  User authenticated detected. Registering FCM token.
2025-12-29 15:30:36.445  7094-7094  rpolitics.debug         com.murari.careerpolitics.debug      W  Verification of java.lang.Object com.murari.careerpolitics.services.PushNotificationService.fetchFcmToken(kotlin.coroutines.Continuation) took 182.693ms (399.58 bytecodes/s) (0B arena alloc)
2025-12-29 15:30:41.149  7094-7094  chromium                com.murari.careerpolitics.debug      I  [INFO:CONSOLE(0)] "The resource https://careerpolitics.com/sidebars/home was preloaded using link preload but not used within a few seconds from the window's load event. Please make sure it has an appropriate `as` value and it is preloaded intentionally.", source: https://careerpolitics.com/ (0)
2025-12-29 15:30:41.269  7094-7132  rpolitics.debug         com.murari.careerpolitics.debug      W  Verification of void com.murari.careerpolitics.services.PushNotificationService$fetchFcmToken$2$1.invoke(java.lang.String) took 114.017ms (114.02 bytecodes/s) (0B arena alloc)
2025-12-29 15:30:43.198  7094-7132  PushNotificationService com.murari.careerpolitics.debug      D  FCM token obtained: cHxuBxwVTeivP8On7AA3…
2025-12-29 15:30:43.207  7094-7140  rpolitics.debug         com.murari.careerpolitics.debug      E  hiddenapi: Accessing hidden method Lcom/android/org/conscrypt/ConscryptEngineSocket;->setUseSessionTickets(Z)V (runtime_flags=CorePlatformApi, domain=core-platform, api=max-target-q,core-platform-api) from Lokhttp3/internal/platform/OptionalMethod; (domain=app) using reflection: denied
2025-12-29 15:30:43.208  7094-7140  rpolitics.debug         com.murari.careerpolitics.debug      E  hiddenapi: Accessing hidden method Lcom/android/org/conscrypt/OpenSSLSocketImpl;->setUseSessionTickets(Z)V (runtime_flags=CorePlatformApi, domain=core-platform, api=max-target-q,core-platform-api) from Lokhttp3/internal/platform/OptionalMethod; (domain=app) using reflection: denied
2025-12-29 15:30:43.208  7094-7140  rpolitics.debug         com.murari.careerpolitics.debug      E  hiddenapi: Accessing hidden method Lcom/android/org/conscrypt/AbstractConscryptSocket;->setUseSessionTickets(Z)V (runtime_flags=0, domain=core-platform, api=max-target-q) from Lokhttp3/internal/platform/OptionalMethod; (domain=app) using reflection: denied
2025-12-29 15:30:43.208  7094-7140  rpolitics.debug         com.murari.careerpolitics.debug      E  hiddenapi: Accessing hidden method Lcom/android/org/conscrypt/ConscryptEngineSocket;->setHostname(Ljava/lang/String;)V (runtime_flags=CorePlatformApi, domain=core-platform, api=max-target-q,core-platform-api) from Lokhttp3/internal/platform/OptionalMethod; (domain=app) using reflection: denied
2025-12-29 15:30:43.208  7094-7140  rpolitics.debug         com.murari.careerpolitics.debug      E  hiddenapi: Accessing hidden method Lcom/android/org/conscrypt/OpenSSLSocketImpl;->setHostname(Ljava/lang/String;)V (runtime_flags=CorePlatformApi, domain=core-platform, api=max-target-q,core-platform-api) from Lokhttp3/internal/platform/OptionalMethod; (domain=app) using reflection: denied
2025-12-29 15:30:43.208  7094-7140  rpolitics.debug         com.murari.careerpolitics.debug      E  hiddenapi: Accessing hidden method Lcom/android/org/conscrypt/AbstractConscryptSocket;->setHostname(Ljava/lang/String;)V (runtime_flags=0, domain=core-platform, api=max-target-q) from Lokhttp3/internal/platform/OptionalMethod; (domain=app) using reflection: denied
2025-12-29 15:30:43.208  7094-7140  rpolitics.debug         com.murari.careerpolitics.debug      E  hiddenapi: Accessing hidden method Lcom/android/org/conscrypt/OpenSSLSocketImpl;->setAlpnProtocols([B)V (runtime_flags=CorePlatformApi, domain=core-platform, api=max-target-q,core-platform-api) from Lokhttp3/internal/platform/OptionalMethod; (domain=app) using reflection: denied
2025-12-29 15:30:43.209  7094-7140  rpolitics.debug         com.murari.careerpolitics.debug      E  hiddenapi: Accessing hidden method Lcom/android/org/conscrypt/AbstractConscryptSocket;->setAlpnProtocols([B)V (runtime_flags=0, domain=core-platform, api=max-target-q) from Lokhttp3/internal/platform/OptionalMethod; (domain=app) using reflection: denied
2025-12-29 15:30:43.729  7094-7132  PushNotificationService com.murari.careerpolitics.debug      D  FCM token registered successfully: {"success":true,"device_id":1}
2025-12-29 15:30:45.485  7094-7094  FirebaseSessions        com.murari.careerpolitics.debug      D  App backgrounded on com.murari.careerpolitics.debug
2025-12-29 15:30:46.042  7094-7094  VRI[MainActivity]       com.murari.careerpolitics.debug      D  visibilityChanged oldVisibility=true newVisibility=false
2025-12-29 15:30:46.104  7094-7094  WindowOnBackDispatcher  com.murari.careerpolitics.debug      W  sendCancelIfRunning: isInProgress=false callback=androidx.navigationevent.OnBackInvokedInput$createOnBackAnimationCallback$1@80db4c3
2025-12-29 15:30:46.161  7094-7094  WindowOnBackDispatcher  com.murari.careerpolitics.debug      W  sendCancelIfRunning: isInProgress=false callback=android.app.Activity$$ExternalSyntheticLambda0@9b9f872
2025-12-29 15:30:46.180  7094-7094  ViewRootImpl            com.murari.careerpolitics.debug      D  Skipping stats log for color mode
2025-12-29 15:30:46.223  7094-7094  chromium                com.murari.careerpolitics.debug      I  [INFO:CONSOLE(0)] "The resource https://careerpolitics.com/sidebars/home was preloaded using link preload but not used within a few seconds from the window's load event. Please make sure it has an appropriate `as` value and it is preloaded intentionally.", source: https://careerpolitics.com/ (0)
2025-12-29 15:30:47.643  7094-7136  FA                      com.murari.careerpolitics.debug      I  Application backgrounded at: timestamp_millis: 1767002445619
2025-12-29 15:30:50.257  7094-7140  rpolitics.debug         com.murari.careerpolitics.debug      E  hiddenapi: Accessing hidden method Lcom/android/org/conscrypt/ConscryptEngineSocket;->setUseSessionTickets(Z)V (runtime_flags=CorePlatformApi, domain=core-platform, api=max-target-q,core-platform-api) from Lokhttp3/internal/platform/OptionalMethod; (domain=app) using reflection: denied
2025-12-29 15:30:50.257  7094-7140  rpolitics.debug         com.murari.careerpolitics.debug      E  hiddenapi: Accessing hidden method Lcom/android/org/conscrypt/OpenSSLSocketImpl;->setUseSessionTickets(Z)V (runtime_flags=CorePlatformApi, domain=core-platform, api=max-target-q,core-platform-api) from Lokhttp3/internal/platform/OptionalMethod; (domain=app) using reflection: denied
2025-12-29 15:30:50.257  7094-7140  rpolitics.debug         com.murari.careerpolitics.debug      E  hiddenapi: Accessing hidden method Lcom/android/org/conscrypt/AbstractConscryptSocket;->setUseSessionTickets(Z)V (runtime_flags=0, domain=core-platform, api=max-target-q) from Lokhttp3/internal/platform/OptionalMethod; (domain=app) using reflection: denied
2025-12-29 15:30:50.257  7094-7140  rpolitics.debug         com.murari.careerpolitics.debug      E  hiddenapi: Accessing hidden method Lcom/android/org/conscrypt/ConscryptEngineSocket;->setHostname(Ljava/lang/String;)V (runtime_flags=CorePlatformApi, domain=core-platform, api=max-target-q,core-platform-api) from Lokhttp3/internal/platform/OptionalMethod; (domain=app) using reflection: denied
2025-12-29 15:30:50.257  7094-7140  rpolitics.debug         com.murari.careerpolitics.debug      E  hiddenapi: Accessing hidden method Lcom/android/org/conscrypt/OpenSSLSocketImpl;->setHostname(Ljava/lang/String;)V (runtime_flags=CorePlatformApi, domain=core-platform, api=max-target-q,core-platform-api) from Lokhttp3/internal/platform/OptionalMethod; (domain=app) using reflection: denied
2025-12-29 15:30:50.259  7094-7140  rpolitics.debug         com.murari.careerpolitics.debug      E  hiddenapi: Accessing hidden method Lcom/android/org/conscrypt/AbstractConscryptSocket;->setHostname(Ljava/lang/String;)V (runtime_flags=0, domain=core-platform, api=max-target-q) from Lokhttp3/internal/platform/OptionalMethod; (domain=app) using reflection: denied
2025-12-29 15:30:50.259  7094-7140  rpolitics.debug         com.murari.careerpolitics.debug      E  hiddenapi: Accessing hidden method Lcom/android/org/conscrypt/OpenSSLSocketImpl;->setAlpnProtocols([B)V (runtime_flags=CorePlatformApi, domain=core-platform, api=max-target-q,core-platform-api) from Lokhttp3/internal/platform/OptionalMethod; (domain=app) using reflection: denied
2025-12-29 15:30:50.259  7094-7140  rpolitics.debug         com.murari.careerpolitics.debug      E  hiddenapi: Accessing hidden method Lcom/android/org/conscrypt/AbstractConscryptSocket;->setAlpnProtocols([B)V (runtime_flags=0, domain=core-platform, api=max-target-q) from Lokhttp3/internal/platform/OptionalMethod; (domain=app) using reflection: denied
2025-12-29 15:30:52.658  7094-7145  HWUI                    com.murari.careerpolitics.debug      W  Failed to choose config with EGL_SWAP_BEHAVIOR_PRESERVED, retrying without...
2025-12-29 15:30:52.660  7094-7145  HWUI                    com.murari.careerpolitics.debug      W  Failed to initialize 101010-2 format, error = EGL_SUCCESS
2025-12-29 15:30:52.683  7094-7094  rpolitics.debug         com.murari.careerpolitics.debug      I  AssetManager2(0x7e66cb72cfb8) locale list changing from [] to [en-US]
2025-12-29 15:30:52.689  7094-7094  rpolitics.debug         com.murari.careerpolitics.debug      I  AssetManager2(0x7e66cb72fb78) locale list changing from [] to [en-US]
2025-12-29 15:30:52.718  7094-7094  rpolitics.debug         com.murari.careerpolitics.debug      I  AssetManager2(0x7e66cb72f858) locale list changing from [] to [en-US]
2025-12-29 15:30:52.888  7094-7094  CareerPoli...inActivity com.murari.careerpolitics.debug      D  Push Notifications initialized(awaiting user auth for token registration)
2025-12-29 15:30:52.937  7094-7094  CareerPoli...inActivity com.murari.careerpolitics.debug      D  Notification intent received without URL, ignoring
2025-12-29 15:30:52.976  7094-7094  FirebaseSessions        com.murari.careerpolitics.debug      D  App foregrounded on com.murari.careerpolitics.debug
2025-12-29 15:30:52.977  7094-7094  CareerPoli...inActivity com.murari.careerpolitics.debug      D  Notification intent received without URL, ignoring
2025-12-29 15:30:53.289  7094-7094  CareerPoli...inActivity com.murari.careerpolitics.debug      D  Push Notifications initialized(awaiting user auth for token registration)
2025-12-29 15:30:53.686  7094-7094  chromium                com.murari.careerpolitics.debug      I  [INFO:CONSOLE(1)] "Uncaught TypeError: Cannot read properties of undefined (reading 'getAttribute')", source: https://careerpolitics.com/ (1)
2025-12-29 15:30:53.707  7094-7094  InsetsController        com.murari.careerpolitics.debug      D  hide(ime(), fromIme=false)
2025-12-29 15:30:53.707  7094-7094  ImeTracker              com.murari.careerpolitics.debug      I  com.murari.careerpolitics.debug:5d217261: onCancelled at PHASE_CLIENT_ALREADY_HIDDEN
2025-12-29 15:30:53.708  7094-7094  CareerPoli...ViewClient com.murari.careerpolitics.debug      D  Could not parse user ID from body data-user attribute
2025-12-29 15:30:55.058  7094-7094  CareerPoli...ViewClient com.murari.careerpolitics.debug      D  User authenticated detected. Registering FCM token.
2025-12-29 15:30:55.072  7094-7133  PushNotificationService com.murari.careerpolitics.debug      D  FCM token obtained: cHxuBxwVTeivP8On7AA3…
2025-12-29 15:30:55.492  7094-7133  PushNotificationService com.murari.careerpolitics.debug      D  FCM token registered successfully: {"success":true,"device_id":1}
2025-12-29 15:30:58.404  7094-7094  chromium                com.murari.careerpolitics.debug      I  [INFO:CONSOLE(0)] "The resource https://careerpolitics.com/sidebars/home was preloaded using link preload but not used within a few seconds from the window's load event. Please make sure it has an appropriate `as` value and it is preloaded intentionally.", source: https://careerpolitics.com/ (0)
2025-12-29 15:31:03.402  7094-7094  chromium                com.murari.careerpolitics.debug      I  [INFO:CONSOLE(0)] "The resource https://careerpolitics.com/sidebars/home was preloaded using link preload but not used within a few seconds from the window's load event. Please make sure it has an appropriate `as` value and it is preloaded intentionally.", source: https://careerpolitics.com/ (0)
2025-12-29 15:31:03.630  7094-7140  rpolitics.debug         com.murari.careerpolitics.debug      E  hiddenapi: Accessing hidden method Lcom/android/org/conscrypt/ConscryptEngineSocket;->setUseSessionTickets(Z)V (runtime_flags=CorePlatformApi, domain=core-platform, api=max-target-q,core-platform-api) from Lokhttp3/internal/platform/OptionalMethod; (domain=app) using reflection: denied
2025-12-29 15:31:03.630  7094-7140  rpolitics.debug         com.murari.careerpolitics.debug      E  hiddenapi: Accessing hidden method Lcom/android/org/conscrypt/OpenSSLSocketImpl;->setUseSessionTickets(Z)V (runtime_flags=CorePlatformApi, domain=core-platform, api=max-target-q,core-platform-api) from Lokhttp3/internal/platform/OptionalMethod; (domain=app) using reflection: denied
2025-12-29 15:31:03.630  7094-7140  rpolitics.debug         com.murari.careerpolitics.debug      E  hiddenapi: Accessing hidden method Lcom/android/org/conscrypt/AbstractConscryptSocket;->setUseSessionTickets(Z)V (runtime_flags=0, domain=core-platform, api=max-target-q) from Lokhttp3/internal/platform/OptionalMethod; (domain=app) using reflection: denied
2025-12-29 15:31:03.632  7094-7140  rpolitics.debug         com.murari.careerpolitics.debug      E  hiddenapi: Accessing hidden method Lcom/android/org/conscrypt/ConscryptEngineSocket;->setHostname(Ljava/lang/String;)V (runtime_flags=CorePlatformApi, domain=core-platform, api=max-target-q,core-platform-api) from Lokhttp3/internal/platform/OptionalMethod; (domain=app) using reflection: denied
2025-12-29 15:31:03.632  7094-7140  rpolitics.debug         com.murari.careerpolitics.debug      E  hiddenapi: Accessing hidden method Lcom/android/org/conscrypt/OpenSSLSocketImpl;->setHostname(Ljava/lang/String;)V (runtime_flags=CorePlatformApi, domain=core-platform, api=max-target-q,core-platform-api) from Lokhttp3/internal/platform/OptionalMethod; (domain=app) using reflection: denied
