2025-12-29 15:33:11.562  7420-7457  PushNotificationService com.murari.careerpolitics.debug      D  FCM token obtained: cHxuBxwVTeivP8On7AA3…
2025-12-29 15:33:11.569  7420-7420  Choreographer           com.murari.careerpolitics.debug      I  Skipped 76 frames!  The application may be doing too much work on its main thread.
2025-12-29 15:33:11.683  7420-7568  HWUI                    com.murari.careerpolitics.debug      I  Davey! duration=1369ms; Flags=0, FrameTimelineVsyncId=47964, IntendedVsync=2544430195430, Vsync=2545696862046, InputEventId=0, HandleInputStart=2545710954508, AnimationStart=2545710957362, PerformTraversalsStart=2545722209098, DrawStart=2545722380101, FrameDeadline=2544446862096, FrameStartTime=2545707796473, FrameInterval=16666666, WorkloadTarget=16666666, SyncQueued=2545723432042, SyncStart=2545723672546, IssueDrawCommandsStart=2545723878935, SwapBuffers=2545795576767, FrameCompleted=2545799824866, DequeueBufferDuration=6505, QueueBufferDuration=3075337, GpuCompleted=2545799694981, SwapBuffersCompleted=2545799824866, DisplayPresentTime=0, CommandSubmissionCompleted=2545795576767, 
2025-12-29 15:33:11.834  7420-7464  rpolitics.debug         com.murari.careerpolitics.debug      E  hiddenapi: Accessing hidden method Lcom/android/org/conscrypt/ConscryptEngineSocket;->setUseSessionTickets(Z)V (runtime_flags=CorePlatformApi, domain=core-platform, api=max-target-q,core-platform-api) from Lokhttp3/internal/platform/OptionalMethod; (domain=app) using reflection: denied
2025-12-29 15:33:11.834  7420-7464  rpolitics.debug         com.murari.careerpolitics.debug      E  hiddenapi: Accessing hidden method Lcom/android/org/conscrypt/OpenSSLSocketImpl;->setUseSessionTickets(Z)V (runtime_flags=CorePlatformApi, domain=core-platform, api=max-target-q,core-platform-api) from Lokhttp3/internal/platform/OptionalMethod; (domain=app) using reflection: denied
2025-12-29 15:33:11.834  7420-7464  rpolitics.debug         com.murari.careerpolitics.debug      E  hiddenapi: Accessing hidden method Lcom/android/org/conscrypt/AbstractConscryptSocket;->setUseSessionTickets(Z)V (runtime_flags=0, domain=core-platform, api=max-target-q) from Lokhttp3/internal/platform/OptionalMethod; (domain=app) using reflection: denied
2025-12-29 15:33:11.837  7420-7464  rpolitics.debug         com.murari.careerpolitics.debug      E  hiddenapi: Accessing hidden method Lcom/android/org/conscrypt/ConscryptEngineSocket;->setHostname(Ljava/lang/String;)V (runtime_flags=CorePlatformApi, domain=core-platform, api=max-target-q,core-platform-api) from Lokhttp3/internal/platform/OptionalMethod; (domain=app) using reflection: denied
2025-12-29 15:33:11.838  7420-7464  rpolitics.debug         com.murari.careerpolitics.debug      E  hiddenapi: Accessing hidden method Lcom/android/org/conscrypt/OpenSSLSocketImpl;->setHostname(Ljava/lang/String;)V (runtime_flags=CorePlatformApi, domain=core-platform, api=max-target-q,core-platform-api) from Lokhttp3/internal/platform/OptionalMethod; (domain=app) using reflection: denied
2025-12-29 15:33:11.838  7420-7464  rpolitics.debug         com.murari.careerpolitics.debug      E  hiddenapi: Accessing hidden method Lcom/android/org/conscrypt/AbstractConscryptSocket;->setHostname(Ljava/lang/String;)V (runtime_flags=0, domain=core-platform, api=max-target-q) from Lokhttp3/internal/platform/OptionalMethod; (domain=app) using reflection: denied
2025-12-29 15:33:11.838  7420-7464  rpolitics.debug         com.murari.careerpolitics.debug      E  hiddenapi: Accessing hidden method Lcom/android/org/conscrypt/OpenSSLSocketImpl;->setAlpnProtocols([B)V (runtime_flags=CorePlatformApi, domain=core-platform, api=max-target-q,core-platform-api) from Lokhttp3/internal/platform/OptionalMethod; (domain=app) using reflection: denied
2025-12-29 15:33:11.838  7420-7464  rpolitics.debug         com.murari.careerpolitics.debug      E  hiddenapi: Accessing hidden method Lcom/android/org/conscrypt/AbstractConscryptSocket;->setAlpnProtocols([B)V (runtime_flags=0, domain=core-platform, api=max-target-q) from Lokhttp3/internal/platform/OptionalMethod; (domain=app) using reflection: denied
2025-12-29 15:33:12.148  7420-7457  PushNotificationService com.murari.careerpolitics.debug      D  FCM token registered successfully: {"success":true,"device_id":1}
2025-12-29 15:33:15.647  7420-7464  rpolitics.debug         com.murari.careerpolitics.debug      E  hiddenapi: Accessing hidden method Lcom/android/org/conscrypt/ConscryptEngineSocket;->setUseSessionTickets(Z)V (runtime_flags=CorePlatformApi, domain=core-platform, api=max-target-q,core-platform-api) from Lokhttp3/internal/platform/OptionalMethod; (domain=app) using reflection: denied
2025-12-29 15:33:15.648  7420-7464  rpolitics.debug         com.murari.careerpolitics.debug      E  hiddenapi: Accessing hidden method Lcom/android/org/conscrypt/OpenSSLSocketImpl;->setUseSessionTickets(Z)V (runtime_flags=CorePlatformApi, domain=core-platform, api=max-target-q,core-platform-api) from Lokhttp3/internal/platform/OptionalMethod; (domain=app) using reflection: denied
2025-12-29 15:33:15.649  7420-7464  rpolitics.debug         com.murari.careerpolitics.debug      E  hiddenapi: Accessing hidden method Lcom/android/org/conscrypt/AbstractConscryptSocket;->setUseSessionTickets(Z)V (runtime_flags=0, domain=core-platform, api=max-target-q) from Lokhttp3/internal/platform/OptionalMethod; (domain=app) using reflection: denied
2025-12-29 15:33:15.649  7420-7464  rpolitics.debug         com.murari.careerpolitics.debug      E  hiddenapi: Accessing hidden method Lcom/android/org/conscrypt/ConscryptEngineSocket;->setHostname(Ljava/lang/String;)V (runtime_flags=CorePlatformApi, domain=core-platform, api=max-target-q,core-platform-api) from Lokhttp3/internal/platform/OptionalMethod; (domain=app) using reflection: denied
2025-12-29 15:33:15.649  7420-7464  rpolitics.debug         com.murari.careerpolitics.debug      E  hiddenapi: Accessing hidden method Lcom/android/org/conscrypt/OpenSSLSocketImpl;->setHostname(Ljava/lang/String;)V (runtime_flags=CorePlatformApi, domain=core-platform, api=max-target-q,core-platform-api) from Lokhttp3/internal/platform/OptionalMethod; (domain=app) using reflection: denied
2025-12-29 15:33:15.649  7420-7464  rpolitics.debug         com.murari.careerpolitics.debug      E  hiddenapi: Accessing hidden method Lcom/android/org/conscrypt/AbstractConscryptSocket;->setHostname(Ljava/lang/String;)V (runtime_flags=0, domain=core-platform, api=max-target-q) from Lokhttp3/internal/platform/OptionalMethod; (domain=app) using reflection: denied
2025-12-29 15:33:15.649  7420-7464  rpolitics.debug         com.murari.careerpolitics.debug      E  hiddenapi: Accessing hidden method Lcom/android/org/conscrypt/OpenSSLSocketImpl;->setAlpnProtocols([B)V (runtime_flags=CorePlatformApi, domain=core-platform, api=max-target-q,core-platform-api) from Lokhttp3/internal/platform/OptionalMethod; (domain=app) using reflection: denied
2025-12-29 15:33:15.649  7420-7464  rpolitics.debug         com.murari.careerpolitics.debug      E  hiddenapi: Accessing hidden method Lcom/android/org/conscrypt/AbstractConscryptSocket;->setAlpnProtocols([B)V (runtime_flags=0, domain=core-platform, api=max-target-q) from Lokhttp3/internal/platform/OptionalMethod; (domain=app) using reflection: denied
2025-12-29 15:33:17.016  7420-7420  chromium                com.murari.careerpolitics.debug      I  [INFO:CONSOLE(0)] "The resource https://careerpolitics.com/sidebars/home was preloaded using link preload but not used within a few seconds from the window's load event. Please make sure it has an appropriate `as` value and it is preloaded intentionally.", source: https://careerpolitics.com/ (0)
2025-12-29 15:33:22.609  7420-7464  rpolitics.debug         com.murari.careerpolitics.debug      E  hiddenapi: Accessing hidden method Lcom/android/org/conscrypt/ConscryptEngineSocket;->setUseSessionTickets(Z)V (runtime_flags=CorePlatformApi, domain=core-platform, api=max-target-q,core-platform-api) from Lokhttp3/internal/platform/OptionalMethod; (domain=app) using reflection: denied
2025-12-29 15:33:22.609  7420-7464  rpolitics.debug         com.murari.careerpolitics.debug      E  hiddenapi: Accessing hidden method Lcom/android/org/conscrypt/OpenSSLSocketImpl;->setUseSessionTickets(Z)V (runtime_flags=CorePlatformApi, domain=core-platform, api=max-target-q,core-platform-api) from Lokhttp3/internal/platform/OptionalMethod; (domain=app) using reflection: denied
2025-12-29 15:33:22.609  7420-7464  rpolitics.debug         com.murari.careerpolitics.debug      E  hiddenapi: Accessing hidden method Lcom/android/org/conscrypt/AbstractConscryptSocket;->setUseSessionTickets(Z)V (runtime_flags=0, domain=core-platform, api=max-target-q) from Lokhttp3/internal/platform/OptionalMethod; (domain=app) using reflection: denied
2025-12-29 15:33:22.609  7420-7464  rpolitics.debug         com.murari.careerpolitics.debug      E  hiddenapi: Accessing hidden method Lcom/android/org/conscrypt/ConscryptEngineSocket;->setHostname(Ljava/lang/String;)V (runtime_flags=CorePlatformApi, domain=core-platform, api=max-target-q,core-platform-api) from Lokhttp3/internal/platform/OptionalMethod; (domain=app) using reflection: denied
2025-12-29 15:33:22.609  7420-7464  rpolitics.debug         com.murari.careerpolitics.debug      E  hiddenapi: Accessing hidden method Lcom/android/org/conscrypt/OpenSSLSocketImpl;->setHostname(Ljava/lang/String;)V (runtime_flags=CorePlatformApi, domain=core-platform, api=max-target-q,core-platform-api) from Lokhttp3/internal/platform/OptionalMethod; (domain=app) using reflection: denied
2025-12-29 15:33:22.609  7420-7464  rpolitics.debug         com.murari.careerpolitics.debug      E  hiddenapi: Accessing hidden method Lcom/android/org/conscrypt/AbstractConscryptSocket;->setHostname(Ljava/lang/String;)V (runtime_flags=0, domain=core-platform, api=max-target-q) from Lokhttp3/internal/platform/OptionalMethod; (domain=app) using reflection: denied
2025-12-29 15:33:22.609  7420-7464  rpolitics.debug         com.murari.careerpolitics.debug      E  hiddenapi: Accessing hidden method Lcom/android/org/conscrypt/OpenSSLSocketImpl;->setAlpnProtocols([B)V (runtime_flags=CorePlatformApi, domain=core-platform, api=max-target-q,core-platform-api) from Lokhttp3/internal/platform/OptionalMethod; (domain=app) using reflection: denied
2025-12-29 15:33:22.609  7420-7464  rpolitics.debug         com.murari.careerpolitics.debug      E  hiddenapi: Accessing hidden method Lcom/android/org/conscrypt/AbstractConscryptSocket;->setAlpnProtocols([B)V (runtime_flags=0, domain=core-platform, api=max-target-q) from Lokhttp3/internal/platform/OptionalMethod; (domain=app) using reflection: denied
2025-12-29 15:33:36.088  7420-7464  rpolitics.debug         com.murari.careerpolitics.debug      E  hiddenapi: Accessing hidden method Lcom/android/org/conscrypt/ConscryptEngineSocket;->setUseSessionTickets(Z)V (runtime_flags=CorePlatformApi, domain=core-platform, api=max-target-q,core-platform-api) from Lokhttp3/internal/platform/OptionalMethod; (domain=app) using reflection: denied
2025-12-29 15:33:36.088  7420-7464  rpolitics.debug         com.murari.careerpolitics.debug      E  hiddenapi: Accessing hidden method Lcom/android/org/conscrypt/OpenSSLSocketImpl;->setUseSessionTickets(Z)V (runtime_flags=CorePlatformApi, domain=core-platform, api=max-target-q,core-platform-api) from Lokhttp3/internal/platform/OptionalMethod; (domain=app) using reflection: denied
2025-12-29 15:33:36.088  7420-7464  rpolitics.debug         com.murari.careerpolitics.debug      E  hiddenapi: Accessing hidden method Lcom/android/org/conscrypt/AbstractConscryptSocket;->setUseSessionTickets(Z)V (runtime_flags=0, domain=core-platform, api=max-target-q) from Lokhttp3/internal/platform/OptionalMethod; (domain=app) using reflection: denied
2025-12-29 15:33:36.089  7420-7464  rpolitics.debug         com.murari.careerpolitics.debug      E  hiddenapi: Accessing hidden method Lcom/android/org/conscrypt/ConscryptEngineSocket;->setHostname(Ljava/lang/String;)V (runtime_flags=CorePlatformApi, domain=core-platform, api=max-target-q,core-platform-api) from Lokhttp3/internal/platform/OptionalMethod; (domain=app) using reflection: denied
2025-12-29 15:33:36.089  7420-7464  rpolitics.debug         com.murari.careerpolitics.debug      E  hiddenapi: Accessing hidden method Lcom/android/org/conscrypt/OpenSSLSocketImpl;->setHostname(Ljava/lang/String;)V (runtime_flags=CorePlatformApi, domain=core-platform, api=max-target-q,core-platform-api) from Lokhttp3/internal/platform/OptionalMethod; (domain=app) using reflection: denied
2025-12-29 15:33:36.089  7420-7464  rpolitics.debug         com.murari.careerpolitics.debug      E  hiddenapi: Accessing hidden method Lcom/android/org/conscrypt/AbstractConscryptSocket;->setHostname(Ljava/lang/String;)V (runtime_flags=0, domain=core-platform, api=max-target-q) from Lokhttp3/internal/platform/OptionalMethod; (domain=app) using reflection: denied
2025-12-29 15:33:36.089  7420-7464  rpolitics.debug         com.murari.careerpolitics.debug      E  hiddenapi: Accessing hidden method Lcom/android/org/conscrypt/OpenSSLSocketImpl;->setAlpnProtocols([B)V (runtime_flags=CorePlatformApi, domain=core-platform, api=max-target-q,core-platform-api) from Lokhttp3/internal/platform/OptionalMethod; (domain=app) using reflection: denied
2025-12-29 15:33:36.089  7420-7464  rpolitics.debug         com.murari.careerpolitics.debug      E  hiddenapi: Accessing hidden method Lcom/android/org/conscrypt/AbstractConscryptSocket;->setAlpnProtocols([B)V (runtime_flags=0, domain=core-platform, api=max-target-q) from Lokhttp3/internal/platform/OptionalMethod; (domain=app) using reflection: denied
2025-12-29 15:33:52.561  7420-7450  TRuntime.C...ortBackend com.murari.careerpolitics.debug      I  Making request to: https://firebaselogging-pa.googleapis.com/v1/firelog/legacy/batchlog
2025-12-29 15:33:54.784  7420-7450  TRuntime.C...ortBackend com.murari.careerpolitics.debug      I  Status Code: 200
2025-12-29 15:34:02.272  7420-7464  rpolitics.debug         com.murari.careerpolitics.debug      E  hiddenapi: Accessing hidden method Lcom/android/org/conscrypt/ConscryptEngineSocket;->setUseSessionTickets(Z)V (runtime_flags=CorePlatformApi, domain=core-platform, api=max-target-q,core-platform-api) from Lokhttp3/internal/platform/OptionalMethod; (domain=app) using reflection: denied
2025-12-29 15:34:02.273  7420-7464  rpolitics.debug         com.murari.careerpolitics.debug      E  hiddenapi: Accessing hidden method Lcom/android/org/conscrypt/OpenSSLSocketImpl;->setUseSessionTickets(Z)V (runtime_flags=CorePlatformApi, domain=core-platform, api=max-target-q,core-platform-api) from Lokhttp3/internal/platform/OptionalMethod; (domain=app) using reflection: denied
2025-12-29 15:34:02.273  7420-7464  rpolitics.debug         com.murari.careerpolitics.debug      E  hiddenapi: Accessing hidden method Lcom/android/org/conscrypt/AbstractConscryptSocket;->setUseSessionTickets(Z)V (runtime_flags=0, domain=core-platform, api=max-target-q) from Lokhttp3/internal/platform/OptionalMethod; (domain=app) using reflection: denied
2025-12-29 15:34:02.273  7420-7464  rpolitics.debug         com.murari.careerpolitics.debug      E  hiddenapi: Accessing hidden method Lcom/android/org/conscrypt/ConscryptEngineSocket;->setHostname(Ljava/lang/String;)V (runtime_flags=CorePlatformApi, domain=core-platform, api=max-target-q,core-platform-api) from Lokhttp3/internal/platform/OptionalMethod; (domain=app) using reflection: denied
2025-12-29 15:34:02.275  7420-7464  rpolitics.debug         com.murari.careerpolitics.debug      E  hiddenapi: Accessing hidden method Lcom/android/org/conscrypt/OpenSSLSocketImpl;->setHostname(Ljava/lang/String;)V (runtime_flags=CorePlatformApi, domain=core-platform, api=max-target-q,core-platform-api) from Lokhttp3/internal/platform/OptionalMethod; (domain=app) using reflection: denied
2025-12-29 15:34:02.275  7420-7464  rpolitics.debug         com.murari.careerpolitics.debug      E  hiddenapi: Accessing hidden method Lcom/android/org/conscrypt/AbstractConscryptSocket;->setHostname(Ljava/lang/String;)V (runtime_flags=0, domain=core-platform, api=max-target-q) from Lokhttp3/internal/platform/OptionalMethod; (domain=app) using reflection: denied
2025-12-29 15:34:02.275  7420-7464  rpolitics.debug         com.murari.careerpolitics.debug      E  hiddenapi: Accessing hidden method Lcom/android/org/conscrypt/OpenSSLSocketImpl;->setAlpnProtocols([B)V (runtime_flags=CorePlatformApi, domain=core-platform, api=max-target-q,core-platform-api) from Lokhttp3/internal/platform/OptionalMethod; (domain=app) using reflection: denied
2025-12-29 15:34:02.275  7420-7464  rpolitics.debug         com.murari.careerpolitics.debug      E  hiddenapi: Accessing hidden method Lcom/android/org/conscrypt/AbstractConscryptSocket;->setAlpnProtocols([B)V (runtime_flags=0, domain=core-platform, api=max-target-q) from Lokhttp3/internal/platform/OptionalMethod; (domain=app) using reflection: denied
2025-12-29 15:34:54.113  7420-7464  rpolitics.debug         com.murari.careerpolitics.debug      E  hiddenapi: Accessing hidden method Lcom/android/org/conscrypt/ConscryptEngineSocket;->setUseSessionTickets(Z)V (runtime_flags=CorePlatformApi, domain=core-platform, api=max-target-q,core-platform-api) from Lokhttp3/internal/platform/OptionalMethod; (domain=app) using reflection: denied
2025-12-29 15:34:54.114  7420-7464  rpolitics.debug         com.murari.careerpolitics.debug      E  hiddenapi: Accessing hidden method Lcom/android/org/conscrypt/OpenSSLSocketImpl;->setUseSessionTickets(Z)V (runtime_flags=CorePlatformApi, domain=core-platform, api=max-target-q,core-platform-api) from Lokhttp3/internal/platform/OptionalMethod; (domain=app) using reflection: denied
2025-12-29 15:34:54.114  7420-7464  rpolitics.debug         com.murari.careerpolitics.debug      E  hiddenapi: Accessing hidden method Lcom/android/org/conscrypt/AbstractConscryptSocket;->setUseSessionTickets(Z)V (runtime_flags=0, domain=core-platform, api=max-target-q) from Lokhttp3/internal/platform/OptionalMethod; (domain=app) using reflection: denied
2025-12-29 15:34:54.115  7420-7464  rpolitics.debug         com.murari.careerpolitics.debug      E  hiddenapi: Accessing hidden method Lcom/android/org/conscrypt/ConscryptEngineSocket;->setHostname(Ljava/lang/String;)V (runtime_flags=CorePlatformApi, domain=core-platform, api=max-target-q,core-platform-api) from Lokhttp3/internal/platform/OptionalMethod; (domain=app) using reflection: denied
2025-12-29 15:34:54.115  7420-7464  rpolitics.debug         com.murari.careerpolitics.debug      E  hiddenapi: Accessing hidden method Lcom/android/org/conscrypt/OpenSSLSocketImpl;->setHostname(Ljava/lang/String;)V (runtime_flags=CorePlatformApi, domain=core-platform, api=max-target-q,core-platform-api) from Lokhttp3/internal/platform/OptionalMethod; (domain=app) using reflection: denied
2025-12-29 15:34:54.115  7420-7464  rpolitics.debug         com.murari.careerpolitics.debug      E  hiddenapi: Accessing hidden method Lcom/android/org/conscrypt/AbstractConscryptSocket;->setHostname(Ljava/lang/String;)V (runtime_flags=0, domain=core-platform, api=max-target-q) from Lokhttp3/internal/platform/OptionalMethod; (domain=app) using reflection: denied
2025-12-29 15:34:54.116  7420-7464  rpolitics.debug         com.murari.careerpolitics.debug      E  hiddenapi: Accessing hidden method Lcom/android/org/conscrypt/OpenSSLSocketImpl;->setAlpnProtocols([B)V (runtime_flags=CorePlatformApi, domain=core-platform, api=max-target-q,core-platform-api) from Lokhttp3/internal/platform/OptionalMethod; (domain=app) using reflection: denied
2025-12-29 15:34:54.116  7420-7464  rpolitics.debug         com.murari.careerpolitics.debug      E  hiddenapi: Accessing hidden method Lcom/android/org/conscrypt/AbstractConscryptSocket;->setAlpnProtocols([B)V (runtime_flags=0, domain=core-platform, api=max-target-q) from Lokhttp3/internal/platform/OptionalMethod; (domain=app) using reflection: denied
2025-12-29 15:35:07.309  7420-7533  libc                    com.murari.careerpolitics.debug      A  FORTIFY: pthread_mutex_lock called on a destroyed mutex (0x7e6816802c38)
2025-12-29 15:35:07.309  7420-7534  libc                    com.murari.careerpolitics.debug      A  FORTIFY: pthread_mutex_lock called on a destroyed mutex (0x7e6816802c38)
2025-12-29 15:35:07.647   754-936   InputDispatcher         system_server                        E  channel '842978c com.murari.careerpolitics.debug/com.murari.careerpolitics.activities.MainActivity' ~ Channel is unrecoverably broken and will be disposed!
2025-12-29 15:41:01.286  7628-7628  rpolitics.debug         com.murari.careerpolitics.debug      I  Late-enabling -Xcheck:jni
2025-12-29 15:41:01.401  7628-7628  rpolitics.debug         com.murari.careerpolitics.debug      I  Using CollectorTypeCMC GC.
2025-12-29 15:41:01.405  7628-7628  rpolitics.debug         com.murari.careerpolitics.debug      W  Unexpected CPU variant for x86: x86_64.
                                                                                                    Known variants: atom, sandybridge, silvermont, goldmont, goldmont-plus, goldmont-without-sha-xsaves, tremont, kabylake, alderlake, default
2025-12-29 15:41:01.468  7628-7628  nativeloader            com.murari.careerpolitics.debug      D  Load libframework-connectivity-tiramisu-jni.so using APEX ns com_android_tethering for caller /apex/com.android.tethering/javalib/framework-connectivity-t.jar: ok
2025-12-29 15:41:01.672  7628-7628  ApplicationLoaders      com.murari.careerpolitics.debug      D  Returning zygote-cached class loader: /system_ext/framework/androidx.window.extensions.jar
2025-12-29 15:41:01.673  7628-7628  ApplicationLoaders      com.murari.careerpolitics.debug      D  Returning zygote-cached class loader: /system_ext/framework/androidx.window.sidecar.jar
2025-12-29 15:41:02.280  7628-7628  nativeloader            com.murari.careerpolitics.debug      D  Configuring clns-9 for other apk /data/app/~~oo8Dv2_LRyUYdCXsXBTi7w==/com.murari.careerpolitics.debug-6m92UwoGKHDoCcfWsh4rKg==/base.apk. target_sdk_version=36, uses_libraries=, library_path=/data/app/~~oo8Dv2_LRyUYdCXsXBTi7w==/com.murari.careerpolitics.debug-6m92UwoGKHDoCcfWsh4rKg==/lib/x86_64:/data/app/~~oo8Dv2_LRyUYdCXsXBTi7w==/com.murari.careerpolitics.debug-6m92UwoGKHDoCcfWsh4rKg==/base.apk!/lib/x86_64, permitted_path=/data:/mnt/expand:/data/user/0/com.murari.careerpolitics.debug
2025-12-29 15:41:02.316  7628-7628  rpolitics.debug         com.murari.careerpolitics.debug      I  AssetManager2(0x7e66cb721758) locale list changing from [] to [en-US]
2025-12-29 15:41:02.350  7628-7628  GraphicsEnvironment     com.murari.careerpolitics.debug      V  Currently set values for:
2025-12-29 15:41:02.350  7628-7628  GraphicsEnvironment     com.murari.careerpolitics.debug      V    angle_gl_driver_selection_pkgs=[]
2025-12-29 15:41:02.350  7628-7628  GraphicsEnvironment     com.murari.careerpolitics.debug      V    angle_gl_driver_selection_values=[]
2025-12-29 15:41:02.350  7628-7628  GraphicsEnvironment     com.murari.careerpolitics.debug      V  com.murari.careerpolitics.debug is not listed in per-application setting
2025-12-29 15:41:02.351  7628-7628  GraphicsEnvironment     com.murari.careerpolitics.debug      V  ANGLE allowlist from config: com.dreamgames.royalmatch com.dts.freefiremax com.dxx.firenow com.gramgames.mergedragons com.ludo.king com.mojang.minecraftpe com.my.defense com.nintendo.zaka com.os.airforce com.playrix.fishdomdd.gplay io.teslatech.callbreak jp.konami.prospia net.peakgames.toonblast
2025-12-29 15:41:02.351  7628-7628  GraphicsEnvironment     com.murari.careerpolitics.debug      V  com.murari.careerpolitics.debug is not listed in ANGLE allowlist or settings, returning default
2025-12-29 15:41:02.351  7628-7628  GraphicsEnvironment     com.murari.careerpolitics.debug      V  Neither updatable production driver nor prerelease driver is supported.
2025-12-29 15:41:02.373  7628-7628  MultiDex                com.murari.careerpolitics.debug      I  VM with version 2.1.0 has multidex support
2025-12-29 15:41:02.373  7628-7628  MultiDex                com.murari.careerpolitics.debug      I  Installing application
2025-12-29 15:41:02.373  7628-7628  MultiDex                com.murari.careerpolitics.debug      I  VM has multidex support, MultiDex support library is disabled.
2025-12-29 15:41:02.432  7628-7628  FirebaseSessions        com.murari.careerpolitics.debug      D  Dependency to CRASHLYTICS added.
2025-12-29 15:41:02.445  7628-7628  FirebaseApp             com.murari.careerpolitics.debug      I  Device unlocked: initializing all Firebase APIs for app [DEFAULT]
2025-12-29 15:41:02.590  7628-7628  nativeloader            com.murari.careerpolitics.debug      D  Load /data/app/~~oo8Dv2_LRyUYdCXsXBTi7w==/com.murari.careerpolitics.debug-6m92UwoGKHDoCcfWsh4rKg==/base.apk!/lib/x86_64/libdatastore_shared_counter.so using class loader ns clns-9 (caller=/data/app/~~oo8Dv2_LRyUYdCXsXBTi7w==/com.murari.careerpolitics.debug-6m92UwoGKHDoCcfWsh4rKg==/base.apk!classes15.dex): ok
2025-12-29 15:41:02.649  7628-7628  FirebaseSessions        com.murari.careerpolitics.debug      D  Initializing Firebase Sessions 3.0.3.
2025-12-29 15:41:02.680  7628-7628  FirebaseCrashlytics     com.murari.careerpolitics.debug      I  Initializing Firebase Crashlytics 20.0.3 for com.murari.careerpolitics.debug
2025-12-29 15:41:02.729  7628-7628  FirebaseSessions        com.murari.careerpolitics.debug      D  Subscriber CRASHLYTICS registered.
2025-12-29 15:41:02.738  7628-7653  FirebaseSessions        com.murari.careerpolitics.debug      D  Notified CRASHLYTICS of new session e330d737a0ec4822ab92b2db9011ed70
2025-12-29 15:41:02.741  7628-7650  rpolitics.debug         com.murari.careerpolitics.debug      W  ClassLoaderContext classpath size mismatch. expected=1, found=0 (DLC[];PCL[base.apk*630649996]{PCL[/system/framework/org.apache.http.legacy.jar*4247870504]#PCL[/system/framework/com.android.media.remotedisplay.jar*487574312]#PCL[/system/framework/com.android.location.provider.jar*1570284764]#PCL[/system_ext/framework/androidx.window.extensions.jar*1030441313]#PCL[/system_ext/framework/androidx.window.sidecar.jar*3860983653]} | DLC[];PCL[])
2025-12-29 15:41:02.762  7628-7650  DynamiteModule          com.murari.careerpolitics.debug      I  Considering local module com.google.android.gms.measurement.dynamite:155 and remote module com.google.android.gms.measurement.dynamite:170
2025-12-29 15:41:02.762  7628-7650  DynamiteModule          com.murari.careerpolitics.debug      I  Selected remote version of com.google.android.gms.measurement.dynamite, version >= 170
2025-12-29 15:41:02.762  7628-7650  DynamiteModule          com.murari.careerpolitics.debug      V  Dynamite loader version >= 2, using loadModule2NoCrashUtils
2025-12-29 15:41:02.783  7628-7650  System                  com.murari.careerpolitics.debug      W  ClassLoader referenced unknown path: 
2025-12-29 15:41:02.783  7628-7650  nativeloader            com.murari.careerpolitics.debug      D  Configuring clns-10 for other apk . target_sdk_version=36, uses_libraries=, library_path=/data/app/~~AQIoxwX_bQS00w1beXC_GA==/com.google.android.gms-wCGpIy5s3YYDXYNXs-N6yg==/lib/x86_64:/data/app/~~AQIoxwX_bQS00w1beXC_GA==/com.google.android.gms-wCGpIy5s3YYDXYNXs-N6yg==/base.apk!/lib/x86_64, permitted_path=/data:/mnt/expand:/data/user/0/com.google.android.gms
2025-12-29 15:41:02.811  7628-7650  rpolitics.debug         com.murari.careerpolitics.debug      I  AssetManager2(0x7e66cb722d38) locale list changing from [] to [en-US]
2025-12-29 15:41:02.820  7628-7655  ashmem                  com.murari.careerpolitics.debug      E  Pinning is deprecated since Android Q. Please use trim or other methods.
2025-12-29 15:41:02.851  7628-7650  rpolitics.debug         com.murari.careerpolitics.debug      W  ClassLoaderContext classpath element checksum mismatch. expected=630649996, found=345285330 (DLC[];PCL[base.apk*630649996]{PCL[/system/framework/org.apache.http.legacy.jar*4247870504]#PCL[/system/framework/com.android.media.remotedisplay.jar*487574312]#PCL[/system/framework/com.android.location.provider.jar*1570284764]#PCL[/system_ext/framework/androidx.window.extensions.jar*1030441313]#PCL[/system_ext/framework/androidx.window.sidecar.jar*3860983653]} | DLC[];PCL[/data/app/~~oo8Dv2_LRyUYdCXsXBTi7w==/com.murari.careerpolitics.debug-6m92UwoGKHDoCcfWsh4rKg==/base.apk*345285330]{PCL[/system_ext/framework/androidx.window.extensions.jar*1030441313]#PCL[/system_ext/framework/androidx.window.sidecar.jar*3860983653]})
2025-12-29 15:41:02.852  7628-7628  FirebaseInitProvider    com.murari.careerpolitics.debug      I  FirebaseApp initialization successful
2025-12-29 15:41:02.888  7628-7650  rpolitics.debug         com.murari.careerpolitics.debug      I  AssetManager2(0x7e66cb7271f8) locale list changing from [] to [en-US]
2025-12-29 15:41:02.891  7628-7650  rpolitics.debug         com.murari.careerpolitics.debug      I  AssetManager2(0x7e66cb71d298) locale list changing from [] to [en-US]
2025-12-29 15:41:02.907  7628-7647  FirebaseCrashlytics     com.murari.careerpolitics.debug      I  Saved version control info
2025-12-29 15:41:02.962  7628-7628  rpolitics.debug         com.murari.careerpolitics.debug      I  hiddenapi: Accessing hidden method Ldalvik/system/CloseGuard;->get()Ldalvik/system/CloseGuard; (runtime_flags=CorePlatformApi, domain=core-platform, api=unsupported,core-platform-api) from Lokhttp3/internal/platform/AndroidPlatform$CloseGuard; (domain=app) using reflection: allowed
2025-12-29 15:41:02.963  7628-7628  rpolitics.debug         com.murari.careerpolitics.debug      I  hiddenapi: Accessing hidden method Ldalvik/system/CloseGuard;->open(Ljava/lang/String;)V (runtime_flags=CorePlatformApi, domain=core-platform, api=unsupported,core-platform-api) from Lokhttp3/internal/platform/AndroidPlatform$CloseGuard; (domain=app) using reflection: allowed
2025-12-29 15:41:02.963  7628-7628  rpolitics.debug         com.murari.careerpolitics.debug      I  hiddenapi: Accessing hidden method Ldalvik/system/CloseGuard;->warnIfOpen()V (runtime_flags=CorePlatformApi, domain=core-platform, api=unsupported,core-platform-api) from Lokhttp3/internal/platform/AndroidPlatform$CloseGuard; (domain=app) using reflection: allowed
2025-12-29 15:41:02.992  7628-7665  rpolitics.debug         com.murari.careerpolitics.debug      I  hiddenapi: Accessing hidden method Ldalvik/system/VMStack;->getStackClass2()Ljava/lang/Class; (runtime_flags=0, domain=core-platform, api=unsupported) from Lm7/aox; (domain=app) using reflection: allowed
2025-12-29 15:41:03.027  7628-7665  PhClient                com.murari.careerpolitics.debug      I  Unable to retrieve flag snapshot for com.google.android.gms.measurement#com.murari.careerpolitics.debug, using defaults.
2025-12-29 15:41:03.029  7628-7661  rpolitics.debug         com.murari.careerpolitics.debug      E  No package ID 6a found for resource ID 0x6a0b0013.
2025-12-29 15:41:03.029  7628-7661  FA                      com.murari.careerpolitics.debug      I  App measurement initialized, version: 146007
2025-12-29 15:41:03.029  7628-7661  FA                      com.murari.careerpolitics.debug      I  To enable debug logging run: adb shell setprop log.tag.FA VERBOSE
2025-12-29 15:41:03.030  7628-7661  FA                      com.murari.careerpolitics.debug      I  To enable faster debug mode event logging run:
                                                                                                      adb shell setprop debug.firebase.analytics.app com.murari.careerpolitics.debug
2025-12-29 15:41:05.189  7628-7628  Drawable                com.murari.careerpolitics.debug      E  Unable to decode stream: android.graphics.ImageDecoder$DecodeException: Failed to create image decoder with message 'unimplemented'Input contained an error.
2025-12-29 15:41:05.193  7628-7628  Validations             com.murari.careerpolitics.debug      E  You are targeting Android Oreo and using adaptive icons without having a fallback drawable set for FCM notifications. 
                                                                                                    This can cause a irreversible crash on devices using Oreo.
                                                                                                    To learn more about this issue check: https://issuetracker.google.com/issues/68716460
2025-12-29 15:41:05.245  7628-7628  WM-WrkMgrInitializer    com.murari.careerpolitics.debug      D  Initializing WorkManager with default configuration.
2025-12-29 15:41:05.431  7628-7687  DisplayManager          com.murari.careerpolitics.debug      I  Choreographer implicitly registered for the refresh rate.
2025-12-29 15:41:05.436  7628-7628  rpolitics.debug         com.murari.careerpolitics.debug      I  AssetManager2(0x7e66cb724c78) locale list changing from [] to [en-US]
2025-12-29 15:41:05.533  7628-7628  AppCompatDelegate       com.murari.careerpolitics.debug      D  Checking for metadata for AppLocalesMetadataHolderService : Service not found
2025-12-29 15:41:05.534  7628-7628  rpolitics.debug         com.murari.careerpolitics.debug      I  AssetManager2(0x7e66cb7255d8) locale list changing from [] to [en-US]
2025-12-29 15:41:05.595  7628-7628  CompatChangeReporter    com.murari.careerpolitics.debug      D  Compat change id reported: 377864165; UID 10218; state: ENABLED
2025-12-29 15:41:05.599  7628-7628  DesktopModeFlags        com.murari.careerpolitics.debug      D  Toggle override initialized to: OVERRIDE_UNSET
2025-12-29 15:41:05.634  7628-7628  rpolitics.debug         com.murari.careerpolitics.debug      I  hiddenapi: Accessing hidden method Landroid/view/ViewGroup;->makeOptionalFitsSystemWindows()V (runtime_flags=0, domain=platform, api=unsupported) from Landroidx/appcompat/widget/ViewUtils; (domain=app) using reflection: allowed
2025-12-29 15:41:05.639  7628-7687  EGL_emulation           com.murari.careerpolitics.debug      I  Opening libGLESv1_CM_emulation.so
2025-12-29 15:41:05.643  7628-7687  EGL_emulation           com.murari.careerpolitics.debug      I  Opening libGLESv2_emulation.so
2025-12-29 15:41:05.668  7628-7687  HWUI                    com.murari.careerpolitics.debug      W  Failed to choose config with EGL_SWAP_BEHAVIOR_PRESERVED, retrying without...
2025-12-29 15:41:05.670  7628-7687  HWUI                    com.murari.careerpolitics.debug      W  Failed to initialize 101010-2 format, error = EGL_SUCCESS
2025-12-29 15:41:05.723  7628-7628  rpolitics.debug         com.murari.careerpolitics.debug      I  AssetManager2(0x7e66cb729778) locale list changing from [] to [en-US]
2025-12-29 15:41:05.724  7628-7628  WebViewFactory          com.murari.careerpolitics.debug      I  Loading com.google.android.webview version 133.0.6943.137 (code 694313738)
2025-12-29 15:41:05.727  7628-7628  rpolitics.debug         com.murari.careerpolitics.debug      I  AssetManager2(0x7e66cb726ed8) locale list changing from [] to [en-US]
2025-12-29 15:41:05.729  7628-7628  rpolitics.debug         com.murari.careerpolitics.debug      I  AssetManager2(0x7e66cb727518) locale list changing from [] to [en-US]
2025-12-29 15:41:05.731  7628-7628  rpolitics.debug         com.murari.careerpolitics.debug      I  AssetManager2(0x7e66cb723cd8) locale list changing from [] to [en-US]
2025-12-29 15:41:05.735  7628-7628  rpolitics.debug         com.murari.careerpolitics.debug      I  AssetManager2(0x7e66cb7252b8) locale list changing from [] to [en-US]
2025-12-29 15:41:05.744  7628-7681  rpolitics.debug         com.murari.careerpolitics.debug      E  hiddenapi: Accessing hidden method Lcom/android/org/conscrypt/ConscryptEngineSocket;->setUseSessionTickets(Z)V (runtime_flags=CorePlatformApi, domain=core-platform, api=max-target-q,core-platform-api) from Lokhttp3/internal/platform/OptionalMethod; (domain=app) using reflection: denied
2025-12-29 15:41:05.744  7628-7681  rpolitics.debug         com.murari.careerpolitics.debug      E  hiddenapi: Accessing hidden method Lcom/android/org/conscrypt/OpenSSLSocketImpl;->setUseSessionTickets(Z)V (runtime_flags=CorePlatformApi, domain=core-platform, api=max-target-q,core-platform-api) from Lokhttp3/internal/platform/OptionalMethod; (domain=app) using reflection: denied
2025-12-29 15:41:05.744  7628-7681  rpolitics.debug         com.murari.careerpolitics.debug      E  hiddenapi: Accessing hidden method Lcom/android/org/conscrypt/AbstractConscryptSocket;->setUseSessionTickets(Z)V (runtime_flags=0, domain=core-platform, api=max-target-q) from Lokhttp3/internal/platform/OptionalMethod; (domain=app) using reflection: denied
2025-12-29 15:41:05.744  7628-7681  rpolitics.debug         com.murari.careerpolitics.debug      E  hiddenapi: Accessing hidden method Lcom/android/org/conscrypt/ConscryptEngineSocket;->setHostname(Ljava/lang/String;)V (runtime_flags=CorePlatformApi, domain=core-platform, api=max-target-q,core-platform-api) from Lokhttp3/internal/platform/OptionalMethod; (domain=app) using reflection: denied
2025-12-29 15:41:05.744  7628-7681  rpolitics.debug         com.murari.careerpolitics.debug      E  hiddenapi: Accessing hidden method Lcom/android/org/conscrypt/OpenSSLSocketImpl;->setHostname(Ljava/lang/String;)V (runtime_flags=CorePlatformApi, domain=core-platform, api=max-target-q,core-platform-api) from Lokhttp3/internal/platform/OptionalMethod; (domain=app) using reflection: denied
2025-12-29 15:41:05.744  7628-7681  rpolitics.debug         com.murari.careerpolitics.debug      E  hiddenapi: Accessing hidden method Lcom/android/org/conscrypt/AbstractConscryptSocket;->setHostname(Ljava/lang/String;)V (runtime_flags=0, domain=core-platform, api=max-target-q) from Lokhttp3/internal/platform/OptionalMethod; (domain=app) using reflection: denied
2025-12-29 15:41:05.744  7628-7681  rpolitics.debug         com.murari.careerpolitics.debug      E  hiddenapi: Accessing hidden method Lcom/android/org/conscrypt/OpenSSLSocketImpl;->setAlpnProtocols([B)V (runtime_flags=CorePlatformApi, domain=core-platform, api=max-target-q,core-platform-api) from Lokhttp3/internal/platform/OptionalMethod; (domain=app) using reflection: denied
2025-12-29 15:41:05.745  7628-7681  rpolitics.debug         com.murari.careerpolitics.debug      E  hiddenapi: Accessing hidden method Lcom/android/org/conscrypt/AbstractConscryptSocket;->setAlpnProtocols([B)V (runtime_flags=0, domain=core-platform, api=max-target-q) from Lokhttp3/internal/platform/OptionalMethod; (domain=app) using reflection: denied
2025-12-29 15:41:05.746  7628-7628  rpolitics.debug         com.murari.careerpolitics.debug      I  AssetManager2(0x7e66cb726898) locale list changing from [] to [en-US]
2025-12-29 15:41:05.749  7628-7628  rpolitics.debug         com.murari.careerpolitics.debug      I  AssetManager2(0x7e66cb723ff8) locale list changing from [] to [en-US]
2025-12-29 15:41:05.751  7628-7628  ResourcesManager        com.murari.careerpolitics.debug      V  The following library key has been added: ResourcesKey{ mHash=518793f1 mResDir=null mSplitDirs=[] mOverlayDirs=[] mLibDirs=[/data/app/~~xXUYch0nyIXuFqW0H83vfQ==/com.google.android.webview-_z5WVByg5AXGzqxdHOjmkg==/WebViewGoogle.apk,/data/app/~~pM3_Yun1z_OzpAcBhpWrWg==/com.google.android.trichromelibrary_694313738-S5LFIkHH2kB-5LF-mi142A==/TrichromeLibrary.apk] mDisplayId=0 mOverrideConfig=v36 mCompatInfo={440dpi always-compat} mLoaders=[]}
2025-12-29 15:41:05.760  7628-7628  rpolitics.debug         com.murari.careerpolitics.debug      W  Failed to find entry 'classes.dex': Entry not found
2025-12-29 15:41:05.762  7628-7628  nativeloader            com.murari.careerpolitics.debug      D  Configuring clns-11 for other apk /data/app/~~pM3_Yun1z_OzpAcBhpWrWg==/com.google.android.trichromelibrary_694313738-S5LFIkHH2kB-5LF-mi142A==/TrichromeLibrary.apk. target_sdk_version=34, uses_libraries=ALL, library_path=/data/app/~~xXUYch0nyIXuFqW0H83vfQ==/com.google.android.webview-_z5WVByg5AXGzqxdHOjmkg==/lib/x86_64:/data/app/~~xXUYch0nyIXuFqW0H83vfQ==/com.google.android.webview-_z5WVByg5AXGzqxdHOjmkg==/WebViewGoogle.apk!/lib/x86_64:/data/app/~~pM3_Yun1z_OzpAcBhpWrWg==/com.google.android.trichromelibrary_694313738-S5LFIkHH2kB-5LF-mi142A==/TrichromeLibrary.apk!/lib/x86_64, permitted_path=/data:/mnt/expand
2025-12-29 15:41:05.773  7628-7628  ApplicationLoaders      com.murari.careerpolitics.debug      D  Returning zygote-cached class loader: /system_ext/framework/androidx.window.extensions.jar
2025-12-29 15:41:05.784  7628-7628  nativeloader            com.murari.careerpolitics.debug      D  Configuring clns-12 for other apk /data/app/~~xXUYch0nyIXuFqW0H83vfQ==/com.google.android.webview-_z5WVByg5AXGzqxdHOjmkg==/WebViewGoogle.apk. target_sdk_version=34, uses_libraries=, library_path=/data/app/~~xXUYch0nyIXuFqW0H83vfQ==/com.google.android.webview-_z5WVByg5AXGzqxdHOjmkg==/lib/x86_64:/data/app/~~xXUYch0nyIXuFqW0H83vfQ==/com.google.android.webview-_z5WVByg5AXGzqxdHOjmkg==/WebViewGoogle.apk!/lib/x86_64:/data/app/~~pM3_Yun1z_OzpAcBhpWrWg==/com.google.android.trichromelibrary_694313738-S5LFIkHH2kB-5LF-mi142A==/TrichromeLibrary.apk!/lib/x86_64, permitted_path=/data:/mnt/expand
2025-12-29 15:41:05.871  7628-7628  cr_WVCFactoryProvider   com.murari.careerpolitics.debug      I  version=133.0.6943.137 (694313738) minSdkVersion=29 isBundle=false multiprocess=true packageId=2
2025-12-29 15:41:05.901  7628-7628  nativeloader            com.murari.careerpolitics.debug      D  Load /data/app/~~pM3_Yun1z_OzpAcBhpWrWg==/com.google.android.trichromelibrary_694313738-S5LFIkHH2kB-5LF-mi142A==/TrichromeLibrary.apk!/lib/x86_64/libmonochrome_64.so using class loader ns clns-12 (caller=/data/app/~~xXUYch0nyIXuFqW0H83vfQ==/com.google.android.webview-_z5WVByg5AXGzqxdHOjmkg==/WebViewGoogle.apk): ok
2025-12-29 15:41:05.910  7628-7628  nativeloader            com.murari.careerpolitics.debug      D  Load /system/lib64/libwebviewchromium_plat_support.so using class loader ns clns-12 (caller=/data/app/~~xXUYch0nyIXuFqW0H83vfQ==/com.google.android.webview-_z5WVByg5AXGzqxdHOjmkg==/WebViewGoogle.apk): ok
2025-12-29 15:41:05.919  7628-7691  chromium                com.murari.careerpolitics.debug      E  [1229/154105.916926:ERROR:variations_seed_loader.cc(39)] Seed missing signature.
2025-12-29 15:41:05.920  7628-7691  chromium                com.murari.careerpolitics.debug      I  [1229/154105.920289:INFO:variations_seed_loader.cc(67)] Failed to open file for reading.: No such file or directory (2)
2025-12-29 15:41:05.941  7628-7628  cr_LibraryLoader        com.murari.careerpolitics.debug      I  Successfully loaded native library
2025-12-29 15:41:05.943  7628-7628  cr_CachingUmaRecorder   com.murari.careerpolitics.debug      I  Flushed 6 samples from 6 histograms, 0 samples were dropped.
2025-12-29 15:41:05.949  7628-7628  cr_CombinedPProvider    com.murari.careerpolitics.debug      I  #registerProvider() provider:WV.C8@9ac36b1 isPolicyCacheEnabled:false policyProvidersSize:0
2025-12-29 15:41:05.951  7628-7628  cr_PolicyProvider       com.murari.careerpolitics.debug      I  #setManagerAndSource() 0
2025-12-29 15:41:05.994  7628-7628  cr_CombinedPProvider    com.murari.careerpolitics.debug      I  #linkNativeInternal() 1
2025-12-29 15:41:05.996  7628-7628  cr_AppResProvider       com.murari.careerpolitics.debug      I  #getApplicationRestrictionsFromUserManager() Bundle[EMPTY_PARCEL]
2025-12-29 15:41:05.997  7628-7628  cr_PolicyProvider       com.murari.careerpolitics.debug      I  #notifySettingsAvailable() 0
2025-12-29 15:41:05.997  7628-7628  cr_CombinedPProvider    com.murari.careerpolitics.debug      I  #onSettingsAvailable() 0
2025-12-29 15:41:05.997  7628-7628  cr_CombinedPProvider    com.murari.careerpolitics.debug      I  #flushPolicies()
2025-12-29 15:41:06.086  7628-7628  rpolitics.debug         com.murari.careerpolitics.debug      I  AssetManager2(0x7e66cb72a718) locale list changing from [] to [en-US]
2025-12-29 15:41:06.093  7628-7628  rpolitics.debug         com.murari.careerpolitics.debug      I  AssetManager2(0x7e66cb724f98) locale list changing from [] to [en-US]
2025-12-29 15:41:06.467  7628-7628  Drawable                com.murari.careerpolitics.debug      E  Unable to decode stream: android.graphics.ImageDecoder$DecodeException: Failed to create image decoder with message 'unimplemented'Input contained an error.
2025-12-29 15:41:06.467  7628-7628  Validations             com.murari.careerpolitics.debug      E  You are targeting Android Oreo and using adaptive icons without having a fallback drawable set for FCM notifications. 
                                                                                                    This can cause a irreversible crash on devices using Oreo.
                                                                                                    To learn more about this issue check: https://issuetracker.google.com/issues/68716460
2025-12-29 15:41:06.476  7628-7628  CareerPoli...inActivity com.murari.careerpolitics.debug      D  Push Notifications initialized(awaiting user auth for token registration)
2025-12-29 15:41:06.521  7628-7713  cr_media                com.murari.careerpolitics.debug      W  BLUETOOTH_CONNECT permission is missing.
2025-12-29 15:41:06.524  7628-7713  cr_media                com.murari.careerpolitics.debug      W  getBluetoothAdapter() requires BLUETOOTH permission
2025-12-29 15:41:06.524  7628-7713  cr_media                com.murari.careerpolitics.debug      W  registerBluetoothIntentsIfNeeded: Requires BLUETOOTH permission
2025-12-29 15:41:06.546  7628-7628  CareerPoli...inActivity com.murari.careerpolitics.debug      D  Notification intent received without URL, ignoring
2025-12-29 15:41:06.560  7628-7738  vulkan                  com.murari.careerpolitics.debug      D  searching for layers in '/data/app/~~oo8Dv2_LRyUYdCXsXBTi7w==/com.murari.careerpolitics.debug-6m92UwoGKHDoCcfWsh4rKg==/lib/x86_64'
2025-12-29 15:41:06.568  7628-7738  vulkan                  com.murari.careerpolitics.debug      D  searching for layers in '/data/app/~~oo8Dv2_LRyUYdCXsXBTi7w==/com.murari.careerpolitics.debug-6m92UwoGKHDoCcfWsh4rKg==/base.apk!/lib/x86_64'
2025-12-29 15:41:06.574  7628-7628  FirebaseSessions        com.murari.careerpolitics.debug      D  App foregrounded on com.murari.careerpolitics.debug
2025-12-29 15:41:06.574  7628-7628  FirebaseSessions        com.murari.careerpolitics.debug      D  Session e330d737a0ec4822ab92b2db9011ed70 has not backgrounded yet
2025-12-29 15:41:06.574  7628-7628  FirebaseSessions        com.murari.careerpolitics.debug      D  Process com.murari.careerpolitics.debug is stale
2025-12-29 15:41:06.577  7628-7628  CareerPoli...inActivity com.murari.careerpolitics.debug      D  Notification intent received without URL, ignoring
2025-12-29 15:41:06.586  7628-7661  FA                      com.murari.careerpolitics.debug      I  Tag Manager is not found and thus will not be used
2025-12-29 15:41:06.604  7628-7645  FirebaseSessions        com.murari.careerpolitics.debug      D  Session e330d737a0ec4822ab92b2db9011ed70 has not backgrounded yet
2025-12-29 15:41:06.609  7628-7645  FirebaseSessions        com.murari.careerpolitics.debug      D  Cold app start detected
2025-12-29 15:41:06.610  7628-7681  rpolitics.debug         com.murari.careerpolitics.debug      E  hiddenapi: Accessing hidden method Lcom/android/org/conscrypt/ConscryptEngineSocket;->setUseSessionTickets(Z)V (runtime_flags=CorePlatformApi, domain=core-platform, api=max-target-q,core-platform-api) from Lokhttp3/internal/platform/OptionalMethod; (domain=app) using reflection: denied
2025-12-29 15:41:06.610  7628-7681  rpolitics.debug         com.murari.careerpolitics.debug      E  hiddenapi: Accessing hidden method Lcom/android/org/conscrypt/OpenSSLSocketImpl;->setUseSessionTickets(Z)V (runtime_flags=CorePlatformApi, domain=core-platform, api=max-target-q,core-platform-api) from Lokhttp3/internal/platform/OptionalMethod; (domain=app) using reflection: denied
2025-12-29 15:41:06.610  7628-7681  rpolitics.debug         com.murari.careerpolitics.debug      E  hiddenapi: Accessing hidden method Lcom/android/org/conscrypt/AbstractConscryptSocket;->setUseSessionTickets(Z)V (runtime_flags=0, domain=core-platform, api=max-target-q) from Lokhttp3/internal/platform/OptionalMethod; (domain=app) using reflection: denied
2025-12-29 15:41:06.611  7628-7645  FirebaseSessions        com.murari.careerpolitics.debug      D  Process com.murari.careerpolitics.debug is stale
2025-12-29 15:41:06.612  7628-7681  rpolitics.debug         com.murari.careerpolitics.debug      E  hiddenapi: Accessing hidden method Lcom/android/org/conscrypt/ConscryptEngineSocket;->setHostname(Ljava/lang/String;)V (runtime_flags=CorePlatformApi, domain=core-platform, api=max-target-q,core-platform-api) from Lokhttp3/internal/platform/OptionalMethod; (domain=app) using reflection: denied
2025-12-29 15:41:06.612  7628-7681  rpolitics.debug         com.murari.careerpolitics.debug      E  hiddenapi: Accessing hidden method Lcom/android/org/conscrypt/OpenSSLSocketImpl;->setHostname(Ljava/lang/String;)V (runtime_flags=CorePlatformApi, domain=core-platform, api=max-target-q,core-platform-api) from Lokhttp3/internal/platform/OptionalMethod; (domain=app) using reflection: denied
2025-12-29 15:41:06.612  7628-7681  rpolitics.debug         com.murari.careerpolitics.debug      E  hiddenapi: Accessing hidden method Lcom/android/org/conscrypt/AbstractConscryptSocket;->setHostname(Ljava/lang/String;)V (runtime_flags=0, domain=core-platform, api=max-target-q) from Lokhttp3/internal/platform/OptionalMethod; (domain=app) using reflection: denied
2025-12-29 15:41:06.626  7628-7628  HWUI                    com.murari.careerpolitics.debug      W  Unknown dataspace 0
