2025-12-29 15:11:37.504  5594-5594  rpolitics.debug         com.murari.careerpolitics.debug      W  Verification of void com.murari.careerpolitics.services.PushNotificationService.registerFcmToken(android.content.Context) took 100.437ms (229.00 bytecodes/s) (0B arena alloc)
2025-12-29 15:11:37.629  5594-5594  rpolitics.debug         com.murari.careerpolitics.debug      W  Verification of void com.murari.careerpolitics.services.PushNotificationService.unregisterDevice(android.content.Context, java.lang.String, java.lang.String) took 124.262ms (627.70 bytecodes/s) (0B arena alloc)
2025-12-29 15:11:45.484  5594-5594  chromium                com.murari.careerpolitics.debug      I  [INFO:CONSOLE(0)] "The resource https://careerpolitics.com/sidebars/home was preloaded using link preload but not used within a few seconds from the window's load event. Please make sure it has an appropriate `as` value and it is preloaded intentionally.", source: https://careerpolitics.com/ (0)
2025-12-29 15:11:45.492  5594-5643  rpolitics.debug         com.murari.careerpolitics.debug      E  hiddenapi: Accessing hidden method Lcom/android/org/conscrypt/ConscryptEngineSocket;->setUseSessionTickets(Z)V (runtime_flags=CorePlatformApi, domain=core-platform, api=max-target-q,core-platform-api) from Lokhttp3/internal/platform/OptionalMethod; (domain=app) using reflection: denied
2025-12-29 15:11:45.493  5594-5643  rpolitics.debug         com.murari.careerpolitics.debug      E  hiddenapi: Accessing hidden method Lcom/android/org/conscrypt/OpenSSLSocketImpl;->setUseSessionTickets(Z)V (runtime_flags=CorePlatformApi, domain=core-platform, api=max-target-q,core-platform-api) from Lokhttp3/internal/platform/OptionalMethod; (domain=app) using reflection: denied
2025-12-29 15:11:45.523  5594-5643  rpolitics.debug         com.murari.careerpolitics.debug      E  hiddenapi: Accessing hidden method Lcom/android/org/conscrypt/AbstractConscryptSocket;->setUseSessionTickets(Z)V (runtime_flags=0, domain=core-platform, api=max-target-q) from Lokhttp3/internal/platform/OptionalMethod; (domain=app) using reflection: denied
2025-12-29 15:11:45.524  5594-5643  rpolitics.debug         com.murari.careerpolitics.debug      E  hiddenapi: Accessing hidden method Lcom/android/org/conscrypt/ConscryptEngineSocket;->setHostname(Ljava/lang/String;)V (runtime_flags=CorePlatformApi, domain=core-platform, api=max-target-q,core-platform-api) from Lokhttp3/internal/platform/OptionalMethod; (domain=app) using reflection: denied
2025-12-29 15:11:45.524  5594-5643  rpolitics.debug         com.murari.careerpolitics.debug      E  hiddenapi: Accessing hidden method Lcom/android/org/conscrypt/OpenSSLSocketImpl;->setHostname(Ljava/lang/String;)V (runtime_flags=CorePlatformApi, domain=core-platform, api=max-target-q,core-platform-api) from Lokhttp3/internal/platform/OptionalMethod; (domain=app) using reflection: denied
2025-12-29 15:11:45.524  5594-5643  rpolitics.debug         com.murari.careerpolitics.debug      E  hiddenapi: Accessing hidden method Lcom/android/org/conscrypt/AbstractConscryptSocket;->setHostname(Ljava/lang/String;)V (runtime_flags=0, domain=core-platform, api=max-target-q) from Lokhttp3/internal/platform/OptionalMethod; (domain=app) using reflection: denied
2025-12-29 15:11:45.525  5594-5643  rpolitics.debug         com.murari.careerpolitics.debug      E  hiddenapi: Accessing hidden method Lcom/android/org/conscrypt/OpenSSLSocketImpl;->setAlpnProtocols([B)V (runtime_flags=CorePlatformApi, domain=core-platform, api=max-target-q,core-platform-api) from Lokhttp3/internal/platform/OptionalMethod; (domain=app) using reflection: denied
2025-12-29 15:11:45.525  5594-5643  rpolitics.debug         com.murari.careerpolitics.debug      E  hiddenapi: Accessing hidden method Lcom/android/org/conscrypt/AbstractConscryptSocket;->setAlpnProtocols([B)V (runtime_flags=0, domain=core-platform, api=max-target-q) from Lokhttp3/internal/platform/OptionalMethod; (domain=app) using reflection: denied
2025-12-29 15:11:45.546  5594-5635  PushNotificationService com.murari.careerpolitics.debug      D  FCM token obtained: cHxuBxwVTeivP8On7AA3…
2025-12-29 15:11:46.210  5594-5635  PushNotificationService com.murari.careerpolitics.debug      D  FCM token registered successfully: {"success":true,"device_id":1}
2025-12-29 15:11:48.863  5594-5594  chromium                com.murari.careerpolitics.debug      I  [INFO:CONSOLE(0)] "The resource https://careerpolitics.com/sidebars/home was preloaded using link preload but not used within a few seconds from the window's load event. Please make sure it has an appropriate `as` value and it is preloaded intentionally.", source: https://careerpolitics.com/ (0)
2025-12-29 15:11:54.232  5594-5643  rpolitics.debug         com.murari.careerpolitics.debug      E  hiddenapi: Accessing hidden method Lcom/android/org/conscrypt/ConscryptEngineSocket;->setUseSessionTickets(Z)V (runtime_flags=CorePlatformApi, domain=core-platform, api=max-target-q,core-platform-api) from Lokhttp3/internal/platform/OptionalMethod; (domain=app) using reflection: denied
2025-12-29 15:11:54.233  5594-5643  rpolitics.debug         com.murari.careerpolitics.debug      E  hiddenapi: Accessing hidden method Lcom/android/org/conscrypt/OpenSSLSocketImpl;->setUseSessionTickets(Z)V (runtime_flags=CorePlatformApi, domain=core-platform, api=max-target-q,core-platform-api) from Lokhttp3/internal/platform/OptionalMethod; (domain=app) using reflection: denied
2025-12-29 15:11:54.233  5594-5643  rpolitics.debug         com.murari.careerpolitics.debug      E  hiddenapi: Accessing hidden method Lcom/android/org/conscrypt/AbstractConscryptSocket;->setUseSessionTickets(Z)V (runtime_flags=0, domain=core-platform, api=max-target-q) from Lokhttp3/internal/platform/OptionalMethod; (domain=app) using reflection: denied
2025-12-29 15:11:54.233  5594-5643  rpolitics.debug         com.murari.careerpolitics.debug      E  hiddenapi: Accessing hidden method Lcom/android/org/conscrypt/ConscryptEngineSocket;->setHostname(Ljava/lang/String;)V (runtime_flags=CorePlatformApi, domain=core-platform, api=max-target-q,core-platform-api) from Lokhttp3/internal/platform/OptionalMethod; (domain=app) using reflection: denied
2025-12-29 15:11:54.233  5594-5643  rpolitics.debug         com.murari.careerpolitics.debug      E  hiddenapi: Accessing hidden method Lcom/android/org/conscrypt/OpenSSLSocketImpl;->setHostname(Ljava/lang/String;)V (runtime_flags=CorePlatformApi, domain=core-platform, api=max-target-q,core-platform-api) from Lokhttp3/internal/platform/OptionalMethod; (domain=app) using reflection: denied
2025-12-29 15:11:54.233  5594-5643  rpolitics.debug         com.murari.careerpolitics.debug      E  hiddenapi: Accessing hidden method Lcom/android/org/conscrypt/AbstractConscryptSocket;->setHostname(Ljava/lang/String;)V (runtime_flags=0, domain=core-platform, api=max-target-q) from Lokhttp3/internal/platform/OptionalMethod; (domain=app) using reflection: denied
2025-12-29 15:11:54.233  5594-5643  rpolitics.debug         com.murari.careerpolitics.debug      E  hiddenapi: Accessing hidden method Lcom/android/org/conscrypt/OpenSSLSocketImpl;->setAlpnProtocols([B)V (runtime_flags=CorePlatformApi, domain=core-platform, api=max-target-q,core-platform-api) from Lokhttp3/internal/platform/OptionalMethod; (domain=app) using reflection: denied
2025-12-29 15:11:54.233  5594-5643  rpolitics.debug         com.murari.careerpolitics.debug      E  hiddenapi: Accessing hidden method Lcom/android/org/conscrypt/AbstractConscryptSocket;->setAlpnProtocols([B)V (runtime_flags=0, domain=core-platform, api=max-target-q) from Lokhttp3/internal/platform/OptionalMethod; (domain=app) using reflection: denied
2025-12-29 15:11:56.713  5594-5643  rpolitics.debug         com.murari.careerpolitics.debug      E  hiddenapi: Accessing hidden method Lcom/android/org/conscrypt/ConscryptEngineSocket;->setUseSessionTickets(Z)V (runtime_flags=CorePlatformApi, domain=core-platform, api=max-target-q,core-platform-api) from Lokhttp3/internal/platform/OptionalMethod; (domain=app) using reflection: denied
2025-12-29 15:11:56.713  5594-5643  rpolitics.debug         com.murari.careerpolitics.debug      E  hiddenapi: Accessing hidden method Lcom/android/org/conscrypt/OpenSSLSocketImpl;->setUseSessionTickets(Z)V (runtime_flags=CorePlatformApi, domain=core-platform, api=max-target-q,core-platform-api) from Lokhttp3/internal/platform/OptionalMethod; (domain=app) using reflection: denied
2025-12-29 15:11:56.713  5594-5643  rpolitics.debug         com.murari.careerpolitics.debug      E  hiddenapi: Accessing hidden method Lcom/android/org/conscrypt/AbstractConscryptSocket;->setUseSessionTickets(Z)V (runtime_flags=0, domain=core-platform, api=max-target-q) from Lokhttp3/internal/platform/OptionalMethod; (domain=app) using reflection: denied
2025-12-29 15:11:56.714  5594-5643  rpolitics.debug         com.murari.careerpolitics.debug      E  hiddenapi: Accessing hidden method Lcom/android/org/conscrypt/ConscryptEngineSocket;->setHostname(Ljava/lang/String;)V (runtime_flags=CorePlatformApi, domain=core-platform, api=max-target-q,core-platform-api) from Lokhttp3/internal/platform/OptionalMethod; (domain=app) using reflection: denied
2025-12-29 15:11:56.714  5594-5643  rpolitics.debug         com.murari.careerpolitics.debug      E  hiddenapi: Accessing hidden method Lcom/android/org/conscrypt/OpenSSLSocketImpl;->setHostname(Ljava/lang/String;)V (runtime_flags=CorePlatformApi, domain=core-platform, api=max-target-q,core-platform-api) from Lokhttp3/internal/platform/OptionalMethod; (domain=app) using reflection: denied
2025-12-29 15:11:56.714  5594-5643  rpolitics.debug         com.murari.careerpolitics.debug      E  hiddenapi: Accessing hidden method Lcom/android/org/conscrypt/AbstractConscryptSocket;->setHostname(Ljava/lang/String;)V (runtime_flags=0, domain=core-platform, api=max-target-q) from Lokhttp3/internal/platform/OptionalMethod; (domain=app) using reflection: denied
2025-12-29 15:11:56.714  5594-5643  rpolitics.debug         com.murari.careerpolitics.debug      E  hiddenapi: Accessing hidden method Lcom/android/org/conscrypt/OpenSSLSocketImpl;->setAlpnProtocols([B)V (runtime_flags=CorePlatformApi, domain=core-platform, api=max-target-q,core-platform-api) from Lokhttp3/internal/platform/OptionalMethod; (domain=app) using reflection: denied
2025-12-29 15:11:56.714  5594-5643  rpolitics.debug         com.murari.careerpolitics.debug      E  hiddenapi: Accessing hidden method Lcom/android/org/conscrypt/AbstractConscryptSocket;->setAlpnProtocols([B)V (runtime_flags=0, domain=core-platform, api=max-target-q) from Lokhttp3/internal/platform/OptionalMethod; (domain=app) using reflection: denied
2025-12-29 15:12:00.525  5594-5643  rpolitics.debug         com.murari.careerpolitics.debug      E  hiddenapi: Accessing hidden method Lcom/android/org/conscrypt/ConscryptEngineSocket;->setUseSessionTickets(Z)V (runtime_flags=CorePlatformApi, domain=core-platform, api=max-target-q,core-platform-api) from Lokhttp3/internal/platform/OptionalMethod; (domain=app) using reflection: denied
2025-12-29 15:12:00.526  5594-5643  rpolitics.debug         com.murari.careerpolitics.debug      E  hiddenapi: Accessing hidden method Lcom/android/org/conscrypt/OpenSSLSocketImpl;->setUseSessionTickets(Z)V (runtime_flags=CorePlatformApi, domain=core-platform, api=max-target-q,core-platform-api) from Lokhttp3/internal/platform/OptionalMethod; (domain=app) using reflection: denied
2025-12-29 15:12:00.526  5594-5643  rpolitics.debug         com.murari.careerpolitics.debug      E  hiddenapi: Accessing hidden method Lcom/android/org/conscrypt/AbstractConscryptSocket;->setUseSessionTickets(Z)V (runtime_flags=0, domain=core-platform, api=max-target-q) from Lokhttp3/internal/platform/OptionalMethod; (domain=app) using reflection: denied
2025-12-29 15:12:00.526  5594-5643  rpolitics.debug         com.murari.careerpolitics.debug      E  hiddenapi: Accessing hidden method Lcom/android/org/conscrypt/ConscryptEngineSocket;->setHostname(Ljava/lang/String;)V (runtime_flags=CorePlatformApi, domain=core-platform, api=max-target-q,core-platform-api) from Lokhttp3/internal/platform/OptionalMethod; (domain=app) using reflection: denied
2025-12-29 15:12:00.526  5594-5643  rpolitics.debug         com.murari.careerpolitics.debug      E  hiddenapi: Accessing hidden method Lcom/android/org/conscrypt/OpenSSLSocketImpl;->setHostname(Ljava/lang/String;)V (runtime_flags=CorePlatformApi, domain=core-platform, api=max-target-q,core-platform-api) from Lokhttp3/internal/platform/OptionalMethod; (domain=app) using reflection: denied
2025-12-29 15:12:00.526  5594-5643  rpolitics.debug         com.murari.careerpolitics.debug      E  hiddenapi: Accessing hidden method Lcom/android/org/conscrypt/AbstractConscryptSocket;->setHostname(Ljava/lang/String;)V (runtime_flags=0, domain=core-platform, api=max-target-q) from Lokhttp3/internal/platform/OptionalMethod; (domain=app) using reflection: denied
2025-12-29 15:12:00.527  5594-5643  rpolitics.debug         com.murari.careerpolitics.debug      E  hiddenapi: Accessing hidden method Lcom/android/org/conscrypt/OpenSSLSocketImpl;->setAlpnProtocols([B)V (runtime_flags=CorePlatformApi, domain=core-platform, api=max-target-q,core-platform-api) from Lokhttp3/internal/platform/OptionalMethod; (domain=app) using reflection: denied
2025-12-29 15:12:00.527  5594-5643  rpolitics.debug         com.murari.careerpolitics.debug      E  hiddenapi: Accessing hidden method Lcom/android/org/conscrypt/AbstractConscryptSocket;->setAlpnProtocols([B)V (runtime_flags=0, domain=core-platform, api=max-target-q) from Lokhttp3/internal/platform/OptionalMethod; (domain=app) using reflection: denied
2025-12-29 15:12:07.513  5594-5643  rpolitics.debug         com.murari.careerpolitics.debug      E  hiddenapi: Accessing hidden method Lcom/android/org/conscrypt/ConscryptEngineSocket;->setUseSessionTickets(Z)V (runtime_flags=CorePlatformApi, domain=core-platform, api=max-target-q,core-platform-api) from Lokhttp3/internal/platform/OptionalMethod; (domain=app) using reflection: denied
2025-12-29 15:12:07.514  5594-5643  rpolitics.debug         com.murari.careerpolitics.debug      E  hiddenapi: Accessing hidden method Lcom/android/org/conscrypt/OpenSSLSocketImpl;->setUseSessionTickets(Z)V (runtime_flags=CorePlatformApi, domain=core-platform, api=max-target-q,core-platform-api) from Lokhttp3/internal/platform/OptionalMethod; (domain=app) using reflection: denied
2025-12-29 15:12:07.514  5594-5643  rpolitics.debug         com.murari.careerpolitics.debug      E  hiddenapi: Accessing hidden method Lcom/android/org/conscrypt/AbstractConscryptSocket;->setUseSessionTickets(Z)V (runtime_flags=0, domain=core-platform, api=max-target-q) from Lokhttp3/internal/platform/OptionalMethod; (domain=app) using reflection: denied
2025-12-29 15:12:07.514  5594-5643  rpolitics.debug         com.murari.careerpolitics.debug      E  hiddenapi: Accessing hidden method Lcom/android/org/conscrypt/ConscryptEngineSocket;->setHostname(Ljava/lang/String;)V (runtime_flags=CorePlatformApi, domain=core-platform, api=max-target-q,core-platform-api) from Lokhttp3/internal/platform/OptionalMethod; (domain=app) using reflection: denied
2025-12-29 15:12:07.515  5594-5643  rpolitics.debug         com.murari.careerpolitics.debug      E  hiddenapi: Accessing hidden method Lcom/android/org/conscrypt/OpenSSLSocketImpl;->setHostname(Ljava/lang/String;)V (runtime_flags=CorePlatformApi, domain=core-platform, api=max-target-q,core-platform-api) from Lokhttp3/internal/platform/OptionalMethod; (domain=app) using reflection: denied
2025-12-29 15:12:07.515  5594-5643  rpolitics.debug         com.murari.careerpolitics.debug      E  hiddenapi: Accessing hidden method Lcom/android/org/conscrypt/AbstractConscryptSocket;->setHostname(Ljava/lang/String;)V (runtime_flags=0, domain=core-platform, api=max-target-q) from Lokhttp3/internal/platform/OptionalMethod; (domain=app) using reflection: denied
2025-12-29 15:12:07.515  5594-5643  rpolitics.debug         com.murari.careerpolitics.debug      E  hiddenapi: Accessing hidden method Lcom/android/org/conscrypt/OpenSSLSocketImpl;->setAlpnProtocols([B)V (runtime_flags=CorePlatformApi, domain=core-platform, api=max-target-q,core-platform-api) from Lokhttp3/internal/platform/OptionalMethod; (domain=app) using reflection: denied
2025-12-29 15:12:07.515  5594-5643  rpolitics.debug         com.murari.careerpolitics.debug      E  hiddenapi: Accessing hidden method Lcom/android/org/conscrypt/AbstractConscryptSocket;->setAlpnProtocols([B)V (runtime_flags=0, domain=core-platform, api=max-target-q) from Lokhttp3/internal/platform/OptionalMethod; (domain=app) using reflection: denied
2025-12-29 15:12:20.874  5594-5643  rpolitics.debug         com.murari.careerpolitics.debug      E  hiddenapi: Accessing hidden method Lcom/android/org/conscrypt/ConscryptEngineSocket;->setUseSessionTickets(Z)V (runtime_flags=CorePlatformApi, domain=core-platform, api=max-target-q,core-platform-api) from Lokhttp3/internal/platform/OptionalMethod; (domain=app) using reflection: denied
2025-12-29 15:12:20.875  5594-5643  rpolitics.debug         com.murari.careerpolitics.debug      E  hiddenapi: Accessing hidden method Lcom/android/org/conscrypt/OpenSSLSocketImpl;->setUseSessionTickets(Z)V (runtime_flags=CorePlatformApi, domain=core-platform, api=max-target-q,core-platform-api) from Lokhttp3/internal/platform/OptionalMethod; (domain=app) using reflection: denied
2025-12-29 15:12:20.875  5594-5643  rpolitics.debug         com.murari.careerpolitics.debug      E  hiddenapi: Accessing hidden method Lcom/android/org/conscrypt/AbstractConscryptSocket;->setUseSessionTickets(Z)V (runtime_flags=0, domain=core-platform, api=max-target-q) from Lokhttp3/internal/platform/OptionalMethod; (domain=app) using reflection: denied
2025-12-29 15:12:20.875  5594-5643  rpolitics.debug         com.murari.careerpolitics.debug      E  hiddenapi: Accessing hidden method Lcom/android/org/conscrypt/ConscryptEngineSocket;->setHostname(Ljava/lang/String;)V (runtime_flags=CorePlatformApi, domain=core-platform, api=max-target-q,core-platform-api) from Lokhttp3/internal/platform/OptionalMethod; (domain=app) using reflection: denied
2025-12-29 15:12:20.875  5594-5643  rpolitics.debug         com.murari.careerpolitics.debug      E  hiddenapi: Accessing hidden method Lcom/android/org/conscrypt/OpenSSLSocketImpl;->setHostname(Ljava/lang/String;)V (runtime_flags=CorePlatformApi, domain=core-platform, api=max-target-q,core-platform-api) from Lokhttp3/internal/platform/OptionalMethod; (domain=app) using reflection: denied
2025-12-29 15:12:20.875  5594-5643  rpolitics.debug         com.murari.careerpolitics.debug      E  hiddenapi: Accessing hidden method Lcom/android/org/conscrypt/AbstractConscryptSocket;->setHostname(Ljava/lang/String;)V (runtime_flags=0, domain=core-platform, api=max-target-q) from Lokhttp3/internal/platform/OptionalMethod; (domain=app) using reflection: denied
2025-12-29 15:12:20.875  5594-5643  rpolitics.debug         com.murari.careerpolitics.debug      E  hiddenapi: Accessing hidden method Lcom/android/org/conscrypt/OpenSSLSocketImpl;->setAlpnProtocols([B)V (runtime_flags=CorePlatformApi, domain=core-platform, api=max-target-q,core-platform-api) from Lokhttp3/internal/platform/OptionalMethod; (domain=app) using reflection: denied
2025-12-29 15:12:20.875  5594-5643  rpolitics.debug         com.murari.careerpolitics.debug      E  hiddenapi: Accessing hidden method Lcom/android/org/conscrypt/AbstractConscryptSocket;->setAlpnProtocols([B)V (runtime_flags=0, domain=core-platform, api=max-target-q) from Lokhttp3/internal/platform/OptionalMethod; (domain=app) using reflection: denied
2025-12-29 15:12:26.519  5594-5594  FirebaseSessions        com.murari.careerpolitics.debug      D  App backgrounded on com.murari.careerpolitics.debug
2025-12-29 15:12:26.703  5594-5629  TRuntime.C...ortBackend com.murari.careerpolitics.debug      I  Making request to: https://firebaselogging-pa.googleapis.com/v1/firelog/legacy/batchlog
2025-12-29 15:12:27.176  5594-5594  VRI[MainActivity]       com.murari.careerpolitics.debug      D  visibilityChanged oldVisibility=true newVisibility=false
2025-12-29 15:12:27.245  5594-5594  WindowOnBackDispatcher  com.murari.careerpolitics.debug      W  sendCancelIfRunning: isInProgress=false callback=androidx.navigationevent.OnBackInvokedInput$createOnBackAnimationCallback$1@d6134dc
2025-12-29 15:12:28.790  5594-5809  FA                      com.murari.careerpolitics.debug      I  Application backgrounded at: timestamp_millis: 1767001346783
2025-12-29 15:12:29.497  5594-5629  TRuntime.C...ortBackend com.murari.careerpolitics.debug      I  Status Code: 200
2025-12-29 15:14:02.527  5594-5594  FirebaseSessions        com.murari.careerpolitics.debug      D  App foregrounded on com.murari.careerpolitics.debug
2025-12-29 15:14:02.538  5594-5594  CareerPoli...inActivity com.murari.careerpolitics.debug      D  Notification intent received without URL, ignoring
2025-12-29 15:14:02.697  5594-5649  HWUI                    com.murari.careerpolitics.debug      W  Failed to choose config with EGL_SWAP_BEHAVIOR_PRESERVED, retrying without...
2025-12-29 15:14:02.698  5594-5649  HWUI                    com.murari.careerpolitics.debug      W  Failed to initialize 101010-2 format, error = EGL_SUCCESS
2025-12-29 15:14:02.993  5594-5827  HWUI                    com.murari.careerpolitics.debug      I  Davey! duration=735ms; Flags=1, FrameTimelineVsyncId=22446, IntendedVsync=1396363574686, Vsync=1396713574672, InputEventId=0, HandleInputStart=1396719138249, AnimationStart=1396719148155, PerformTraversalsStart=1396719151066, DrawStart=1396909695467, FrameDeadline=1396380241352, FrameStartTime=1396713601643, FrameInterval=16666666, WorkloadTarget=16666666, SyncQueued=1396925975783, SyncStart=1396944533738, IssueDrawCommandsStart=1396945064278, SwapBuffers=1397082496035, FrameCompleted=1397117734744, DequeueBufferDuration=6162, QueueBufferDuration=478215, GpuCompleted=1397117734744, SwapBuffersCompleted=1397106391387, DisplayPresentTime=0, CommandSubmissionCompleted=1397082496035, 
2025-12-29 15:14:03.095  5594-5594  InsetsController        com.murari.careerpolitics.debug      D  hide(ime(), fromIme=false)
2025-12-29 15:14:03.097  5594-5594  ImeTracker              com.murari.careerpolitics.debug      I  com.murari.careerpolitics.debug:77d9a9d0: onCancelled at PHASE_CLIENT_ALREADY_HIDDEN
2025-12-29 15:14:06.481  5594-5594  CareerPoli...ViewClient com.murari.careerpolitics.debug      D  Registered device for user-1 notifications
2025-12-29 15:14:10.359  5594-5594  chromium                com.murari.careerpolitics.debug      I  [INFO:CONSOLE(0)] "The resource https://careerpolitics.com/sidebars/home was preloaded using link preload but not used within a few seconds from the window's load event. Please make sure it has an appropriate `as` value and it is preloaded intentionally.", source: https://careerpolitics.com/notifications (0)
2025-12-29 15:14:15.816  5594-5594  chromium                com.murari.careerpolitics.debug      I  [INFO:CONSOLE(0)] "The resource https://careerpolitics.com/sidebars/home was preloaded using link preload but not used within a few seconds from the window's load event. Please make sure it has an appropriate `as` value and it is preloaded intentionally.", source: https://careerpolitics.com/notifications (0)
2025-12-29 15:14:16.104  5594-5594  chromium                com.murari.careerpolitics.debug      I  [INFO:CONSOLE(1)] "Uncaught SyntaxError: Identifier 'observer' has already been declared", source: https://careerpolitics.com/assets/sidebar-sticky-b50612b4f806438cc3900da6214c342edb7a8b5bfe0adf1c1951915579198329.js (1)
2025-12-29 15:14:18.069  5594-5594  chromium                com.murari.careerpolitics.debug      I  [INFO:CONSOLE(4)] "[Honeybadger] Error report sent ⚡ https://app.honeybadger.io/notice/455525e6-00ba-4cc7-8f09-1b2dfc58a77e", source: https://careerpolitics.com/assets/base-60c267b452f076a26836a213e18b0e52f232ccdca06de8b8365adbfce9326873.js (4)
2025-12-29 15:14:19.644  5594-5594  FirebaseSessions        com.murari.careerpolitics.debug      D  App backgrounded on com.murari.careerpolitics.debug
2025-12-29 15:14:20.357  5594-5594  VRI[MainActivity]       com.murari.careerpolitics.debug      D  visibilityChanged oldVisibility=true newVisibility=false
2025-12-29 15:14:20.421  5594-5594  WindowOnBackDispatcher  com.murari.careerpolitics.debug      W  sendCancelIfRunning: isInProgress=false callback=androidx.navigationevent.OnBackInvokedInput$createOnBackAnimationCallback$1@d6134dc
2025-12-29 15:14:21.069  5594-5594  chromium                com.murari.careerpolitics.debug      I  [INFO:CONSOLE(0)] "The resource https://careerpolitics.com/sidebars/home was preloaded using link preload but not used within a few seconds from the window's load event. Please make sure it has an appropriate `as` value and it is preloaded intentionally.", source: https://careerpolitics.com/ (0)
2025-12-29 15:14:21.883  5594-5830  FA                      com.murari.careerpolitics.debug      I  Application backgrounded at: timestamp_millis: 1767001459879
2025-12-29 15:14:26.187  5594-5594  chromium                com.murari.careerpolitics.debug      I  [INFO:CONSOLE(0)] "The resource https://careerpolitics.com/sidebars/home was preloaded using link preload but not used within a few seconds from the window's load event. Please make sure it has an appropriate `as` value and it is preloaded intentionally.", source: https://careerpolitics.com/ (0)
2025-12-29 15:15:02.263  5594-5866  FirebaseMessaging       com.murari.careerpolitics.debug      W  Notification Channel requested (reactions) has not been created by the app. Manifest configuration, or default, value will be used.
2025-12-29 15:15:02.263  5594-5866  FirebaseMessaging       com.murari.careerpolitics.debug      W  Missing Default Notification Channel metadata in AndroidManifest. Default value will be used.
2025-12-29 15:15:02.339  5594-5866  FirebaseMessaging       com.murari.careerpolitics.debug      W  Icon resource reaction not found. Notification will use default icon.
2025-12-29 15:17:07.631   754-1055  ClipboardService        system_server                        E  Denying clipboard access to com.murari.careerpolitics.debug, application is not in focus nor is it a system service for user 0
2025-12-29 15:17:07.634   754-1055  ClipboardService        system_server                        E  Denying clipboard access to com.murari.careerpolitics.debug, application is not in focus nor is it a system service for user 0
2025-12-29 15:20:20.288   754-1055  ClipboardService        system_server                        E  Denying clipboard access to com.murari.careerpolitics.debug, application is not in focus nor is it a system service for user 0
2025-12-29 15:20:20.461   754-1056  ClipboardService        system_server                        E  Denying clipboard access to com.murari.careerpolitics.debug, application is not in focus nor is it a system service for user 0
2025-12-29 15:21:59.633   754-1055  ClipboardService        system_server                        E  Denying clipboard access to com.murari.careerpolitics.debug, application is not in focus nor is it a system service for user 0
2025-12-29 15:21:59.719   754-1056  ClipboardService        system_server                        E  Denying clipboard access to com.murari.careerpolitics.debug, application is not in focus nor is it a system service for user 0
2025-12-29 15:23:46.762   754-1055  ClipboardService        system_server                        E  Denying clipboard access to com.murari.careerpolitics.debug, application is not in focus nor is it a system service for user 0
2025-12-29 15:24:36.018   754-1055  ClipboardService        system_server                        E  Denying clipboard access to com.murari.careerpolitics.debug, application is not in focus nor is it a system service for user 0
2025-12-29 15:25:11.512  6164-6164  rpolitics.debug         com.murari.careerpolitics.debug      I  Late-enabling -Xcheck:jni
2025-12-29 15:25:11.643  6164-6164  rpolitics.debug         com.murari.careerpolitics.debug      I  Using CollectorTypeCMC GC.
2025-12-29 15:25:11.687  6164-6164  rpolitics.debug         com.murari.careerpolitics.debug      W  Unexpected CPU variant for x86: x86_64.
                                                                                                    Known variants: atom, sandybridge, silvermont, goldmont, goldmont-plus, goldmont-without-sha-xsaves, tremont, kabylake, alderlake, default
2025-12-29 15:25:12.049  6164-6164  nativeloader            com.murari.careerpolitics.debug      D  Load libframework-connectivity-tiramisu-jni.so using APEX ns com_android_tethering for caller /apex/com.android.tethering/javalib/framework-connectivity-t.jar: ok
2025-12-29 15:25:12.532  6164-6164  ApplicationLoaders      com.murari.careerpolitics.debug      D  Returning zygote-cached class loader: /system_ext/framework/androidx.window.extensions.jar
2025-12-29 15:25:12.533  6164-6164  ApplicationLoaders      com.murari.careerpolitics.debug      D  Returning zygote-cached class loader: /system_ext/framework/androidx.window.sidecar.jar
2025-12-29 15:25:13.004  6164-6164  nativeloader            com.murari.careerpolitics.debug      D  Configuring clns-9 for other apk /data/app/~~X46pQ6UKINdIJVkRIWqCuw==/com.murari.careerpolitics.debug-0PQr0eK8dQMLscZbFggiKQ==/base.apk. target_sdk_version=36, uses_libraries=, library_path=/data/app/~~X46pQ6UKINdIJVkRIWqCuw==/com.murari.careerpolitics.debug-0PQr0eK8dQMLscZbFggiKQ==/lib/x86_64:/data/app/~~X46pQ6UKINdIJVkRIWqCuw==/com.murari.careerpolitics.debug-0PQr0eK8dQMLscZbFggiKQ==/base.apk!/lib/x86_64, permitted_path=/data:/mnt/expand:/data/user/0/com.murari.careerpolitics.debug
2025-12-29 15:25:13.040  6164-6164  rpolitics.debug         com.murari.careerpolitics.debug      I  AssetManager2(0x7e66cb721758) locale list changing from [] to [en-US]
2025-12-29 15:25:13.084  6164-6164  GraphicsEnvironment     com.murari.careerpolitics.debug      V  Currently set values for:
2025-12-29 15:25:13.084  6164-6164  GraphicsEnvironment     com.murari.careerpolitics.debug      V    angle_gl_driver_selection_pkgs=[]
2025-12-29 15:25:13.084  6164-6164  GraphicsEnvironment     com.murari.careerpolitics.debug      V    angle_gl_driver_selection_values=[]
2025-12-29 15:25:13.084  6164-6164  GraphicsEnvironment     com.murari.careerpolitics.debug      V  com.murari.careerpolitics.debug is not listed in per-application setting
2025-12-29 15:25:13.085  6164-6164  GraphicsEnvironment     com.murari.careerpolitics.debug      V  ANGLE allowlist from config: com.dreamgames.royalmatch com.dts.freefiremax com.dxx.firenow com.gramgames.mergedragons com.ludo.king com.mojang.minecraftpe com.my.defense com.nintendo.zaka com.os.airforce com.playrix.fishdomdd.gplay io.teslatech.callbreak jp.konami.prospia net.peakgames.toonblast
2025-12-29 15:25:13.085  6164-6164  GraphicsEnvironment     com.murari.careerpolitics.debug      V  com.murari.careerpolitics.debug is not listed in ANGLE allowlist or settings, returning default
2025-12-29 15:25:13.085  6164-6164  GraphicsEnvironment     com.murari.careerpolitics.debug      V  Neither updatable production driver nor prerelease driver is supported.
2025-12-29 15:25:13.102  6164-6164  ActivityThread          com.murari.careerpolitics.debug      W  Application com.murari.careerpolitics.debug is suspending. Debugger needs to resume to continue.
2025-12-29 15:25:13.106  6164-6164  System.out              com.murari.careerpolitics.debug      I  Sending WAIT chunk
2025-12-29 15:25:13.106  6164-6164  System.out              com.murari.careerpolitics.debug      I  Waiting for debugger first packet
2025-12-29 15:25:13.234  6164-6169  nativeloader            com.murari.careerpolitics.debug      D  Load libjdwp.so using system ns (caller=<unknown>): ok
2025-12-29 15:25:13.539  6164-6164  System.out              com.murari.careerpolitics.debug      I  Debug.suspendAllAndSentVmStart
2025-12-29 15:25:14.812  6164-6164  System.out              com.murari.careerpolitics.debug      I  Debug.suspendAllAndSendVmStart, resumed
2025-12-29 15:25:14.878  6164-6164  MultiDex                com.murari.careerpolitics.debug      I  VM with version 2.1.0 has multidex support
2025-12-29 15:25:14.879  6164-6164  MultiDex                com.murari.careerpolitics.debug      I  Installing application
2025-12-29 15:25:14.879  6164-6164  MultiDex                com.murari.careerpolitics.debug      I  VM has multidex support, MultiDex support library is disabled.
2025-12-29 15:25:15.304  6164-6164  FirebaseSessions        com.murari.careerpolitics.debug      D  Dependency to CRASHLYTICS added.
2025-12-29 15:25:15.331  6164-6164  FirebaseApp             com.murari.careerpolitics.debug      I  Device unlocked: initializing all Firebase APIs for app [DEFAULT]
2025-12-29 15:25:15.818  6164-6164  nativeloader            com.murari.careerpolitics.debug      D  Load /data/app/~~X46pQ6UKINdIJVkRIWqCuw==/com.murari.careerpolitics.debug-0PQr0eK8dQMLscZbFggiKQ==/base.apk!/lib/x86_64/libdatastore_shared_counter.so using class loader ns clns-9 (caller=/data/app/~~X46pQ6UKINdIJVkRIWqCuw==/com.murari.careerpolitics.debug-0PQr0eK8dQMLscZbFggiKQ==/base.apk!classes15.dex): ok
2025-12-29 15:25:16.080  6164-6164  FirebaseSessions        com.murari.careerpolitics.debug      D  Initializing Firebase Sessions 3.0.3.
2025-12-29 15:25:16.283  6164-6164  FirebaseCrashlytics     com.murari.careerpolitics.debug      I  Initializing Firebase Crashlytics 20.0.3 for com.murari.careerpolitics.debug
2025-12-29 15:25:16.456  6164-6164  FirebaseSessions        com.murari.careerpolitics.debug      D  Subscriber CRASHLYTICS registered.
2025-12-29 15:25:16.555  6164-6203  rpolitics.debug         com.murari.careerpolitics.debug      W  ClassLoaderContext classpath size mismatch. expected=1, found=0 (DLC[];PCL[base.apk*630649996]{PCL[/system/framework/org.apache.http.legacy.jar*4247870504]#PCL[/system/framework/com.android.media.remotedisplay.jar*487574312]#PCL[/system/framework/com.android.location.provider.jar*1570284764]#PCL[/system_ext/framework/androidx.window.extensions.jar*1030441313]#PCL[/system_ext/framework/androidx.window.sidecar.jar*3860983653]} | DLC[];PCL[])
2025-12-29 15:25:16.604  6164-6196  FirebaseSessions        com.murari.careerpolitics.debug      D  Notified CRASHLYTICS of new session 550e03df68964e8b9b942fe836f2811b
2025-12-29 15:25:16.608  6164-6203  DynamiteModule          com.murari.careerpolitics.debug      I  Considering local module com.google.android.gms.measurement.dynamite:155 and remote module com.google.android.gms.measurement.dynamite:170
2025-12-29 15:25:16.608  6164-6203  DynamiteModule          com.murari.careerpolitics.debug      I  Selected remote version of com.google.android.gms.measurement.dynamite, version >= 170
2025-12-29 15:25:16.608  6164-6203  DynamiteModule          com.murari.careerpolitics.debug      V  Dynamite loader version >= 2, using loadModule2NoCrashUtils
2025-12-29 15:25:16.716  6164-6203  System                  com.murari.careerpolitics.debug      W  ClassLoader referenced unknown path: 
2025-12-29 15:25:16.727  6164-6203  nativeloader            com.murari.careerpolitics.debug      D  Configuring clns-10 for other apk . target_sdk_version=36, uses_libraries=, library_path=/data/app/~~AQIoxwX_bQS00w1beXC_GA==/com.google.android.gms-wCGpIy5s3YYDXYNXs-N6yg==/lib/x86_64:/data/app/~~AQIoxwX_bQS00w1beXC_GA==/com.google.android.gms-wCGpIy5s3YYDXYNXs-N6yg==/base.apk!/lib/x86_64, permitted_path=/data:/mnt/expand:/data/user/0/com.google.android.gms
2025-12-29 15:25:16.796  6164-6203  rpolitics.debug         com.murari.careerpolitics.debug      I  AssetManager2(0x7e66cb7287d8) locale list changing from [] to [en-US]
2025-12-29 15:25:16.810  6164-6197  rpolitics.debug         com.murari.careerpolitics.debug      W  Verification of kotlinx.coroutines.channels.ReceiveChannel kotlinx.coroutines.channels.ProduceKt.produce(kotlinx.coroutines.CoroutineScope, kotlin.coroutines.CoroutineContext, int, kotlinx.coroutines.channels.BufferOverflow, kotlinx.coroutines.CoroutineStart, kotlin.jvm.functions.Function1, kotlin.jvm.functions.Function2) took 112.994ms (238.95 bytecodes/s) (0B arena alloc)
2025-12-29 15:25:16.851  6164-6206  ashmem                  com.murari.careerpolitics.debug      E  Pinning is deprecated since Android Q. Please use trim or other methods.
2025-12-29 15:25:16.853  6164-6164  FirebaseInitProvider    com.murari.careerpolitics.debug      I  FirebaseApp initialization successful
2025-12-29 15:25:16.931  6164-6203  rpolitics.debug         com.murari.careerpolitics.debug      W  ClassLoaderContext classpath element checksum mismatch. expected=630649996, found=345285330 (DLC[];PCL[base.apk*630649996]{PCL[/system/framework/org.apache.http.legacy.jar*4247870504]#PCL[/system/framework/com.android.media.remotedisplay.jar*487574312]#PCL[/system/framework/com.android.location.provider.jar*1570284764]#PCL[/system_ext/framework/androidx.window.extensions.jar*1030441313]#PCL[/system_ext/framework/androidx.window.sidecar.jar*3860983653]} | DLC[];PCL[/data/app/~~X46pQ6UKINdIJVkRIWqCuw==/com.murari.careerpolitics.debug-0PQr0eK8dQMLscZbFggiKQ==/base.apk*345285330]{PCL[/system_ext/framework/androidx.window.extensions.jar*1030441313]#PCL[/system_ext/framework/androidx.window.sidecar.jar*3860983653]})
2025-12-29 15:25:17.000  6164-6198  rpolitics.debug         com.murari.careerpolitics.debug      W  Verification of void com.google.firebase.heartbeatinfo.HeartBeatInfoStorage.<clinit>() took 152.898ms (196.21 bytecodes/s) (0B arena alloc)
2025-12-29 15:25:17.197  6164-6203  rpolitics.debug         com.murari.careerpolitics.debug      I  AssetManager2(0x7e66cb724c78) locale list changing from [] to [en-US]
2025-12-29 15:25:17.202  6164-6203  rpolitics.debug         com.murari.careerpolitics.debug      I  AssetManager2(0x7e66cb723378) locale list changing from [] to [en-US]
2025-12-29 15:25:17.220  6164-6164  rpolitics.debug         com.murari.careerpolitics.debug      I  hiddenapi: Accessing hidden method Ldalvik/system/CloseGuard;->get()Ldalvik/system/CloseGuard; (runtime_flags=CorePlatformApi, domain=core-platform, api=unsupported,core-platform-api) from Lokhttp3/internal/platform/AndroidPlatform$CloseGuard; (domain=app) using reflection: allowed
2025-12-29 15:25:17.221  6164-6164  rpolitics.debug         com.murari.careerpolitics.debug      I  hiddenapi: Accessing hidden method Ldalvik/system/CloseGuard;->open(Ljava/lang/String;)V (runtime_flags=CorePlatformApi, domain=core-platform, api=unsupported,core-platform-api) from Lokhttp3/internal/platform/AndroidPlatform$CloseGuard; (domain=app) using reflection: allowed
2025-12-29 15:25:17.222  6164-6164  rpolitics.debug         com.murari.careerpolitics.debug      I  hiddenapi: Accessing hidden method Ldalvik/system/CloseGuard;->warnIfOpen()V (runtime_flags=CorePlatformApi, domain=core-platform, api=unsupported,core-platform-api) from Lokhttp3/internal/platform/AndroidPlatform$CloseGuard; (domain=app) using reflection: allowed
2025-12-29 15:25:17.356  6164-6204  FirebaseCrashlytics     com.murari.careerpolitics.debug      I  Saved version control info
2025-12-29 15:25:17.561  6164-6219  rpolitics.debug         com.murari.careerpolitics.debug      I  hiddenapi: Accessing hidden method Ldalvik/system/VMStack;->getStackClass2()Ljava/lang/Class; (runtime_flags=0, domain=core-platform, api=unsupported) from Lm7/aox; (domain=app) using reflection: allowed
2025-12-29 15:25:17.651  6164-6219  PhClient                com.murari.careerpolitics.debug      I  Unable to retrieve flag snapshot for com.google.android.gms.measurement#com.murari.careerpolitics.debug, using defaults.
2025-12-29 15:25:17.697  6164-6215  rpolitics.debug         com.murari.careerpolitics.debug      E  No package ID 6a found for resource ID 0x6a0b0013.
2025-12-29 15:25:17.701  6164-6215  FA                      com.murari.careerpolitics.debug      I  App measurement initialized, version: 146007
2025-12-29 15:25:17.702  6164-6215  FA                      com.murari.careerpolitics.debug      I  To enable debug logging run: adb shell setprop log.tag.FA VERBOSE
2025-12-29 15:25:17.712  6164-6215  FA                      com.murari.careerpolitics.debug      I  To enable faster debug mode event logging run:
                                                                                                      adb shell setprop debug.firebase.analytics.app com.murari.careerpolitics.debug
2025-12-29 15:25:21.240  6164-6164  Drawable                com.murari.careerpolitics.debug      E  Unable to decode stream: android.graphics.ImageDecoder$DecodeException: Failed to create image decoder with message 'unimplemented'Input contained an error.
2025-12-29 15:25:21.248  6164-6164  Validations             com.murari.careerpolitics.debug      E  You are targeting Android Oreo and using adaptive icons without having a fallback drawable set for FCM notifications. 
                                                                                                    This can cause a irreversible crash on devices using Oreo.
                                                                                                    To learn more about this issue check: https://issuetracker.google.com/issues/68716460
2025-12-29 15:25:21.466  6164-6164  WM-WrkMgrInitializer    com.murari.careerpolitics.debug      D  Initializing WorkManager with default configuration.
2025-12-29 15:25:21.633  6164-6164  rpolitics.debug         com.murari.careerpolitics.debug      I  AssetManager2(0x7e66cb71d8d8) locale list changing from [] to [en-US]
2025-12-29 15:25:21.668  6164-6227  DisplayManager          com.murari.careerpolitics.debug      I  Choreographer implicitly registered for the refresh rate.
2025-12-29 15:25:21.705  6164-6164  rpolitics.debug         com.murari.careerpolitics.debug      I  Waiting for a blocking GC ClassLinker
2025-12-29 15:25:21.808  6164-6171  rpolitics.debug         com.murari.careerpolitics.debug      I  Background concurrent mark compact GC freed 10MB AllocSpace bytes, 27(668KB) LOS objects, 49% free, 7186KB/14MB, paused 1.125ms,22.611ms total 159.342ms
2025-12-29 15:25:21.808  6164-6164  rpolitics.debug         com.murari.careerpolitics.debug      I  WaitForGcToComplete blocked ClassLinker on Background for 103.467ms
2025-12-29 15:25:21.811  6164-6164  rpolitics.debug         com.murari.careerpolitics.debug      W  Verification of void com.murari.careerpolitics.activities.MainActivity.applyEdgeToEdgeInsets() took 105.683ms (236.56 bytecodes/s) (0B arena alloc)
2025-12-29 15:25:21.850  6164-6221  rpolitics.debug         com.murari.careerpolitics.debug      E  hiddenapi: Accessing hidden method Lcom/android/org/conscrypt/ConscryptEngineSocket;->setUseSessionTickets(Z)V (runtime_flags=CorePlatformApi, domain=core-platform, api=max-target-q,core-platform-api) from Lokhttp3/internal/platform/OptionalMethod; (domain=app) using reflection: denied
2025-12-29 15:25:21.850  6164-6221  rpolitics.debug         com.murari.careerpolitics.debug      E  hiddenapi: Accessing hidden method Lcom/android/org/conscrypt/OpenSSLSocketImpl;->setUseSessionTickets(Z)V (runtime_flags=CorePlatformApi, domain=core-platform, api=max-target-q,core-platform-api) from Lokhttp3/internal/platform/OptionalMethod; (domain=app) using reflection: denied
2025-12-29 15:25:21.850  6164-6221  rpolitics.debug         com.murari.careerpolitics.debug      E  hiddenapi: Accessing hidden method Lcom/android/org/conscrypt/AbstractConscryptSocket;->setUseSessionTickets(Z)V (runtime_flags=0, domain=core-platform, api=max-target-q) from Lokhttp3/internal/platform/OptionalMethod; (domain=app) using reflection: denied
2025-12-29 15:25:21.851  6164-6221  rpolitics.debug         com.murari.careerpolitics.debug      E  hiddenapi: Accessing hidden method Lcom/android/org/conscrypt/ConscryptEngineSocket;->setHostname(Ljava/lang/String;)V (runtime_flags=CorePlatformApi, domain=core-platform, api=max-target-q,core-platform-api) from Lokhttp3/internal/platform/OptionalMethod; (domain=app) using reflection: denied
2025-12-29 15:25:21.851  6164-6221  rpolitics.debug         com.murari.careerpolitics.debug      E  hiddenapi: Accessing hidden method Lcom/android/org/conscrypt/OpenSSLSocketImpl;->setHostname(Ljava/lang/String;)V (runtime_flags=CorePlatformApi, domain=core-platform, api=max-target-q,core-platform-api) from Lokhttp3/internal/platform/OptionalMethod; (domain=app) using reflection: denied
2025-12-29 15:25:21.851  6164-6221  rpolitics.debug         com.murari.careerpolitics.debug      E  hiddenapi: Accessing hidden method Lcom/android/org/conscrypt/AbstractConscryptSocket;->setHostname(Ljava/lang/String;)V (runtime_flags=0, domain=core-platform, api=max-target-q) from Lokhttp3/internal/platform/OptionalMethod; (domain=app) using reflection: denied
2025-12-29 15:25:21.851  6164-6221  rpolitics.debug         com.murari.careerpolitics.debug      E  hiddenapi: Accessing hidden method Lcom/android/org/conscrypt/OpenSSLSocketImpl;->setAlpnProtocols([B)V (runtime_flags=CorePlatformApi, domain=core-platform, api=max-target-q,core-platform-api) from Lokhttp3/internal/platform/OptionalMethod; (domain=app) using reflection: denied
2025-12-29 15:25:21.851  6164-6221  rpolitics.debug         com.murari.careerpolitics.debug      E  hiddenapi: Accessing hidden method Lcom/android/org/conscrypt/AbstractConscryptSocket;->setAlpnProtocols([B)V (runtime_flags=0, domain=core-platform, api=max-target-q) from Lokhttp3/internal/platform/OptionalMethod; (domain=app) using reflection: denied
2025-12-29 15:25:21.866  6164-6227  EGL_emulation           com.murari.careerpolitics.debug      I  Opening libGLESv1_CM_emulation.so
2025-12-29 15:25:21.870  6164-6227  EGL_emulation           com.murari.careerpolitics.debug      I  Opening libGLESv2_emulation.so
2025-12-29 15:25:21.886  6164-6227  HWUI                    com.murari.careerpolitics.debug      W  Failed to choose config with EGL_SWAP_BEHAVIOR_PRESERVED, retrying without...
2025-12-29 15:25:21.887  6164-6227  HWUI                    com.murari.careerpolitics.debug      W  Failed to initialize 101010-2 format, error = EGL_SUCCESS
2025-12-29 15:25:21.931  6164-6164  AppCompatDelegate       com.murari.careerpolitics.debug      D  Checking for metadata for AppLocalesMetadataHolderService : Service not found
2025-12-29 15:25:21.933  6164-6164  rpolitics.debug         com.murari.careerpolitics.debug      I  AssetManager2(0x7e66cb726ed8) locale list changing from [] to [en-US]
2025-12-29 15:25:21.989  6164-6164  CompatChangeReporter    com.murari.careerpolitics.debug      D  Compat change id reported: 377864165; UID 10218; state: ENABLED
2025-12-29 15:25:21.991  6164-6164  DesktopModeFlags        com.murari.careerpolitics.debug      D  Toggle override initialized to: OVERRIDE_UNSET
2025-12-29 15:25:22.022  6164-6164  rpolitics.debug         com.murari.careerpolitics.debug      I  hiddenapi: Accessing hidden method Landroid/view/ViewGroup;->makeOptionalFitsSystemWindows()V (runtime_flags=0, domain=platform, api=unsupported) from Landroidx/appcompat/widget/ViewUtils; (domain=app) using reflection: allowed
2025-12-29 15:25:22.165  6164-6164  rpolitics.debug         com.murari.careerpolitics.debug      I  AssetManager2(0x7e66cb724f98) locale list changing from [] to [en-US]
2025-12-29 15:25:22.165  6164-6164  WebViewFactory          com.murari.careerpolitics.debug      I  Loading com.google.android.webview version 133.0.6943.137 (code 694313738)
2025-12-29 15:25:22.166  6164-6164  ResourcesManager        com.murari.careerpolitics.debug      W  Found a null ResourcesImpl, skipped.
2025-12-29 15:25:22.168  6164-6164  rpolitics.debug         com.murari.careerpolitics.debug      I  AssetManager2(0x7e66cb723698) locale list changing from [] to [en-US]
2025-12-29 15:25:22.168  6164-6164  rpolitics.debug         com.murari.careerpolitics.debug      I  AssetManager2(0x7e66cb729db8) locale list changing from [] to [en-US]
2025-12-29 15:25:22.169  6164-6164  rpolitics.debug         com.murari.careerpolitics.debug      I  AssetManager2(0x7e66cb725c18) locale list changing from [] to [en-US]
2025-12-29 15:25:22.171  6164-6164  rpolitics.debug         com.murari.careerpolitics.debug      I  AssetManager2(0x7e66cb7258f8) locale list changing from [] to [en-US]
2025-12-29 15:25:22.173  6164-6164  rpolitics.debug         com.murari.careerpolitics.debug      I  AssetManager2(0x7e66cb727e78) locale list changing from [] to [en-US]
2025-12-29 15:25:22.174  6164-6164  rpolitics.debug         com.murari.careerpolitics.debug      I  AssetManager2(0x7e66cb7239b8) locale list changing from [] to [en-US]
2025-12-29 15:25:22.175  6164-6164  ResourcesManager        com.murari.careerpolitics.debug      V  The following library key has been added: ResourcesKey{ mHash=518793f1 mResDir=null mSplitDirs=[] mOverlayDirs=[] mLibDirs=[/data/app/~~xXUYch0nyIXuFqW0H83vfQ==/com.google.android.webview-_z5WVByg5AXGzqxdHOjmkg==/WebViewGoogle.apk,/data/app/~~pM3_Yun1z_OzpAcBhpWrWg==/com.google.android.trichromelibrary_694313738-S5LFIkHH2kB-5LF-mi142A==/TrichromeLibrary.apk] mDisplayId=0 mOverrideConfig=v36 mCompatInfo={440dpi always-compat} mLoaders=[]}
2025-12-29 15:25:22.182  6164-6164  rpolitics.debug         com.murari.careerpolitics.debug      W  Failed to find entry 'classes.dex': Entry not found
