2025-12-15 11:01:30.223 24420-24468 rpolitics.debug         com.murari.careerpolitics.debug      E  hiddenapi: Accessing hidden method Lcom/android/org/conscrypt/OpenSSLSocketImpl;->setAlpnProtocols([B)V (runtime_flags=CorePlatformApi, domain=core-platform, api=max-target-q,core-platform-api) from Lokhttp3/internal/platform/OptionalMethod; (domain=app) using reflection: denied
2025-12-15 11:01:30.223 24420-24468 rpolitics.debug         com.murari.careerpolitics.debug      E  hiddenapi: Accessing hidden method Lcom/android/org/conscrypt/AbstractConscryptSocket;->setAlpnProtocols([B)V (runtime_flags=0, domain=core-platform, api=max-target-q) from Lokhttp3/internal/platform/OptionalMethod; (domain=app) using reflection: denied
2025-12-15 11:01:30.223 24420-24420 rpolitics.debug         com.murari.careerpolitics.debug      I  AssetManager2(0x7d9e3a333238) locale list changing from [] to [en-US]
2025-12-15 11:01:30.366 24420-24420 CompatChangeReporter    com.murari.careerpolitics.debug      D  Compat change id reported: 377864165; UID 10222; state: ENABLED
2025-12-15 11:01:30.370 24420-24420 DesktopModeFlags        com.murari.careerpolitics.debug      D  Toggle override initialized to: OVERRIDE_UNSET
2025-12-15 11:01:30.491 24420-24420 rpolitics.debug         com.murari.careerpolitics.debug      I  hiddenapi: Accessing hidden method Landroid/view/ViewGroup;->makeOptionalFitsSystemWindows()V (runtime_flags=0, domain=platform, api=unsupported) from Landroidx/appcompat/widget/ViewUtils; (domain=app) using reflection: allowed
2025-12-15 11:01:31.030 24420-24420 rpolitics.debug         com.murari.careerpolitics.debug      I  AssetManager2(0x7d9e3a33edb8) locale list changing from [] to [en-US]
2025-12-15 11:01:31.032 24420-24420 WebViewFactory          com.murari.careerpolitics.debug      I  Loading com.google.android.webview version 143.0.7499.34 (code 749903438)
2025-12-15 11:01:31.036 24420-24420 rpolitics.debug         com.murari.careerpolitics.debug      I  AssetManager2(0x7d9e3a33a5d8) locale list changing from [] to [en-US]
2025-12-15 11:01:31.040 24420-24420 rpolitics.debug         com.murari.careerpolitics.debug      I  AssetManager2(0x7d9e3a33d7d8) locale list changing from [] to [en-US]
2025-12-15 11:01:31.041 24420-24420 rpolitics.debug         com.murari.careerpolitics.debug      I  AssetManager2(0x7d9e3a334b38) locale list changing from [] to [en-US]
2025-12-15 11:01:31.044 24420-24420 rpolitics.debug         com.murari.careerpolitics.debug      I  AssetManager2(0x7d9e3a330358) locale list changing from [] to [en-US]
2025-12-15 11:01:31.048 24420-24420 rpolitics.debug         com.murari.careerpolitics.debug      I  AssetManager2(0x7d9e3a33c838) locale list changing from [] to [en-US]
2025-12-15 11:01:31.052 24420-24420 rpolitics.debug         com.murari.careerpolitics.debug      I  AssetManager2(0x7d9e3a33f0d8) locale list changing from [] to [en-US]
2025-12-15 11:01:31.053 24420-24420 rpolitics.debug         com.murari.careerpolitics.debug      I  AssetManager2(0x7d9e3a33a8f8) locale list changing from [] to [en-US]
2025-12-15 11:01:31.055 24420-24420 ResourcesManager        com.murari.careerpolitics.debug      V  The following library key has been added: ResourcesKey{ mHash=3aa3c134 mResDir=null mSplitDirs=[] mOverlayDirs=[] mLibDirs=[/data/app/~~OsJa6jbAoEZyJCl0uQiAYQ==/com.google.android.webview-fJgAUiqxzH2T0Y2DsvtPHg==/base.apk,/data/app/~~1hUcyRCCH5yq8-iUDmM00A==/com.google.android.trichromelibrary_749903438-tF5-tBEkH8Gc7a_h-eXfyQ==/base.apk] mDisplayId=0 mOverrideConfig=v36 mCompatInfo={420dpi always-compat} mLoaders=[]}
2025-12-15 11:01:31.065 24420-24420 rpolitics.debug         com.murari.careerpolitics.debug      W  Failed to find entry 'classes.dex': Entry not found
2025-12-15 11:01:31.067 24420-24420 nativeloader            com.murari.careerpolitics.debug      D  Configuring clns-11 for other apk /data/app/~~1hUcyRCCH5yq8-iUDmM00A==/com.google.android.trichromelibrary_749903438-tF5-tBEkH8Gc7a_h-eXfyQ==/base.apk. target_sdk_version=36, uses_libraries=ALL, library_path=/data/app/~~OsJa6jbAoEZyJCl0uQiAYQ==/com.google.android.webview-fJgAUiqxzH2T0Y2DsvtPHg==/lib/x86_64:/data/app/~~OsJa6jbAoEZyJCl0uQiAYQ==/com.google.android.webview-fJgAUiqxzH2T0Y2DsvtPHg==/base.apk!/lib/x86_64:/data/app/~~1hUcyRCCH5yq8-iUDmM00A==/com.google.android.trichromelibrary_749903438-tF5-tBEkH8Gc7a_h-eXfyQ==/base.apk!/lib/x86_64, permitted_path=/data:/mnt/expand
2025-12-15 11:01:31.081 24420-24420 ApplicationLoaders      com.murari.careerpolitics.debug      D  Returning zygote-cached class loader: /system_ext/framework/androidx.window.extensions.jar
2025-12-15 11:01:31.092 24420-24420 rpolitics.debug         com.murari.careerpolitics.debug      W  Loading /data/app/~~OsJa6jbAoEZyJCl0uQiAYQ==/com.google.android.webview-fJgAUiqxzH2T0Y2DsvtPHg==/oat/x86_64/base.odex non-executable as it requires an image which we failed to load
2025-12-15 11:01:31.101 24420-24420 nativeloader            com.murari.careerpolitics.debug      D  Configuring clns-12 for other apk /data/app/~~OsJa6jbAoEZyJCl0uQiAYQ==/com.google.android.webview-fJgAUiqxzH2T0Y2DsvtPHg==/base.apk. target_sdk_version=36, uses_libraries=, library_path=/data/app/~~OsJa6jbAoEZyJCl0uQiAYQ==/com.google.android.webview-fJgAUiqxzH2T0Y2DsvtPHg==/lib/x86_64:/data/app/~~OsJa6jbAoEZyJCl0uQiAYQ==/com.google.android.webview-fJgAUiqxzH2T0Y2DsvtPHg==/base.apk!/lib/x86_64:/data/app/~~1hUcyRCCH5yq8-iUDmM00A==/com.google.android.trichromelibrary_749903438-tF5-tBEkH8Gc7a_h-eXfyQ==/base.apk!/lib/x86_64, permitted_path=/data:/mnt/expand
2025-12-15 11:01:31.295 24420-24468 rpolitics.debug         com.murari.careerpolitics.debug      E  hiddenapi: Accessing hidden method Lcom/android/org/conscrypt/ConscryptEngineSocket;->setUseSessionTickets(Z)V (runtime_flags=CorePlatformApi, domain=core-platform, api=max-target-q,core-platform-api) from Lokhttp3/internal/platform/OptionalMethod; (domain=app) using reflection: denied
2025-12-15 11:01:31.297 24420-24468 rpolitics.debug         com.murari.careerpolitics.debug      E  hiddenapi: Accessing hidden method Lcom/android/org/conscrypt/OpenSSLSocketImpl;->setUseSessionTickets(Z)V (runtime_flags=CorePlatformApi, domain=core-platform, api=max-target-q,core-platform-api) from Lokhttp3/internal/platform/OptionalMethod; (domain=app) using reflection: denied
2025-12-15 11:01:31.300 24420-24468 rpolitics.debug         com.murari.careerpolitics.debug      E  hiddenapi: Accessing hidden method Lcom/android/org/conscrypt/AbstractConscryptSocket;->setUseSessionTickets(Z)V (runtime_flags=0, domain=core-platform, api=max-target-q) from Lokhttp3/internal/platform/OptionalMethod; (domain=app) using reflection: denied
2025-12-15 11:01:31.300 24420-24468 rpolitics.debug         com.murari.careerpolitics.debug      E  hiddenapi: Accessing hidden method Lcom/android/org/conscrypt/ConscryptEngineSocket;->setHostname(Ljava/lang/String;)V (runtime_flags=CorePlatformApi, domain=core-platform, api=max-target-q,core-platform-api) from Lokhttp3/internal/platform/OptionalMethod; (domain=app) using reflection: denied
2025-12-15 11:01:31.300 24420-24468 rpolitics.debug         com.murari.careerpolitics.debug      E  hiddenapi: Accessing hidden method Lcom/android/org/conscrypt/OpenSSLSocketImpl;->setHostname(Ljava/lang/String;)V (runtime_flags=CorePlatformApi, domain=core-platform, api=max-target-q,core-platform-api) from Lokhttp3/internal/platform/OptionalMethod; (domain=app) using reflection: denied
2025-12-15 11:01:31.300 24420-24468 rpolitics.debug         com.murari.careerpolitics.debug      E  hiddenapi: Accessing hidden method Lcom/android/org/conscrypt/AbstractConscryptSocket;->setHostname(Ljava/lang/String;)V (runtime_flags=0, domain=core-platform, api=max-target-q) from Lokhttp3/internal/platform/OptionalMethod; (domain=app) using reflection: denied
2025-12-15 11:01:31.300 24420-24468 rpolitics.debug         com.murari.careerpolitics.debug      E  hiddenapi: Accessing hidden method Lcom/android/org/conscrypt/OpenSSLSocketImpl;->setAlpnProtocols([B)V (runtime_flags=CorePlatformApi, domain=core-platform, api=max-target-q,core-platform-api) from Lokhttp3/internal/platform/OptionalMethod; (domain=app) using reflection: denied
2025-12-15 11:01:31.300 24420-24468 rpolitics.debug         com.murari.careerpolitics.debug      E  hiddenapi: Accessing hidden method Lcom/android/org/conscrypt/AbstractConscryptSocket;->setAlpnProtocols([B)V (runtime_flags=0, domain=core-platform, api=max-target-q) from Lokhttp3/internal/platform/OptionalMethod; (domain=app) using reflection: denied
2025-12-15 11:01:31.341 24420-24420 cr_WVCFactoryProvider   com.murari.careerpolitics.debug      I  version=143.0.7499.34 (749903438) minSdkVersion=29 multiprocess=true packageId=2 splits=<none>
2025-12-15 11:01:31.514 24420-24420 nativeloader            com.murari.careerpolitics.debug      D  Load /data/app/~~1hUcyRCCH5yq8-iUDmM00A==/com.google.android.trichromelibrary_749903438-tF5-tBEkH8Gc7a_h-eXfyQ==/base.apk!/lib/x86_64/libmonochrome_64.so using class loader ns clns-12 (caller=/data/app/~~OsJa6jbAoEZyJCl0uQiAYQ==/com.google.android.webview-fJgAUiqxzH2T0Y2DsvtPHg==/base.apk): ok
2025-12-15 11:01:31.531 24420-24420 nativeloader            com.murari.careerpolitics.debug      D  Load /system/lib64/libwebviewchromium_plat_support.so using class loader ns clns-12 (caller=/data/app/~~OsJa6jbAoEZyJCl0uQiAYQ==/com.google.android.webview-fJgAUiqxzH2T0Y2DsvtPHg==/base.apk): ok
2025-12-15 11:01:31.573 24420-24482 chromium                com.murari.careerpolitics.debug      E  [1215/110131.573027:ERROR:android_webview/browser/variations/variations_seed_loader.cc:39] Seed missing signature.
2025-12-15 11:01:31.573 24420-24482 chromium                com.murari.careerpolitics.debug      I  [1215/110131.573756:INFO:android_webview/browser/variations/variations_seed_loader.cc:67] Failed to open file for reading.: No such file or directory (2)
2025-12-15 11:01:31.639 24420-24420 cr_LibraryLoader        com.murari.careerpolitics.debug      I  Successfully loaded native library
2025-12-15 11:01:31.645 24420-24420 cr_CachingUmaRecorder   com.murari.careerpolitics.debug      I  Flushed 20 samples from 20 histograms, 0 samples were dropped.
2025-12-15 11:01:31.675 24420-24420 cr_CombinedPProvider    com.murari.careerpolitics.debug      I  #registerProvider() provider:WV.jk@b78db0b isPolicyCacheEnabled:false policyProvidersSize:0
2025-12-15 11:01:31.688 24420-24420 cr_PolicyProvider       com.murari.careerpolitics.debug      I  #setManagerAndSource() 0
2025-12-15 11:01:31.725 24420-24420 cr_DisplayManager       com.murari.careerpolitics.debug      I  Is Display Topology available: false
2025-12-15 11:01:31.736 24420-24420 rpolitics.debug         com.murari.careerpolitics.debug      I  AssetManager2(0x7d9e3a3341d8) locale list changing from [] to [en-US]
2025-12-15 11:01:31.740 24420-24420 rpolitics.debug         com.murari.careerpolitics.debug      I  AssetManager2(0x7d9e3a33e458) locale list changing from [] to [en-US]
2025-12-15 11:01:31.852 24420-24420 cr_CombinedPProvider    com.murari.careerpolitics.debug      I  #linkNativeInternal() 1
2025-12-15 11:01:31.857 24420-24420 cr_AppResProvider       com.murari.careerpolitics.debug      I  #getApplicationRestrictionsFromUserManager() Bundle[EMPTY_PARCEL]
2025-12-15 11:01:31.857 24420-24420 cr_PolicyProvider       com.murari.careerpolitics.debug      I  #notifySettingsAvailable() 0
2025-12-15 11:01:31.857 24420-24420 cr_CombinedPProvider    com.murari.careerpolitics.debug      I  #onSettingsAvailable() 0
2025-12-15 11:01:31.860 24420-24420 cr_CombinedPProvider    com.murari.careerpolitics.debug      I  #flushPolicies()
2025-12-15 11:01:32.214 24420-24420 chromium                com.murari.careerpolitics.debug      W  [WARNING:android_webview/browser/network_service/net_helpers.cc:143] HTTP Cache size is: 20971520
2025-12-15 11:01:32.825 24420-24468 rpolitics.debug         com.murari.careerpolitics.debug      E  hiddenapi: Accessing hidden method Lcom/android/org/conscrypt/ConscryptEngineSocket;->setUseSessionTickets(Z)V (runtime_flags=CorePlatformApi, domain=core-platform, api=max-target-q,core-platform-api) from Lokhttp3/internal/platform/OptionalMethod; (domain=app) using reflection: denied
2025-12-15 11:01:32.825 24420-24468 rpolitics.debug         com.murari.careerpolitics.debug      E  hiddenapi: Accessing hidden method Lcom/android/org/conscrypt/OpenSSLSocketImpl;->setUseSessionTickets(Z)V (runtime_flags=CorePlatformApi, domain=core-platform, api=max-target-q,core-platform-api) from Lokhttp3/internal/platform/OptionalMethod; (domain=app) using reflection: denied
2025-12-15 11:01:32.825 24420-24468 rpolitics.debug         com.murari.careerpolitics.debug      E  hiddenapi: Accessing hidden method Lcom/android/org/conscrypt/AbstractConscryptSocket;->setUseSessionTickets(Z)V (runtime_flags=0, domain=core-platform, api=max-target-q) from Lokhttp3/internal/platform/OptionalMethod; (domain=app) using reflection: denied
2025-12-15 11:01:32.825 24420-24468 rpolitics.debug         com.murari.careerpolitics.debug      E  hiddenapi: Accessing hidden method Lcom/android/org/conscrypt/ConscryptEngineSocket;->setHostname(Ljava/lang/String;)V (runtime_flags=CorePlatformApi, domain=core-platform, api=max-target-q,core-platform-api) from Lokhttp3/internal/platform/OptionalMethod; (domain=app) using reflection: denied
2025-12-15 11:01:32.825 24420-24468 rpolitics.debug         com.murari.careerpolitics.debug      E  hiddenapi: Accessing hidden method Lcom/android/org/conscrypt/OpenSSLSocketImpl;->setHostname(Ljava/lang/String;)V (runtime_flags=CorePlatformApi, domain=core-platform, api=max-target-q,core-platform-api) from Lokhttp3/internal/platform/OptionalMethod; (domain=app) using reflection: denied
2025-12-15 11:01:32.825 24420-24468 rpolitics.debug         com.murari.careerpolitics.debug      E  hiddenapi: Accessing hidden method Lcom/android/org/conscrypt/AbstractConscryptSocket;->setHostname(Ljava/lang/String;)V (runtime_flags=0, domain=core-platform, api=max-target-q) from Lokhttp3/internal/platform/OptionalMethod; (domain=app) using reflection: denied
2025-12-15 11:01:32.825 24420-24468 rpolitics.debug         com.murari.careerpolitics.debug      E  hiddenapi: Accessing hidden method Lcom/android/org/conscrypt/OpenSSLSocketImpl;->setAlpnProtocols([B)V (runtime_flags=CorePlatformApi, domain=core-platform, api=max-target-q,core-platform-api) from Lokhttp3/internal/platform/OptionalMethod; (domain=app) using reflection: denied
2025-12-15 11:01:32.826 24420-24468 rpolitics.debug         com.murari.careerpolitics.debug      E  hiddenapi: Accessing hidden method Lcom/android/org/conscrypt/AbstractConscryptSocket;->setAlpnProtocols([B)V (runtime_flags=0, domain=core-platform, api=max-target-q) from Lokhttp3/internal/platform/OptionalMethod; (domain=app) using reflection: denied
2025-12-15 11:01:32.857 24420-24420 Drawable                com.murari.careerpolitics.debug      E  Unable to decode stream: android.graphics.ImageDecoder$DecodeException: Failed to create image decoder with message 'unimplemented'Input contained an error.
2025-12-15 11:01:32.857 24420-24420 Validations             com.murari.careerpolitics.debug      E  You are targeting Android Oreo and using adaptive icons without having a fallback drawable set for FCM notifications.
                                                                                                    This can cause a irreversible crash on devices using Oreo.
                                                                                                    To learn more about this issue check: https://issuetracker.google.com/issues/68716460
2025-12-15 11:01:32.918 24420-24420 CareerPoli...inActivity com.murari.careerpolitics.debug      D  Push Notifications initialized(awaiting user auth for token registration)
2025-12-15 11:01:33.058 24420-24504 cr_media                com.murari.careerpolitics.debug      W  BLUETOOTH_CONNECT permission is missing.
2025-12-15 11:01:33.068 24420-24504 cr_media                com.murari.careerpolitics.debug      W  getBluetoothAdapter() requires BLUETOOTH permission
2025-12-15 11:01:33.069 24420-24504 cr_media                com.murari.careerpolitics.debug      W  registerBluetoothIntentsIfNeeded: Requires BLUETOOTH permission
2025-12-15 11:01:33.091 24420-24521 vulkan                  com.murari.careerpolitics.debug      D  searching for layers in '/data/app/~~2BJ9Uq4TV1Mjywn2zEaxMA==/com.murari.careerpolitics.debug-NeNsvHQ7r4vDDJetB0H65A==/lib/x86_64'
2025-12-15 11:01:33.092 24420-24521 vulkan                  com.murari.careerpolitics.debug      D  searching for layers in '/data/app/~~2BJ9Uq4TV1Mjywn2zEaxMA==/com.murari.careerpolitics.debug-NeNsvHQ7r4vDDJetB0H65A==/base.apk!/lib/x86_64'
2025-12-15 11:01:33.248 24420-24420 FirebaseSessions        com.murari.careerpolitics.debug      D  App foregrounded on com.murari.careerpolitics.debug
2025-12-15 11:01:33.248 24420-24420 FirebaseSessions        com.murari.careerpolitics.debug      D  Session 10ef8842d31c4bfd89bf6ed308d2ab88 has not backgrounded yet
2025-12-15 11:01:33.248 24420-24420 FirebaseSessions        com.murari.careerpolitics.debug      D  Process com.murari.careerpolitics.debug is stale
2025-12-15 11:01:33.332 24420-24420 HWUI                    com.murari.careerpolitics.debug      W  Unknown dataspace 0
2025-12-15 11:01:33.340 24420-24448 FA                      com.murari.careerpolitics.debug      I  Tag Manager is not found and thus will not be used
2025-12-15 11:01:33.341 24420-24457 FirebaseSessions        com.murari.careerpolitics.debug      D  Session 10ef8842d31c4bfd89bf6ed308d2ab88 has not backgrounded yet
2025-12-15 11:01:33.345 24420-24457 FirebaseSessions        com.murari.careerpolitics.debug      D  Cold app start detected
2025-12-15 11:01:33.356 24420-24457 FirebaseSessions        com.murari.careerpolitics.debug      D  Process com.murari.careerpolitics.debug is stale
2025-12-15 11:01:33.592 24420-24539 CameraManagerGlobal     com.murari.careerpolitics.debug      I  Connecting to camera service
2025-12-15 11:01:33.681 24420-24454 FirebaseSessions        com.murari.careerpolitics.debug      D  Session Event Type: SESSION_START
2025-12-15 11:01:33.712 24420-24454 FirebaseSessions        com.murari.careerpolitics.debug      D  Successfully logged Session Start event.
2025-12-15 11:01:33.891 24420-24420 Choreographer           com.murari.careerpolitics.debug      I  Skipped 62 frames!  The application may be doing too much work on its main thread.
2025-12-15 11:01:34.067 24420-24452 rpolitics.debug         com.murari.careerpolitics.debug      W  Verification of java.lang.Object kotlinx.serialization.json.internal.JsonStreamsKt.decodeByReader(kotlinx.serialization.json.Json, kotlinx.serialization.DeserializationStrategy, kotlinx.serialization.json.internal.InternalJsonReader) took 409.708ms (148.89 bytecodes/s) (0B arena alloc)
2025-12-15 11:01:34.372 24420-24461 rpolitics.debug         com.murari.careerpolitics.debug      W  Verification of void com.google.android.datatransport.cct.internal.AutoBatchedLogRequestEncoder.configure(com.google.firebase.encoders.config.EncoderConfig) took 147.987ms (952.78 bytecodes/s) (0B arena alloc)
2025-12-15 11:01:34.383 24420-24454 rpolitics.debug         com.murari.careerpolitics.debug      W  Verification of void com.google.firebase.crashlytics.internal.metadata.QueueFile$Element.<init>(int, int) took 113.926ms (70.22 bytecodes/s) (0B arena alloc)
2025-12-15 11:01:34.419 24420-24426 rpolitics.debug         com.murari.careerpolitics.debug      W  Suspending all threads took: 8.148ms
2025-12-15 11:01:34.577 24420-24420 Choreographer           com.murari.careerpolitics.debug      I  Skipped 39 frames!  The application may be doing too much work on its main thread.
2025-12-15 11:01:34.602 24420-24452 rpolitics.debug         com.murari.careerpolitics.debug      W  Verification of kotlin.sequences.Sequence kotlinx.serialization.json.internal.JsonStreamsKt.decodeToSequenceByReader(kotlinx.serialization.json.Json, kotlinx.serialization.json.internal.InternalJsonReader, kotlinx.serialization.DeserializationStrategy, kotlinx.serialization.json.DecodeSequenceMode) took 233.345ms (188.56 bytecodes/s) (0B arena alloc)
2025-12-15 11:01:34.840 24420-24420 CareerPoli...inActivity com.murari.careerpolitics.debug      D  Push Notifications initialized(awaiting user auth for token registration)
2025-12-15 11:01:34.846 24420-24547 ProfileInstaller        com.murari.careerpolitics.debug      D  Installing profile for com.murari.careerpolitics.debug
2025-12-15 11:01:35.079 24420-24452 rpolitics.debug         com.murari.careerpolitics.debug      W  Verification of void kotlinx.serialization.json.internal.JsonStreamsKt.encodeByWriter(kotlinx.serialization.json.Json, kotlinx.serialization.json.internal.InternalJsonWriter, kotlinx.serialization.SerializationStrategy, java.lang.Object) took 238.539ms (155.11 bytecodes/s) (0B arena alloc)
2025-12-15 11:01:35.393 24420-24432 HWUI                    com.murari.careerpolitics.debug      I  Davey! duration=717ms; Flags=1, FrameTimelineVsyncId=2231834, IntendedVsync=34011345876464, Vsync=34011545876456, InputEventId=0, HandleInputStart=34011563698567, AnimationStart=34011563750867, PerformTraversalsStart=34011564103967, DrawStart=34011702655367, FrameDeadline=34011362543130, FrameStartTime=34011559427167, FrameInterval=16666666, WorkloadTarget=16666666, SyncQueued=34011880086367, SyncStart=34011916040967, IssueDrawCommandsStart=34011931022867, SwapBuffers=34012019606167, FrameCompleted=34012099590567, DequeueBufferDuration=56600, QueueBufferDuration=2911300, GpuCompleted=34012099590567, SwapBuffersCompleted=34012071072867, DisplayPresentTime=0, CommandSubmissionCompleted=34012019606167,
2025-12-15 11:01:35.438 24420-24420 chromium                com.murari.careerpolitics.debug      I  [INFO:CONSOLE:1] "Uncaught TypeError: Cannot read properties of undefined (reading 'getAttribute')", source: https://careerpolitics.com/ (1)
2025-12-15 11:01:35.453 24420-24468 rpolitics.debug         com.murari.careerpolitics.debug      E  hiddenapi: Accessing hidden method Lcom/android/org/conscrypt/ConscryptEngineSocket;->setUseSessionTickets(Z)V (runtime_flags=CorePlatformApi, domain=core-platform, api=max-target-q,core-platform-api) from Lokhttp3/internal/platform/OptionalMethod; (domain=app) using reflection: denied
2025-12-15 11:01:35.454 24420-24468 rpolitics.debug         com.murari.careerpolitics.debug      E  hiddenapi: Accessing hidden method Lcom/android/org/conscrypt/OpenSSLSocketImpl;->setUseSessionTickets(Z)V (runtime_flags=CorePlatformApi, domain=core-platform, api=max-target-q,core-platform-api) from Lokhttp3/internal/platform/OptionalMethod; (domain=app) using reflection: denied
2025-12-15 11:01:35.454 24420-24468 rpolitics.debug         com.murari.careerpolitics.debug      E  hiddenapi: Accessing hidden method Lcom/android/org/conscrypt/AbstractConscryptSocket;->setUseSessionTickets(Z)V (runtime_flags=0, domain=core-platform, api=max-target-q) from Lokhttp3/internal/platform/OptionalMethod; (domain=app) using reflection: denied
2025-12-15 11:01:35.488 24420-24468 rpolitics.debug         com.murari.careerpolitics.debug      E  hiddenapi: Accessing hidden method Lcom/android/org/conscrypt/ConscryptEngineSocket;->setHostname(Ljava/lang/String;)V (runtime_flags=CorePlatformApi, domain=core-platform, api=max-target-q,core-platform-api) from Lokhttp3/internal/platform/OptionalMethod; (domain=app) using reflection: denied
2025-12-15 11:01:35.493 24420-24468 rpolitics.debug         com.murari.careerpolitics.debug      E  hiddenapi: Accessing hidden method Lcom/android/org/conscrypt/OpenSSLSocketImpl;->setHostname(Ljava/lang/String;)V (runtime_flags=CorePlatformApi, domain=core-platform, api=max-target-q,core-platform-api) from Lokhttp3/internal/platform/OptionalMethod; (domain=app) using reflection: denied
2025-12-15 11:01:35.509 24420-24468 rpolitics.debug         com.murari.careerpolitics.debug      E  hiddenapi: Accessing hidden method Lcom/android/org/conscrypt/AbstractConscryptSocket;->setHostname(Ljava/lang/String;)V (runtime_flags=0, domain=core-platform, api=max-target-q) from Lokhttp3/internal/platform/OptionalMethod; (domain=app) using reflection: denied
2025-12-15 11:01:35.522 24420-24468 rpolitics.debug         com.murari.careerpolitics.debug      E  hiddenapi: Accessing hidden method Lcom/android/org/conscrypt/OpenSSLSocketImpl;->setAlpnProtocols([B)V (runtime_flags=CorePlatformApi, domain=core-platform, api=max-target-q,core-platform-api) from Lokhttp3/internal/platform/OptionalMethod; (domain=app) using reflection: denied
2025-12-15 11:01:35.522 24420-24468 rpolitics.debug         com.murari.careerpolitics.debug      E  hiddenapi: Accessing hidden method Lcom/android/org/conscrypt/AbstractConscryptSocket;->setAlpnProtocols([B)V (runtime_flags=0, domain=core-platform, api=max-target-q) from Lokhttp3/internal/platform/OptionalMethod; (domain=app) using reflection: denied
2025-12-15 11:01:35.787 24420-24420 CareerPoli...ViewClient com.murari.careerpolitics.debug      D  Could not parse user ID from body data-user attribute
2025-12-15 11:01:36.034 24420-24420 InsetsController        com.murari.careerpolitics.debug      D  hide(ime(), fromIme=false)
2025-12-15 11:01:36.035 24420-24420 ImeTracker              com.murari.careerpolitics.debug      I  com.murari.careerpolitics.debug:cdb6b01d: onCancelled at PHASE_CLIENT_ALREADY_HIDDEN
2025-12-15 11:01:36.146 24420-24426 rpolitics.debug         com.murari.careerpolitics.debug      I  Background concurrent mark compact GC freed 4857KB AllocSpace bytes, 22(760KB) LOS objects, 49% free, 10MB/21MB, paused 18.264ms,22.831ms total 2.538s
2025-12-15 11:01:36.388 24420-24455 FirebaseSessions        com.murari.careerpolitics.debug      D  Notified CRASHLYTICS of new session 4c599f5e30fb4f48a8850bffe07c2388
2025-12-15 11:01:37.691 24420-24425 rpolitics.debug         com.murari.careerpolitics.debug      I  Compiler allocated 5042KB to compile void android.view.ViewRootImpl.performTraversals()
2025-12-15 11:01:37.872 24420-24420 Choreographer           com.murari.careerpolitics.debug      I  Skipped 32 frames!  The application may be doing too much work on its main thread.
2025-12-15 11:01:39.326 24420-24420 CareerPoli...ViewClient com.murari.careerpolitics.debug      D  User authenticated detected. Registering FCM token.
2025-12-15 11:01:39.484 24420-24420 rpolitics.debug         com.murari.careerpolitics.debug      W  Verification of java.lang.Object com.murari.careerpolitics.services.PushNotificationService.fetchFcmToken(kotlin.coroutines.Continuation) took 155.696ms (468.86 bytecodes/s) (0B arena alloc)
2025-12-15 11:01:39.603 24420-24420 rpolitics.debug         com.murari.careerpolitics.debug      W  Verification of void com.murari.careerpolitics.services.PushNotificationService.registerFcmToken(android.content.Context) took 118.217ms (262.23 bytecodes/s) (0B arena alloc)
2025-12-15 11:01:55.004 24420-24420 chromium                com.murari.careerpolitics.debug      I  [INFO:CONSOLE:0] "The resource https://careerpolitics.com/sidebars/home was preloaded using link preload but not used within a few seconds from the window's load event. Please make sure it has an appropriate `as` value and it is preloaded intentionally.", source: https://careerpolitics.com/ (0)
2025-12-15 11:02:09.469 24420-24420 Choreographer           com.murari.careerpolitics.debug      I  Skipped 860 frames!  The application may be doing too much work on its main thread.
2025-12-15 11:02:09.477 24420-24464 PushNotificationService com.murari.careerpolitics.debug      D  FCM token obtained: cS5-kl5rRBGBriXkc57i...
2025-12-15 11:02:09.496 24420-24468 rpolitics.debug         com.murari.careerpolitics.debug      E  hiddenapi: Accessing hidden method Lcom/android/org/conscrypt/ConscryptEngineSocket;->setUseSessionTickets(Z)V (runtime_flags=CorePlatformApi, domain=core-platform, api=max-target-q,core-platform-api) from Lokhttp3/internal/platform/OptionalMethod; (domain=app) using reflection: denied
2025-12-15 11:02:09.496 24420-24468 rpolitics.debug         com.murari.careerpolitics.debug      E  hiddenapi: Accessing hidden method Lcom/android/org/conscrypt/OpenSSLSocketImpl;->setUseSessionTickets(Z)V (runtime_flags=CorePlatformApi, domain=core-platform, api=max-target-q,core-platform-api) from Lokhttp3/internal/platform/OptionalMethod; (domain=app) using reflection: denied
2025-12-15 11:02:09.496 24420-24468 rpolitics.debug         com.murari.careerpolitics.debug      E  hiddenapi: Accessing hidden method Lcom/android/org/conscrypt/AbstractConscryptSocket;->setUseSessionTickets(Z)V (runtime_flags=0, domain=core-platform, api=max-target-q) from Lokhttp3/internal/platform/OptionalMethod; (domain=app) using reflection: denied
2025-12-15 11:02:09.496 24420-24468 rpolitics.debug         com.murari.careerpolitics.debug      E  hiddenapi: Accessing hidden method Lcom/android/org/conscrypt/ConscryptEngineSocket;->setHostname(Ljava/lang/String;)V (runtime_flags=CorePlatformApi, domain=core-platform, api=max-target-q,core-platform-api) from Lokhttp3/internal/platform/OptionalMethod; (domain=app) using reflection: denied
2025-12-15 11:02:09.496 24420-24468 rpolitics.debug         com.murari.careerpolitics.debug      E  hiddenapi: Accessing hidden method Lcom/android/org/conscrypt/OpenSSLSocketImpl;->setHostname(Ljava/lang/String;)V (runtime_flags=CorePlatformApi, domain=core-platform, api=max-target-q,core-platform-api) from Lokhttp3/internal/platform/OptionalMethod; (domain=app) using reflection: denied
2025-12-15 11:02:09.496 24420-24468 rpolitics.debug         com.murari.careerpolitics.debug      E  hiddenapi: Accessing hidden method Lcom/android/org/conscrypt/AbstractConscryptSocket;->setHostname(Ljava/lang/String;)V (runtime_flags=0, domain=core-platform, api=max-target-q) from Lokhttp3/internal/platform/OptionalMethod; (domain=app) using reflection: denied
2025-12-15 11:02:09.497 24420-24468 rpolitics.debug         com.murari.careerpolitics.debug      E  hiddenapi: Accessing hidden method Lcom/android/org/conscrypt/OpenSSLSocketImpl;->setAlpnProtocols([B)V (runtime_flags=CorePlatformApi, domain=core-platform, api=max-target-q,core-platform-api) from Lokhttp3/internal/platform/OptionalMethod; (domain=app) using reflection: denied
2025-12-15 11:02:09.497 24420-24468 rpolitics.debug         com.murari.careerpolitics.debug      E  hiddenapi: Accessing hidden method Lcom/android/org/conscrypt/AbstractConscryptSocket;->setAlpnProtocols([B)V (runtime_flags=0, domain=core-platform, api=max-target-q) from Lokhttp3/internal/platform/OptionalMethod; (domain=app) using reflection: denied
2025-12-15 11:02:12.459 24420-24468 rpolitics.debug         com.murari.careerpolitics.debug      W  Got a deoptimization request on un-deoptimizable method int com.android.org.conscrypt.NativeCrypto.ENGINE_SSL_read_direct(long, com.android.org.conscrypt.NativeSsl, long, int, com.android.org.conscrypt.NativeCrypto$SSLHandshakeCallbacks)
2025-12-15 11:02:12.460 24420-24468 rpolitics.debug         com.murari.careerpolitics.debug      W  Got a deoptimization request on un-deoptimizable method int com.android.org.conscrypt.NativeCrypto.ENGINE_SSL_read_direct(long, com.android.org.conscrypt.NativeSsl, long, int, com.android.org.conscrypt.NativeCrypto$SSLHandshakeCallbacks)
2025-12-15 11:02:12.549 24420-24420 chromium                com.murari.careerpolitics.debug      I  [INFO:CONSOLE:0] "The resource https://careerpolitics.com/sidebars/home was preloaded using link preload but not used within a few seconds from the window's load event. Please make sure it has an appropriate `as` value and it is preloaded intentionally.", source: https://careerpolitics.com/ (0)
2025-12-15 11:02:24.897 24420-24464 PushNotificationService com.murari.careerpolitics.debug      D  FCM token registered successfully:
2025-12-15 11:02:25.217 24420-24468 rpolitics.debug         com.murari.careerpolitics.debug      E  hiddenapi: Accessing hidden method Lcom/android/org/conscrypt/ConscryptEngineSocket;->setUseSessionTickets(Z)V (runtime_flags=CorePlatformApi, domain=core-platform, api=max-target-q,core-platform-api) from Lokhttp3/internal/platform/OptionalMethod; (domain=app) using reflection: denied
2025-12-15 11:02:25.217 24420-24468 rpolitics.debug         com.murari.careerpolitics.debug      E  hiddenapi: Accessing hidden method Lcom/android/org/conscrypt/OpenSSLSocketImpl;->setUseSessionTickets(Z)V (runtime_flags=CorePlatformApi, domain=core-platform, api=max-target-q,core-platform-api) from Lokhttp3/internal/platform/OptionalMethod; (domain=app) using reflection: denied
2025-12-15 11:02:25.217 24420-24468 rpolitics.debug         com.murari.careerpolitics.debug      E  hiddenapi: Accessing hidden method Lcom/android/org/conscrypt/AbstractConscryptSocket;->setUseSessionTickets(Z)V (runtime_flags=0, domain=core-platform, api=max-target-q) from Lokhttp3/internal/platform/OptionalMethod; (domain=app) using reflection: denied
2025-12-15 11:02:25.218 24420-24468 rpolitics.debug         com.murari.careerpolitics.debug      E  hiddenapi: Accessing hidden method Lcom/android/org/conscrypt/ConscryptEngineSocket;->setHostname(Ljava/lang/String;)V (runtime_flags=CorePlatformApi, domain=core-platform, api=max-target-q,core-platform-api) from Lokhttp3/internal/platform/OptionalMethod; (domain=app) using reflection: denied
2025-12-15 11:02:25.218 24420-24468 rpolitics.debug         com.murari.careerpolitics.debug      E  hiddenapi: Accessing hidden method Lcom/android/org/conscrypt/OpenSSLSocketImpl;->setHostname(Ljava/lang/String;)V (runtime_flags=CorePlatformApi, domain=core-platform, api=max-target-q,core-platform-api) from Lokhttp3/internal/platform/OptionalMethod; (domain=app) using reflection: denied
2025-12-15 11:02:25.218 24420-24468 rpolitics.debug         com.murari.careerpolitics.debug      E  hiddenapi: Accessing hidden method Lcom/android/org/conscrypt/AbstractConscryptSocket;->setHostname(Ljava/lang/String;)V (runtime_flags=0, domain=core-platform, api=max-target-q) from Lokhttp3/internal/platform/OptionalMethod; (domain=app) using reflection: denied
2025-12-15 11:02:25.218 24420-24468 rpolitics.debug         com.murari.careerpolitics.debug      E  hiddenapi: Accessing hidden method Lcom/android/org/conscrypt/OpenSSLSocketImpl;->setAlpnProtocols([B)V (runtime_flags=CorePlatformApi, domain=core-platform, api=max-target-q,core-platform-api) from Lokhttp3/internal/platform/OptionalMethod; (domain=app) using reflection: denied
2025-12-15 11:02:25.218 24420-24468 rpolitics.debug         com.murari.careerpolitics.debug      E  hiddenapi: Accessing hidden method Lcom/android/org/conscrypt/AbstractConscryptSocket;->setAlpnProtocols([B)V (runtime_flags=0, domain=core-platform, api=max-target-q) from Lokhttp3/internal/platform/OptionalMethod; (domain=app) using reflection: denied
2025-12-15 11:02:27.910 24420-24461 TRuntime.C...ortBackend com.murari.careerpolitics.debug      I  Making request to: https://firebaselogging-pa.googleapis.com/v1/firelog/legacy/batchlog
2025-12-15 11:02:31.341 24420-24461 TRuntime.C...ortBackend com.murari.careerpolitics.debug      I  Status Code: 200
2025-12-15 11:02:38.869 24420-24468 rpolitics.debug         com.murari.careerpolitics.debug      E  hiddenapi: Accessing hidden method Lcom/android/org/conscrypt/ConscryptEngineSocket;->setUseSessionTickets(Z)V (runtime_flags=CorePlatformApi, domain=core-platform, api=max-target-q,core-platform-api) from Lokhttp3/internal/platform/OptionalMethod; (domain=app) using reflection: denied
2025-12-15 11:02:38.869 24420-24468 rpolitics.debug         com.murari.careerpolitics.debug      E  hiddenapi: Accessing hidden method Lcom/android/org/conscrypt/OpenSSLSocketImpl;->setUseSessionTickets(Z)V (runtime_flags=CorePlatformApi, domain=core-platform, api=max-target-q,core-platform-api) from Lokhttp3/internal/platform/OptionalMethod; (domain=app) using reflection: denied
2025-12-15 11:02:38.870 24420-24468 rpolitics.debug         com.murari.careerpolitics.debug      E  hiddenapi: Accessing hidden method Lcom/android/org/conscrypt/AbstractConscryptSocket;->setUseSessionTickets(Z)V (runtime_flags=0, domain=core-platform, api=max-target-q) from Lokhttp3/internal/platform/OptionalMethod; (domain=app) using reflection: denied
2025-12-15 11:02:38.872 24420-24468 rpolitics.debug         com.murari.careerpolitics.debug      E  hiddenapi: Accessing hidden method Lcom/android/org/conscrypt/ConscryptEngineSocket;->setHostname(Ljava/lang/String;)V (runtime_flags=CorePlatformApi, domain=core-platform, api=max-target-q,core-platform-api) from Lokhttp3/internal/platform/OptionalMethod; (domain=app) using reflection: denied
2025-12-15 11:02:38.873 24420-24468 rpolitics.debug         com.murari.careerpolitics.debug      E  hiddenapi: Accessing hidden method Lcom/android/org/conscrypt/OpenSSLSocketImpl;->setHostname(Ljava/lang/String;)V (runtime_flags=CorePlatformApi, domain=core-platform, api=max-target-q,core-platform-api) from Lokhttp3/internal/platform/OptionalMethod; (domain=app) using reflection: denied
2025-12-15 11:02:38.873 24420-24468 rpolitics.debug         com.murari.careerpolitics.debug      E  hiddenapi: Accessing hidden method Lcom/android/org/conscrypt/AbstractConscryptSocket;->setHostname(Ljava/lang/String;)V (runtime_flags=0, domain=core-platform, api=max-target-q) from Lokhttp3/internal/platform/OptionalMethod; (domain=app) using reflection: denied
2025-12-15 11:02:38.874 24420-24468 rpolitics.debug         com.murari.careerpolitics.debug      E  hiddenapi: Accessing hidden method Lcom/android/org/conscrypt/OpenSSLSocketImpl;->setAlpnProtocols([B)V (runtime_flags=CorePlatformApi, domain=core-platform, api=max-target-q,core-platform-api) from Lokhttp3/internal/platform/OptionalMethod; (domain=app) using reflection: denied
2025-12-15 11:02:38.884 24420-24468 rpolitics.debug         com.murari.careerpolitics.debug      E  hiddenapi: Accessing hidden method Lcom/android/org/conscrypt/AbstractConscryptSocket;->setAlpnProtocols([B)V (runtime_flags=0, domain=core-platform, api=max-target-q) from Lokhttp3/internal/platform/OptionalMethod; (domain=app) using reflection: denied
2025-12-15 11:03:08.493 24420-24468 rpolitics.debug         com.murari.careerpolitics.debug      E  hiddenapi: Accessing hidden method Lcom/android/org/conscrypt/ConscryptEngineSocket;->setUseSessionTickets(Z)V (runtime_flags=CorePlatformApi, domain=core-platform, api=max-target-q,core-platform-api) from Lokhttp3/internal/platform/OptionalMethod; (domain=app) using reflection: denied
2025-12-15 11:03:08.494 24420-24468 rpolitics.debug         com.murari.careerpolitics.debug      E  hiddenapi: Accessing hidden method Lcom/android/org/conscrypt/OpenSSLSocketImpl;->setUseSessionTickets(Z)V (runtime_flags=CorePlatformApi, domain=core-platform, api=max-target-q,core-platform-api) from Lokhttp3/internal/platform/OptionalMethod; (domain=app) using reflection: denied
2025-12-15 11:03:08.494 24420-24468 rpolitics.debug         com.murari.careerpolitics.debug      E  hiddenapi: Accessing hidden method Lcom/android/org/conscrypt/AbstractConscryptSocket;->setUseSessionTickets(Z)V (runtime_flags=0, domain=core-platform, api=max-target-q) from Lokhttp3/internal/platform/OptionalMethod; (domain=app) using reflection: denied
2025-12-15 11:03:08.495 24420-24468 rpolitics.debug         com.murari.careerpolitics.debug      E  hiddenapi: Accessing hidden method Lcom/android/org/conscrypt/ConscryptEngineSocket;->setHostname(Ljava/lang/String;)V (runtime_flags=CorePlatformApi, domain=core-platform, api=max-target-q,core-platform-api) from Lokhttp3/internal/platform/OptionalMethod; (domain=app) using reflection: denied
2025-12-15 11:03:08.495 24420-24468 rpolitics.debug         com.murari.careerpolitics.debug      E  hiddenapi: Accessing hidden method Lcom/android/org/conscrypt/OpenSSLSocketImpl;->setHostname(Ljava/lang/String;)V (runtime_flags=CorePlatformApi, domain=core-platform, api=max-target-q,core-platform-api) from Lokhttp3/internal/platform/OptionalMethod; (domain=app) using reflection: denied
2025-12-15 11:03:08.495 24420-24468 rpolitics.debug         com.murari.careerpolitics.debug      E  hiddenapi: Accessing hidden method Lcom/android/org/conscrypt/AbstractConscryptSocket;->setHostname(Ljava/lang/String;)V (runtime_flags=0, domain=core-platform, api=max-target-q) from Lokhttp3/internal/platform/OptionalMethod; (domain=app) using reflection: denied
2025-12-15 11:03:08.504 24420-24468 rpolitics.debug         com.murari.careerpolitics.debug      E  hiddenapi: Accessing hidden method Lcom/android/org/conscrypt/OpenSSLSocketImpl;->setAlpnProtocols([B)V (runtime_flags=CorePlatformApi, domain=core-platform, api=max-target-q,core-platform-api) from Lokhttp3/internal/platform/OptionalMethod; (domain=app) using reflection: denied
2025-12-15 11:03:08.505 24420-24468 rpolitics.debug         com.murari.careerpolitics.debug      E  hiddenapi: Accessing hidden method Lcom/android/org/conscrypt/AbstractConscryptSocket;->setAlpnProtocols([B)V (runtime_flags=0, domain=core-platform, api=max-target-q) from Lokhttp3/internal/platform/OptionalMethod; (domain=app) using reflection: denied
2025-12-15 11:04:01.925 24420-24468 rpolitics.debug         com.murari.careerpolitics.debug      E  hiddenapi: Accessing hidden method Lcom/android/org/conscrypt/ConscryptEngineSocket;->setUseSessionTickets(Z)V (runtime_flags=CorePlatformApi, domain=core-platform, api=max-target-q,core-platform-api) from Lokhttp3/internal/platform/OptionalMethod; (domain=app) using reflection: denied
2025-12-15 11:04:01.925 24420-24468 rpolitics.debug         com.murari.careerpolitics.debug      E  hiddenapi: Accessing hidden method Lcom/android/org/conscrypt/OpenSSLSocketImpl;->setUseSessionTickets(Z)V (runtime_flags=CorePlatformApi, domain=core-platform, api=max-target-q,core-platform-api) from Lokhttp3/internal/platform/OptionalMethod; (domain=app) using reflection: denied
2025-12-15 11:04:01.926 24420-24468 rpolitics.debug         com.murari.careerpolitics.debug      E  hiddenapi: Accessing hidden method Lcom/android/org/conscrypt/AbstractConscryptSocket;->setUseSessionTickets(Z)V (runtime_flags=0, domain=core-platform, api=max-target-q) from Lokhttp3/internal/platform/OptionalMethod; (domain=app) using reflection: denied
2025-12-15 11:04:01.926 24420-24468 rpolitics.debug         com.murari.careerpolitics.debug      E  hiddenapi: Accessing hidden method Lcom/android/org/conscrypt/ConscryptEngineSocket;->setHostname(Ljava/lang/String;)V (runtime_flags=CorePlatformApi, domain=core-platform, api=max-target-q,core-platform-api) from Lokhttp3/internal/platform/OptionalMethod; (domain=app) using reflection: denied
2025-12-15 11:04:01.927 24420-24468 rpolitics.debug         com.murari.careerpolitics.debug      E  hiddenapi: Accessing hidden method Lcom/android/org/conscrypt/OpenSSLSocketImpl;->setHostname(Ljava/lang/String;)V (runtime_flags=CorePlatformApi, domain=core-platform, api=max-target-q,core-platform-api) from Lokhttp3/internal/platform/OptionalMethod; (domain=app) using reflection: denied
2025-12-15 11:04:01.931 24420-24468 rpolitics.debug         com.murari.careerpolitics.debug      E  hiddenapi: Accessing hidden method Lcom/android/org/conscrypt/AbstractConscryptSocket;->setHostname(Ljava/lang/String;)V (runtime_flags=0, domain=core-platform, api=max-target-q) from Lokhttp3/internal/platform/OptionalMethod; (domain=app) using reflection: denied
2025-12-15 11:04:01.931 24420-24468 rpolitics.debug         com.murari.careerpolitics.debug      E  hiddenapi: Accessing hidden method Lcom/android/org/conscrypt/OpenSSLSocketImpl;->setAlpnProtocols([B)V (runtime_flags=CorePlatformApi, domain=core-platform, api=max-target-q,core-platform-api) from Lokhttp3/internal/platform/OptionalMethod; (domain=app) using reflection: denied
2025-12-15 11:04:01.931 24420-24468 rpolitics.debug         com.murari.careerpolitics.debug      E  hiddenapi: Accessing hidden method Lcom/android/org/conscrypt/AbstractConscryptSocket;->setAlpnProtocols([B)V (runtime_flags=0, domain=core-platform, api=max-target-q) from Lokhttp3/internal/platform/OptionalMethod; (domain=app) using reflection: denied
2025-12-15 11:05:06.711 24420-24468 rpolitics.debug         com.murari.careerpolitics.debug      E  hiddenapi: Accessing hidden method Lcom/android/org/conscrypt/ConscryptEngineSocket;->setUseSessionTickets(Z)V (runtime_flags=CorePlatformApi, domain=core-platform, api=max-target-q,core-platform-api) from Lokhttp3/internal/platform/OptionalMethod; (domain=app) using reflection: denied
2025-12-15 11:05:06.712 24420-24468 rpolitics.debug         com.murari.careerpolitics.debug      E  hiddenapi: Accessing hidden method Lcom/android/org/conscrypt/OpenSSLSocketImpl;->setUseSessionTickets(Z)V (runtime_flags=CorePlatformApi, domain=core-platform, api=max-target-q,core-platform-api) from Lokhttp3/internal/platform/OptionalMethod; (domain=app) using reflection: denied
2025-12-15 11:05:06.712 24420-24468 rpolitics.debug         com.murari.careerpolitics.debug      E  hiddenapi: Accessing hidden method Lcom/android/org/conscrypt/AbstractConscryptSocket;->setUseSessionTickets(Z)V (runtime_flags=0, domain=core-platform, api=max-target-q) from Lokhttp3/internal/platform/OptionalMethod; (domain=app) using reflection: denied
2025-12-15 11:05:06.713 24420-24468 rpolitics.debug         com.murari.careerpolitics.debug      E  hiddenapi: Accessing hidden method Lcom/android/org/conscrypt/ConscryptEngineSocket;->setHostname(Ljava/lang/String;)V (runtime_flags=CorePlatformApi, domain=core-platform, api=max-target-q,core-platform-api) from Lokhttp3/internal/platform/OptionalMethod; (domain=app) using reflection: denied
2025-12-15 11:05:06.714 24420-24468 rpolitics.debug         com.murari.careerpolitics.debug      E  hiddenapi: Accessing hidden method Lcom/android/org/conscrypt/OpenSSLSocketImpl;->setHostname(Ljava/lang/String;)V (runtime_flags=CorePlatformApi, domain=core-platform, api=max-target-q,core-platform-api) from Lokhttp3/internal/platform/OptionalMethod; (domain=app) using reflection: denied
2025-12-15 11:05:06.716 24420-24468 rpolitics.debug         com.murari.careerpolitics.debug      E  hiddenapi: Accessing hidden method Lcom/android/org/conscrypt/AbstractConscryptSocket;->setHostname(Ljava/lang/String;)V (runtime_flags=0, domain=core-platform, api=max-target-q) from Lokhttp3/internal/platform/OptionalMethod; (domain=app) using reflection: denied
2025-12-15 11:05:06.717 24420-24468 rpolitics.debug         com.murari.careerpolitics.debug      E  hiddenapi: Accessing hidden method Lcom/android/org/conscrypt/OpenSSLSocketImpl;->setAlpnProtocols([B)V (runtime_flags=CorePlatformApi, domain=core-platform, api=max-target-q,core-platform-api) from Lokhttp3/internal/platform/OptionalMethod; (domain=app) using reflection: denied
2025-12-15 11:05:06.717 24420-24468 rpolitics.debug         com.murari.careerpolitics.debug      E  hiddenapi: Accessing hidden method Lcom/android/org/conscrypt/AbstractConscryptSocket;->setAlpnProtocols([B)V (runtime_flags=0, domain=core-platform, api=max-target-q) from Lokhttp3/internal/platform/OptionalMethod; (domain=app) using reflection: denied
2025-12-15 11:06:11.522 24420-24468 rpolitics.debug         com.murari.careerpolitics.debug      E  hiddenapi: Accessing hidden method Lcom/android/org/conscrypt/ConscryptEngineSocket;->setUseSessionTickets(Z)V (runtime_flags=CorePlatformApi, domain=core-platform, api=max-target-q,core-platform-api) from Lokhttp3/internal/platform/OptionalMethod; (domain=app) using reflection: denied
2025-12-15 11:06:11.522 24420-24468 rpolitics.debug         com.murari.careerpolitics.debug      E  hiddenapi: Accessing hidden method Lcom/android/org/conscrypt/OpenSSLSocketImpl;->setUseSessionTickets(Z)V (runtime_flags=CorePlatformApi, domain=core-platform, api=max-target-q,core-platform-api) from Lokhttp3/internal/platform/OptionalMethod; (domain=app) using reflection: denied
2025-12-15 11:06:11.522 24420-24468 rpolitics.debug         com.murari.careerpolitics.debug      E  hiddenapi: Accessing hidden method Lcom/android/org/conscrypt/AbstractConscryptSocket;->setUseSessionTickets(Z)V (runtime_flags=0, domain=core-platform, api=max-target-q) from Lokhttp3/internal/platform/OptionalMethod; (domain=app) using reflection: denied
2025-12-15 11:06:11.523 24420-24468 rpolitics.debug         com.murari.careerpolitics.debug      E  hiddenapi: Accessing hidden method Lcom/android/org/conscrypt/ConscryptEngineSocket;->setHostname(Ljava/lang/String;)V (runtime_flags=CorePlatformApi, domain=core-platform, api=max-target-q,core-platform-api) from Lokhttp3/internal/platform/OptionalMethod; (domain=app) using reflection: denied
2025-12-15 11:06:11.523 24420-24468 rpolitics.debug         com.murari.careerpolitics.debug      E  hiddenapi: Accessing hidden method Lcom/android/org/conscrypt/OpenSSLSocketImpl;->setHostname(Ljava/lang/String;)V (runtime_flags=CorePlatformApi, domain=core-platform, api=max-target-q,core-platform-api) from Lokhttp3/internal/platform/OptionalMethod; (domain=app) using reflection: denied
2025-12-15 11:06:11.523 24420-24468 rpolitics.debug         com.murari.careerpolitics.debug      E  hiddenapi: Accessing hidden method Lcom/android/org/conscrypt/AbstractConscryptSocket;->setHostname(Ljava/lang/String;)V (runtime_flags=0, domain=core-platform, api=max-target-q) from Lokhttp3/internal/platform/OptionalMethod; (domain=app) using reflection: denied
