2026-02-12 18:42:57.146 17747-17908 rpolitics.debug         com.murari.careerpolitics.debug      E  hiddenapi: Accessing hidden method Lcom/android/org/conscrypt/AbstractConscryptSocket;->setHostname(Ljava/lang/String;)V (runtime_flags=0, domain=core-platform, api=max-target-q) from Lokhttp3/internal/platform/OptionalMethod; (domain=app) using reflection: denied
2026-02-12 18:42:57.146 17747-17908 rpolitics.debug         com.murari.careerpolitics.debug      E  hiddenapi: Accessing hidden method Lcom/android/org/conscrypt/OpenSSLSocketImpl;->setAlpnProtocols([B)V (runtime_flags=CorePlatformApi, domain=core-platform, api=max-target-q,core-platform-api) from Lokhttp3/internal/platform/OptionalMethod; (domain=app) using reflection: denied
2026-02-12 18:42:57.146 17747-17908 rpolitics.debug         com.murari.careerpolitics.debug      E  hiddenapi: Accessing hidden method Lcom/android/org/conscrypt/AbstractConscryptSocket;->setAlpnProtocols([B)V (runtime_flags=0, domain=core-platform, api=max-target-q) from Lokhttp3/internal/platform/OptionalMethod; (domain=app) using reflection: denied
2026-02-12 18:44:01.863 17747-17908 rpolitics.debug         com.murari.careerpolitics.debug      E  hiddenapi: Accessing hidden method Lcom/android/org/conscrypt/ConscryptEngineSocket;->setUseSessionTickets(Z)V (runtime_flags=CorePlatformApi, domain=core-platform, api=max-target-q,core-platform-api) from Lokhttp3/internal/platform/OptionalMethod; (domain=app) using reflection: denied
2026-02-12 18:44:01.863 17747-17908 rpolitics.debug         com.murari.careerpolitics.debug      E  hiddenapi: Accessing hidden method Lcom/android/org/conscrypt/OpenSSLSocketImpl;->setUseSessionTickets(Z)V (runtime_flags=CorePlatformApi, domain=core-platform, api=max-target-q,core-platform-api) from Lokhttp3/internal/platform/OptionalMethod; (domain=app) using reflection: denied
2026-02-12 18:44:01.863 17747-17908 rpolitics.debug         com.murari.careerpolitics.debug      E  hiddenapi: Accessing hidden method Lcom/android/org/conscrypt/AbstractConscryptSocket;->setUseSessionTickets(Z)V (runtime_flags=0, domain=core-platform, api=max-target-q) from Lokhttp3/internal/platform/OptionalMethod; (domain=app) using reflection: denied
2026-02-12 18:44:01.864 17747-17908 rpolitics.debug         com.murari.careerpolitics.debug      E  hiddenapi: Accessing hidden method Lcom/android/org/conscrypt/ConscryptEngineSocket;->setHostname(Ljava/lang/String;)V (runtime_flags=CorePlatformApi, domain=core-platform, api=max-target-q,core-platform-api) from Lokhttp3/internal/platform/OptionalMethod; (domain=app) using reflection: denied
2026-02-12 18:44:01.864 17747-17908 rpolitics.debug         com.murari.careerpolitics.debug      E  hiddenapi: Accessing hidden method Lcom/android/org/conscrypt/OpenSSLSocketImpl;->setHostname(Ljava/lang/String;)V (runtime_flags=CorePlatformApi, domain=core-platform, api=max-target-q,core-platform-api) from Lokhttp3/internal/platform/OptionalMethod; (domain=app) using reflection: denied
2026-02-12 18:44:01.864 17747-17908 rpolitics.debug         com.murari.careerpolitics.debug      E  hiddenapi: Accessing hidden method Lcom/android/org/conscrypt/AbstractConscryptSocket;->setHostname(Ljava/lang/String;)V (runtime_flags=0, domain=core-platform, api=max-target-q) from Lokhttp3/internal/platform/OptionalMethod; (domain=app) using reflection: denied
2026-02-12 18:44:01.864 17747-17908 rpolitics.debug         com.murari.careerpolitics.debug      E  hiddenapi: Accessing hidden method Lcom/android/org/conscrypt/OpenSSLSocketImpl;->setAlpnProtocols([B)V (runtime_flags=CorePlatformApi, domain=core-platform, api=max-target-q,core-platform-api) from Lokhttp3/internal/platform/OptionalMethod; (domain=app) using reflection: denied
2026-02-12 18:44:01.864 17747-17908 rpolitics.debug         com.murari.careerpolitics.debug      E  hiddenapi: Accessing hidden method Lcom/android/org/conscrypt/AbstractConscryptSocket;->setAlpnProtocols([B)V (runtime_flags=0, domain=core-platform, api=max-target-q) from Lokhttp3/internal/platform/OptionalMethod; (domain=app) using reflection: denied
2026-02-12 18:44:01.864 17747-17908 rpolitics.debug         com.murari.careerpolitics.debug      W  hiddenapi: Reached maximum number of hidden api access messages.
2026-02-12 18:56:20.159 17747-17759 HWUI                    com.murari.careerpolitics.debug      I  Davey! duration=873ms; Flags=0, FrameTimelineVsyncId=220271, IntendedVsync=18242201949604, Vsync=18242285282934, InputEventId=0, HandleInputStart=18242290043647, AnimationStart=18242290103047, PerformTraversalsStart=18243031089447, DrawStart=18243031301947, FrameDeadline=18242218616270, FrameStartTime=18242290004047, FrameInterval=16666666, WorkloadTarget=16666666, SyncQueued=18243032003547, SyncStart=18243034977447, IssueDrawCommandsStart=18243035184447, SwapBuffers=18243060190547, FrameCompleted=18243078076347, DequeueBufferDuration=524400, QueueBufferDuration=584600, GpuCompleted=18243078076347, SwapBuffersCompleted=18243064076247, DisplayPresentTime=0, CommandSubmissionCompleted=18243060190547,
2026-02-12 18:56:41.472 17747-17747 Choreographer           com.murari.careerpolitics.debug      I  Skipped 30 frames!  The application may be doing too much work on its main thread.
2026-02-12 18:56:45.310 17747-17758 HWUI                    com.murari.careerpolitics.debug      I  Davey! duration=796ms; Flags=0, FrameTimelineVsyncId=222096, IntendedVsync=18267401948596, Vsync=18267651948586, InputEventId=0, HandleInputStart=18267664378147, AnimationStart=18267664440047, PerformTraversalsStart=18267668769747, DrawStart=18267668994147, FrameDeadline=18267418615262, FrameStartTime=18267658315347, FrameInterval=16666666, WorkloadTarget=16666666, SyncQueued=18267669764647, SyncStart=18267672084547, IssueDrawCommandsStart=18267672264447, SwapBuffers=18267985013147, FrameCompleted=18268201005347, DequeueBufferDuration=62000, QueueBufferDuration=83623900, GpuCompleted=18268201005347, SwapBuffersCompleted=18268069832447, DisplayPresentTime=0, CommandSubmissionCompleted=18267985013147,
2026-02-12 19:28:21.678 17747-17874 HWUI                    com.murari.careerpolitics.debug      I  Davey! duration=712ms; Flags=0, FrameTimelineVsyncId=351151, IntendedVsync=20163885206070, Vsync=20163885206070, InputEventId=0, HandleInputStart=20163887600147, AnimationStart=20163887655247, PerformTraversalsStart=20163891598247, DrawStart=20163891967047, FrameDeadline=20163901872736, FrameStartTime=20163887568647, FrameInterval=16666666, WorkloadTarget=16666666, SyncQueued=20163895949347, SyncStart=20163897337847, IssueDrawCommandsStart=20163897426947, SwapBuffers=20163905117347, FrameCompleted=20164599228647, DequeueBufferDuration=43800, QueueBufferDuration=745800, GpuCompleted=20164599228647, SwapBuffersCompleted=20164171054147, DisplayPresentTime=0, CommandSubmissionCompleted=20163905117347,
2026-02-12 19:46:47.691 17747-17753 rpolitics.debug         com.murari.careerpolitics.debug      I  Background concurrent mark compact GC freed 5471KB AllocSpace bytes, 30(600KB) LOS objects, 49% free, 14MB/29MB, paused 2.362ms,8.235ms total 916.177ms
2026-02-12 19:46:47.691 17747-17753 rpolitics.debug         com.murari.careerpolitics.debug      W  Reducing the number of considered missed Gc histogram windows from 399 to 100
2026-02-12 21:34:48.706 17747-17753 rpolitics.debug         com.murari.careerpolitics.debug      I  Background concurrent mark compact GC freed 8098KB AllocSpace bytes, 260(5200KB) LOS objects, 49% free, 16MB/33MB, paused 1.813ms,3.351ms total 148.350ms
2026-02-12 21:34:48.706 17747-17753 rpolitics.debug         com.murari.careerpolitics.debug      W  Reducing the number of considered missed Gc histogram windows from 648 to 100
2026-02-13 06:44:13.134 17747-17757 HWUI                    com.murari.careerpolitics.debug      I  Davey! duration=763ms; Flags=0, FrameTimelineVsyncId=965456, IntendedVsync=28730401530076, Vsync=28730401530076, InputEventId=0, HandleInputStart=28730406628547, AnimationStart=28730406683747, PerformTraversalsStart=28730414876547, DrawStart=28730415082647, FrameDeadline=28730418196742, FrameStartTime=28730406595347, FrameInterval=16666666, WorkloadTarget=16666666, SyncQueued=28730415588747, SyncStart=28730415930247, IssueDrawCommandsStart=28730415995147, SwapBuffers=28730430350747, FrameCompleted=28731165413047, DequeueBufferDuration=0, QueueBufferDuration=0, GpuCompleted=28731165413047, SwapBuffersCompleted=28731165413047, DisplayPresentTime=0, CommandSubmissionCompleted=28730430350747,
2026-02-13 06:44:30.317 17747-17747 Choreographer           com.murari.careerpolitics.debug      I  Skipped 34 frames!  The application may be doing too much work on its main thread.
2026-02-13 06:44:31.294 17747-17747 Choreographer           com.murari.careerpolitics.debug      I  Skipped 31 frames!  The application may be doing too much work on its main thread.
2026-02-13 06:44:31.428 17747-17757 HWUI                    com.murari.careerpolitics.debug      I  Davey! duration=1576ms; Flags=0, FrameTimelineVsyncId=966805, IntendedVsync=28747901529376, Vsync=28748468196020, InputEventId=0, HandleInputStart=28748483865147, AnimationStart=28748483934747, PerformTraversalsStart=28748511391047, DrawStart=28748511620147, FrameDeadline=28747918196042, FrameStartTime=28748482697947, FrameInterval=16666666, WorkloadTarget=16666666, SyncQueued=28748512006347, SyncStart=28748512136747, IssueDrawCommandsStart=28748512204947, SwapBuffers=28749447205047, FrameCompleted=28749477784847, DequeueBufferDuration=66300, QueueBufferDuration=1389400, GpuCompleted=28749477784847, SwapBuffersCompleted=28749453535547, DisplayPresentTime=0, CommandSubmissionCompleted=28749447205047,
2026-02-13 08:09:22.924 21854-21854 rpolitics.debug         com.murari.careerpolitics.debug      I  Late-enabling -Xcheck:jni
2026-02-13 08:09:25.844 21854-21854 rpolitics.debug         com.murari.careerpolitics.debug      I  Using CollectorTypeCMC GC.
2026-02-13 08:09:25.845 21854-21854 rpolitics.debug         com.murari.careerpolitics.debug      W  Unexpected CPU variant for x86: x86_64.
                                                                                                    Known variants: atom, sandybridge, silvermont, goldmont, goldmont-plus, goldmont-without-sha-xsaves, tremont, kabylake, alderlake, default
2026-02-13 08:09:26.145 21854-21854 nativeloader            com.murari.careerpolitics.debug      D  Load libframework-connectivity-tiramisu-jni.so using APEX ns com_android_tethering for caller /apex/com.android.tethering/javalib/framework-connectivity-t.jar: ok
2026-02-13 08:09:26.867 21854-21854 ApplicationLoaders      com.murari.careerpolitics.debug      D  Returning zygote-cached class loader: /system_ext/framework/androidx.window.extensions.jar
2026-02-13 08:09:26.868 21854-21854 ApplicationLoaders      com.murari.careerpolitics.debug      D  Returning zygote-cached class loader: /system_ext/framework/androidx.window.sidecar.jar
2026-02-13 08:09:28.475 21854-21854 nativeloader            com.murari.careerpolitics.debug      D  Configuring clns-9 for other apk /data/app/~~ATIry1x5oryHnP0l-cKATQ==/com.murari.careerpolitics.debug-Ox43DTYvhBpdZ7LbPIV8pw==/base.apk. target_sdk_version=36, uses_libraries=, library_path=/data/app/~~ATIry1x5oryHnP0l-cKATQ==/com.murari.careerpolitics.debug-Ox43DTYvhBpdZ7LbPIV8pw==/lib/x86_64:/data/app/~~ATIry1x5oryHnP0l-cKATQ==/com.murari.careerpolitics.debug-Ox43DTYvhBpdZ7LbPIV8pw==/base.apk!/lib/x86_64, permitted_path=/data:/mnt/expand:/data/user/0/com.murari.careerpolitics.debug
2026-02-13 08:09:28.500 21854-21854 rpolitics.debug         com.murari.careerpolitics.debug      I  AssetManager2(0x795ef882c2b8) locale list changing from [] to [en-US]
2026-02-13 08:09:28.525 21854-21854 GraphicsEnvironment     com.murari.careerpolitics.debug      V  Currently set values for:
2026-02-13 08:09:28.525 21854-21854 GraphicsEnvironment     com.murari.careerpolitics.debug      V    angle_gl_driver_selection_pkgs=[]
2026-02-13 08:09:28.525 21854-21854 GraphicsEnvironment     com.murari.careerpolitics.debug      V    angle_gl_driver_selection_values=[]
2026-02-13 08:09:28.525 21854-21854 GraphicsEnvironment     com.murari.careerpolitics.debug      V  com.murari.careerpolitics.debug is not listed in per-application setting
2026-02-13 08:09:28.526 21854-21854 GraphicsEnvironment     com.murari.careerpolitics.debug      V  ANGLE allowlist from config: com.dreamgames.royalmatch com.dts.freefiremax com.dxx.firenow com.gramgames.mergedragons com.ludo.king com.mojang.minecraftpe com.my.defense com.nintendo.zaka com.os.airforce com.playrix.fishdomdd.gplay io.teslatech.callbreak jp.konami.prospia net.peakgames.toonblast
2026-02-13 08:09:28.526 21854-21854 GraphicsEnvironment     com.murari.careerpolitics.debug      V  com.murari.careerpolitics.debug is not listed in ANGLE allowlist or settings, returning default
2026-02-13 08:09:28.529 21854-21854 GraphicsEnvironment     com.murari.careerpolitics.debug      V  Neither updatable production driver nor prerelease driver is supported.
2026-02-13 08:09:28.552 21854-21854 ActivityThread          com.murari.careerpolitics.debug      W  Application com.murari.careerpolitics.debug is suspending. Debugger needs to resume to continue.
2026-02-13 08:09:28.558 21854-21854 System.out              com.murari.careerpolitics.debug      I  Sending WAIT chunk
2026-02-13 08:09:28.559 21854-21854 System.out              com.murari.careerpolitics.debug      I  Waiting for debugger first packet
2026-02-13 08:09:28.898 21854-21886 nativeloader            com.murari.careerpolitics.debug      D  Load libjdwp.so using system ns (caller=<unknown>): ok
2026-02-13 08:09:29.462 21854-21854 System.out              com.murari.careerpolitics.debug      I  Debug.suspendAllAndSentVmStart
2026-02-13 08:09:31.703 21854-21854 System.out              com.murari.careerpolitics.debug      I  Debug.suspendAllAndSendVmStart, resumed
2026-02-13 08:09:31.762 21854-21854 MultiDex                com.murari.careerpolitics.debug      I  VM with version 2.1.0 has multidex support
2026-02-13 08:09:31.764 21854-21854 MultiDex                com.murari.careerpolitics.debug      I  Installing application
2026-02-13 08:09:31.764 21854-21854 MultiDex                com.murari.careerpolitics.debug      I  VM has multidex support, MultiDex support library is disabled.
2026-02-13 08:09:32.745 21854-21854 FirebaseSessions        com.murari.careerpolitics.debug      D  Dependency to CRASHLYTICS added.
2026-02-13 08:09:32.829 21854-21854 FirebaseApp             com.murari.careerpolitics.debug      I  Device unlocked: initializing all Firebase APIs for app [DEFAULT]
2026-02-13 08:09:33.425 21854-21854 FirebaseCrashlytics     com.murari.careerpolitics.debug      I  Initializing Firebase Crashlytics 20.0.4 for com.murari.careerpolitics.debug
2026-02-13 08:09:33.856 21854-21854 FirebaseSessions        com.murari.careerpolitics.debug      D  Subscriber CRASHLYTICS registered.
2026-02-13 08:09:34.204 21854-21907 rpolitics.debug         com.murari.careerpolitics.debug      W  ClassLoaderContext classpath size mismatch. expected=1, found=0 (DLC[];PCL[base.apk*630649996]{PCL[/system/framework/org.apache.http.legacy.jar*4247870504]#PCL[/system/framework/com.android.media.remotedisplay.jar*487574312]#PCL[/system/framework/com.android.location.provider.jar*1570284764]#PCL[/system_ext/framework/androidx.window.extensions.jar*1030441313]#PCL[/system_ext/framework/androidx.window.sidecar.jar*3860983653]} | DLC[];PCL[])
2026-02-13 08:09:34.253 21854-21907 DynamiteModule          com.murari.careerpolitics.debug      I  Considering local module com.google.android.gms.measurement.dynamite:155 and remote module com.google.android.gms.measurement.dynamite:170
2026-02-13 08:09:34.256 21854-21907 DynamiteModule          com.murari.careerpolitics.debug      I  Selected remote version of com.google.android.gms.measurement.dynamite, version >= 170
2026-02-13 08:09:34.263 21854-21907 DynamiteModule          com.murari.careerpolitics.debug      V  Dynamite loader version >= 2, using loadModule2NoCrashUtils
2026-02-13 08:09:34.433 21854-21907 System                  com.murari.careerpolitics.debug      W  ClassLoader referenced unknown path:
2026-02-13 08:09:34.434 21854-21907 nativeloader            com.murari.careerpolitics.debug      D  Configuring clns-10 for other apk . target_sdk_version=36, uses_libraries=, library_path=/data/app/~~AQIoxwX_bQS00w1beXC_GA==/com.google.android.gms-wCGpIy5s3YYDXYNXs-N6yg==/lib/x86_64:/data/app/~~AQIoxwX_bQS00w1beXC_GA==/com.google.android.gms-wCGpIy5s3YYDXYNXs-N6yg==/base.apk!/lib/x86_64, permitted_path=/data:/mnt/expand:/data/user/0/com.google.android.gms
2026-02-13 08:09:34.906 21854-21911 ashmem                  com.murari.careerpolitics.debug      E  Pinning is deprecated since Android Q. Please use trim or other methods.
2026-02-13 08:09:35.526 21854-21916 FirebaseCrashlytics     com.murari.careerpolitics.debug      I  Saved version control info
2026-02-13 08:09:35.648 21854-21854 nativeloader            com.murari.careerpolitics.debug      D  Load /data/app/~~ATIry1x5oryHnP0l-cKATQ==/com.murari.careerpolitics.debug-Ox43DTYvhBpdZ7LbPIV8pw==/base.apk!/lib/x86_64/libdatastore_shared_counter.so using class loader ns clns-9 (caller=/data/app/~~ATIry1x5oryHnP0l-cKATQ==/com.murari.careerpolitics.debug-Ox43DTYvhBpdZ7LbPIV8pw==/base.apk!classes15.dex): ok
2026-02-13 08:09:35.668 21854-21907 rpolitics.debug         com.murari.careerpolitics.debug      I  AssetManager2(0x795ef8825b98) locale list changing from [] to [en-US]
2026-02-13 08:09:35.871 21854-21907 rpolitics.debug         com.murari.careerpolitics.debug      W  ClassLoaderContext classpath element checksum mismatch. expected=630649996, found=1813088684 (DLC[];PCL[base.apk*630649996]{PCL[/system/framework/org.apache.http.legacy.jar*4247870504]#PCL[/system/framework/com.android.media.remotedisplay.jar*487574312]#PCL[/system/framework/com.android.location.provider.jar*1570284764]#PCL[/system_ext/framework/androidx.window.extensions.jar*1030441313]#PCL[/system_ext/framework/androidx.window.sidecar.jar*3860983653]} | DLC[];PCL[/data/app/~~ATIry1x5oryHnP0l-cKATQ==/com.murari.careerpolitics.debug-Ox43DTYvhBpdZ7LbPIV8pw==/base.apk*1813088684]{PCL[/system_ext/framework/androidx.window.extensions.jar*1030441313]#PCL[/system_ext/framework/androidx.window.sidecar.jar*3860983653]})
2026-02-13 08:09:36.395 21854-21907 rpolitics.debug         com.murari.careerpolitics.debug      I  AssetManager2(0x795ef8824298) locale list changing from [] to [en-US]
2026-02-13 08:09:36.408 21854-21854 FirebaseSessions        com.murari.careerpolitics.debug      D  Initializing Firebase Sessions 3.0.4.
2026-02-13 08:09:36.414 21854-21907 rpolitics.debug         com.murari.careerpolitics.debug      I  AssetManager2(0x795ef882c8f8) locale list changing from [] to [en-US]
2026-02-13 08:09:36.423 21854-21854 FirebaseInitProvider    com.murari.careerpolitics.debug      I  FirebaseApp initialization successful
2026-02-13 08:09:36.594 21854-21912 rpolitics.debug         com.murari.careerpolitics.debug      W  Verification of void kotlinx.coroutines.EventLoopImplBase.enqueueDelayedTasks() took 126.717ms (733.92 bytecodes/s) (0B arena alloc)
2026-02-13 08:09:36.647 21854-21916 rpolitics.debug         com.murari.careerpolitics.debug      W  Verification of void com.google.firebase.datastorage.JavaDataStorage.<init>(android.content.Context, java.lang.String) took 168.058ms (374.87 bytecodes/s) (0B arena alloc)
2026-02-13 08:09:36.858 21854-21912 rpolitics.debug         com.murari.careerpolitics.debug      W  Verification of java.lang.Object kotlinx.coroutines.flow.FlowKt__ReduceKt.first(kotlinx.coroutines.flow.Flow, kotlin.jvm.functions.Function2, kotlin.coroutines.Continuation) took 183.538ms (773.68 bytecodes/s) (0B arena alloc)
2026-02-13 08:09:36.874 21854-21916 rpolitics.debug         com.murari.careerpolitics.debug      W  Verification of java.lang.Object kotlin.reflect.jvm.internal.KCallableImpl.callAnnotationConstructor(java.util.Map) took 113.814ms (1809.96 bytecodes/s) (0B arena alloc)
2026-02-13 08:09:37.261 21854-21888 rpolitics.debug         com.murari.careerpolitics.debug      I  Background concurrent mark compact GC freed 4514KB AllocSpace bytes, 13(368KB) LOS objects, 49% free, 3252KB/6504KB, paused 9.425ms,10.668ms total 379.428ms
2026-02-13 08:09:37.706 21854-21916 rpolitics.debug         com.murari.careerpolitics.debug      W  Verification of void androidx.datastore.preferences.core.PreferencesFileSerializer.addProtoEntryToPreferences(java.lang.String, androidx.datastore.preferences.PreferencesProto$Value, androidx.datastore.preferences.core.MutablePreferences) took 140.936ms (1546.79 bytecodes/s) (0B arena alloc)
2026-02-13 08:09:37.838 21854-21854 rpolitics.debug         com.murari.careerpolitics.debug      I  hiddenapi: Accessing hidden method Ldalvik/system/CloseGuard;->get()Ldalvik/system/CloseGuard; (runtime_flags=CorePlatformApi, domain=core-platform, api=unsupported,core-platform-api) from Lokhttp3/internal/platform/AndroidPlatform$CloseGuard; (domain=app) using reflection: allowed
2026-02-13 08:09:37.838 21854-21854 rpolitics.debug         com.murari.careerpolitics.debug      I  hiddenapi: Accessing hidden method Ldalvik/system/CloseGuard;->open(Ljava/lang/String;)V (runtime_flags=CorePlatformApi, domain=core-platform, api=unsupported,core-platform-api) from Lokhttp3/internal/platform/AndroidPlatform$CloseGuard; (domain=app) using reflection: allowed
2026-02-13 08:09:37.839 21854-21854 rpolitics.debug         com.murari.careerpolitics.debug      I  hiddenapi: Accessing hidden method Ldalvik/system/CloseGuard;->warnIfOpen()V (runtime_flags=CorePlatformApi, domain=core-platform, api=unsupported,core-platform-api) from Lokhttp3/internal/platform/AndroidPlatform$CloseGuard; (domain=app) using reflection: allowed
2026-02-13 08:09:38.252 21854-21917 rpolitics.debug         com.murari.careerpolitics.debug      W  Verification of void com.google.firebase.sessions.SessionDetails.<clinit>() took 126.179ms (71.33 bytecodes/s) (0B arena alloc)
2026-02-13 08:09:38.275 21854-21913 FirebaseSessions        com.murari.careerpolitics.debug      D  Notified CRASHLYTICS of new session 2ae44c5f7edb448eb30eb25d96d0a042
2026-02-13 08:09:38.312 21854-21914 rpolitics.debug         com.murari.careerpolitics.debug      W  Verification of java.lang.Object kotlinx.coroutines.flow.FlowKt__LimitKt.collectWhile(kotlinx.coroutines.flow.Flow, kotlin.jvm.functions.Function2, kotlin.coroutines.Continuation) took 129.018ms (837.09 bytecodes/s) (0B arena alloc)
2026-02-13 08:09:38.504 21854-21917 rpolitics.debug         com.murari.careerpolitics.debug      W  Verification of java.lang.Object kotlinx.coroutines.channels.ProduceKt.awaitClose(kotlinx.coroutines.channels.ProducerScope, kotlin.jvm.functions.Function0, kotlin.coroutines.Continuation) took 111.296ms (1581.36 bytecodes/s) (0B arena alloc)
2026-02-13 08:09:38.512 21854-21927 rpolitics.debug         com.murari.careerpolitics.debug      I  hiddenapi: Accessing hidden method Ldalvik/system/VMStack;->getStackClass2()Ljava/lang/Class; (runtime_flags=0, domain=core-platform, api=unsupported) from Lm7/aox; (domain=app) using reflection: allowed
2026-02-13 08:09:38.655 21854-21917 rpolitics.debug         com.murari.careerpolitics.debug      W  Verification of kotlinx.coroutines.channels.ReceiveChannel kotlinx.coroutines.channels.ProduceKt.produce(kotlinx.coroutines.CoroutineScope, kotlin.coroutines.CoroutineContext, int, kotlinx.coroutines.channels.BufferOverflow, kotlinx.coroutines.CoroutineStart, kotlin.jvm.functions.Function1, kotlin.jvm.functions.Function2) took 148.553ms (181.75 bytecodes/s) (0B arena alloc)
2026-02-13 08:09:38.790 21854-21927 PhClient                com.murari.careerpolitics.debug      I  Unable to retrieve flag snapshot for com.google.android.gms.measurement#com.murari.careerpolitics.debug, using defaults.
2026-02-13 08:09:39.003 21854-21921 rpolitics.debug         com.murari.careerpolitics.debug      E  No package ID 6a found for resource ID 0x6a0b0013.
2026-02-13 08:09:39.024 21854-21921 FA                      com.murari.careerpolitics.debug      I  App measurement initialized, version: 146007
2026-02-13 08:09:39.024 21854-21921 FA                      com.murari.careerpolitics.debug      I  To enable debug logging run: adb shell setprop log.tag.FA VERBOSE
2026-02-13 08:09:39.025 21854-21921 FA                      com.murari.careerpolitics.debug      I  To enable faster debug mode event logging run:
                                                                                                      adb shell setprop debug.firebase.analytics.app com.murari.careerpolitics.debug
2026-02-13 08:09:39.839 21854-21921 FA                      com.murari.careerpolitics.debug      I  Tag Manager is not found and thus will not be used
2026-02-13 08:09:40.470 21854-21888 rpolitics.debug         com.murari.careerpolitics.debug      I  Background concurrent mark compact GC freed 1588KB AllocSpace bytes, 18(488KB) LOS objects, 49% free, 4104KB/8208KB, paused 5.611ms,15.303ms total 305.779ms
2026-02-13 08:09:41.882 21854-21888 rpolitics.debug         com.murari.careerpolitics.debug      I  Background concurrent mark compact GC freed 2612KB AllocSpace bytes, 2(52KB) LOS objects, 49% free, 5453KB/10MB, paused 7.143ms,10.347ms total 135.648ms
2026-02-13 08:09:43.754 21854-21884 rpolitics.debug         com.murari.careerpolitics.debug      I  Thread[2,tid=21884,WaitingInMainSignalCatcherLoop,Thread*=0x795d68822f50,peer=0x2000630,"Signal Catcher"]: reacting to signal 3
2026-02-13 08:09:43.755 21854-21884 rpolitics.debug         com.murari.careerpolitics.debug      I
2026-02-13 08:09:44.306 21854-21888 rpolitics.debug         com.murari.careerpolitics.debug      I  Background concurrent mark compact GC freed 3928KB AllocSpace bytes, 1(32KB) LOS objects, 49% free, 7139KB/13MB, paused 4.017ms,11.802ms total 245.472ms
2026-02-13 08:09:44.405 21854-21854 Drawable                com.murari.careerpolitics.debug      E  Unable to decode stream: android.graphics.ImageDecoder$DecodeException: Failed to create image decoder with message 'unimplemented'Input contained an error.
2026-02-13 08:09:44.737 21854-21854 WM-WrkMgrInitializer    com.murari.careerpolitics.debug      D  Initializing WorkManager with default configuration.
2026-02-13 08:09:44.934 21854-21884 rpolitics.debug         com.murari.careerpolitics.debug      I  Wrote stack traces to tombstoned
2026-02-13 08:09:45.246 21854-21854 rpolitics.debug         com.murari.careerpolitics.debug      I  AssetManager2(0x795ef8827df8) locale list changing from [] to [en-US]
2026-02-13 08:09:45.334 21854-21938 DisplayManager          com.murari.careerpolitics.debug      I  Choreographer implicitly registered for the refresh rate.
2026-02-13 08:09:45.810 21854-21938 EGL_emulation           com.murari.careerpolitics.debug      I  Opening libGLESv1_CM_emulation.so
2026-02-13 08:09:45.811 21854-21938 EGL_emulation           com.murari.careerpolitics.debug      I  Opening libGLESv2_emulation.so
2026-02-13 08:09:45.984 21854-21938 HWUI                    com.murari.careerpolitics.debug      W  Failed to choose config with EGL_SWAP_BEHAVIOR_PRESERVED, retrying without...
2026-02-13 08:09:45.987 21854-21938 HWUI                    com.murari.careerpolitics.debug      W  Failed to initialize 101010-2 format, error = EGL_SUCCESS
2026-02-13 08:09:46.670 21854-21854 rpolitics.debug         com.murari.careerpolitics.debug      W  Verification of void com.murari.careerpolitics.activities.MainActivity.onCreate(android.os.Bundle) took 152.635ms (897.57 bytecodes/s) (0B arena alloc)
2026-02-13 08:09:47.126 21854-21854 AppCompatDelegate       com.murari.careerpolitics.debug      D  Checking for metadata for AppLocalesMetadataHolderService : Service not found
2026-02-13 08:09:47.127 21854-21854 rpolitics.debug         com.murari.careerpolitics.debug      I  AssetManager2(0x795ef8837e38) locale list changing from [] to [en-US]
2026-02-13 08:09:47.316 21854-21854 CompatChangeReporter    com.murari.careerpolitics.debug      D  Compat change id reported: 377864165; UID 10218; state: ENABLED
2026-02-13 08:09:47.318 21854-21854 DesktopModeFlags        com.murari.careerpolitics.debug      D  Toggle override initialized to: OVERRIDE_UNSET
2026-02-13 08:09:47.445 21854-21854 rpolitics.debug         com.murari.careerpolitics.debug      I  hiddenapi: Accessing hidden method Landroid/view/ViewGroup;->makeOptionalFitsSystemWindows()V (runtime_flags=0, domain=platform, api=unsupported) from Landroidx/appcompat/widget/ViewUtils; (domain=app) using reflection: allowed
2026-02-13 08:09:47.912 21854-21854 rpolitics.debug         com.murari.careerpolitics.debug      I  AssetManager2(0x795ef8831718) locale list changing from [] to [en-US]
2026-02-13 08:09:47.913 21854-21854 WebViewFactory          com.murari.careerpolitics.debug      I  Loading com.google.android.webview version 144.0.7559.132 (code 755913208)
2026-02-13 08:09:47.920 21854-21854 rpolitics.debug         com.murari.careerpolitics.debug      I  AssetManager2(0x795ef8829d38) locale list changing from [] to [en-US]
2026-02-13 08:09:47.921 21854-21854 rpolitics.debug         com.murari.careerpolitics.debug      I  AssetManager2(0x795ef8831d58) locale list changing from [] to [en-US]
2026-02-13 08:09:47.925 21854-21854 rpolitics.debug         com.murari.careerpolitics.debug      I  AssetManager2(0x795ef8836b78) locale list changing from [] to [en-US]
2026-02-13 08:09:47.928 21854-21854 rpolitics.debug         com.murari.careerpolitics.debug      I  AssetManager2(0x795ef8838478) locale list changing from [] to [en-US]
2026-02-13 08:09:47.934 21854-21854 rpolitics.debug         com.murari.careerpolitics.debug      I  AssetManager2(0x795ef8835bd8) locale list changing from [] to [en-US]
2026-02-13 08:09:47.935 21854-21854 rpolitics.debug         com.murari.careerpolitics.debug      I  AssetManager2(0x795ef8833338) locale list changing from [] to [en-US]
2026-02-13 08:09:47.936 21854-21854 ResourcesManager        com.murari.careerpolitics.debug      V  The following library key has been added: ResourcesKey{ mHash=816d2ce0 mResDir=null mSplitDirs=[] mOverlayDirs=[] mLibDirs=[/data/app/~~Zoz9scfpKRPwcfNxpCnAGw==/com.google.android.webview-WR1Tj74jeepPylNgXkwJIw==/base.apk,/system/framework/android.test.base.jar] mDisplayId=0 mOverrideConfig=v36 mCompatInfo={440dpi always-compat} mLoaders=[]}
2026-02-13 08:09:47.938 21854-21854 ApplicationLoaders      com.murari.careerpolitics.debug      D  Returning zygote-cached class loader: /system/framework/android.test.base.jar
2026-02-13 08:09:47.938 21854-21854 ApplicationLoaders      com.murari.careerpolitics.debug      D  Returning zygote-cached class loader: /system_ext/framework/androidx.window.extensions.jar
2026-02-13 08:09:47.950 21854-21854 rpolitics.debug         com.murari.careerpolitics.debug      W  Loading /data/app/~~Zoz9scfpKRPwcfNxpCnAGw==/com.google.android.webview-WR1Tj74jeepPylNgXkwJIw==/oat/x86_64/base.odex non-executable as it requires an image which we failed to load
2026-02-13 08:09:47.957 21854-21854 nativeloader            com.murari.careerpolitics.debug      D  Configuring clns-11 for other apk /data/app/~~Zoz9scfpKRPwcfNxpCnAGw==/com.google.android.webview-WR1Tj74jeepPylNgXkwJIw==/base.apk. target_sdk_version=36, uses_libraries=, library_path=/data/app/~~Zoz9scfpKRPwcfNxpCnAGw==/com.google.android.webview-WR1Tj74jeepPylNgXkwJIw==/lib/x86_64:/data/app/~~Zoz9scfpKRPwcfNxpCnAGw==/com.google.android.webview-WR1Tj74jeepPylNgXkwJIw==/base.apk!/lib/x86_64, permitted_path=/data:/mnt/expand
2026-02-13 08:09:48.425 21854-21933 rpolitics.debug         com.murari.careerpolitics.debug      E  hiddenapi: Accessing hidden method Lcom/android/org/conscrypt/ConscryptEngineSocket;->setUseSessionTickets(Z)V (runtime_flags=CorePlatformApi, domain=core-platform, api=max-target-q,core-platform-api) from Lokhttp3/internal/platform/OptionalMethod; (domain=app) using reflection: denied
2026-02-13 08:09:48.426 21854-21933 rpolitics.debug         com.murari.careerpolitics.debug      E  hiddenapi: Accessing hidden method Lcom/android/org/conscrypt/OpenSSLSocketImpl;->setUseSessionTickets(Z)V (runtime_flags=CorePlatformApi, domain=core-platform, api=max-target-q,core-platform-api) from Lokhttp3/internal/platform/OptionalMethod; (domain=app) using reflection: denied
2026-02-13 08:09:48.426 21854-21933 rpolitics.debug         com.murari.careerpolitics.debug      E  hiddenapi: Accessing hidden method Lcom/android/org/conscrypt/AbstractConscryptSocket;->setUseSessionTickets(Z)V (runtime_flags=0, domain=core-platform, api=max-target-q) from Lokhttp3/internal/platform/OptionalMethod; (domain=app) using reflection: denied
2026-02-13 08:09:48.426 21854-21933 rpolitics.debug         com.murari.careerpolitics.debug      E  hiddenapi: Accessing hidden method Lcom/android/org/conscrypt/ConscryptEngineSocket;->setHostname(Ljava/lang/String;)V (runtime_flags=CorePlatformApi, domain=core-platform, api=max-target-q,core-platform-api) from Lokhttp3/internal/platform/OptionalMethod; (domain=app) using reflection: denied
2026-02-13 08:09:48.426 21854-21933 rpolitics.debug         com.murari.careerpolitics.debug      E  hiddenapi: Accessing hidden method Lcom/android/org/conscrypt/OpenSSLSocketImpl;->setHostname(Ljava/lang/String;)V (runtime_flags=CorePlatformApi, domain=core-platform, api=max-target-q,core-platform-api) from Lokhttp3/internal/platform/OptionalMethod; (domain=app) using reflection: denied
2026-02-13 08:09:48.426 21854-21933 rpolitics.debug         com.murari.careerpolitics.debug      E  hiddenapi: Accessing hidden method Lcom/android/org/conscrypt/AbstractConscryptSocket;->setHostname(Ljava/lang/String;)V (runtime_flags=0, domain=core-platform, api=max-target-q) from Lokhttp3/internal/platform/OptionalMethod; (domain=app) using reflection: denied
2026-02-13 08:09:48.426 21854-21933 rpolitics.debug         com.murari.careerpolitics.debug      E  hiddenapi: Accessing hidden method Lcom/android/org/conscrypt/OpenSSLSocketImpl;->setAlpnProtocols([B)V (runtime_flags=CorePlatformApi, domain=core-platform, api=max-target-q,core-platform-api) from Lokhttp3/internal/platform/OptionalMethod; (domain=app) using reflection: denied
2026-02-13 08:09:48.426 21854-21933 rpolitics.debug         com.murari.careerpolitics.debug      E  hiddenapi: Accessing hidden method Lcom/android/org/conscrypt/AbstractConscryptSocket;->setAlpnProtocols([B)V (runtime_flags=0, domain=core-platform, api=max-target-q) from Lokhttp3/internal/platform/OptionalMethod; (domain=app) using reflection: denied
2026-02-13 08:09:48.923 21854-21854 cr_WVCFactoryProvider   com.murari.careerpolitics.debug      I  version=144.0.7559.132 (755913208) minSdkVersion=29 multiprocess=true packageId=2 splits=<none>
2026-02-13 08:09:48.984 21854-21854 nativeloader            com.murari.careerpolitics.debug      D  Load /data/app/~~Zoz9scfpKRPwcfNxpCnAGw==/com.google.android.webview-WR1Tj74jeepPylNgXkwJIw==/base.apk!/lib/x86_64/libwebviewchromium.so using class loader ns clns-11 (caller=/data/app/~~Zoz9scfpKRPwcfNxpCnAGw==/com.google.android.webview-WR1Tj74jeepPylNgXkwJIw==/base.apk): ok
2026-02-13 08:09:49.042 21854-21854 nativeloader            com.murari.careerpolitics.debug      D  Load /system/lib64/libwebviewchromium_plat_support.so using class loader ns clns-11 (caller=/data/app/~~Zoz9scfpKRPwcfNxpCnAGw==/com.google.android.webview-WR1Tj74jeepPylNgXkwJIw==/base.apk): ok
2026-02-13 08:09:49.152 21854-21946 chromium                com.murari.careerpolitics.debug      E  [0213/080949.133373:ERROR:android_webview/browser/variations/variations_seed_loader.cc:39] Seed missing signature.
2026-02-13 08:09:49.162 21854-21946 chromium                com.murari.careerpolitics.debug      I  [0213/080949.153246:INFO:android_webview/browser/variations/variations_seed_loader.cc:67] Failed to open file for reading.: No such file or directory (2)
2026-02-13 08:09:49.441 21854-21854 cr_LibraryLoader        com.murari.careerpolitics.debug      I  Successfully loaded native library
2026-02-13 08:09:49.449 21854-21854 cr_CachingUmaRecorder   com.murari.careerpolitics.debug      I  Flushed 20 samples from 20 histograms, 0 samples were dropped.
2026-02-13 08:09:49.516 21854-21854 cr_CombinedPProvider    com.murari.careerpolitics.debug      I  #registerProvider() provider:WV.rk@e5e2488 isPolicyCacheEnabled:false policyProvidersSize:0
2026-02-13 08:09:49.520 21854-21854 cr_PolicyProvider       com.murari.careerpolitics.debug      I  #setManagerAndSource() 0
2026-02-13 08:09:49.558 21854-21854 cr_DisplayManager       com.murari.careerpolitics.debug      I  Is Display Topology available: false
2026-02-13 08:09:49.563 21854-21854 rpolitics.debug         com.murari.careerpolitics.debug      I  AssetManager2(0x795ef88313f8) locale list changing from [] to [en-US]
2026-02-13 08:09:49.577 21854-21854 rpolitics.debug         com.murari.careerpolitics.debug      I  AssetManager2(0x795ef882e838) locale list changing from [] to [en-US]
2026-02-13 08:09:49.589 21854-21933 rpolitics.debug         com.murari.careerpolitics.debug      E  hiddenapi: Accessing hidden method Lcom/android/org/conscrypt/ConscryptEngineSocket;->setUseSessionTickets(Z)V (runtime_flags=CorePlatformApi, domain=core-platform, api=max-target-q,core-platform-api) from Lokhttp3/internal/platform/OptionalMethod; (domain=app) using reflection: denied
2026-02-13 08:09:49.589 21854-21933 rpolitics.debug         com.murari.careerpolitics.debug      E  hiddenapi: Accessing hidden method Lcom/android/org/conscrypt/OpenSSLSocketImpl;->setUseSessionTickets(Z)V (runtime_flags=CorePlatformApi, domain=core-platform, api=max-target-q,core-platform-api) from Lokhttp3/internal/platform/OptionalMethod; (domain=app) using reflection: denied
2026-02-13 08:09:49.589 21854-21933 rpolitics.debug         com.murari.careerpolitics.debug      E  hiddenapi: Accessing hidden method Lcom/android/org/conscrypt/AbstractConscryptSocket;->setUseSessionTickets(Z)V (runtime_flags=0, domain=core-platform, api=max-target-q) from Lokhttp3/internal/platform/OptionalMethod; (domain=app) using reflection: denied
2026-02-13 08:09:49.590 21854-21933 rpolitics.debug         com.murari.careerpolitics.debug      E  hiddenapi: Accessing hidden method Lcom/android/org/conscrypt/ConscryptEngineSocket;->setHostname(Ljava/lang/String;)V (runtime_flags=CorePlatformApi, domain=core-platform, api=max-target-q,core-platform-api) from Lokhttp3/internal/platform/OptionalMethod; (domain=app) using reflection: denied
2026-02-13 08:09:49.590 21854-21933 rpolitics.debug         com.murari.careerpolitics.debug      E  hiddenapi: Accessing hidden method Lcom/android/org/conscrypt/OpenSSLSocketImpl;->setHostname(Ljava/lang/String;)V (runtime_flags=CorePlatformApi, domain=core-platform, api=max-target-q,core-platform-api) from Lokhttp3/internal/platform/OptionalMethod; (domain=app) using reflection: denied
2026-02-13 08:09:49.590 21854-21933 rpolitics.debug         com.murari.careerpolitics.debug      E  hiddenapi: Accessing hidden method Lcom/android/org/conscrypt/AbstractConscryptSocket;->setHostname(Ljava/lang/String;)V (runtime_flags=0, domain=core-platform, api=max-target-q) from Lokhttp3/internal/platform/OptionalMethod; (domain=app) using reflection: denied
2026-02-13 08:09:49.590 21854-21933 rpolitics.debug         com.murari.careerpolitics.debug      E  hiddenapi: Accessing hidden method Lcom/android/org/conscrypt/OpenSSLSocketImpl;->setAlpnProtocols([B)V (runtime_flags=CorePlatformApi, domain=core-platform, api=max-target-q,core-platform-api) from Lokhttp3/internal/platform/OptionalMethod; (domain=app) using reflection: denied
2026-02-13 08:09:49.591 21854-21933 rpolitics.debug         com.murari.careerpolitics.debug      E  hiddenapi: Accessing hidden method Lcom/android/org/conscrypt/AbstractConscryptSocket;->setAlpnProtocols([B)V (runtime_flags=0, domain=core-platform, api=max-target-q) from Lokhttp3/internal/platform/OptionalMethod; (domain=app) using reflection: denied
2026-02-13 08:09:50.242 21854-21854 cr_CombinedPProvider    com.murari.careerpolitics.debug      I  #linkNativeInternal() 1
2026-02-13 08:09:50.265 21854-21854 cr_AppResProvider       com.murari.careerpolitics.debug      I  #getApplicationRestrictionsFromUserManager() Bundle[EMPTY_PARCEL]
2026-02-13 08:09:50.266 21854-21854 cr_PolicyProvider       com.murari.careerpolitics.debug      I  #notifySettingsAvailable() 0
2026-02-13 08:09:50.266 21854-21854 cr_CombinedPProvider    com.murari.careerpolitics.debug      I  #onSettingsAvailable() 0
2026-02-13 08:09:50.266 21854-21854 cr_CombinedPProvider    com.murari.careerpolitics.debug      I  #flushPolicies()
2026-02-13 08:09:50.581 21854-21933 rpolitics.debug         com.murari.careerpolitics.debug      E  hiddenapi: Accessing hidden method Lcom/android/org/conscrypt/ConscryptEngineSocket;->setUseSessionTickets(Z)V (runtime_flags=CorePlatformApi, domain=core-platform, api=max-target-q,core-platform-api) from Lokhttp3/internal/platform/OptionalMethod; (domain=app) using reflection: denied
2026-02-13 08:09:50.603 21854-21933 rpolitics.debug         com.murari.careerpolitics.debug      E  hiddenapi: Accessing hidden method Lcom/android/org/conscrypt/OpenSSLSocketImpl;->setUseSessionTickets(Z)V (runtime_flags=CorePlatformApi, domain=core-platform, api=max-target-q,core-platform-api) from Lokhttp3/internal/platform/OptionalMethod; (domain=app) using reflection: denied
2026-02-13 08:09:50.604 21854-21933 rpolitics.debug         com.murari.careerpolitics.debug      E  hiddenapi: Accessing hidden method Lcom/android/org/conscrypt/AbstractConscryptSocket;->setUseSessionTickets(Z)V (runtime_flags=0, domain=core-platform, api=max-target-q) from Lokhttp3/internal/platform/OptionalMethod; (domain=app) using reflection: denied
2026-02-13 08:09:50.605 21854-21933 rpolitics.debug         com.murari.careerpolitics.debug      E  hiddenapi: Accessing hidden method Lcom/android/org/conscrypt/ConscryptEngineSocket;->setHostname(Ljava/lang/String;)V (runtime_flags=CorePlatformApi, domain=core-platform, api=max-target-q,core-platform-api) from Lokhttp3/internal/platform/OptionalMethod; (domain=app) using reflection: denied
2026-02-13 08:09:50.605 21854-21933 rpolitics.debug         com.murari.careerpolitics.debug      E  hiddenapi: Accessing hidden method Lcom/android/org/conscrypt/OpenSSLSocketImpl;->setHostname(Ljava/lang/String;)V (runtime_flags=CorePlatformApi, domain=core-platform, api=max-target-q,core-platform-api) from Lokhttp3/internal/platform/OptionalMethod; (domain=app) using reflection: denied
2026-02-13 08:09:50.605 21854-21933 rpolitics.debug         com.murari.careerpolitics.debug      E  hiddenapi: Accessing hidden method Lcom/android/org/conscrypt/AbstractConscryptSocket;->setHostname(Ljava/lang/String;)V (runtime_flags=0, domain=core-platform, api=max-target-q) from Lokhttp3/internal/platform/OptionalMethod; (domain=app) using reflection: denied
2026-02-13 08:09:50.605 21854-21933 rpolitics.debug         com.murari.careerpolitics.debug      E  hiddenapi: Accessing hidden method Lcom/android/org/conscrypt/OpenSSLSocketImpl;->setAlpnProtocols([B)V (runtime_flags=CorePlatformApi, domain=core-platform, api=max-target-q,core-platform-api) from Lokhttp3/internal/platform/OptionalMethod; (domain=app) using reflection: denied
2026-02-13 08:09:50.606 21854-21933 rpolitics.debug         com.murari.careerpolitics.debug      E  hiddenapi: Accessing hidden method Lcom/android/org/conscrypt/AbstractConscryptSocket;->setAlpnProtocols([B)V (runtime_flags=0, domain=core-platform, api=max-target-q) from Lokhttp3/internal/platform/OptionalMethod; (domain=app) using reflection: denied
2026-02-13 08:09:51.093 21854-21854 chromium                com.murari.careerpolitics.debug      W  [WARNING:android_webview/browser/network_service/net_helpers.cc:137] HTTP Cache size is: 20971520
2026-02-13 08:09:51.975 21854-21933 rpolitics.debug         com.murari.careerpolitics.debug      E  hiddenapi: Accessing hidden method Lcom/android/org/conscrypt/ConscryptEngineSocket;->setUseSessionTickets(Z)V (runtime_flags=CorePlatformApi, domain=core-platform, api=max-target-q,core-platform-api) from Lokhttp3/internal/platform/OptionalMethod; (domain=app) using reflection: denied
2026-02-13 08:09:51.975 21854-21933 rpolitics.debug         com.murari.careerpolitics.debug      E  hiddenapi: Accessing hidden method Lcom/android/org/conscrypt/OpenSSLSocketImpl;->setUseSessionTickets(Z)V (runtime_flags=CorePlatformApi, domain=core-platform, api=max-target-q,core-platform-api) from Lokhttp3/internal/platform/OptionalMethod; (domain=app) using reflection: denied
2026-02-13 08:09:51.975 21854-21933 rpolitics.debug         com.murari.careerpolitics.debug      E  hiddenapi: Accessing hidden method Lcom/android/org/conscrypt/AbstractConscryptSocket;->setUseSessionTickets(Z)V (runtime_flags=0, domain=core-platform, api=max-target-q) from Lokhttp3/internal/platform/OptionalMethod; (domain=app) using reflection: denied
2026-02-13 08:09:51.975 21854-21933 rpolitics.debug         com.murari.careerpolitics.debug      E  hiddenapi: Accessing hidden method Lcom/android/org/conscrypt/ConscryptEngineSocket;->setHostname(Ljava/lang/String;)V (runtime_flags=CorePlatformApi, domain=core-platform, api=max-target-q,core-platform-api) from Lokhttp3/internal/platform/OptionalMethod; (domain=app) using reflection: denied
2026-02-13 08:09:51.976 21854-21933 rpolitics.debug         com.murari.careerpolitics.debug      E  hiddenapi: Accessing hidden method Lcom/android/org/conscrypt/OpenSSLSocketImpl;->setHostname(Ljava/lang/String;)V (runtime_flags=CorePlatformApi, domain=core-platform, api=max-target-q,core-platform-api) from Lokhttp3/internal/platform/OptionalMethod; (domain=app) using reflection: denied
2026-02-13 08:09:51.976 21854-21933 rpolitics.debug         com.murari.careerpolitics.debug      E  hiddenapi: Accessing hidden method Lcom/android/org/conscrypt/AbstractConscryptSocket;->setHostname(Ljava/lang/String;)V (runtime_flags=0, domain=core-platform, api=max-target-q) from Lokhttp3/internal/platform/OptionalMethod; (domain=app) using reflection: denied
2026-02-13 08:09:51.976 21854-21933 rpolitics.debug         com.murari.careerpolitics.debug      E  hiddenapi: Accessing hidden method Lcom/android/org/conscrypt/OpenSSLSocketImpl;->setAlpnProtocols([B)V (runtime_flags=CorePlatformApi, domain=core-platform, api=max-target-q,core-platform-api) from Lokhttp3/internal/platform/OptionalMethod; (domain=app) using reflection: denied
2026-02-13 08:09:51.976 21854-21933 rpolitics.debug         com.murari.careerpolitics.debug      E  hiddenapi: Accessing hidden method Lcom/android/org/conscrypt/AbstractConscryptSocket;->setAlpnProtocols([B)V (runtime_flags=0, domain=core-platform, api=max-target-q) from Lokhttp3/internal/platform/OptionalMethod; (domain=app) using reflection: denied
2026-02-13 08:09:52.220 21854-21854 Drawable                com.murari.careerpolitics.debug      E  Unable to decode stream: android.graphics.ImageDecoder$DecodeException: Failed to create image decoder with message 'unimplemented'Input contained an error.
2026-02-13 08:09:52.274 21854-21854 CareerPoli...inActivity com.murari.careerpolitics.debug      D  Push Notifications initialized(awaiting user auth for token registration)
2026-02-13 08:19:44.189 21854-21971 cr_PlatformSer-Internal com.murari.careerpolitics.debug      E  UsageReporting query failed
2026-02-13 08:19:44.241 21854-21908 MessengerIpcClient      com.murari.careerpolitics.debug      W  Timing out request: 1
2026-02-13 08:19:49.792 21854-21933 rpolitics.debug         com.murari.careerpolitics.debug      E  hiddenapi: Accessing hidden method Lcom/android/org/conscrypt/ConscryptEngineSocket;->setUseSessionTickets(Z)V (runtime_flags=CorePlatformApi, domain=core-platform, api=max-target-q,core-platform-api) from Lokhttp3/internal/platform/OptionalMethod; (domain=app) using reflection: denied
2026-02-13 08:19:49.793 21854-21933 rpolitics.debug         com.murari.careerpolitics.debug      E  hiddenapi: Accessing hidden method Lcom/android/org/conscrypt/OpenSSLSocketImpl;->setUseSessionTickets(Z)V (runtime_flags=CorePlatformApi, domain=core-platform, api=max-target-q,core-platform-api) from Lokhttp3/internal/platform/OptionalMethod; (domain=app) using reflection: denied
2026-02-13 08:19:49.793 21854-21933 rpolitics.debug         com.murari.careerpolitics.debug      E  hiddenapi: Accessing hidden method Lcom/android/org/conscrypt/AbstractConscryptSocket;->setUseSessionTickets(Z)V (runtime_flags=0, domain=core-platform, api=max-target-q) from Lokhttp3/internal/platform/OptionalMethod; (domain=app) using reflection: denied
2026-02-13 08:19:49.794 21854-21933 rpolitics.debug         com.murari.careerpolitics.debug      E  hiddenapi: Accessing hidden method Lcom/android/org/conscrypt/ConscryptEngineSocket;->setHostname(Ljava/lang/String;)V (runtime_flags=CorePlatformApi, domain=core-platform, api=max-target-q,core-platform-api) from Lokhttp3/internal/platform/OptionalMethod; (domain=app) using reflection: denied
2026-02-13 08:19:49.794 21854-21933 rpolitics.debug         com.murari.careerpolitics.debug      E  hiddenapi: Accessing hidden method Lcom/android/org/conscrypt/OpenSSLSocketImpl;->setHostname(Ljava/lang/String;)V (runtime_flags=CorePlatformApi, domain=core-platform, api=max-target-q,core-platform-api) from Lokhttp3/internal/platform/OptionalMethod; (domain=app) using reflection: denied
