2025-12-29 14:53:34.427  4763-4763  rpolitics.debug         com.murari.careerpolitics.debug      I  Late-enabling -Xcheck:jni
2025-12-29 14:53:34.631  4763-4763  rpolitics.debug         com.murari.careerpolitics.debug      I  Using CollectorTypeCMC GC.
2025-12-29 14:53:34.636  4763-4763  rpolitics.debug         com.murari.careerpolitics.debug      W  Unexpected CPU variant for x86: x86_64.
                                                                                                    Known variants: atom, sandybridge, silvermont, goldmont, goldmont-plus, goldmont-without-sha-xsaves, tremont, kabylake, alderlake, default
2025-12-29 14:53:34.793  4763-4763  nativeloader            com.murari.careerpolitics.debug      D  Load libframework-connectivity-tiramisu-jni.so using APEX ns com_android_tethering for caller /apex/com.android.tethering/javalib/framework-connectivity-t.jar: ok
2025-12-29 14:53:35.838  4763-4763  ApplicationLoaders      com.murari.careerpolitics.debug      D  Returning zygote-cached class loader: /system_ext/framework/androidx.window.extensions.jar
2025-12-29 14:53:35.838  4763-4763  ApplicationLoaders      com.murari.careerpolitics.debug      D  Returning zygote-cached class loader: /system_ext/framework/androidx.window.sidecar.jar
2025-12-29 14:53:36.688  4763-4763  nativeloader            com.murari.careerpolitics.debug      D  Configuring clns-9 for other apk /data/app/~~5v6ViItv5JUfskUkg2w9SQ==/com.murari.careerpolitics.debug-yJHYqxMwb0ptzzXUzSTxgw==/base.apk. target_sdk_version=36, uses_libraries=, library_path=/data/app/~~5v6ViItv5JUfskUkg2w9SQ==/com.murari.careerpolitics.debug-yJHYqxMwb0ptzzXUzSTxgw==/lib/x86_64:/data/app/~~5v6ViItv5JUfskUkg2w9SQ==/com.murari.careerpolitics.debug-yJHYqxMwb0ptzzXUzSTxgw==/base.apk!/lib/x86_64, permitted_path=/data:/mnt/expand:/data/user/0/com.murari.careerpolitics.debug
2025-12-29 14:53:36.712  4763-4763  rpolitics.debug         com.murari.careerpolitics.debug      I  AssetManager2(0x7e66cb721758) locale list changing from [] to [en-US]
2025-12-29 14:53:36.735  4763-4763  GraphicsEnvironment     com.murari.careerpolitics.debug      V  Currently set values for:
2025-12-29 14:53:36.736  4763-4763  GraphicsEnvironment     com.murari.careerpolitics.debug      V    angle_gl_driver_selection_pkgs=[]
2025-12-29 14:53:36.736  4763-4763  GraphicsEnvironment     com.murari.careerpolitics.debug      V    angle_gl_driver_selection_values=[]
2025-12-29 14:53:36.736  4763-4763  GraphicsEnvironment     com.murari.careerpolitics.debug      V  com.murari.careerpolitics.debug is not listed in per-application setting
2025-12-29 14:53:36.736  4763-4763  GraphicsEnvironment     com.murari.careerpolitics.debug      V  ANGLE allowlist from config: com.dreamgames.royalmatch com.dts.freefiremax com.dxx.firenow com.gramgames.mergedragons com.ludo.king com.mojang.minecraftpe com.my.defense com.nintendo.zaka com.os.airforce com.playrix.fishdomdd.gplay io.teslatech.callbreak jp.konami.prospia net.peakgames.toonblast
2025-12-29 14:53:36.736  4763-4763  GraphicsEnvironment     com.murari.careerpolitics.debug      V  com.murari.careerpolitics.debug is not listed in ANGLE allowlist or settings, returning default
2025-12-29 14:53:36.736  4763-4763  GraphicsEnvironment     com.murari.careerpolitics.debug      V  Neither updatable production driver nor prerelease driver is supported.
2025-12-29 14:53:36.743  4763-4763  ActivityThread          com.murari.careerpolitics.debug      W  Application com.murari.careerpolitics.debug is suspending. Debugger needs to resume to continue.
2025-12-29 14:53:36.749  4763-4763  System.out              com.murari.careerpolitics.debug      I  Sending WAIT chunk
2025-12-29 14:53:36.753  4763-4763  System.out              com.murari.careerpolitics.debug      I  Waiting for debugger first packet
2025-12-29 14:53:37.358  4763-4772  nativeloader            com.murari.careerpolitics.debug      D  Load libjdwp.so using system ns (caller=<unknown>): ok
2025-12-29 14:53:37.678  4763-4763  System.out              com.murari.careerpolitics.debug      I  Debug.suspendAllAndSentVmStart
2025-12-29 14:53:40.198  4763-4763  System.out              com.murari.careerpolitics.debug      I  Debug.suspendAllAndSendVmStart, resumed
2025-12-29 14:53:40.269  4763-4763  MultiDex                com.murari.careerpolitics.debug      I  VM with version 2.1.0 has multidex support
2025-12-29 14:53:40.269  4763-4763  MultiDex                com.murari.careerpolitics.debug      I  Installing application
2025-12-29 14:53:40.269  4763-4763  MultiDex                com.murari.careerpolitics.debug      I  VM has multidex support, MultiDex support library is disabled.
2025-12-29 14:53:40.711  4763-4763  FirebaseSessions        com.murari.careerpolitics.debug      D  Dependency to CRASHLYTICS added.
2025-12-29 14:53:40.744  4763-4763  FirebaseApp             com.murari.careerpolitics.debug      I  Device unlocked: initializing all Firebase APIs for app [DEFAULT]
2025-12-29 14:53:41.114  4763-4763  nativeloader            com.murari.careerpolitics.debug      D  Load /data/app/~~5v6ViItv5JUfskUkg2w9SQ==/com.murari.careerpolitics.debug-yJHYqxMwb0ptzzXUzSTxgw==/base.apk!/lib/x86_64/libdatastore_shared_counter.so using class loader ns clns-9 (caller=/data/app/~~5v6ViItv5JUfskUkg2w9SQ==/com.murari.careerpolitics.debug-yJHYqxMwb0ptzzXUzSTxgw==/base.apk!classes15.dex): ok
2025-12-29 14:53:41.369  4763-4763  FirebaseSessions        com.murari.careerpolitics.debug      D  Initializing Firebase Sessions 3.0.3.
2025-12-29 14:53:41.568  4763-4763  FirebaseCrashlytics     com.murari.careerpolitics.debug      I  Initializing Firebase Crashlytics 20.0.3 for com.murari.careerpolitics.debug
2025-12-29 14:53:41.707  4763-4763  FirebaseSessions        com.murari.careerpolitics.debug      D  Subscriber CRASHLYTICS registered.
2025-12-29 14:53:41.716  4763-4822  FirebaseSessions        com.murari.careerpolitics.debug      D  Notified CRASHLYTICS of new session a996e733958143c582b9790569e81094
2025-12-29 14:53:41.772  4763-4827  rpolitics.debug         com.murari.careerpolitics.debug      W  ClassLoaderContext classpath size mismatch. expected=1, found=0 (DLC[];PCL[base.apk*630649996]{PCL[/system/framework/org.apache.http.legacy.jar*4247870504]#PCL[/system/framework/com.android.media.remotedisplay.jar*487574312]#PCL[/system/framework/com.android.location.provider.jar*1570284764]#PCL[/system_ext/framework/androidx.window.extensions.jar*1030441313]#PCL[/system_ext/framework/androidx.window.sidecar.jar*3860983653]} | DLC[];PCL[])
2025-12-29 14:53:41.832  4763-4827  DynamiteModule          com.murari.careerpolitics.debug      I  Considering local module com.google.android.gms.measurement.dynamite:155 and remote module com.google.android.gms.measurement.dynamite:170
2025-12-29 14:53:41.833  4763-4827  DynamiteModule          com.murari.careerpolitics.debug      I  Selected remote version of com.google.android.gms.measurement.dynamite, version >= 170
2025-12-29 14:53:41.834  4763-4827  DynamiteModule          com.murari.careerpolitics.debug      V  Dynamite loader version >= 2, using loadModule2NoCrashUtils
2025-12-29 14:53:41.889  4763-4827  System                  com.murari.careerpolitics.debug      W  ClassLoader referenced unknown path: 
2025-12-29 14:53:41.889  4763-4827  nativeloader            com.murari.careerpolitics.debug      D  Configuring clns-10 for other apk . target_sdk_version=36, uses_libraries=, library_path=/data/app/~~AQIoxwX_bQS00w1beXC_GA==/com.google.android.gms-wCGpIy5s3YYDXYNXs-N6yg==/lib/x86_64:/data/app/~~AQIoxwX_bQS00w1beXC_GA==/com.google.android.gms-wCGpIy5s3YYDXYNXs-N6yg==/base.apk!/lib/x86_64, permitted_path=/data:/mnt/expand:/data/user/0/com.google.android.gms
2025-12-29 14:53:41.956  4763-4830  ashmem                  com.murari.careerpolitics.debug      E  Pinning is deprecated since Android Q. Please use trim or other methods.
2025-12-29 14:53:42.005  4763-4763  FirebaseInitProvider    com.murari.careerpolitics.debug      I  FirebaseApp initialization successful
2025-12-29 14:53:42.150  4763-4828  FirebaseCrashlytics     com.murari.careerpolitics.debug      I  Saved version control info
2025-12-29 14:53:42.225  4763-4827  rpolitics.debug         com.murari.careerpolitics.debug      I  AssetManager2(0x7e66cb728af8) locale list changing from [] to [en-US]
2025-12-29 14:53:42.358  4763-4827  rpolitics.debug         com.murari.careerpolitics.debug      W  ClassLoaderContext classpath element checksum mismatch. expected=630649996, found=345285330 (DLC[];PCL[base.apk*630649996]{PCL[/system/framework/org.apache.http.legacy.jar*4247870504]#PCL[/system/framework/com.android.media.remotedisplay.jar*487574312]#PCL[/system/framework/com.android.location.provider.jar*1570284764]#PCL[/system_ext/framework/androidx.window.extensions.jar*1030441313]#PCL[/system_ext/framework/androidx.window.sidecar.jar*3860983653]} | DLC[];PCL[/data/app/~~5v6ViItv5JUfskUkg2w9SQ==/com.murari.careerpolitics.debug-yJHYqxMwb0ptzzXUzSTxgw==/base.apk*345285330]{PCL[/system_ext/framework/androidx.window.extensions.jar*1030441313]#PCL[/system_ext/framework/androidx.window.sidecar.jar*3860983653]})
2025-12-29 14:53:42.435  4763-4763  rpolitics.debug         com.murari.careerpolitics.debug      I  hiddenapi: Accessing hidden method Ldalvik/system/CloseGuard;->get()Ldalvik/system/CloseGuard; (runtime_flags=CorePlatformApi, domain=core-platform, api=unsupported,core-platform-api) from Lokhttp3/internal/platform/AndroidPlatform$CloseGuard; (domain=app) using reflection: allowed
2025-12-29 14:53:42.436  4763-4763  rpolitics.debug         com.murari.careerpolitics.debug      I  hiddenapi: Accessing hidden method Ldalvik/system/CloseGuard;->open(Ljava/lang/String;)V (runtime_flags=CorePlatformApi, domain=core-platform, api=unsupported,core-platform-api) from Lokhttp3/internal/platform/AndroidPlatform$CloseGuard; (domain=app) using reflection: allowed
2025-12-29 14:53:42.436  4763-4763  rpolitics.debug         com.murari.careerpolitics.debug      I  hiddenapi: Accessing hidden method Ldalvik/system/CloseGuard;->warnIfOpen()V (runtime_flags=CorePlatformApi, domain=core-platform, api=unsupported,core-platform-api) from Lokhttp3/internal/platform/AndroidPlatform$CloseGuard; (domain=app) using reflection: allowed
2025-12-29 14:53:42.451  4763-4827  rpolitics.debug         com.murari.careerpolitics.debug      I  AssetManager2(0x7e66cb72a718) locale list changing from [] to [en-US]
2025-12-29 14:53:42.453  4763-4827  rpolitics.debug         com.murari.careerpolitics.debug      I  AssetManager2(0x7e66cb723058) locale list changing from [] to [en-US]
2025-12-29 14:53:42.732  4763-4841  rpolitics.debug         com.murari.careerpolitics.debug      I  hiddenapi: Accessing hidden method Ldalvik/system/VMStack;->getStackClass2()Ljava/lang/Class; (runtime_flags=0, domain=core-platform, api=unsupported) from Lm7/aox; (domain=app) using reflection: allowed
2025-12-29 14:53:42.798  4763-4840  rpolitics.debug         com.murari.careerpolitics.debug      E  No package ID 6a found for resource ID 0x6a0b0013.
2025-12-29 14:53:42.802  4763-4840  FA                      com.murari.careerpolitics.debug      I  App measurement initialized, version: 146007
2025-12-29 14:53:42.802  4763-4840  FA                      com.murari.careerpolitics.debug      I  To enable debug logging run: adb shell setprop log.tag.FA VERBOSE
2025-12-29 14:53:42.803  4763-4840  FA                      com.murari.careerpolitics.debug      I  To enable faster debug mode event logging run:
                                                                                                      adb shell setprop debug.firebase.analytics.app com.murari.careerpolitics.debug
2025-12-29 14:53:42.821  4763-4841  PhClient                com.murari.careerpolitics.debug      I  Unable to retrieve flag snapshot for com.google.android.gms.measurement#com.murari.careerpolitics.debug, using defaults.
2025-12-29 14:53:42.999  4763-4840  FA                      com.murari.careerpolitics.debug      I  Tag Manager is not found and thus will not be used
2025-12-29 14:53:44.875  4763-4775  rpolitics.debug         com.murari.careerpolitics.debug      I  Background concurrent mark compact GC freed 9254KB AllocSpace bytes, 32(832KB) LOS objects, 49% free, 6824KB/13MB, paused 3.733ms,21.610ms total 230.993ms
2025-12-29 14:53:45.047  4763-4763  Drawable                com.murari.careerpolitics.debug      E  Unable to decode stream: android.graphics.ImageDecoder$DecodeException: Failed to create image decoder with message 'unimplemented'Input contained an error.
2025-12-29 14:53:45.047  4763-4763  Validations             com.murari.careerpolitics.debug      E  You are targeting Android Oreo and using adaptive icons without having a fallback drawable set for FCM notifications. 
                                                                                                    This can cause a irreversible crash on devices using Oreo.
                                                                                                    To learn more about this issue check: https://issuetracker.google.com/issues/68716460
2025-12-29 14:53:45.076  4763-4763  WM-WrkMgrInitializer    com.murari.careerpolitics.debug      D  Initializing WorkManager with default configuration.
2025-12-29 14:53:45.307  4763-4763  rpolitics.debug         com.murari.careerpolitics.debug      I  AssetManager2(0x7e66cb71d8d8) locale list changing from [] to [en-US]
2025-12-29 14:53:45.347  4763-4855  DisplayManager          com.murari.careerpolitics.debug      I  Choreographer implicitly registered for the refresh rate.
2025-12-29 14:53:45.534  4763-4763  AppCompatDelegate       com.murari.careerpolitics.debug      D  Checking for metadata for AppLocalesMetadataHolderService : Service not found
2025-12-29 14:53:45.535  4763-4763  rpolitics.debug         com.murari.careerpolitics.debug      I  AssetManager2(0x7e66cb729db8) locale list changing from [] to [en-US]
2025-12-29 14:53:45.545  4763-4849  rpolitics.debug         com.murari.careerpolitics.debug      E  hiddenapi: Accessing hidden method Lcom/android/org/conscrypt/ConscryptEngineSocket;->setUseSessionTickets(Z)V (runtime_flags=CorePlatformApi, domain=core-platform, api=max-target-q,core-platform-api) from Lokhttp3/internal/platform/OptionalMethod; (domain=app) using reflection: denied
2025-12-29 14:53:45.545  4763-4849  rpolitics.debug         com.murari.careerpolitics.debug      E  hiddenapi: Accessing hidden method Lcom/android/org/conscrypt/OpenSSLSocketImpl;->setUseSessionTickets(Z)V (runtime_flags=CorePlatformApi, domain=core-platform, api=max-target-q,core-platform-api) from Lokhttp3/internal/platform/OptionalMethod; (domain=app) using reflection: denied
2025-12-29 14:53:45.545  4763-4849  rpolitics.debug         com.murari.careerpolitics.debug      E  hiddenapi: Accessing hidden method Lcom/android/org/conscrypt/AbstractConscryptSocket;->setUseSessionTickets(Z)V (runtime_flags=0, domain=core-platform, api=max-target-q) from Lokhttp3/internal/platform/OptionalMethod; (domain=app) using reflection: denied
2025-12-29 14:53:45.545  4763-4849  rpolitics.debug         com.murari.careerpolitics.debug      E  hiddenapi: Accessing hidden method Lcom/android/org/conscrypt/ConscryptEngineSocket;->setHostname(Ljava/lang/String;)V (runtime_flags=CorePlatformApi, domain=core-platform, api=max-target-q,core-platform-api) from Lokhttp3/internal/platform/OptionalMethod; (domain=app) using reflection: denied
2025-12-29 14:53:45.545  4763-4849  rpolitics.debug         com.murari.careerpolitics.debug      E  hiddenapi: Accessing hidden method Lcom/android/org/conscrypt/OpenSSLSocketImpl;->setHostname(Ljava/lang/String;)V (runtime_flags=CorePlatformApi, domain=core-platform, api=max-target-q,core-platform-api) from Lokhttp3/internal/platform/OptionalMethod; (domain=app) using reflection: denied
2025-12-29 14:53:45.545  4763-4849  rpolitics.debug         com.murari.careerpolitics.debug      E  hiddenapi: Accessing hidden method Lcom/android/org/conscrypt/AbstractConscryptSocket;->setHostname(Ljava/lang/String;)V (runtime_flags=0, domain=core-platform, api=max-target-q) from Lokhttp3/internal/platform/OptionalMethod; (domain=app) using reflection: denied
2025-12-29 14:53:45.545  4763-4849  rpolitics.debug         com.murari.careerpolitics.debug      E  hiddenapi: Accessing hidden method Lcom/android/org/conscrypt/OpenSSLSocketImpl;->setAlpnProtocols([B)V (runtime_flags=CorePlatformApi, domain=core-platform, api=max-target-q,core-platform-api) from Lokhttp3/internal/platform/OptionalMethod; (domain=app) using reflection: denied
2025-12-29 14:53:45.546  4763-4849  rpolitics.debug         com.murari.careerpolitics.debug      E  hiddenapi: Accessing hidden method Lcom/android/org/conscrypt/AbstractConscryptSocket;->setAlpnProtocols([B)V (runtime_flags=0, domain=core-platform, api=max-target-q) from Lokhttp3/internal/platform/OptionalMethod; (domain=app) using reflection: denied
2025-12-29 14:53:45.581  4763-4855  EGL_emulation           com.murari.careerpolitics.debug      I  Opening libGLESv1_CM_emulation.so
2025-12-29 14:53:45.586  4763-4855  EGL_emulation           com.murari.careerpolitics.debug      I  Opening libGLESv2_emulation.so
2025-12-29 14:53:45.600  4763-4855  HWUI                    com.murari.careerpolitics.debug      W  Failed to choose config with EGL_SWAP_BEHAVIOR_PRESERVED, retrying without...
2025-12-29 14:53:45.600  4763-4855  HWUI                    com.murari.careerpolitics.debug      W  Failed to initialize 101010-2 format, error = EGL_SUCCESS
2025-12-29 14:53:45.601  4763-4763  CompatChangeReporter    com.murari.careerpolitics.debug      D  Compat change id reported: 377864165; UID 10218; state: ENABLED
2025-12-29 14:53:45.604  4763-4763  DesktopModeFlags        com.murari.careerpolitics.debug      D  Toggle override initialized to: OVERRIDE_UNSET
2025-12-29 14:53:45.652  4763-4763  rpolitics.debug         com.murari.careerpolitics.debug      I  hiddenapi: Accessing hidden method Landroid/view/ViewGroup;->makeOptionalFitsSystemWindows()V (runtime_flags=0, domain=platform, api=unsupported) from Landroidx/appcompat/widget/ViewUtils; (domain=app) using reflection: allowed
2025-12-29 14:53:45.840  4763-4763  rpolitics.debug         com.murari.careerpolitics.debug      I  AssetManager2(0x7e66cb71c618) locale list changing from [] to [en-US]
2025-12-29 14:53:45.841  4763-4763  WebViewFactory          com.murari.careerpolitics.debug      I  Loading com.google.android.webview version 133.0.6943.137 (code 694313738)
2025-12-29 14:53:45.844  4763-4763  rpolitics.debug         com.murari.careerpolitics.debug      I  AssetManager2(0x7e66cb71e558) locale list changing from [] to [en-US]
2025-12-29 14:53:45.845  4763-4763  rpolitics.debug         com.murari.careerpolitics.debug      I  AssetManager2(0x7e66cb71d298) locale list changing from [] to [en-US]
2025-12-29 14:53:45.847  4763-4763  rpolitics.debug         com.murari.careerpolitics.debug      I  AssetManager2(0x7e66cb725f38) locale list changing from [] to [en-US]
2025-12-29 14:53:45.848  4763-4763  rpolitics.debug         com.murari.careerpolitics.debug      I  AssetManager2(0x7e66cb723698) locale list changing from [] to [en-US]
2025-12-29 14:53:45.852  4763-4763  rpolitics.debug         com.murari.careerpolitics.debug      I  AssetManager2(0x7e66cb723378) locale list changing from [] to [en-US]
2025-12-29 14:53:45.853  4763-4763  rpolitics.debug         com.murari.careerpolitics.debug      I  AssetManager2(0x7e66cb7271f8) locale list changing from [] to [en-US]
2025-12-29 14:53:45.853  4763-4763  ResourcesManager        com.murari.careerpolitics.debug      V  The following library key has been added: ResourcesKey{ mHash=518793f1 mResDir=null mSplitDirs=[] mOverlayDirs=[] mLibDirs=[/data/app/~~xXUYch0nyIXuFqW0H83vfQ==/com.google.android.webview-_z5WVByg5AXGzqxdHOjmkg==/WebViewGoogle.apk,/data/app/~~pM3_Yun1z_OzpAcBhpWrWg==/com.google.android.trichromelibrary_694313738-S5LFIkHH2kB-5LF-mi142A==/TrichromeLibrary.apk] mDisplayId=0 mOverrideConfig=v36 mCompatInfo={440dpi always-compat} mLoaders=[]}
2025-12-29 14:53:45.856  4763-4763  rpolitics.debug         com.murari.careerpolitics.debug      W  Failed to find entry 'classes.dex': Entry not found
2025-12-29 14:53:45.861  4763-4763  nativeloader            com.murari.careerpolitics.debug      D  Configuring clns-11 for other apk /data/app/~~pM3_Yun1z_OzpAcBhpWrWg==/com.google.android.trichromelibrary_694313738-S5LFIkHH2kB-5LF-mi142A==/TrichromeLibrary.apk. target_sdk_version=34, uses_libraries=ALL, library_path=/data/app/~~xXUYch0nyIXuFqW0H83vfQ==/com.google.android.webview-_z5WVByg5AXGzqxdHOjmkg==/lib/x86_64:/data/app/~~xXUYch0nyIXuFqW0H83vfQ==/com.google.android.webview-_z5WVByg5AXGzqxdHOjmkg==/WebViewGoogle.apk!/lib/x86_64:/data/app/~~pM3_Yun1z_OzpAcBhpWrWg==/com.google.android.trichromelibrary_694313738-S5LFIkHH2kB-5LF-mi142A==/TrichromeLibrary.apk!/lib/x86_64, permitted_path=/data:/mnt/expand
2025-12-29 14:53:45.869  4763-4763  ApplicationLoaders      com.murari.careerpolitics.debug      D  Returning zygote-cached class loader: /system_ext/framework/androidx.window.extensions.jar
2025-12-29 14:53:45.883  4763-4763  nativeloader            com.murari.careerpolitics.debug      D  Configuring clns-12 for other apk /data/app/~~xXUYch0nyIXuFqW0H83vfQ==/com.google.android.webview-_z5WVByg5AXGzqxdHOjmkg==/WebViewGoogle.apk. target_sdk_version=34, uses_libraries=, library_path=/data/app/~~xXUYch0nyIXuFqW0H83vfQ==/com.google.android.webview-_z5WVByg5AXGzqxdHOjmkg==/lib/x86_64:/data/app/~~xXUYch0nyIXuFqW0H83vfQ==/com.google.android.webview-_z5WVByg5AXGzqxdHOjmkg==/WebViewGoogle.apk!/lib/x86_64:/data/app/~~pM3_Yun1z_OzpAcBhpWrWg==/com.google.android.trichromelibrary_694313738-S5LFIkHH2kB-5LF-mi142A==/TrichromeLibrary.apk!/lib/x86_64, permitted_path=/data:/mnt/expand
2025-12-29 14:53:46.151  4763-4763  cr_WVCFactoryProvider   com.murari.careerpolitics.debug      I  version=133.0.6943.137 (694313738) minSdkVersion=29 isBundle=false multiprocess=true packageId=2
2025-12-29 14:53:46.233  4763-4763  nativeloader            com.murari.careerpolitics.debug      D  Load /data/app/~~pM3_Yun1z_OzpAcBhpWrWg==/com.google.android.trichromelibrary_694313738-S5LFIkHH2kB-5LF-mi142A==/TrichromeLibrary.apk!/lib/x86_64/libmonochrome_64.so using class loader ns clns-12 (caller=/data/app/~~xXUYch0nyIXuFqW0H83vfQ==/com.google.android.webview-_z5WVByg5AXGzqxdHOjmkg==/WebViewGoogle.apk): ok
2025-12-29 14:53:46.260  4763-4763  nativeloader            com.murari.careerpolitics.debug      D  Load /system/lib64/libwebviewchromium_plat_support.so using class loader ns clns-12 (caller=/data/app/~~xXUYch0nyIXuFqW0H83vfQ==/com.google.android.webview-_z5WVByg5AXGzqxdHOjmkg==/WebViewGoogle.apk): ok
2025-12-29 14:53:46.317  4763-4849  rpolitics.debug         com.murari.careerpolitics.debug      E  hiddenapi: Accessing hidden method Lcom/android/org/conscrypt/ConscryptEngineSocket;->setUseSessionTickets(Z)V (runtime_flags=CorePlatformApi, domain=core-platform, api=max-target-q,core-platform-api) from Lokhttp3/internal/platform/OptionalMethod; (domain=app) using reflection: denied
2025-12-29 14:53:46.317  4763-4849  rpolitics.debug         com.murari.careerpolitics.debug      E  hiddenapi: Accessing hidden method Lcom/android/org/conscrypt/OpenSSLSocketImpl;->setUseSessionTickets(Z)V (runtime_flags=CorePlatformApi, domain=core-platform, api=max-target-q,core-platform-api) from Lokhttp3/internal/platform/OptionalMethod; (domain=app) using reflection: denied
2025-12-29 14:53:46.317  4763-4849  rpolitics.debug         com.murari.careerpolitics.debug      E  hiddenapi: Accessing hidden method Lcom/android/org/conscrypt/AbstractConscryptSocket;->setUseSessionTickets(Z)V (runtime_flags=0, domain=core-platform, api=max-target-q) from Lokhttp3/internal/platform/OptionalMethod; (domain=app) using reflection: denied
2025-12-29 14:53:46.317  4763-4849  rpolitics.debug         com.murari.careerpolitics.debug      E  hiddenapi: Accessing hidden method Lcom/android/org/conscrypt/ConscryptEngineSocket;->setHostname(Ljava/lang/String;)V (runtime_flags=CorePlatformApi, domain=core-platform, api=max-target-q,core-platform-api) from Lokhttp3/internal/platform/OptionalMethod; (domain=app) using reflection: denied
2025-12-29 14:53:46.317  4763-4849  rpolitics.debug         com.murari.careerpolitics.debug      E  hiddenapi: Accessing hidden method Lcom/android/org/conscrypt/OpenSSLSocketImpl;->setHostname(Ljava/lang/String;)V (runtime_flags=CorePlatformApi, domain=core-platform, api=max-target-q,core-platform-api) from Lokhttp3/internal/platform/OptionalMethod; (domain=app) using reflection: denied
2025-12-29 14:53:46.317  4763-4849  rpolitics.debug         com.murari.careerpolitics.debug      E  hiddenapi: Accessing hidden method Lcom/android/org/conscrypt/AbstractConscryptSocket;->setHostname(Ljava/lang/String;)V (runtime_flags=0, domain=core-platform, api=max-target-q) from Lokhttp3/internal/platform/OptionalMethod; (domain=app) using reflection: denied
2025-12-29 14:53:46.318  4763-4849  rpolitics.debug         com.murari.careerpolitics.debug      E  hiddenapi: Accessing hidden method Lcom/android/org/conscrypt/OpenSSLSocketImpl;->setAlpnProtocols([B)V (runtime_flags=CorePlatformApi, domain=core-platform, api=max-target-q,core-platform-api) from Lokhttp3/internal/platform/OptionalMethod; (domain=app) using reflection: denied
2025-12-29 14:53:46.318  4763-4849  rpolitics.debug         com.murari.careerpolitics.debug      E  hiddenapi: Accessing hidden method Lcom/android/org/conscrypt/AbstractConscryptSocket;->setAlpnProtocols([B)V (runtime_flags=0, domain=core-platform, api=max-target-q) from Lokhttp3/internal/platform/OptionalMethod; (domain=app) using reflection: denied
2025-12-29 14:53:46.388  4763-4863  chromium                com.murari.careerpolitics.debug      E  [1229/145346.357299:ERROR:variations_seed_loader.cc(39)] Seed missing signature.
2025-12-29 14:53:46.487  4763-4863  chromium                com.murari.careerpolitics.debug      I  [1229/145346.458457:INFO:variations_seed_loader.cc(67)] Failed to open file for reading.: No such file or directory (2)
2025-12-29 14:53:46.551  4763-4763  cr_LibraryLoader        com.murari.careerpolitics.debug      I  Successfully loaded native library
2025-12-29 14:53:46.598  4763-4763  cr_CachingUmaRecorder   com.murari.careerpolitics.debug      I  Flushed 6 samples from 6 histograms, 0 samples were dropped.
2025-12-29 14:53:46.647  4763-4763  cr_CombinedPProvider    com.murari.careerpolitics.debug      I  #registerProvider() provider:WV.C8@921d4f7 isPolicyCacheEnabled:false policyProvidersSize:0
2025-12-29 14:53:46.652  4763-4763  cr_PolicyProvider       com.murari.careerpolitics.debug      I  #setManagerAndSource() 0
2025-12-29 14:53:46.937  4763-4763  cr_CombinedPProvider    com.murari.careerpolitics.debug      I  #linkNativeInternal() 1
2025-12-29 14:53:46.939  4763-4763  cr_AppResProvider       com.murari.careerpolitics.debug      I  #getApplicationRestrictionsFromUserManager() Bundle[EMPTY_PARCEL]
2025-12-29 14:53:46.940  4763-4763  cr_PolicyProvider       com.murari.careerpolitics.debug      I  #notifySettingsAvailable() 0
2025-12-29 14:53:46.940  4763-4763  cr_CombinedPProvider    com.murari.careerpolitics.debug      I  #onSettingsAvailable() 0
2025-12-29 14:53:46.940  4763-4763  cr_CombinedPProvider    com.murari.careerpolitics.debug      I  #flushPolicies()
2025-12-29 14:53:47.247  4763-4849  rpolitics.debug         com.murari.careerpolitics.debug      E  hiddenapi: Accessing hidden method Lcom/android/org/conscrypt/ConscryptEngineSocket;->setUseSessionTickets(Z)V (runtime_flags=CorePlatformApi, domain=core-platform, api=max-target-q,core-platform-api) from Lokhttp3/internal/platform/OptionalMethod; (domain=app) using reflection: denied
2025-12-29 14:53:47.248  4763-4849  rpolitics.debug         com.murari.careerpolitics.debug      E  hiddenapi: Accessing hidden method Lcom/android/org/conscrypt/OpenSSLSocketImpl;->setUseSessionTickets(Z)V (runtime_flags=CorePlatformApi, domain=core-platform, api=max-target-q,core-platform-api) from Lokhttp3/internal/platform/OptionalMethod; (domain=app) using reflection: denied
2025-12-29 14:53:47.248  4763-4849  rpolitics.debug         com.murari.careerpolitics.debug      E  hiddenapi: Accessing hidden method Lcom/android/org/conscrypt/AbstractConscryptSocket;->setUseSessionTickets(Z)V (runtime_flags=0, domain=core-platform, api=max-target-q) from Lokhttp3/internal/platform/OptionalMethod; (domain=app) using reflection: denied
2025-12-29 14:53:47.248  4763-4849  rpolitics.debug         com.murari.careerpolitics.debug      E  hiddenapi: Accessing hidden method Lcom/android/org/conscrypt/ConscryptEngineSocket;->setHostname(Ljava/lang/String;)V (runtime_flags=CorePlatformApi, domain=core-platform, api=max-target-q,core-platform-api) from Lokhttp3/internal/platform/OptionalMethod; (domain=app) using reflection: denied
2025-12-29 14:53:47.248  4763-4849  rpolitics.debug         com.murari.careerpolitics.debug      E  hiddenapi: Accessing hidden method Lcom/android/org/conscrypt/OpenSSLSocketImpl;->setHostname(Ljava/lang/String;)V (runtime_flags=CorePlatformApi, domain=core-platform, api=max-target-q,core-platform-api) from Lokhttp3/internal/platform/OptionalMethod; (domain=app) using reflection: denied
2025-12-29 14:53:47.248  4763-4849  rpolitics.debug         com.murari.careerpolitics.debug      E  hiddenapi: Accessing hidden method Lcom/android/org/conscrypt/AbstractConscryptSocket;->setHostname(Ljava/lang/String;)V (runtime_flags=0, domain=core-platform, api=max-target-q) from Lokhttp3/internal/platform/OptionalMethod; (domain=app) using reflection: denied
2025-12-29 14:53:47.248  4763-4849  rpolitics.debug         com.murari.careerpolitics.debug      E  hiddenapi: Accessing hidden method Lcom/android/org/conscrypt/OpenSSLSocketImpl;->setAlpnProtocols([B)V (runtime_flags=CorePlatformApi, domain=core-platform, api=max-target-q,core-platform-api) from Lokhttp3/internal/platform/OptionalMethod; (domain=app) using reflection: denied
2025-12-29 14:53:47.248  4763-4849  rpolitics.debug         com.murari.careerpolitics.debug      E  hiddenapi: Accessing hidden method Lcom/android/org/conscrypt/AbstractConscryptSocket;->setAlpnProtocols([B)V (runtime_flags=0, domain=core-platform, api=max-target-q) from Lokhttp3/internal/platform/OptionalMethod; (domain=app) using reflection: denied
2025-12-29 14:53:47.325  4763-4763  rpolitics.debug         com.murari.careerpolitics.debug      I  AssetManager2(0x7e66cb724958) locale list changing from [] to [en-US]
2025-12-29 14:53:47.329  4763-4763  rpolitics.debug         com.murari.careerpolitics.debug      I  AssetManager2(0x7e66cb72a718) locale list changing from [] to [en-US]
2025-12-29 14:53:48.009  4763-4763  Drawable                com.murari.careerpolitics.debug      E  Unable to decode stream: android.graphics.ImageDecoder$DecodeException: Failed to create image decoder with message 'unimplemented'Input contained an error.
2025-12-29 14:53:48.009  4763-4763  Validations             com.murari.careerpolitics.debug      E  You are targeting Android Oreo and using adaptive icons without having a fallback drawable set for FCM notifications. 
                                                                                                    This can cause a irreversible crash on devices using Oreo.
                                                                                                    To learn more about this issue check: https://issuetracker.google.com/issues/68716460
2025-12-29 14:53:48.017  4763-4763  CareerPoli...inActivity com.murari.careerpolitics.debug      D  Push Notifications initialized(awaiting user auth for token registration)
2025-12-29 14:53:48.612  4763-4849  rpolitics.debug         com.murari.careerpolitics.debug      E  hiddenapi: Accessing hidden method Lcom/android/org/conscrypt/ConscryptEngineSocket;->setUseSessionTickets(Z)V (runtime_flags=CorePlatformApi, domain=core-platform, api=max-target-q,core-platform-api) from Lokhttp3/internal/platform/OptionalMethod; (domain=app) using reflection: denied
2025-12-29 14:53:48.612  4763-4849  rpolitics.debug         com.murari.careerpolitics.debug      E  hiddenapi: Accessing hidden method Lcom/android/org/conscrypt/OpenSSLSocketImpl;->setUseSessionTickets(Z)V (runtime_flags=CorePlatformApi, domain=core-platform, api=max-target-q,core-platform-api) from Lokhttp3/internal/platform/OptionalMethod; (domain=app) using reflection: denied
2025-12-29 14:53:48.612  4763-4849  rpolitics.debug         com.murari.careerpolitics.debug      E  hiddenapi: Accessing hidden method Lcom/android/org/conscrypt/AbstractConscryptSocket;->setUseSessionTickets(Z)V (runtime_flags=0, domain=core-platform, api=max-target-q) from Lokhttp3/internal/platform/OptionalMethod; (domain=app) using reflection: denied
2025-12-29 14:53:48.612  4763-4849  rpolitics.debug         com.murari.careerpolitics.debug      E  hiddenapi: Accessing hidden method Lcom/android/org/conscrypt/ConscryptEngineSocket;->setHostname(Ljava/lang/String;)V (runtime_flags=CorePlatformApi, domain=core-platform, api=max-target-q,core-platform-api) from Lokhttp3/internal/platform/OptionalMethod; (domain=app) using reflection: denied
2025-12-29 14:53:48.612  4763-4849  rpolitics.debug         com.murari.careerpolitics.debug      E  hiddenapi: Accessing hidden method Lcom/android/org/conscrypt/OpenSSLSocketImpl;->setHostname(Ljava/lang/String;)V (runtime_flags=CorePlatformApi, domain=core-platform, api=max-target-q,core-platform-api) from Lokhttp3/internal/platform/OptionalMethod; (domain=app) using reflection: denied
2025-12-29 14:53:48.612  4763-4849  rpolitics.debug         com.murari.careerpolitics.debug      E  hiddenapi: Accessing hidden method Lcom/android/org/conscrypt/AbstractConscryptSocket;->setHostname(Ljava/lang/String;)V (runtime_flags=0, domain=core-platform, api=max-target-q) from Lokhttp3/internal/platform/OptionalMethod; (domain=app) using reflection: denied
2025-12-29 14:53:48.612  4763-4849  rpolitics.debug         com.murari.careerpolitics.debug      E  hiddenapi: Accessing hidden method Lcom/android/org/conscrypt/OpenSSLSocketImpl;->setAlpnProtocols([B)V (runtime_flags=CorePlatformApi, domain=core-platform, api=max-target-q,core-platform-api) from Lokhttp3/internal/platform/OptionalMethod; (domain=app) using reflection: denied
2025-12-29 14:53:48.612  4763-4849  rpolitics.debug         com.murari.careerpolitics.debug      E  hiddenapi: Accessing hidden method Lcom/android/org/conscrypt/AbstractConscryptSocket;->setAlpnProtocols([B)V (runtime_flags=0, domain=core-platform, api=max-target-q) from Lokhttp3/internal/platform/OptionalMethod; (domain=app) using reflection: denied
2025-12-29 14:53:50.745  4763-4849  rpolitics.debug         com.murari.careerpolitics.debug      E  hiddenapi: Accessing hidden method Lcom/android/org/conscrypt/ConscryptEngineSocket;->setUseSessionTickets(Z)V (runtime_flags=CorePlatformApi, domain=core-platform, api=max-target-q,core-platform-api) from Lokhttp3/internal/platform/OptionalMethod; (domain=app) using reflection: denied
2025-12-29 14:53:50.745  4763-4849  rpolitics.debug         com.murari.careerpolitics.debug      E  hiddenapi: Accessing hidden method Lcom/android/org/conscrypt/OpenSSLSocketImpl;->setUseSessionTickets(Z)V (runtime_flags=CorePlatformApi, domain=core-platform, api=max-target-q,core-platform-api) from Lokhttp3/internal/platform/OptionalMethod; (domain=app) using reflection: denied
2025-12-29 14:53:50.745  4763-4849  rpolitics.debug         com.murari.careerpolitics.debug      E  hiddenapi: Accessing hidden method Lcom/android/org/conscrypt/AbstractConscryptSocket;->setUseSessionTickets(Z)V (runtime_flags=0, domain=core-platform, api=max-target-q) from Lokhttp3/internal/platform/OptionalMethod; (domain=app) using reflection: denied
2025-12-29 14:53:50.746  4763-4849  rpolitics.debug         com.murari.careerpolitics.debug      E  hiddenapi: Accessing hidden method Lcom/android/org/conscrypt/ConscryptEngineSocket;->setHostname(Ljava/lang/String;)V (runtime_flags=CorePlatformApi, domain=core-platform, api=max-target-q,core-platform-api) from Lokhttp3/internal/platform/OptionalMethod; (domain=app) using reflection: denied
2025-12-29 14:53:50.746  4763-4849  rpolitics.debug         com.murari.careerpolitics.debug      E  hiddenapi: Accessing hidden method Lcom/android/org/conscrypt/OpenSSLSocketImpl;->setHostname(Ljava/lang/String;)V (runtime_flags=CorePlatformApi, domain=core-platform, api=max-target-q,core-platform-api) from Lokhttp3/internal/platform/OptionalMethod; (domain=app) using reflection: denied
2025-12-29 14:53:50.746  4763-4849  rpolitics.debug         com.murari.careerpolitics.debug      E  hiddenapi: Accessing hidden method Lcom/android/org/conscrypt/AbstractConscryptSocket;->setHostname(Ljava/lang/String;)V (runtime_flags=0, domain=core-platform, api=max-target-q) from Lokhttp3/internal/platform/OptionalMethod; (domain=app) using reflection: denied
2025-12-29 14:53:50.746  4763-4849  rpolitics.debug         com.murari.careerpolitics.debug      E  hiddenapi: Accessing hidden method Lcom/android/org/conscrypt/OpenSSLSocketImpl;->setAlpnProtocols([B)V (runtime_flags=CorePlatformApi, domain=core-platform, api=max-target-q,core-platform-api) from Lokhttp3/internal/platform/OptionalMethod; (domain=app) using reflection: denied
2025-12-29 14:53:50.746  4763-4849  rpolitics.debug         com.murari.careerpolitics.debug      E  hiddenapi: Accessing hidden method Lcom/android/org/conscrypt/AbstractConscryptSocket;->setAlpnProtocols([B)V (runtime_flags=0, domain=core-platform, api=max-target-q) from Lokhttp3/internal/platform/OptionalMethod; (domain=app) using reflection: denied
2025-12-29 14:53:51.433  4763-4763  rpolitics.debug         com.murari.careerpolitics.debug      W  Verification of void com.murari.careerpolitics.webclients.CustomWebViewClient.checkAndRegisterFcmToken$lambda$0(com.murari.careerpolitics.webclients.CustomWebViewClient, java.lang.String) took 3.399s (12.65 bytecodes/s) (0B arena alloc)
2025-12-29 14:53:51.519  4763-4898  cr_media                com.murari.careerpolitics.debug      W  BLUETOOTH_CONNECT permission is missing.
2025-12-29 14:53:51.521  4763-4898  cr_media                com.murari.careerpolitics.debug      W  getBluetoothAdapter() requires BLUETOOTH permission
2025-12-29 14:53:51.521  4763-4898  cr_media                com.murari.careerpolitics.debug      W  registerBluetoothIntentsIfNeeded: Requires BLUETOOTH permission
2025-12-29 14:53:51.601  4763-4938  vulkan                  com.murari.careerpolitics.debug      D  searching for layers in '/data/app/~~5v6ViItv5JUfskUkg2w9SQ==/com.murari.careerpolitics.debug-yJHYqxMwb0ptzzXUzSTxgw==/lib/x86_64'
2025-12-29 14:53:51.607  4763-4938  vulkan                  com.murari.careerpolitics.debug      D  searching for layers in '/data/app/~~5v6ViItv5JUfskUkg2w9SQ==/com.murari.careerpolitics.debug-yJHYqxMwb0ptzzXUzSTxgw==/base.apk!/lib/x86_64'
2025-12-29 14:53:51.640  4763-4763  CareerPoli...inActivity com.murari.careerpolitics.debug      D  Notification intent received without URL, ignoring
2025-12-29 14:53:51.690  4763-4763  FirebaseSessions        com.murari.careerpolitics.debug      D  App foregrounded on com.murari.careerpolitics.debug
2025-12-29 14:53:51.690  4763-4763  FirebaseSessions        com.murari.careerpolitics.debug      D  Session a996e733958143c582b9790569e81094 is expired
2025-12-29 14:53:51.694  4763-4763  CareerPoli...inActivity com.murari.careerpolitics.debug      D  Notification intent received without URL, ignoring
2025-12-29 14:53:51.763  4763-4823  FirebaseSessions        com.murari.careerpolitics.debug      D  Session a996e733958143c582b9790569e81094 is expired
2025-12-29 14:53:51.772  4763-4823  FirebaseSessions        com.murari.careerpolitics.debug      D  Cold app start detected
2025-12-29 14:53:51.785  4763-4823  FirebaseSessions        com.murari.careerpolitics.debug      D  Process com.murari.careerpolitics.debug is stale
2025-12-29 14:53:51.791  4763-4763  HWUI                    com.murari.careerpolitics.debug      W  Unknown dataspace 0
2025-12-29 14:53:51.847  4763-4938  chromium                com.murari.careerpolitics.debug      W  [WARNING:viz_main_impl.cc(85)] VizNullHypothesis is disabled (not a warning)
2025-12-29 14:53:51.864  4763-4823  FirebaseSessions        com.murari.careerpolitics.debug      D  Session Event Type: SESSION_START
2025-12-29 14:53:51.867  4763-4823  FirebaseSessions        com.murari.careerpolitics.debug      D  Successfully logged Session Start event.
2025-12-29 14:53:51.917  4763-4828  FirebaseSessions        com.murari.careerpolitics.debug      D  Notified CRASHLYTICS of new session 6fda7dd777944e75b9a7f852ea3b0c0c
2025-12-29 14:53:51.989  4763-4950  CameraManagerGlobal     com.murari.careerpolitics.debug      I  Connecting to camera service
2025-12-29 14:53:52.158  4763-4763  Choreographer           com.murari.careerpolitics.debug      I  Skipped 248 frames!  The application may be doing too much work on its main thread.
2025-12-29 14:53:52.256  4763-4775  rpolitics.debug         com.murari.careerpolitics.debug      W  Suspending all threads took: 8.159ms
2025-12-29 14:53:52.348  4763-4775  rpolitics.debug         com.murari.careerpolitics.debug      I  Background concurrent mark compact GC freed 4293KB AllocSpace bytes, 19(568KB) LOS objects, 49% free, 9310KB/18MB, paused 16.309ms,23.188ms total 543.871ms
2025-12-29 14:53:52.421  4763-4976  ProfileInstaller        com.murari.careerpolitics.debug      D  Installing profile for com.murari.careerpolitics.debug
2025-12-29 14:53:52.565  4763-4763  CareerPoli...inActivity com.murari.careerpolitics.debug      D  Push Notifications initialized(awaiting user auth for token registration)
2025-12-29 14:53:53.624  4763-4763  InsetsController        com.murari.careerpolitics.debug      D  hide(ime(), fromIme=false)
2025-12-29 14:53:53.625  4763-4763  ImeTracker              com.murari.careerpolitics.debug      I  com.murari.careerpolitics.debug:872511e5: onCancelled at PHASE_CLIENT_ALREADY_HIDDEN
2025-12-29 14:53:54.048  4763-4763  chromium                com.murari.careerpolitics.debug      I  [INFO:CONSOLE(1)] "Uncaught TypeError: Cannot read properties of undefined (reading 'getAttribute')", source: https://careerpolitics.com/ (1)
2025-12-29 14:53:54.058  4763-4763  CareerPoli...ViewClient com.murari.careerpolitics.debug      D  Could not parse user ID from body data-user attribute
2025-12-29 14:53:54.487  4763-4849  rpolitics.debug         com.murari.careerpolitics.debug      E  hiddenapi: Accessing hidden method Lcom/android/org/conscrypt/ConscryptEngineSocket;->setUseSessionTickets(Z)V (runtime_flags=CorePlatformApi, domain=core-platform, api=max-target-q,core-platform-api) from Lokhttp3/internal/platform/OptionalMethod; (domain=app) using reflection: denied
2025-12-29 14:53:54.487  4763-4849  rpolitics.debug         com.murari.careerpolitics.debug      E  hiddenapi: Accessing hidden method Lcom/android/org/conscrypt/OpenSSLSocketImpl;->setUseSessionTickets(Z)V (runtime_flags=CorePlatformApi, domain=core-platform, api=max-target-q,core-platform-api) from Lokhttp3/internal/platform/OptionalMethod; (domain=app) using reflection: denied
2025-12-29 14:53:54.487  4763-4849  rpolitics.debug         com.murari.careerpolitics.debug      E  hiddenapi: Accessing hidden method Lcom/android/org/conscrypt/AbstractConscryptSocket;->setUseSessionTickets(Z)V (runtime_flags=0, domain=core-platform, api=max-target-q) from Lokhttp3/internal/platform/OptionalMethod; (domain=app) using reflection: denied
2025-12-29 14:53:54.488  4763-4849  rpolitics.debug         com.murari.careerpolitics.debug      E  hiddenapi: Accessing hidden method Lcom/android/org/conscrypt/ConscryptEngineSocket;->setHostname(Ljava/lang/String;)V (runtime_flags=CorePlatformApi, domain=core-platform, api=max-target-q,core-platform-api) from Lokhttp3/internal/platform/OptionalMethod; (domain=app) using reflection: denied
2025-12-29 14:53:54.488  4763-4849  rpolitics.debug         com.murari.careerpolitics.debug      E  hiddenapi: Accessing hidden method Lcom/android/org/conscrypt/OpenSSLSocketImpl;->setHostname(Ljava/lang/String;)V (runtime_flags=CorePlatformApi, domain=core-platform, api=max-target-q,core-platform-api) from Lokhttp3/internal/platform/OptionalMethod; (domain=app) using reflection: denied
2025-12-29 14:53:54.488  4763-4849  rpolitics.debug         com.murari.careerpolitics.debug      E  hiddenapi: Accessing hidden method Lcom/android/org/conscrypt/AbstractConscryptSocket;->setHostname(Ljava/lang/String;)V (runtime_flags=0, domain=core-platform, api=max-target-q) from Lokhttp3/internal/platform/OptionalMethod; (domain=app) using reflection: denied
2025-12-29 14:53:54.489  4763-4849  rpolitics.debug         com.murari.careerpolitics.debug      E  hiddenapi: Accessing hidden method Lcom/android/org/conscrypt/OpenSSLSocketImpl;->setAlpnProtocols([B)V (runtime_flags=CorePlatformApi, domain=core-platform, api=max-target-q,core-platform-api) from Lokhttp3/internal/platform/OptionalMethod; (domain=app) using reflection: denied
2025-12-29 14:53:54.489  4763-4849  rpolitics.debug         com.murari.careerpolitics.debug      E  hiddenapi: Accessing hidden method Lcom/android/org/conscrypt/AbstractConscryptSocket;->setAlpnProtocols([B)V (runtime_flags=0, domain=core-platform, api=max-target-q) from Lokhttp3/internal/platform/OptionalMethod; (domain=app) using reflection: denied
2025-12-29 14:53:54.788  4763-4773  rpolitics.debug         com.murari.careerpolitics.debug      I  Compiler allocated 5042KB to compile void android.view.ViewRootImpl.performTraversals()
2025-12-29 14:53:57.023  4763-4763  CareerPoli...ViewClient com.murari.careerpolitics.debug      D  User authenticated detected. Registering FCM token.
2025-12-29 14:53:57.174  4763-4763  rpolitics.debug         com.murari.careerpolitics.debug      W  Verification of java.lang.Object com.murari.careerpolitics.services.PushNotificationService.fetchFcmToken(kotlin.coroutines.Continuation) took 149.689ms (487.68 bytecodes/s) (0B arena alloc)
2025-12-29 14:54:06.386  4763-4763  chromium                com.murari.careerpolitics.debug      I  [INFO:CONSOLE(0)] "The resource https://careerpolitics.com/sidebars/home was preloaded using link preload but not used within a few seconds from the window's load event. Please make sure it has an appropriate `as` value and it is preloaded intentionally.", source: https://careerpolitics.com/ (0)
2025-12-29 14:54:09.404  4763-4835  PushNotificationService com.murari.careerpolitics.debug      D  FCM token obtained: cHxuBxwVTeivP8On7AA3…
2025-12-29 14:54:09.411  4763-4849  rpolitics.debug         com.murari.careerpolitics.debug      E  hiddenapi: Accessing hidden method Lcom/android/org/conscrypt/ConscryptEngineSocket;->setUseSessionTickets(Z)V (runtime_flags=CorePlatformApi, domain=core-platform, api=max-target-q,core-platform-api) from Lokhttp3/internal/platform/OptionalMethod; (domain=app) using reflection: denied
2025-12-29 14:54:09.411  4763-4849  rpolitics.debug         com.murari.careerpolitics.debug      E  hiddenapi: Accessing hidden method Lcom/android/org/conscrypt/OpenSSLSocketImpl;->setUseSessionTickets(Z)V (runtime_flags=CorePlatformApi, domain=core-platform, api=max-target-q,core-platform-api) from Lokhttp3/internal/platform/OptionalMethod; (domain=app) using reflection: denied
2025-12-29 14:54:09.411  4763-4849  rpolitics.debug         com.murari.careerpolitics.debug      E  hiddenapi: Accessing hidden method Lcom/android/org/conscrypt/AbstractConscryptSocket;->setUseSessionTickets(Z)V (runtime_flags=0, domain=core-platform, api=max-target-q) from Lokhttp3/internal/platform/OptionalMethod; (domain=app) using reflection: denied
2025-12-29 14:54:09.411  4763-4849  rpolitics.debug         com.murari.careerpolitics.debug      E  hiddenapi: Accessing hidden method Lcom/android/org/conscrypt/ConscryptEngineSocket;->setHostname(Ljava/lang/String;)V (runtime_flags=CorePlatformApi, domain=core-platform, api=max-target-q,core-platform-api) from Lokhttp3/internal/platform/OptionalMethod; (domain=app) using reflection: denied
2025-12-29 14:54:09.411  4763-4849  rpolitics.debug         com.murari.careerpolitics.debug      E  hiddenapi: Accessing hidden method Lcom/android/org/conscrypt/OpenSSLSocketImpl;->setHostname(Ljava/lang/String;)V (runtime_flags=CorePlatformApi, domain=core-platform, api=max-target-q,core-platform-api) from Lokhttp3/internal/platform/OptionalMethod; (domain=app) using reflection: denied
2025-12-29 14:54:09.411  4763-4849  rpolitics.debug         com.murari.careerpolitics.debug      E  hiddenapi: Accessing hidden method Lcom/android/org/conscrypt/AbstractConscryptSocket;->setHostname(Ljava/lang/String;)V (runtime_flags=0, domain=core-platform, api=max-target-q) from Lokhttp3/internal/platform/OptionalMethod; (domain=app) using reflection: denied
2025-12-29 14:54:09.411  4763-4849  rpolitics.debug         com.murari.careerpolitics.debug      E  hiddenapi: Accessing hidden method Lcom/android/org/conscrypt/OpenSSLSocketImpl;->setAlpnProtocols([B)V (runtime_flags=CorePlatformApi, domain=core-platform, api=max-target-q,core-platform-api) from Lokhttp3/internal/platform/OptionalMethod; (domain=app) using reflection: denied
2025-12-29 14:54:09.411  4763-4849  rpolitics.debug         com.murari.careerpolitics.debug      E  hiddenapi: Accessing hidden method Lcom/android/org/conscrypt/AbstractConscryptSocket;->setAlpnProtocols([B)V (runtime_flags=0, domain=core-platform, api=max-target-q) from Lokhttp3/internal/platform/OptionalMethod; (domain=app) using reflection: denied
