2026-02-13 08:19:49.794 21854-21933 rpolitics.debug         com.murari.careerpolitics.debug      E  hiddenapi: Accessing hidden method Lcom/android/org/conscrypt/AbstractConscryptSocket;->setHostname(Ljava/lang/String;)V (runtime_flags=0, domain=core-platform, api=max-target-q) from Lokhttp3/internal/platform/OptionalMethod; (domain=app) using reflection: denied
2026-02-13 08:19:49.796 21854-21933 rpolitics.debug         com.murari.careerpolitics.debug      E  hiddenapi: Accessing hidden method Lcom/android/org/conscrypt/OpenSSLSocketImpl;->setAlpnProtocols([B)V (runtime_flags=CorePlatformApi, domain=core-platform, api=max-target-q,core-platform-api) from Lokhttp3/internal/platform/OptionalMethod; (domain=app) using reflection: denied
2026-02-13 08:19:49.797 21854-21933 rpolitics.debug         com.murari.careerpolitics.debug      E  hiddenapi: Accessing hidden method Lcom/android/org/conscrypt/AbstractConscryptSocket;->setAlpnProtocols([B)V (runtime_flags=0, domain=core-platform, api=max-target-q) from Lokhttp3/internal/platform/OptionalMethod; (domain=app) using reflection: denied
2026-02-13 08:19:55.789 21854-21933 rpolitics.debug         com.murari.careerpolitics.debug      W  Got a deoptimization request on un-deoptimizable method int com.android.org.conscrypt.NativeCrypto.ENGINE_SSL_read_direct(long, com.android.org.conscrypt.NativeSsl, long, int, com.android.org.conscrypt.NativeCrypto$SSLHandshakeCallbacks)
2026-02-13 08:19:55.789 21854-21933 rpolitics.debug         com.murari.careerpolitics.debug      W  Got a deoptimization request on un-deoptimizable method int com.android.org.conscrypt.NativeCrypto.ENGINE_SSL_read_direct(long, com.android.org.conscrypt.NativeSsl, long, int, com.android.org.conscrypt.NativeCrypto$SSLHandshakeCallbacks)
2026-02-13 08:19:55.913 21854-22225 vulkan                  com.murari.careerpolitics.debug      D  searching for layers in '/data/app/~~ATIry1x5oryHnP0l-cKATQ==/com.murari.careerpolitics.debug-Ox43DTYvhBpdZ7LbPIV8pw==/lib/x86_64'
2026-02-13 08:19:55.922 21854-22225 vulkan                  com.murari.careerpolitics.debug      D  searching for layers in '/data/app/~~ATIry1x5oryHnP0l-cKATQ==/com.murari.careerpolitics.debug-Ox43DTYvhBpdZ7LbPIV8pw==/base.apk!/lib/x86_64'
2026-02-13 08:19:55.962 21854-21977 cr_media                com.murari.careerpolitics.debug      W  BLUETOOTH_CONNECT permission is missing.
2026-02-13 08:19:55.972 21854-21977 cr_media                com.murari.careerpolitics.debug      W  getBluetoothAdapter() requires BLUETOOTH permission
2026-02-13 08:19:55.972 21854-21977 cr_media                com.murari.careerpolitics.debug      W  registerBluetoothIntentsIfNeeded: Requires BLUETOOTH permission
2026-02-13 08:19:58.245 21854-21854 CareerPoli...inActivity com.murari.careerpolitics.debug      D  Notification intent received without URL, ignoring
2026-02-13 08:19:58.251 21854-21854 rpolitics.debug         com.murari.careerpolitics.debug      W  Suspending all threads took: 5.993ms
2026-02-13 08:20:01.664 21854-21854 FirebaseSessions        com.murari.careerpolitics.debug      D  App foregrounded on com.murari.careerpolitics.debug
2026-02-13 08:20:01.674 21854-21854 FirebaseSessions        com.murari.careerpolitics.debug      D  Session 2ae44c5f7edb448eb30eb25d96d0a042 is expired
2026-02-13 08:20:01.678 21854-21854 CareerPoli...inActivity com.murari.careerpolitics.debug      D  Notification intent received without URL, ignoring
2026-02-13 08:20:01.764 21854-21916 FirebaseSessions        com.murari.careerpolitics.debug      D  Session 2ae44c5f7edb448eb30eb25d96d0a042 is expired
2026-02-13 08:20:01.769 21854-21933 rpolitics.debug         com.murari.careerpolitics.debug      E  hiddenapi: Accessing hidden method Lcom/android/org/conscrypt/ConscryptEngineSocket;->setUseSessionTickets(Z)V (runtime_flags=CorePlatformApi, domain=core-platform, api=max-target-q,core-platform-api) from Lokhttp3/internal/platform/OptionalMethod; (domain=app) using reflection: denied
2026-02-13 08:20:01.769 21854-21933 rpolitics.debug         com.murari.careerpolitics.debug      E  hiddenapi: Accessing hidden method Lcom/android/org/conscrypt/OpenSSLSocketImpl;->setUseSessionTickets(Z)V (runtime_flags=CorePlatformApi, domain=core-platform, api=max-target-q,core-platform-api) from Lokhttp3/internal/platform/OptionalMethod; (domain=app) using reflection: denied
2026-02-13 08:20:01.769 21854-21933 rpolitics.debug         com.murari.careerpolitics.debug      E  hiddenapi: Accessing hidden method Lcom/android/org/conscrypt/AbstractConscryptSocket;->setUseSessionTickets(Z)V (runtime_flags=0, domain=core-platform, api=max-target-q) from Lokhttp3/internal/platform/OptionalMethod; (domain=app) using reflection: denied
2026-02-13 08:20:01.770 21854-21933 rpolitics.debug         com.murari.careerpolitics.debug      E  hiddenapi: Accessing hidden method Lcom/android/org/conscrypt/ConscryptEngineSocket;->setHostname(Ljava/lang/String;)V (runtime_flags=CorePlatformApi, domain=core-platform, api=max-target-q,core-platform-api) from Lokhttp3/internal/platform/OptionalMethod; (domain=app) using reflection: denied
2026-02-13 08:20:01.770 21854-21933 rpolitics.debug         com.murari.careerpolitics.debug      E  hiddenapi: Accessing hidden method Lcom/android/org/conscrypt/OpenSSLSocketImpl;->setHostname(Ljava/lang/String;)V (runtime_flags=CorePlatformApi, domain=core-platform, api=max-target-q,core-platform-api) from Lokhttp3/internal/platform/OptionalMethod; (domain=app) using reflection: denied
2026-02-13 08:20:01.770 21854-21933 rpolitics.debug         com.murari.careerpolitics.debug      E  hiddenapi: Accessing hidden method Lcom/android/org/conscrypt/AbstractConscryptSocket;->setHostname(Ljava/lang/String;)V (runtime_flags=0, domain=core-platform, api=max-target-q) from Lokhttp3/internal/platform/OptionalMethod; (domain=app) using reflection: denied
2026-02-13 08:20:01.770 21854-21933 rpolitics.debug         com.murari.careerpolitics.debug      E  hiddenapi: Accessing hidden method Lcom/android/org/conscrypt/OpenSSLSocketImpl;->setAlpnProtocols([B)V (runtime_flags=CorePlatformApi, domain=core-platform, api=max-target-q,core-platform-api) from Lokhttp3/internal/platform/OptionalMethod; (domain=app) using reflection: denied
2026-02-13 08:20:01.770 21854-21933 rpolitics.debug         com.murari.careerpolitics.debug      E  hiddenapi: Accessing hidden method Lcom/android/org/conscrypt/AbstractConscryptSocket;->setAlpnProtocols([B)V (runtime_flags=0, domain=core-platform, api=max-target-q) from Lokhttp3/internal/platform/OptionalMethod; (domain=app) using reflection: denied
2026-02-13 08:20:01.776 21854-21916 FirebaseSessions        com.murari.careerpolitics.debug      D  Cold app start detected
2026-02-13 08:20:01.777 21854-21916 FirebaseSessions        com.murari.careerpolitics.debug      D  Process com.murari.careerpolitics.debug is stale
2026-02-13 08:20:01.961 21854-21854 HWUI                    com.murari.careerpolitics.debug      W  Unknown dataspace 0
2026-02-13 08:20:02.060 21854-21912 FirebaseSessions        com.murari.careerpolitics.debug      D  Notified CRASHLYTICS of new session 60b05c2395364a76aa11fec49e086db4
2026-02-13 08:20:02.069 21854-21888 rpolitics.debug         com.murari.careerpolitics.debug      W  Suspending all threads took: 8.535ms
2026-02-13 08:20:02.234 21854-21888 rpolitics.debug         com.murari.careerpolitics.debug      I  Background concurrent mark compact GC freed 4198KB AllocSpace bytes, 19(604KB) LOS objects, 49% free, 9814KB/19MB, paused 24.111ms,12.657ms total 456.337ms
2026-02-13 08:20:02.235 21854-21914 FirebaseSessions        com.murari.careerpolitics.debug      D  Session Event Type: SESSION_START
2026-02-13 08:20:02.242 21854-21914 FirebaseSessions        com.murari.careerpolitics.debug      D  Successfully logged Session Start event.
2026-02-13 08:20:02.360 21854-22257 CameraManagerGlobal     com.murari.careerpolitics.debug      I  Connecting to camera service
2026-02-13 08:20:02.456 21854-21854 MessengerIpcClient      com.murari.careerpolitics.debug      W  Received response for unknown request: 1
2026-02-13 08:20:02.541 21854-21854 Choreographer           com.murari.careerpolitics.debug      I  Skipped 36620 frames!  The application may be doing too much work on its main thread.
2026-02-13 08:20:02.544 21854-22262 ProfileInstaller        com.murari.careerpolitics.debug      D  Installing profile for com.murari.careerpolitics.debug
2026-02-13 08:20:03.080 21854-21969 cr_AwSupervisedUserDel  com.murari.careerpolitics.debug      E  Unable to determine if restricted content blocking is required. Exception: java.util.concurrent.TimeoutException
2026-02-13 08:20:03.357 21854-21854 Choreographer           com.murari.careerpolitics.debug      I  Skipped 47 frames!  The application may be doing too much work on its main thread.
2026-02-13 08:20:03.445 21854-21854 CareerPoli...inActivity com.murari.careerpolitics.debug      D  Push Notifications initialized(awaiting user auth for token registration)
2026-02-13 08:20:04.283 21854-21854 InsetsController        com.murari.careerpolitics.debug      D  hide(ime(), fromIme=false)
2026-02-13 08:20:04.288 21854-21854 ImeTracker              com.murari.careerpolitics.debug      I  com.murari.careerpolitics.debug:9b1cb93e: onCancelled at PHASE_CLIENT_ALREADY_HIDDEN
2026-02-13 08:20:05.103 21854-21854 chromium                com.murari.careerpolitics.debug      I  [INFO:CONSOLE:1] "Uncaught TypeError: Cannot read properties of null (reading 'id')", source: https://careerpolitics.com/ (1)
2026-02-13 08:20:05.138 21854-21854 CareerPoli...ViewClient com.murari.careerpolitics.debug      D  Could not parse user ID from body data-user attribute
2026-02-13 08:20:05.254 21854-21887 rpolitics.debug         com.murari.careerpolitics.debug      I  Compiler allocated 5042KB to compile void android.view.ViewRootImpl.performTraversals()
2026-02-13 08:20:07.482 21854-21894 HWUI                    com.murari.careerpolitics.debug      I  Davey! duration=1102ms; Flags=0, FrameTimelineVsyncId=1280523, IntendedVsync=34484367966584, Vsync=34484817966566, InputEventId=0, HandleInputStart=34484818954147, AnimationStart=34484819025147, PerformTraversalsStart=34484822046547, DrawStart=34484822366847, FrameDeadline=34485084633222, FrameStartTime=34484818471847, FrameInterval=16666666, WorkloadTarget=16666666, SyncQueued=34484867821947, SyncStart=34485035912747, IssueDrawCommandsStart=34485036056947, SwapBuffers=34485626691947, FrameCompleted=34485638343247, DequeueBufferDuration=40500, QueueBufferDuration=445000, GpuCompleted=34485638343247, SwapBuffersCompleted=34485628065647, DisplayPresentTime=133448272467872, CommandSubmissionCompleted=34485626691947,
2026-02-13 08:20:07.500 21854-21854 Choreographer           com.murari.careerpolitics.debug      I  Skipped 35 frames!  The application may be doing too much work on its main thread.
2026-02-13 08:20:08.823 21854-21933 rpolitics.debug         com.murari.careerpolitics.debug      E  hiddenapi: Accessing hidden method Lcom/android/org/conscrypt/ConscryptEngineSocket;->setUseSessionTickets(Z)V (runtime_flags=CorePlatformApi, domain=core-platform, api=max-target-q,core-platform-api) from Lokhttp3/internal/platform/OptionalMethod; (domain=app) using reflection: denied
2026-02-13 08:20:08.825 21854-21933 rpolitics.debug         com.murari.careerpolitics.debug      E  hiddenapi: Accessing hidden method Lcom/android/org/conscrypt/OpenSSLSocketImpl;->setUseSessionTickets(Z)V (runtime_flags=CorePlatformApi, domain=core-platform, api=max-target-q,core-platform-api) from Lokhttp3/internal/platform/OptionalMethod; (domain=app) using reflection: denied
2026-02-13 08:20:08.825 21854-21933 rpolitics.debug         com.murari.careerpolitics.debug      E  hiddenapi: Accessing hidden method Lcom/android/org/conscrypt/AbstractConscryptSocket;->setUseSessionTickets(Z)V (runtime_flags=0, domain=core-platform, api=max-target-q) from Lokhttp3/internal/platform/OptionalMethod; (domain=app) using reflection: denied
2026-02-13 08:20:08.825 21854-21933 rpolitics.debug         com.murari.careerpolitics.debug      E  hiddenapi: Accessing hidden method Lcom/android/org/conscrypt/ConscryptEngineSocket;->setHostname(Ljava/lang/String;)V (runtime_flags=CorePlatformApi, domain=core-platform, api=max-target-q,core-platform-api) from Lokhttp3/internal/platform/OptionalMethod; (domain=app) using reflection: denied
2026-02-13 08:20:08.825 21854-21933 rpolitics.debug         com.murari.careerpolitics.debug      E  hiddenapi: Accessing hidden method Lcom/android/org/conscrypt/OpenSSLSocketImpl;->setHostname(Ljava/lang/String;)V (runtime_flags=CorePlatformApi, domain=core-platform, api=max-target-q,core-platform-api) from Lokhttp3/internal/platform/OptionalMethod; (domain=app) using reflection: denied
2026-02-13 08:20:08.825 21854-21933 rpolitics.debug         com.murari.careerpolitics.debug      E  hiddenapi: Accessing hidden method Lcom/android/org/conscrypt/AbstractConscryptSocket;->setHostname(Ljava/lang/String;)V (runtime_flags=0, domain=core-platform, api=max-target-q) from Lokhttp3/internal/platform/OptionalMethod; (domain=app) using reflection: denied
2026-02-13 08:20:08.825 21854-21933 rpolitics.debug         com.murari.careerpolitics.debug      E  hiddenapi: Accessing hidden method Lcom/android/org/conscrypt/OpenSSLSocketImpl;->setAlpnProtocols([B)V (runtime_flags=CorePlatformApi, domain=core-platform, api=max-target-q,core-platform-api) from Lokhttp3/internal/platform/OptionalMethod; (domain=app) using reflection: denied
2026-02-13 08:20:08.825 21854-21933 rpolitics.debug         com.murari.careerpolitics.debug      E  hiddenapi: Accessing hidden method Lcom/android/org/conscrypt/AbstractConscryptSocket;->setAlpnProtocols([B)V (runtime_flags=0, domain=core-platform, api=max-target-q) from Lokhttp3/internal/platform/OptionalMethod; (domain=app) using reflection: denied
2026-02-13 08:20:11.350 21854-21854 CareerPoli...ViewClient com.murari.careerpolitics.debug      D  Intercepting URL: https://careerpolitics.com/enter?state=new-user
2026-02-13 08:20:11.732 21854-21854 chromium                com.murari.careerpolitics.debug      I  [INFO:CONSOLE:1] "Uncaught TypeError: Cannot read properties of null (reading 'id')", source: https://careerpolitics.com/enter?state=new-user (1)
2026-02-13 08:20:11.733 21854-21854 CareerPoli...ViewClient com.murari.careerpolitics.debug      D  Could not parse user ID from body data-user attribute
2026-02-13 08:20:14.394 21854-21854 chromium                com.murari.careerpolitics.debug      I  [INFO:CONSOLE:1] "Uncaught SyntaxError: Failed to execute 'insertBefore' on 'Node': Identifier 'registrationsPage' has already been declared", source: https://careerpolitics.com/enter (1)
2026-02-13 08:20:14.457 21854-21854 chromium                com.murari.careerpolitics.debug      I  [INFO:CONSOLE:4] "[Honeybadger] Ignoring cross-domain script error: enable CORS to track these types of errors [object Arguments]", source: https://careerpolitics.com/assets/base-f6727d0f6ba9500e4112c88a59bdae8f0e585286ddd970e4b0e7520326afe5fa.js (4)
2026-02-13 08:20:14.457 21854-21854 chromium                com.murari.careerpolitics.debug      I  [INFO:CONSOLE:1] "Uncaught TypeError: Cannot read properties of null (reading 'id')", source: https://careerpolitics.com/enter (1)
2026-02-13 08:20:14.467 21854-21854 CareerPoli...ViewClient com.murari.careerpolitics.debug      D  Could not parse user ID from body data-user attribute
2026-02-13 08:20:16.237 21854-21854 chromium                com.murari.careerpolitics.debug      I  [INFO:CONSOLE:4] "[Honeybadger] Error report sent  https://app.honeybadger.io/notice/6b68ac92-ed70-4329-b0cc-08492a7f1229", source: https://careerpolitics.com/assets/base-f6727d0f6ba9500e4112c88a59bdae8f0e585286ddd970e4b0e7520326afe5fa.js (4)
2026-02-13 08:20:16.726 21854-21854 CareerPoli...ViewClient com.murari.careerpolitics.debug      D  Intercepting URL: https://accounts.google.com/o/oauth2/auth?access_type=offline&client_id=89605387556-4i6ndjolfd6p6458elkggt712p4a3hic.apps.googleusercontent.com&redirect_uri=https%3A%2F%2Fcareerpolitics.com%2Fusers%2Fauth%2Fgoogle_oauth2%2Fcallback&response_type=code&scope=email+profile&state=navbar_basic
2026-02-13 08:20:16.727 21854-21854 CareerPoli...ViewClient com.murari.careerpolitics.debug      D  Opening Google OAuth in Chrome Custom Tabs:https://accounts.google.com/o/oauth2/auth?access_type=offline&client_id=89605387556-4i6ndjolfd6p6458elkggt712p4a3hic.apps.googleusercontent.com&redirect_uri=https%3A%2F%2Fcareerpolitics.com%2Fusers%2Fauth%2Fgoogle_oauth2%2Fcallback&response_type=code&scope=email+profile&state=navbar_basic
2026-02-13 08:20:16.728 21854-21854 CareerPoli...gnInHelper com.murari.careerpolitics.debug      D  Launching Google OAuth in Chrome Custom Tabs: https://accounts.google.com/o/oauth2/auth?access_type=offline&client_id=89605387556-4i6ndjolfd6p6458elkggt712p4a3hic.apps.googleusercontent.com&redirect_uri=https%3A%2F%2Fcareerpolitics.com%2Fusers%2Fauth%2Fgoogle_oauth2%2Fcallback&response_type=code&scope=email+profile&state=navbar_basic
2026-02-13 08:20:16.987 21854-21854 FirebaseSessions        com.murari.careerpolitics.debug      D  App backgrounded on com.murari.careerpolitics.debug
2026-02-13 08:20:19.742 21854-22247 FA                      com.murari.careerpolitics.debug      I  Application backgrounded at: timestamp_millis: 1770951017692
2026-02-13 08:20:22.284 21854-21933 rpolitics.debug         com.murari.careerpolitics.debug      E  hiddenapi: Accessing hidden method Lcom/android/org/conscrypt/ConscryptEngineSocket;->setUseSessionTickets(Z)V (runtime_flags=CorePlatformApi, domain=core-platform, api=max-target-q,core-platform-api) from Lokhttp3/internal/platform/OptionalMethod; (domain=app) using reflection: denied
2026-02-13 08:20:22.292 21854-21933 rpolitics.debug         com.murari.careerpolitics.debug      E  hiddenapi: Accessing hidden method Lcom/android/org/conscrypt/OpenSSLSocketImpl;->setUseSessionTickets(Z)V (runtime_flags=CorePlatformApi, domain=core-platform, api=max-target-q,core-platform-api) from Lokhttp3/internal/platform/OptionalMethod; (domain=app) using reflection: denied
2026-02-13 08:20:22.292 21854-21933 rpolitics.debug         com.murari.careerpolitics.debug      E  hiddenapi: Accessing hidden method Lcom/android/org/conscrypt/AbstractConscryptSocket;->setUseSessionTickets(Z)V (runtime_flags=0, domain=core-platform, api=max-target-q) from Lokhttp3/internal/platform/OptionalMethod; (domain=app) using reflection: denied
2026-02-13 08:20:22.293 21854-21933 rpolitics.debug         com.murari.careerpolitics.debug      E  hiddenapi: Accessing hidden method Lcom/android/org/conscrypt/ConscryptEngineSocket;->setHostname(Ljava/lang/String;)V (runtime_flags=CorePlatformApi, domain=core-platform, api=max-target-q,core-platform-api) from Lokhttp3/internal/platform/OptionalMethod; (domain=app) using reflection: denied
2026-02-13 08:20:22.293 21854-21933 rpolitics.debug         com.murari.careerpolitics.debug      E  hiddenapi: Accessing hidden method Lcom/android/org/conscrypt/OpenSSLSocketImpl;->setHostname(Ljava/lang/String;)V (runtime_flags=CorePlatformApi, domain=core-platform, api=max-target-q,core-platform-api) from Lokhttp3/internal/platform/OptionalMethod; (domain=app) using reflection: denied
2026-02-13 08:20:22.293 21854-21933 rpolitics.debug         com.murari.careerpolitics.debug      E  hiddenapi: Accessing hidden method Lcom/android/org/conscrypt/AbstractConscryptSocket;->setHostname(Ljava/lang/String;)V (runtime_flags=0, domain=core-platform, api=max-target-q) from Lokhttp3/internal/platform/OptionalMethod; (domain=app) using reflection: denied
2026-02-13 08:20:22.296 21854-21933 rpolitics.debug         com.murari.careerpolitics.debug      E  hiddenapi: Accessing hidden method Lcom/android/org/conscrypt/OpenSSLSocketImpl;->setAlpnProtocols([B)V (runtime_flags=CorePlatformApi, domain=core-platform, api=max-target-q,core-platform-api) from Lokhttp3/internal/platform/OptionalMethod; (domain=app) using reflection: denied
2026-02-13 08:20:22.297 21854-21933 rpolitics.debug         com.murari.careerpolitics.debug      E  hiddenapi: Accessing hidden method Lcom/android/org/conscrypt/AbstractConscryptSocket;->setAlpnProtocols([B)V (runtime_flags=0, domain=core-platform, api=max-target-q) from Lokhttp3/internal/platform/OptionalMethod; (domain=app) using reflection: denied
2026-02-13 08:20:22.808 21854-21854 VRI[MainActivity]       com.murari.careerpolitics.debug      D  visibilityChanged oldVisibility=true newVisibility=false
2026-02-13 08:20:23.480 21854-21854 WindowOnBackDispatcher  com.murari.careerpolitics.debug      W  sendCancelIfRunning: isInProgress=false callback=androidx.navigationevent.OnBackInvokedInput$createOnBackAnimationCallback$1@e98ed46
2026-02-13 08:20:55.628 21854-21911 TRuntime.C...ortBackend com.murari.careerpolitics.debug      I  Making request to: https://firebaselogging-pa.googleapis.com/v1/firelog/legacy/batchlog
2026-02-13 08:20:58.324 21854-21911 TRuntime.C...ortBackend com.murari.careerpolitics.debug      I  Status Code: 200
